/var/scratch/yzheng/pnair/venvs/msc-thesis/lib/python3.10/site-packages/transformers/utils/hub.py:110: FutureWarning: Using `TRANSFORMERS_CACHE` is deprecated and will be removed in v5 of Transformers. Use `HF_HOME` instead.
  warnings.warn(
=== Budget Ablation ===
Model: llada | Decode backend: fast-dllm | Dataset: 2wikimultihopqa | C0=5 | Retrieval ablation=10 | Expand=3
`torch_dtype` is deprecated! Use `dtype` instead!
Loading checkpoint shards:   0%|          | 0/6 [00:00<?, ?it/s]Loading checkpoint shards: 100%|██████████| 6/6 [00:00<00:00, 82.47it/s]
Model loaded in 4.5s
Loaded 1000 questions
Batch initial retrieval (top-10, batch_size=64)...
Initial retrieval progress: 64/1000 in 23.9s (last_batch=0.3s)
Initial retrieval progress: 128/1000 in 24.3s (last_batch=0.4s)
Initial retrieval progress: 192/1000 in 24.7s (last_batch=0.4s)
Initial retrieval progress: 256/1000 in 25.1s (last_batch=0.4s)
Initial retrieval progress: 320/1000 in 25.5s (last_batch=0.4s)
Initial retrieval progress: 384/1000 in 25.9s (last_batch=0.4s)
Initial retrieval progress: 448/1000 in 26.3s (last_batch=0.4s)
Initial retrieval progress: 512/1000 in 26.7s (last_batch=0.4s)
Initial retrieval progress: 576/1000 in 27.0s (last_batch=0.4s)
Initial retrieval progress: 640/1000 in 27.4s (last_batch=0.4s)
Initial retrieval progress: 704/1000 in 27.8s (last_batch=0.4s)
Initial retrieval progress: 768/1000 in 28.2s (last_batch=0.4s)
Initial retrieval progress: 832/1000 in 28.6s (last_batch=0.4s)
Initial retrieval progress: 896/1000 in 29.0s (last_batch=0.4s)
Initial retrieval progress: 960/1000 in 29.4s (last_batch=0.4s)
Initial retrieval progress: 1000/1000 in 29.7s (last_batch=0.3s)
Initial retrieval done in 29.7s
[1/1000] dev_0 (4.7s)
  baseline_10  Małgorzata Braunek (mother of Małgorzata Braunek,  F1=0.333 EM=0
[10/1000] dev_9 (2.1s)
  baseline_10  The maternal grandfather of Antiochus X Eusebes is F1=0.000 EM=0
[20/1000] dev_19 (2.2s)
  baseline_10  The Daltons' Women. Dorothy Dalton died in 1972, w F1=0.000 EM=0
[30/1000] dev_29 (2.0s)
  baseline_10  No, they are not from the same country. Fire in He F1=0.000 EM=0
[40/1000] dev_39 (2.1s)
  baseline_10  D'Arcy Coulson was born later as he was born in 19 F1=0.210 EM=0
[50/1000] dev_49 (2.2s)
  baseline_10  Blanche of Portugal (1259–1321)'s paternal grandmo F1=0.333 EM=0
[60/1000] dev_59 (2.1s)
  baseline_10  Beryl Fox was born in South Porcupine, Ontario. Th F1=0.000 EM=0
[70/1000] dev_69 (2.4s)
  baseline_10  Princess Maria Sophia of Thurn and Taxis or Prince F1=0.000 EM=0
[80/1000] dev_79 (2.2s)
  baseline_10  Audofleda's husband, Theoderic the Great, King of  F1=0.143 EM=0
[90/1000] dev_89 (2.0s)
  baseline_10  She Wore a Yellow Ribbon
Repeated Absences (1940)  F1=0.444 EM=0
[100/1000] dev_99 (2.2s)
  baseline_10  The place of death of Juan Carlos Gumucio's wife,  F1=0.000 EM=0
[110/1000] dev_109 (2.8s)
  baseline_10  The place of birth of the director of the film "Sw F1=0.000 EM=0
[120/1000] dev_119 (2.1s)
  baseline_10  No, the director of The Slayer (Film) is J. S. Car F1=0.000 EM=0
[130/1000] dev_129 (2.1s)
  baseline_10  The company that published American Scientist is F F1=0.000 EM=0
[140/1000] dev_139 (2.1s)
  baseline_10  Korn Ferry was established first, as there is no m F1=0.100 EM=0
[150/1000] dev_149 (2.1s)
  baseline_10  Philip of Sicily's father is King Charles I of Sic F1=0.148 EM=0
[160/1000] dev_159 (2.2s)
  baseline_10  Aneta Hladíková was born in 1986, and René Poupard F1=0.308 EM=0
[170/1000] dev_169 (2.1s)
  baseline_10  The director of "Old Man Drinking a Glass of Beer" F1=0.000 EM=0
[180/1000] dev_179 (2.2s)
  baseline_10  The place of death of Alessandro Vitelli's father, F1=0.000 EM=0
[190/1000] dev_189 (2.4s)
  baseline_10  Richard Annesley, 2nd Earl Annesley's father, Will F1=0.000 EM=0
[200/1000] dev_199 (2.2s)
  baseline_10  The paternal grandmother of Archduchess Dolores of F1=0.077 EM=0
[210/1000] dev_209 (2.5s)
  baseline_10  Aleksandra Marianna Wiesiołowska's father, Aleksan F1=0.000 EM=0
[220/1000] dev_219 (2.1s)
  baseline_10  The place of death of Suzanne Farrington's mother, F1=0.111 EM=0
[230/1000] dev_229 (2.2s)
  baseline_10  Circus Beely (not Circus Beely) is directed by Rob F1=0.174 EM=0
[240/1000] dev_239 (2.4s)
  baseline_10  Ernest Ferdinand, Duke of Brunswick-Lüneburg (the  F1=0.133 EM=0
[250/1000] dev_249 (2.2s)
  baseline_10  No, the Graduate University of Advanced Technology F1=0.095 EM=0
[260/1000] dev_259 (2.2s)
  baseline_10  Cunigunda of France, wife of Wigeric, Count of Ver F1=0.100 EM=0
[270/1000] dev_269 (2.2s)
  baseline_10  Rasual Butler 

The spouse of the performer of "Lo F1=0.267 EM=0
[280/1000] dev_279 (2.1s)
  baseline_10  No, Arnold Palmer Regional Airport is located in t F1=0.000 EM=0
[290/1000] dev_289 (2.1s)
  baseline_10  No, the directors of "The Swordsman" (China) and " F1=0.143 EM=0
[300/1000] dev_299 (2.0s)
  baseline_10  Say It With Flowers                                F1=0.000 EM=0
[310/1000] dev_309 (2.1s)
  baseline_10  The place of birth of Consort Liang's husband, Emp F1=0.000 EM=0
[320/1000] dev_319 (2.2s)
  baseline_10  The place of burial of Ælfgar, Earl of Mercia's mo F1=0.118 EM=0
[330/1000] dev_329 (2.1s)
  baseline_10  Under The Lantern (2015) has director Vitaly Baran F1=0.250 EM=0
[340/1000] dev_339 (2.1s)
  baseline_10  Spione. The director, Fritz Lang, was born before  F1=0.476 EM=0
[350/1000] dev_349 (2.3s)
  baseline_10  Margrave Jacob I of Baden-Baden was the third son  F1=0.320 EM=0
[360/1000] dev_359 (2.3s)
  baseline_10  The date of death of the director of the film "Esc F1=0.000 EM=0
[370/1000] dev_369 (2.1s)
  baseline_10  Stella's Oorlog is not mentioned in the context, b F1=0.435 EM=0
[380/1000] dev_379 (2.3s)
  baseline_10  Wanderley Oliveira (born 1988) was born before Ale F1=0.308 EM=0
[390/1000] dev_389 (2.2s)
  baseline_10  Bitch Slap. Aami was released in 2018, while Bitch F1=0.133 EM=0
[400/1000] dev_399 (2.1s)
  baseline_10  The spouse of the director of the film "West of Sh F1=0.000 EM=0
[410/1000] dev_409 (2.2s)
  baseline_10  Theuderic I, father of Theudebert I, Theuderic I,  F1=0.235 EM=0
[420/1000] dev_419 (2.2s)
  baseline_10  Engelbert, Count of Nevers's mother, Elizabeth, Du F1=0.353 EM=0
[430/1000] dev_429 (2.3s)
  baseline_10  The mother of Olaf (II) Haraldsen is not explicitl F1=0.000 EM=0
[440/1000] dev_439 (2.0s)
  baseline_10  Blind Corner has the director born later, as it is F1=0.167 EM=0
[450/1000] dev_449 (2.2s)
  baseline_10  František Filip, the director of the film "Tři Chl F1=0.000 EM=0
[460/1000] dev_459 (2.3s)
  baseline_10  Hon. Alicia Susanna Tracy, daughter of John Tracy, F1=0.200 EM=0
[470/1000] dev_469 (2.1s)
  baseline_10  No, director of the film Coteau Rouge and director F1=0.000 EM=0
[480/1000] dev_479 (2.2s)
  baseline_10  Kaakum Karangal (1965) was released first, 28 year F1=0.143 EM=0
[490/1000] dev_489 (2.2s)
  baseline_10  Ghar Ki Rani was released first, released in 1978, F1=0.300 EM=0
[500/1000] dev_499 (2.2s)
  baseline_10  Albert G. Simms's father-in-law is Ruth Hanna McCo F1=0.080 EM=0
[510/1000] dev_509 (2.1s)
  baseline_10  The director of the film "West 32nd" is Michael Ka F1=0.000 EM=0
[520/1000] dev_519 (2.3s)
  baseline_10  The mother of Elizabeth of Denmark, Electress of B F1=0.000 EM=0
[530/1000] dev_529 (2.1s)
  baseline_10  Pepi II, the husband of Neith (Wife of Pepi II), w F1=0.105 EM=0
[540/1000] dev_539 (2.2s)
  baseline_10  Patrick Lyon, 1st Lord Glamis (John Lyon's father) F1=0.364 EM=0
[550/1000] dev_549 (2.1s)
  baseline_10  To Walk with Lions                                 F1=1.000 EM=1
[560/1000] dev_559 (2.2s)
  baseline_10  Princess Florestine of Monaco's paternal grandmoth F1=0.000 EM=0
[570/1000] dev_569 (2.2s)
  baseline_10  The place of birth of the director of the film "En F1=0.095 EM=0
[580/1000] dev_579 (2.2s)
  baseline_10  Henri II, Duke of Nemours's paternal grandfather i F1=0.000 EM=0
[590/1000] dev_589 (2.1s)
  baseline_10  The place of burial of the director of the film "O F1=0.000 EM=0
[600/1000] dev_599 (2.1s)
  baseline_10  The director of the film "The Naked Angel" is Bruc F1=0.000 EM=0
[610/1000] dev_609 (2.1s)
  baseline_10  The place of birth of the performer of "If You Wan F1=0.000 EM=0
[620/1000] dev_619 (2.3s)
  baseline_10  The husband of Princess Alexandra of Anhalt, Princ F1=0.000 EM=0
[630/1000] dev_629 (2.2s)
  baseline_10  Margaret Douglas, daughter of Margaret Tudor and g F1=0.000 EM=0
[640/1000] dev_639 (2.2s)
  baseline_10  Marc Burrows was born later, Tsvetko Slavov was no F1=0.210 EM=0
[650/1000] dev_649 (2.1s)
  baseline_10  Sol Niger Within came out first as it was released F1=0.273 EM=0
[660/1000] dev_659 (2.2s)
  baseline_10  Fernando Rodríguez de Castro's paternal grandfathe F1=0.200 EM=0
[670/1000] dev_669 (2.3s)
  baseline_10  The maternal grandfather of Princess Louise of Bel F1=0.071 EM=0
[680/1000] dev_679 (2.2s)
  baseline_10  The director of the film "Martial Law (1991)" is S F1=0.000 EM=0
[690/1000] dev_689 (2.3s)
  baseline_10  John Paulet, 14th Marquess of Winchester, Augustus F1=0.353 EM=0
[700/1000] dev_699 (2.3s)
  baseline_10  The paternal grandmother of Arthur Gore, 1st Earl  F1=0.105 EM=0
[710/1000] dev_709 (2.2s)
  baseline_10  Karomama I's husband, Osorkon II, was buried in th F1=0.000 EM=0
[720/1000] dev_719 (2.1s)
  baseline_10  Juan René Serrano was born first, born in 1934, wh F1=0.222 EM=0
[730/1000] dev_729 (2.1s)
  baseline_10  No, Freestylers are from the UK and The Nouvelles  F1=0.000 EM=0
[740/1000] dev_739 (2.3s)
  baseline_10  Gangai Karai Paattu (1997) was released before God F1=0.600 EM=0
[750/1000] dev_749 (2.2s)
  baseline_10  Fridrikh Ermler and Eduard Ioganson, the directors F1=0.000 EM=0
[760/1000] dev_759 (2.0s)
  baseline_10  No, the directors of I Can't Marry Them All (Russi F1=0.000 EM=0
[770/1000] dev_769 (2.3s)
  baseline_10  No, Kunturwasa is in Bolivia, Yerupaja Chico (ment F1=0.000 EM=0
[780/1000] dev_779 (2.1s)
  baseline_10  The place of birth of Danielle Lineker's husband,  F1=0.091 EM=0
[790/1000] dev_789 (2.1s)
  baseline_10  Universidad Autónoma de La Laguna was founded in 1 F1=0.316 EM=0
[800/1000] dev_799 (2.1s)
  baseline_10  A Soldier's Oath, produced by Nat Cohen, died earl F1=0.200 EM=0
[810/1000] dev_809 (2.1s)
  baseline_10  The place of death of the director of the film "A  F1=0.000 EM=0
[820/1000] dev_819 (2.4s)
  baseline_10  No, both mountains, Yana Urqu (Q'Umirqucha) and Pu F1=0.000 EM=0
[830/1000] dev_829 (2.2s)
  baseline_10  Grimoald the Younger's paternal grandfather is Pep F1=0.000 EM=0
[840/1000] dev_839 (2.1s)
  baseline_10  George Washington Bright died earlier. George Wash F1=0.286 EM=0
[850/1000] dev_849 (2.1s)
  baseline_10  Stolen Identity has the director who died later, G F1=0.100 EM=0
[860/1000] dev_859 (2.1s)
  baseline_10  Sadie Heath Cabaniss died later in 1921, while A.  F1=0.267 EM=0
[870/1000] dev_869 (2.2s)
  baseline_10  Antardhan's director Tapan Sinha did not die later F1=0.105 EM=0
[880/1000] dev_879 (2.3s)
  baseline_10  The place of death of George of Lencastre, 2nd Duk F1=0.118 EM=0
[890/1000] dev_889 (2.2s)
  baseline_10  Ágúst Guðmundsson (Outlaw: The Saga of Gisli) was  F1=0.000 EM=0
[900/1000] dev_899 (2.2s)
  baseline_10  Victor Hugo insisted that Adèle Hugo's father, Fra F1=0.000 EM=0
[910/1000] dev_909 (2.2s)
  baseline_10  João De Aquino was born in 1924, while Yacine Slat F1=0.353 EM=0
[920/1000] dev_919 (2.2s)
  baseline_10  The place of death of Sancha of Castile, Queen of  F1=0.118 EM=0
[930/1000] dev_929 (2.1s)
  baseline_10  The place of birth of Damo (Philosopher)'s father, F1=0.000 EM=0
[940/1000] dev_939 (2.3s)
  baseline_10  William Paulet, 4th Marquess of Winchester's pater F1=0.000 EM=0
[950/1000] dev_949 (2.2s)
  baseline_10  La Soif De L'Or and Forelsket I København, Knud Le F1=0.353 EM=0
[960/1000] dev_959 (2.2s)
  baseline_10  Carlos Bee's father, Hamilton Prioleau Bee, died i F1=0.210 EM=0
[970/1000] dev_969 (2.0s)
  baseline_10  Faces in the Rain died first as it was released in F1=0.191 EM=0
[980/1000] dev_979 (2.1s)
  baseline_10  Yohan: The Child Wanderer (2010), A Nightmare on E F1=0.737 EM=0
[990/1000] dev_989 (2.3s)
  baseline_10  István Ujhelyi was born first, István Ujhelyi was  F1=0.154 EM=0
[1000/1000] dev_999 (2.3s)
  baseline_10  Jack Mildren is younger, as he was born in 1949 an F1=0.210 EM=0

Method         F1      EM   Contain
-----------------------------------
baseline_10  0.1362  0.0030  0.3730
Saved to /local/yzheng/pnair/workspace/results/budget_llada_2wiki_1000.json
Total elapsed: 2194.4s
