/var/scratch/yzheng/pnair/venvs/msc-thesis/lib/python3.10/site-packages/transformers/utils/hub.py:110: FutureWarning: Using `TRANSFORMERS_CACHE` is deprecated and will be removed in v5 of Transformers. Use `HF_HOME` instead.
  warnings.warn(
=== Budget Ablation ===
Model: llada | Decode backend: fast-dllm | Dataset: hotpotqa | C0=5 | Retrieval ablation=10 | Expand=3
`torch_dtype` is deprecated! Use `dtype` instead!
Loading checkpoint shards:   0%|          | 0/6 [00:00<?, ?it/s]Loading checkpoint shards: 100%|██████████| 6/6 [00:00<00:00, 81.93it/s]
Model loaded in 4.6s
Loaded 1000 questions
Batch initial retrieval (top-10, batch_size=64)...
Initial retrieval progress: 64/1000 in 23.9s (last_batch=0.4s)
Initial retrieval progress: 128/1000 in 24.3s (last_batch=0.3s)
Initial retrieval progress: 192/1000 in 24.7s (last_batch=0.4s)
Initial retrieval progress: 256/1000 in 25.1s (last_batch=0.4s)
Initial retrieval progress: 320/1000 in 25.5s (last_batch=0.4s)
Initial retrieval progress: 384/1000 in 25.9s (last_batch=0.4s)
Initial retrieval progress: 448/1000 in 26.3s (last_batch=0.4s)
Initial retrieval progress: 512/1000 in 26.7s (last_batch=0.4s)
Initial retrieval progress: 576/1000 in 27.1s (last_batch=0.4s)
Initial retrieval progress: 640/1000 in 27.4s (last_batch=0.4s)
Initial retrieval progress: 704/1000 in 27.8s (last_batch=0.4s)
Initial retrieval progress: 768/1000 in 28.2s (last_batch=0.4s)
Initial retrieval progress: 832/1000 in 28.6s (last_batch=0.4s)
Initial retrieval progress: 896/1000 in 29.0s (last_batch=0.4s)
Initial retrieval progress: 960/1000 in 29.4s (last_batch=0.4s)
Initial retrieval progress: 1000/1000 in 29.7s (last_batch=0.3s)
Initial retrieval done in 29.7s
[1/1000] dev_0 (4.3s)
  baseline_10  No, Scott Derrickson and Ed Wood were not of the s F1=0.000 EM=0
[10/1000] dev_9 (2.0s)
  baseline_10  Yes, both Local H and For Against are from the Uni F1=0.080 EM=0
[20/1000] dev_19 (2.1s)
  baseline_10  Robert Erskine Childers was from England, while He F1=0.261 EM=0
[30/1000] dev_29 (2.1s)
  baseline_10  The name for the adventure in "Tunnels and Trolls" F1=0.000 EM=0
[40/1000] dev_39 (2.1s)
  baseline_10  Ralph Hefferline was a psychology professor at Col F1=0.250 EM=0
[50/1000] dev_49 (2.1s)
  baseline_10  The British first-generation jet-powered medium bo F1=0.240 EM=0
[60/1000] dev_59 (2.1s)
  baseline_10  No, Cypress and Ajuga are not genera. Cypress is a F1=0.105 EM=0
[70/1000] dev_69 (2.3s)
  baseline_10  The 2017–18 Wigan Athletic F.C. season competes in F1=0.111 EM=0
[80/1000] dev_79 (2.1s)
  baseline_10  The King who made the 1925 Birthday Honours was Ki F1=0.000 EM=0
[90/1000] dev_89 (2.2s)
  baseline_10  Chris Menges and Aram Avakian share the occupation F1=0.000 EM=0
[100/1000] dev_99 (2.2s)
  baseline_10  No, Yingkou is a prefecture-level city (larger tha F1=0.133 EM=0
[110/1000] dev_109 (2.2s)
  baseline_10  The base that 514th Flight Test Squadron is statio F1=0.000 EM=0
[120/1000] dev_119 (2.1s)
  baseline_10  Yes, Daryl Hall and Gerry Marsden are both musicia F1=0.100 EM=0
[130/1000] dev_129 (2.2s)
  baseline_10  The January 2, 2012 game featuring the University  F1=0.000 EM=0
[140/1000] dev_139 (2.1s)
  baseline_10  The film that starred the composer for "The Naked  F1=0.000 EM=0
[150/1000] dev_149 (2.1s)
  baseline_10  Chattahoochee                                      F1=0.000 EM=0
[160/1000] dev_159 (2.2s)
  baseline_10  The song "Chim Chim Cher-ee" can be heard in the M F1=0.000 EM=0
[170/1000] dev_169 (2.1s)
  baseline_10  The Catuvellauni tribe. Born in AD 43, the Catuvel F1=0.118 EM=0
[180/1000] dev_179 (2.1s)
  baseline_10  Scotland                                           F1=1.000 EM=1
[190/1000] dev_189 (2.2s)
  baseline_10  Tefik Selim Mborja was part of the Albanian Fascis F1=0.000 EM=0
[200/1000] dev_199 (2.2s)
  baseline_10  Cyclone Gonu, considered the strongest recorded tr F1=0.100 EM=0
[210/1000] dev_209 (2.1s)
  baseline_10  Margot Robbie will reprise her role as Harley Quin F1=0.000 EM=0
[220/1000] dev_219 (2.1s)
  baseline_10  The Falkland Islands beat India in the 2010 Common F1=0.000 EM=0
[230/1000] dev_229 (2.1s)
  baseline_10  Marsilea has approximately 65 species, Brabejum ha F1=0.167 EM=0
[240/1000] dev_239 (2.2s)
  baseline_10  Xanthoceras has only one species, Xanthoceras sorb F1=0.133 EM=0
[250/1000] dev_249 (2.1s)
  baseline_10  Yoann Lemoine has created music videos for Lana De F1=0.000 EM=0
[260/1000] dev_259 (2.2s)
  baseline_10  Gulangyu is larger, as it is a pedestrian-only isl F1=0.100 EM=0
[270/1000] dev_269 (2.1s)
  baseline_10  Anna Clyne                                         F1=1.000 EM=1
[280/1000] dev_279 (2.1s)
  baseline_10  Eugene Habecker is the chairman of Christianity To F1=0.095 EM=0
[290/1000] dev_289 (2.0s)
  baseline_10  "Hey Pa! There's a Goat on the Roof" (1966), "Pole F1=0.800 EM=0
[300/1000] dev_299 (2.1s)
  baseline_10  The rock band that sang "All Join Hands" is Slade, F1=0.000 EM=0
[310/1000] dev_309 (2.1s)
  baseline_10  Yes, Staten Island Catapult is a documentary, and  F1=0.095 EM=0
[320/1000] dev_319 (2.1s)
  baseline_10  The Saturdays' Una Healy and S Club 7's Rachel Ste F1=0.091 EM=0
[330/1000] dev_329 (2.1s)
  baseline_10  The city that contains the Yunnan Provincial Museu F1=0.182 EM=0
[340/1000] dev_339 (2.1s)
  baseline_10  The stadium other than Kauffman Stadium designed b F1=0.000 EM=0
[350/1000] dev_349 (2.2s)
  baseline_10  The biographical-comedy-crime film directed by Ste F1=0.167 EM=0
[360/1000] dev_359 (2.2s)
  baseline_10  The producers of the show for which Chris McKay ma F1=0.069 EM=0
[370/1000] dev_369 (2.1s)
  baseline_10  James Packer

Explanation: According to the passag F1=0.200 EM=0
[380/1000] dev_379 (2.0s)
  baseline_10  The Astrodome is called the Eighth Wonder of the W F1=0.154 EM=0
[390/1000] dev_389 (2.2s)
  baseline_10  Avantika Khatri, a lead actress in War Chhod Na Ya F1=0.000 EM=0
[400/1000] dev_399 (2.1s)
  baseline_10  Wendy Ayche was featured in 2016 in the annual "Yo F1=0.000 EM=0
[410/1000] dev_409 (2.1s)
  baseline_10  The names of the members of the Detroit-based hip  F1=0.069 EM=0
[420/1000] dev_419 (2.2s)
  baseline_10  2010 population of the city 2.1 miles southwest of F1=0.000 EM=0
[430/1000] dev_429 (2.1s)
  baseline_10  Wes Archer                                         F1=1.000 EM=1
[440/1000] dev_439 (2.0s)
  baseline_10  Sydney, Australia hosts the SPAA Conference, and S F1=0.000 EM=0
[450/1000] dev_449 (2.3s)
  baseline_10  Chimaji Appa was the younger brother of Bajirao Pe F1=0.118 EM=0
[460/1000] dev_459 (2.2s)
  baseline_10  William Pery served as Captain of the Yeomen of th F1=0.000 EM=0
[470/1000] dev_469 (2.2s)
  baseline_10  "X-Men: Apocalypse" stars Xavier Samuel and Lucy F F1=0.000 EM=0
[480/1000] dev_479 (2.1s)
  baseline_10  Kathleen O'Brien programmed the Atari Assembler Ed F1=0.210 EM=0
[490/1000] dev_489 (2.1s)
  baseline_10  34 of the 100 Senate seats will be contested durin F1=0.000 EM=0
[500/1000] dev_499 (2.0s)
  baseline_10  Both "500 Years Later" and "Manson" are documentar F1=0.118 EM=0
[510/1000] dev_509 (2.2s)
  baseline_10  Eminem collaborated with Rihanna on the album rele F1=0.154 EM=0
[520/1000] dev_519 (2.1s)
  baseline_10  James Spedding was chiefly known as the editor of  F1=0.071 EM=0
[530/1000] dev_529 (2.2s)
  baseline_10  Iselin Solheim provided vocals in the song "Faded" F1=0.105 EM=0
[540/1000] dev_539 (2.0s)
  baseline_10  The sports complex at which Will Brodie made his d F1=0.000 EM=0
[550/1000] dev_549 (2.2s)
  baseline_10  The provided context does not mention any informat F1=0.083 EM=0
[560/1000] dev_559 (2.2s)
  baseline_10  There is no information provided in the context pa F1=0.000 EM=0
[570/1000] dev_569 (2.2s)
  baseline_10  The Company They Keep is a book written by Diana P F1=0.182 EM=0
[580/1000] dev_579 (2.1s)
  baseline_10  The album "The Best of LeAnn Rimes" contains the s F1=0.222 EM=0
[590/1000] dev_589 (2.1s)
  baseline_10  Violin Sonata No. 4, Op. 23 and Violin Sonata No.  F1=0.125 EM=0
[600/1000] dev_599 (2.1s)
  baseline_10  The American actor, film director which Dana Brune F1=0.000 EM=0
[610/1000] dev_609 (2.1s)
  baseline_10  Andrew Johnson was older as he was born in 1808, w F1=0.210 EM=0
[620/1000] dev_619 (2.1s)
  baseline_10  Glam metal, but more specifically, It's Alive is a F1=0.191 EM=0
[630/1000] dev_629 (2.1s)
  baseline_10  Kathryn Bernardo played the oldest child in the TV F1=0.000 EM=0
[640/1000] dev_639 (2.1s)
  baseline_10  Michael Steele is responsible for the number-one s F1=0.300 EM=0
[650/1000] dev_649 (2.1s)
  baseline_10  MIT Technology Review has a circulation of over 31 F1=0.000 EM=0
[660/1000] dev_659 (2.1s)
  baseline_10  The seven-time World and Olympic medalist on which F1=0.316 EM=0
[670/1000] dev_669 (2.1s)
  baseline_10  Peter Curtis and Scott Draper are both diplomats a F1=0.222 EM=0
[680/1000] dev_679 (2.1s)
  baseline_10  American                                           F1=1.000 EM=1
[690/1000] dev_689 (2.0s)
  baseline_10  The legend that lends its name to a modern medical F1=0.000 EM=0
[700/1000] dev_699 (2.1s)
  baseline_10  Laura Esquivel did not write under the pen name Wa F1=0.160 EM=0
[710/1000] dev_709 (2.1s)
  baseline_10  Roden Brothers were taken over in 1953 by Henry Bi F1=0.000 EM=0
[720/1000] dev_719 (2.1s)
  baseline_10  John Moncur primarily played for Ipswich Town F.C. F1=0.091 EM=0
[730/1000] dev_729 (2.2s)
  baseline_10  Alexi Laiho, as he was born in 1979, while Philip  F1=0.222 EM=0
[740/1000] dev_739 (2.2s)
  baseline_10  No, Pterostyrax is native to Australia, while Dreg F1=0.000 EM=0
[750/1000] dev_749 (2.2s)
  baseline_10  Tulsa, Oklahoma, for the song "Twenty Four Hours f F1=0.105 EM=0
[760/1000] dev_759 (2.2s)
  baseline_10  No, Halldór Laxness was from Iceland, while Timoth F1=0.100 EM=0
[770/1000] dev_769 (2.1s)
  baseline_10  The Climb, as The Climb was released in 2007, whil F1=0.333 EM=0
[780/1000] dev_779 (2.1s)
  baseline_10  Bourbon County                                     F1=1.000 EM=1
[790/1000] dev_789 (2.2s)
  baseline_10  Chloë Agnew (Adele King's daughter is Chloë Agnew, F1=0.316 EM=0
[800/1000] dev_799 (2.0s)
  baseline_10  No, Waste Land is a type of drink, specifically a  F1=0.111 EM=0
[810/1000] dev_809 (2.3s)
  baseline_10  Radha Jayalakshmi and the Priya Sisters were both  F1=0.200 EM=0
[820/1000] dev_819 (2.1s)
  baseline_10  GE Appliances                                      F1=1.000 EM=1
[830/1000] dev_829 (2.1s)
  baseline_10  The actor Chris Hemsworth, one of the stars in the F1=0.000 EM=0
[840/1000] dev_839 (2.1s)
  baseline_10  Isabella Kelly was born at Cairnburgh Castle, a ru F1=0.000 EM=0
[850/1000] dev_849 (2.3s)
  baseline_10  William Vere Reeve King-Fane's role changed when h F1=0.000 EM=0
[860/1000] dev_859 (2.1s)
  baseline_10  The members of the von Trapp musical group are rel F1=0.273 EM=0
[870/1000] dev_869 (2.2s)
  baseline_10  Keanu is a 2016 American action comedy film direct F1=0.191 EM=0
[880/1000] dev_879 (2.0s)
  baseline_10  Minister Pool is important because it is a Christi F1=0.000 EM=0
[890/1000] dev_889 (2.0s)
  baseline_10  One of Daniel Greene's subjects' restaurant chain, F1=0.000 EM=0
[900/1000] dev_899 (2.2s)
  baseline_10  Yes, William Kronick and Jon Turteltaub are both t F1=0.000 EM=0
[910/1000] dev_909 (2.2s)
  baseline_10  No, Delmer Daves is not mentioned in the context,  F1=0.000 EM=0
[920/1000] dev_919 (2.1s)
  baseline_10  Father Dougal McGuire was played by Ardal O'Hanlon F1=0.273 EM=0
[930/1000] dev_929 (2.1s)
  baseline_10  Daniel Patrick Moynihan was elected multiple times F1=0.231 EM=0
[940/1000] dev_939 (2.1s)
  baseline_10  The University of Groningen, the public research u F1=0.111 EM=0
[950/1000] dev_949 (2.0s)
  baseline_10  The Northern Chamber Orchestra gives concerts at H F1=0.000 EM=0
[960/1000] dev_959 (2.1s)
  baseline_10  The tap dancing soloist in My Feet Keep Dancing, E F1=0.000 EM=0
[970/1000] dev_969 (2.1s)
  baseline_10  Spam                                               F1=1.000 EM=1
[980/1000] dev_979 (2.2s)
  baseline_10  Aleksandr Ivanovsky was born first, in 1893, while F1=0.250 EM=0
[990/1000] dev_989 (2.0s)
  baseline_10  Heavyweights. According to the context, Heavyweigh F1=0.143 EM=0
[1000/1000] dev_999 (2.1s)
  baseline_10  Ndebele music and Musical bow share the musical ac F1=0.000 EM=0

Method         F1      EM   Contain
-----------------------------------
baseline_10  0.1683  0.0490  0.4410
Saved to /local/yzheng/pnair/workspace/results/budget_llada_hotpotqa_1000.json
Total elapsed: 2152.7s
