/var/scratch/yzheng/pnair/venvs/msc-thesis/lib/python3.10/site-packages/transformers/utils/hub.py:110: FutureWarning: Using `TRANSFORMERS_CACHE` is deprecated and will be removed in v5 of Transformers. Use `HF_HOME` instead.
  warnings.warn(
=== Budget Ablation ===
Model: llada | Decode backend: fast-dllm | Dataset: musique | C0=5 | Retrieval ablation=10 | Expand=3
`torch_dtype` is deprecated! Use `dtype` instead!
Loading checkpoint shards:   0%|          | 0/6 [00:00<?, ?it/s]Loading checkpoint shards: 100%|██████████| 6/6 [00:00<00:00, 83.25it/s]
Model loaded in 4.2s
Loaded 1000 questions
Batch initial retrieval (top-10, batch_size=64)...
Initial retrieval progress: 64/1000 in 24.1s (last_batch=0.4s)
Initial retrieval progress: 128/1000 in 24.4s (last_batch=0.2s)
Initial retrieval progress: 192/1000 in 24.6s (last_batch=0.2s)
Initial retrieval progress: 256/1000 in 24.9s (last_batch=0.2s)
Initial retrieval progress: 320/1000 in 25.1s (last_batch=0.2s)
Initial retrieval progress: 384/1000 in 25.4s (last_batch=0.2s)
Initial retrieval progress: 448/1000 in 25.6s (last_batch=0.2s)
Initial retrieval progress: 512/1000 in 25.8s (last_batch=0.2s)
Initial retrieval progress: 576/1000 in 26.1s (last_batch=0.2s)
Initial retrieval progress: 640/1000 in 26.3s (last_batch=0.2s)
Initial retrieval progress: 704/1000 in 26.5s (last_batch=0.2s)
Initial retrieval progress: 768/1000 in 26.8s (last_batch=0.2s)
Initial retrieval progress: 832/1000 in 27.0s (last_batch=0.2s)
Initial retrieval progress: 896/1000 in 27.2s (last_batch=0.2s)
Initial retrieval progress: 960/1000 in 27.5s (last_batch=0.2s)
Initial retrieval progress: 1000/1000 in 27.6s (last_batch=0.2s)
Initial retrieval done in 27.6s
[1/1000] dev_0 (4.2s)
  baseline_10  Tina Green is married to Sir Philip Green, John Gr F1=0.000 EM=0
[10/1000] dev_9 (2.1s)
  baseline_10  Bengo Province shares a border with the province w F1=0.087 EM=0
[20/1000] dev_19 (2.1s)
  baseline_10  Kimbrough Memorial Stadium is located in Canyon, T F1=0.087 EM=0
[30/1000] dev_29 (2.2s)
  baseline_10  The father of Edward Baring, 1st Baron Revelstoke' F1=0.400 EM=0
[40/1000] dev_39 (2.3s)
  baseline_10  The child of the person who followed Tihomir of Se F1=0.000 EM=0
[50/1000] dev_49 (2.2s)
  baseline_10  Stacy Chbosky was married to the star of No Escape F1=0.000 EM=0
[60/1000] dev_59 (2.1s)
  baseline_10  The person who authored Missing Person, Patrick Mo F1=0.364 EM=0
[70/1000] dev_69 (2.1s)
  baseline_10  The performer of Heartbeat is named after the medi F1=0.000 EM=0
[80/1000] dev_79 (2.0s)
  baseline_10  The record label of the Metalworks Studio founder, F1=0.000 EM=0
[90/1000] dev_89 (2.2s)
  baseline_10  Assomada is located on the Sotavento (leeward) isl F1=0.000 EM=0
[100/1000] dev_99 (2.2s)
  baseline_10  The father of the Labo M performer, Matthieu Chedi F1=0.095 EM=0
[110/1000] dev_109 (2.1s)
  baseline_10  Mounir El Hamdaoui has played for both West Ham an F1=0.000 EM=0
[120/1000] dev_119 (2.1s)
  baseline_10  Military instruction in the University of the Phil F1=0.000 EM=0
[130/1000] dev_129 (2.1s)
  baseline_10  The record label for the band which performed "Pyt F1=0.100 EM=0
[140/1000] dev_139 (2.1s)
  baseline_10  Abigail Douglass, the daughter of James Bailey and F1=0.095 EM=0
[150/1000] dev_149 (2.1s)
  baseline_10  Pierre Berton, the author of The Secret World of O F1=0.167 EM=0
[160/1000] dev_159 (2.1s)
  baseline_10  The director of "Jack Goes Boating," Philip Seymou F1=0.069 EM=0
[170/1000] dev_169 (2.1s)
  baseline_10  The producer of Julius Caesar is not mentioned in  F1=0.000 EM=0
[180/1000] dev_179 (2.1s)
  baseline_10  John's eldest son, King of Cyprus, was crowned at  F1=0.000 EM=0
[190/1000] dev_189 (2.0s)
  baseline_10  Colin Firth played the role of King George VI, who F1=0.182 EM=0
[200/1000] dev_199 (2.1s)
  baseline_10  The context does not provide information about the F1=0.000 EM=0
[210/1000] dev_209 (2.2s)
  baseline_10  Hal B. Wallis, producer of Big Jim McLain, played  F1=0.364 EM=0
[220/1000] dev_219 (2.1s)
  baseline_10  The celestial object that eluded efforts to measur F1=0.080 EM=0
[230/1000] dev_229 (2.1s)
  baseline_10  Majority Leader Dennis Hastert, Majority Whip Tom  F1=0.077 EM=0
[240/1000] dev_239 (2.0s)
  baseline_10  Mario Pani's alma mater, the University of Milan,  F1=0.000 EM=0
[250/1000] dev_249 (2.1s)
  baseline_10  The Japanese got to Liang Jiahong's birthplace Lon F1=0.000 EM=0
[260/1000] dev_259 (2.2s)
  baseline_10  The context provided does not mention the number o F1=0.000 EM=0
[270/1000] dev_269 (2.1s)
  baseline_10  The headquarters of the operator of Operation Ente F1=0.105 EM=0
[280/1000] dev_279 (2.3s)
  baseline_10  The regular season for the Carolina Hurricanes' le F1=0.111 EM=0
[290/1000] dev_289 (2.0s)
  baseline_10  The runner-up of the third season of American Idol F1=0.100 EM=0
[300/1000] dev_299 (2.1s)
  baseline_10  The author of The Happy Journey to Trenton and Cam F1=0.348 EM=0
[310/1000] dev_309 (2.1s)
  baseline_10  The child of the person who sponsored the resoluti F1=0.000 EM=0
[320/1000] dev_319 (2.1s)
  baseline_10  "Don't Come Knocking" won John Derek his only Osca F1=0.000 EM=0
[330/1000] dev_329 (2.0s)
  baseline_10  Laura E. Flores is the permanent representative of F1=0.000 EM=0
[340/1000] dev_339 (2.1s)
  baseline_10  Delta Entertainment Corporation, LaserLight Digita F1=0.000 EM=0
[350/1000] dev_349 (2.2s)
  baseline_10  The mother of Andreogeus' father is Evadne, who is F1=0.000 EM=0
[360/1000] dev_359 (2.1s)
  baseline_10  Michal is the spouse of the first king chosen to r F1=0.000 EM=0
[370/1000] dev_369 (2.0s)
  baseline_10  Common Sense was an important work because it advo F1=0.312 EM=0
[380/1000] dev_379 (2.1s)
  baseline_10  U.S. News & World Report ranked the University of  F1=0.000 EM=0
[390/1000] dev_389 (2.0s)
  baseline_10  The author of "Elephant" is Raymond Carver, not Hu F1=0.000 EM=0
[400/1000] dev_399 (2.1s)
  baseline_10  The Dow Jones Industrial Average fell 22.61% on Oc F1=0.000 EM=0
[410/1000] dev_409 (2.0s)
  baseline_10  Jefferson Davis did not fight in the Mexican-Ameri F1=0.000 EM=0
[420/1000] dev_419 (2.1s)
  baseline_10  The creator of "A Burial at Ornans" is Gustave Cou F1=0.111 EM=0
[430/1000] dev_429 (2.1s)
  baseline_10  Bill Gates, who announced Windows in 1983, highlig F1=0.667 EM=0
[440/1000] dev_439 (2.2s)
  baseline_10  The West Bank Premier League includes the operatin F1=0.091 EM=0
[450/1000] dev_449 (2.1s)
  baseline_10  The mother of Katharine Smith Salisbury's brother, F1=0.273 EM=0
[460/1000] dev_459 (2.0s)
  baseline_10  The person telling the story in How I Met Your Mot F1=0.000 EM=0
[470/1000] dev_469 (2.1s)
  baseline_10  The team that uses Dick's Sporting Goods Park, the F1=0.250 EM=0
[480/1000] dev_479 (2.1s)
  baseline_10  The kingdom that Heptarchy was part of was abolish F1=0.000 EM=0
[490/1000] dev_489 (2.1s)
  baseline_10  The population of the region where Baton à Feu ori F1=0.087 EM=0
[500/1000] dev_499 (2.1s)
  baseline_10  The river on which Pa Sak Jolasid Dam is located ( F1=0.273 EM=0
[510/1000] dev_509 (2.1s)
  baseline_10  Chris Jericho won the Intercontinental Championshi F1=0.000 EM=0
[520/1000] dev_519 (2.2s)
  baseline_10  In April 2010, the company owned by MV Macoma anno F1=0.129 EM=0
[530/1000] dev_529 (2.1s)
  baseline_10  Ariana Grande of "I Love Life, Thank You" released F1=0.105 EM=0
[540/1000] dev_539 (2.2s)
  baseline_10  The oldest city in the northeast is Tomsk, as it i F1=0.095 EM=0
[550/1000] dev_549 (2.0s)
  baseline_10  The creator of The Blind Girl, John Everett Millai F1=0.000 EM=0
[560/1000] dev_559 (2.1s)
  baseline_10  Rudolph the Red-Nosed Reindeer lives at the North  F1=0.091 EM=0
[570/1000] dev_569 (2.1s)
  baseline_10  Mark Gastineau of the New York Jets had the most l F1=0.100 EM=0
[580/1000] dev_579 (2.1s)
  baseline_10  Mohamed Atta's vehicle is a 2001 Nissan Altima, fr F1=0.267 EM=0
[590/1000] dev_589 (2.1s)
  baseline_10  48.9% of Nigerians in 2010 were Muslim, and Avicen F1=0.000 EM=0
[600/1000] dev_599 (2.1s)
  baseline_10  Neil Patrick Harris, who played Barney Stinson in  F1=0.000 EM=0
[610/1000] dev_609 (2.1s)
  baseline_10  George W. McLaurin was the first African American  F1=0.000 EM=0
[620/1000] dev_619 (2.0s)
  baseline_10  The body of water Partridge Lake is part of is the F1=0.000 EM=0
[630/1000] dev_629 (2.0s)
  baseline_10  San Francisco Rush. They do not play their home ga F1=0.000 EM=0
[640/1000] dev_639 (2.1s)
  baseline_10  Wood Harris, played by the Go for Broke cast membe F1=0.000 EM=0
[650/1000] dev_649 (2.2s)
  baseline_10  Ommatidae is part of the suborder Archostemata. It F1=0.000 EM=0
[660/1000] dev_659 (2.1s)
  baseline_10  The version of the browser that GNU IceCat is base F1=0.000 EM=0
[670/1000] dev_669 (2.0s)
  baseline_10  The specific part of the religious scripture that  F1=0.000 EM=0
[680/1000] dev_679 (2.3s)
  baseline_10  The war with the person who the Ioannina National  F1=0.000 EM=0
[690/1000] dev_689 (2.0s)
  baseline_10  A language with an innovative form belongs to the  F1=0.000 EM=0
[700/1000] dev_699 (2.1s)
  baseline_10  Answer: Only 15 out of 27 mandatory transmitters o F1=0.083 EM=0
[710/1000] dev_709 (2.2s)
  baseline_10  The star of Dark Hazard, Tom Hiddleston, did not p F1=0.000 EM=0
[720/1000] dev_719 (2.2s)
  baseline_10  Unfortunately, the context passages do not provide F1=0.000 EM=0
[730/1000] dev_729 (2.0s)
  baseline_10  Cairo University, Hasan Hanafi's employer, ranks 1 F1=0.000 EM=0
[740/1000] dev_739 (2.0s)
  baseline_10  The Chief Judge in the place where DeltaWomen's he F1=0.000 EM=0
[750/1000] dev_749 (2.1s)
  baseline_10  Frederic Ewen's employer, Brooklyn College, is par F1=0.231 EM=0
[760/1000] dev_759 (2.0s)
  baseline_10  The administrative territorial entity that include F1=0.000 EM=0
[770/1000] dev_769 (2.1s)
  baseline_10  The federal leader of the party that James Rajotte F1=0.000 EM=0
[780/1000] dev_779 (2.1s)
  baseline_10  Jokshan's father, Abraham, married Keturah, who wa F1=0.111 EM=0
[790/1000] dev_789 (2.2s)
  baseline_10  The insurgency in the area where the People's Vang F1=0.000 EM=0
[800/1000] dev_799 (2.1s)
  baseline_10  The father of the leader of the Argonauts in the s F1=0.111 EM=0
[810/1000] dev_809 (2.3s)
  baseline_10  Minudasht County is not mentioned in the context,  F1=0.077 EM=0
[820/1000] dev_819 (2.2s)
  baseline_10  The experimental satellite which was the forerunne F1=0.095 EM=0
[830/1000] dev_829 (2.2s)
  baseline_10  The person who ended the Achaemenid Empire in 330  F1=0.222 EM=0
[840/1000] dev_839 (2.1s)
  baseline_10  The school where Taylor Mokate was educated is Woo F1=0.000 EM=0
[850/1000] dev_849 (2.0s)
  baseline_10  The author of The Canon of Medicine, Avicenna (Ibn F1=0.100 EM=0
[860/1000] dev_859 (2.4s)
  baseline_10  "Till dom ensamma" is a song by Anna Wahlgren, who F1=0.000 EM=0
[870/1000] dev_869 (2.0s)
  baseline_10  The first branch of the company that bought FleetB F1=0.000 EM=0
[880/1000] dev_879 (2.2s)
  baseline_10  Jack Warden plays the prison warden in the second  F1=0.000 EM=0
[890/1000] dev_889 (2.1s)
  baseline_10  Karen Fairchild sings "Home Alone Tonight" with Lu F1=0.174 EM=0
[900/1000] dev_899 (2.1s)
  baseline_10  Christian Ingebrigtsen and Nalle Ahlstedt, but it  F1=0.000 EM=0
[910/1000] dev_909 (2.1s)
  baseline_10  The author of Alciphron, Alciphron lived in the 3r F1=0.118 EM=0
[920/1000] dev_919 (2.0s)
  baseline_10  Prince Philip, Duke of Edinburgh.

The spouse of t F1=0.091 EM=0
[930/1000] dev_929 (2.1s)
  baseline_10  The child of the president under whom prohibition  F1=0.167 EM=0
[940/1000] dev_939 (2.2s)
  baseline_10  John F. Schermerhorn. John F. Schermerhorn was the F1=0.000 EM=0
[950/1000] dev_949 (2.1s)
  baseline_10  The maximum amount of load that can be drawn by th F1=0.000 EM=0
[960/1000] dev_959 (2.1s)
  baseline_10  The first Governor-General of India was Warren Has F1=0.316 EM=0
[970/1000] dev_969 (2.3s)
  baseline_10  Frances Freeling Broderip's sibling is her brother F1=0.182 EM=0
[980/1000] dev_979 (2.1s)
  baseline_10  Nature Publishing Group published the communicatio F1=0.000 EM=0
[990/1000] dev_989 (2.0s)
  baseline_10  The birthplace of Francis Watson is not mentioned, F1=0.000 EM=0
[1000/1000] dev_999 (2.1s)
  baseline_10  A participant of the Battle of Brechin is an insta F1=0.083 EM=0

Method         F1      EM   Contain
-----------------------------------
baseline_10  0.0843  0.0080  0.1700
Saved to /local/yzheng/pnair/workspace/results/budget_llada_musique_1000.json
Total elapsed: 2131.4s
