/var/scratch/yzheng/pnair/venvs/msc-thesis/lib/python3.10/site-packages/transformers/utils/hub.py:110: FutureWarning: Using `TRANSFORMERS_CACHE` is deprecated and will be removed in v5 of Transformers. Use `HF_HOME` instead.
  warnings.warn(
TorchGpuFlatIPIndex: mmap-opened /local/yzheng/pnair/workspace/indexes/e5_Flat.index in 63.9s (ntotal=21015324, dim=768)
TorchGpuFlatIPIndex: loaded 1,048,576/21,015,324 vectors (5.0%) in 3.7s
TorchGpuFlatIPIndex: loaded 2,097,152/21,015,324 vectors (10.0%) in 4.8s
TorchGpuFlatIPIndex: loaded 3,145,728/21,015,324 vectors (15.0%) in 7.1s
TorchGpuFlatIPIndex: loaded 4,194,304/21,015,324 vectors (20.0%) in 8.8s
TorchGpuFlatIPIndex: loaded 5,242,880/21,015,324 vectors (24.9%) in 10.6s
TorchGpuFlatIPIndex: loaded 6,291,456/21,015,324 vectors (29.9%) in 11.6s
TorchGpuFlatIPIndex: loaded 7,340,032/21,015,324 vectors (34.9%) in 14.6s
TorchGpuFlatIPIndex: loaded 8,388,608/21,015,324 vectors (39.9%) in 16.2s
TorchGpuFlatIPIndex: loaded 9,437,184/21,015,324 vectors (44.9%) in 17.7s
TorchGpuFlatIPIndex: loaded 10,485,760/21,015,324 vectors (49.9%) in 19.4s
TorchGpuFlatIPIndex: loaded 11,534,336/21,015,324 vectors (54.9%) in 20.3s
TorchGpuFlatIPIndex: loaded 12,582,912/21,015,324 vectors (59.9%) in 21.2s
TorchGpuFlatIPIndex: loaded 13,631,488/21,015,324 vectors (64.9%) in 22.1s
TorchGpuFlatIPIndex: loaded 14,680,064/21,015,324 vectors (69.9%) in 22.9s
TorchGpuFlatIPIndex: loaded 15,728,640/21,015,324 vectors (74.8%) in 23.7s
TorchGpuFlatIPIndex: loaded 16,777,216/21,015,324 vectors (79.8%) in 24.5s
TorchGpuFlatIPIndex: loaded 17,825,792/21,015,324 vectors (84.8%) in 25.3s
TorchGpuFlatIPIndex: loaded 18,874,368/21,015,324 vectors (89.8%) in 26.1s
TorchGpuFlatIPIndex: loaded 19,922,944/21,015,324 vectors (94.8%) in 26.9s
TorchGpuFlatIPIndex: loaded 20,971,520/21,015,324 vectors (99.8%) in 27.8s
TorchGpuFlatIPIndex: loaded 21,015,324/21,015,324 vectors (100.0%) in 27.8s
TorchGpuFlatIPIndex: ready on cuda:0 using torch.float16 (~30.1 GiB for vectors)
Wiki18Retriever: Torch CUDA flat-IP backend on cuda:0 (FAISS GPU kernels unavailable on this GPU)
RetrieverServer: listening on 127.0.0.1:17888 (index_device=cuda:0, embed_device=cuda:0)
