/projects/prjs1800/venvs/arag-venv/lib/python3.10/site-packages/transformers/utils/hub.py:110: FutureWarning: Using `TRANSFORMERS_CACHE` is deprecated and will be removed in v5 of Transformers. Use `HF_HOME` instead.
  warnings.warn(
=== iDNMR Pilot ===
Model: dream, Rounds: 3, Steps: 32
Loading checkpoint shards:   0%|          | 0/4 [00:00<?, ?it/s]Loading checkpoint shards:  25%|██▌       | 1/4 [00:06<00:18,  6.30s/it]Loading checkpoint shards:  50%|█████     | 2/4 [00:12<00:12,  6.21s/it]Loading checkpoint shards:  75%|███████▌  | 3/4 [00:17<00:05,  5.90s/it]Loading checkpoint shards: 100%|██████████| 4/4 [00:19<00:00,  4.19s/it]Loading checkpoint shards: 100%|██████████| 4/4 [00:19<00:00,  4.89s/it]
The following generation flags are not valid and may be ignored: ['temperature']. Set `TRANSFORMERS_VERBOSITY=info` for more details.
  Model loaded in 20.9s
Loaded 200 questions
Batch initial retrieval...
  Done in 457.8s
[1/200] dev_800 (104.1s)
  baseline         Thurland, Lancashire                     F1=0.000 EM=0
  pool             Maud Green                               F1=0.000 EM=0
  ipool            Thurland, Lancashire                     F1=0.000 EM=0
  idnmr            The place of birth of William Parr, 1st  F1=0.062 EM=0
  idnmr_2round     The place of birth of William Parr, 1st  F1=0.062 EM=0
[5/200] dev_804 (39.3s)
  baseline         Two Mules for Sister Sara                F1=0.000 EM=0
  pool             Two Mules for Sister Sara                F1=0.000 EM=0
  ipool            Two Mules for Sister Sara                F1=0.000 EM=0
  idnmr            Two Mules for Sister Sara                F1=0.000 EM=0
  idnmr_2round     Two Mules for Sister Sara                F1=0.000 EM=0
[10/200] dev_809 (64.3s)
  baseline         Los Angeles                              F1=0.000 EM=0
  pool             Miami, Florida                           F1=0.000 EM=0
  ipool            Los Angeles                              F1=0.000 EM=0
  idnmr            Miami, Florida                           F1=0.000 EM=0
  idnmr_2round     Miami, Florida                           F1=0.000 EM=0
[15/200] dev_814 (83.2s)
  baseline         Buenos Aires                             F1=0.000 EM=0
  pool             Buenos Aires                             F1=0.000 EM=0
  ipool            Buenos Aires, Argentina                  F1=0.000 EM=0
  idnmr            Buenos Aires                             F1=0.000 EM=0
  idnmr_2round     Buenos Aires                             F1=0.000 EM=0
[20/200] dev_819 (97.2s)
  baseline         No.                                      F1=0.000 EM=0
  pool             No.                                      F1=0.000 EM=0
  ipool            No.                                      F1=0.000 EM=0
  idnmr            No.                                      F1=0.000 EM=0
  idnmr_2round     No.                                      F1=0.000 EM=0
[25/200] dev_824 (36.5s)
  baseline         Legend of the Mountain                   F1=0.000 EM=0
  pool             Legend of the Mountain                   F1=0.000 EM=0
  ipool            Legend of the Mountain                   F1=0.000 EM=0
  idnmr            Legend of the Mountain                   F1=0.000 EM=0
  idnmr_2round     Legend of the Mountain                   F1=0.000 EM=0
[30/200] dev_829 (41.5s)
  baseline         Pepin of Landen                          F1=0.000 EM=0
  pool             Pepin of Landen                          F1=0.000 EM=0
  ipool            Pepin of Landen                          F1=0.000 EM=0
  idnmr            Pepin of Landen                          F1=0.000 EM=0
  idnmr_2round     Pepin of Landen                          F1=0.000 EM=0
[35/200] dev_834 (93.2s)
  baseline         England                                  F1=0.000 EM=0
  pool             Liverpool                                F1=1.000 EM=0
  ipool            Liverpool Maternity Hospital             F1=0.333 EM=0
  idnmr            Liverpool                                F1=1.000 EM=0
  idnmr_2round     Liverpool                                F1=1.000 EM=0
[40/200] dev_839 (75.4s)
  baseline         Charles Taze Russell                     F1=1.000 EM=1
  pool             Charles Taze Russell                     F1=1.000 EM=1
  ipool            Charles Taze Russell                     F1=1.000 EM=1
  idnmr            Charles Taze Russell                     F1=1.000 EM=1
  idnmr_2round     Charles Taze Russell                     F1=1.000 EM=1
[45/200] dev_844 (41.7s)
  baseline         Nangna Kappa Pakchade                    F1=0.000 EM=0
  pool             Nangna Kappa Pakchade                    F1=0.000 EM=0
  ipool            Nangna Kappa Pakchade                    F1=0.000 EM=0
  idnmr            Nangna Kappa Pakchade                    F1=0.000 EM=0
  idnmr_2round     Nangna Kappa Pakchade                    F1=0.000 EM=0
[50/200] dev_849 (65.5s)
  baseline         Stolen Identity                          F1=0.000 EM=0
  pool             Stolen Identity                          F1=0.000 EM=0
  ipool            Stolen Identity                          F1=0.000 EM=0
  idnmr            Stolen Identity                          F1=0.000 EM=0
  idnmr_2round     Stolen Identity                          F1=0.000 EM=0
[55/200] dev_854 (81.3s)
  baseline         Farīd Khān                               F1=0.000 EM=0
  pool             Farīd Khān                               F1=0.000 EM=0
  ipool            Farīd Khān                               F1=0.000 EM=0
  idnmr            Farīd Khān                               F1=0.000 EM=0
  idnmr_2round     Farīd Khān                               F1=0.000 EM=0
[60/200] dev_859 (43.6s)
  baseline         Sadie Heath Cabaniss                     F1=0.000 EM=0
  pool             Sadie Heath Cabaniss                     F1=0.000 EM=0
  ipool            Sadie Heath Cabaniss                     F1=0.000 EM=0
  idnmr            Sadie Heath Cabaniss                     F1=0.000 EM=0
  idnmr_2round     Sadie Heath Cabaniss                     F1=0.000 EM=0
[65/200] dev_864 (110.4s)
  baseline         John Reynolds                            F1=0.000 EM=0
  pool             Rebecca Harrell Tickell                  F1=0.000 EM=0
  ipool            Yoshiyuki Sahashi                        F1=0.000 EM=0
  idnmr            Rebecca Harrell Tickell                  F1=0.000 EM=0
  idnmr_2round     Rebecca Harrell Tickell                  F1=0.000 EM=0
[70/200] dev_869 (39.8s)
  baseline         Swarg Narak                              F1=1.000 EM=1
  pool             Swarg Narak                              F1=1.000 EM=1
  ipool            Swarg Narak                              F1=1.000 EM=1
  idnmr            Swarg Narak                              F1=1.000 EM=1
  idnmr_2round     Swarg Narak                              F1=1.000 EM=1
[75/200] dev_874 (137.4s)
  baseline         John II                                  F1=0.500 EM=0
  pool             Christopher of Bavaria                   F1=0.333 EM=0
  ipool            Henry II                                 F1=0.000 EM=0
  idnmr            John of Hesse-Braubach's co-husband is L F1=0.176 EM=0
  idnmr_2round     John of Hesse-Braubach's co-husband is P F1=0.188 EM=0
[80/200] dev_879 (43.4s)
  baseline         Coimbra                                  F1=1.000 EM=1
  pool             Coimbra                                  F1=1.000 EM=1
  ipool            Coimbra                                  F1=1.000 EM=1
  idnmr            Coimbra                                  F1=1.000 EM=1
  idnmr_2round     Coimbra                                  F1=1.000 EM=1
[85/200] dev_884 (84.3s)
  baseline         London                                   F1=0.000 EM=0
  pool             New York, New York                       F1=0.000 EM=0
  ipool            Los Angeles                              F1=0.000 EM=0
  idnmr            New York, New York                       F1=0.000 EM=0
  idnmr_2round     New York, New York                       F1=0.000 EM=0
[90/200] dev_889 (49.0s)
  baseline         Iceland                                  F1=0.000 EM=0
  pool             Iceland                                  F1=0.000 EM=0
  ipool            Iceland                                  F1=0.000 EM=0
  idnmr            Iceland                                  F1=0.000 EM=0
  idnmr_2round     Iceland                                  F1=0.000 EM=0
[95/200] dev_894 (72.8s)
  baseline         Grammy Award nomination                  F1=0.333 EM=0
  pool             Grammy Award nomination                  F1=0.333 EM=0
  ipool            Grammy Award nomination                  F1=0.333 EM=0
  idnmr            Grammy Award nomination                  F1=0.333 EM=0
  idnmr_2round     Grammy Award nomination                  F1=0.333 EM=0
[100/200] dev_899 (68.7s)
  baseline         Panthéon                                 F1=0.000 EM=0
  pool             asylum                                   F1=0.000 EM=0
  ipool            asylum                                   F1=0.000 EM=0
  idnmr            asylum                                   F1=0.000 EM=0
  idnmr_2round     asylum                                   F1=0.000 EM=0
[105/200] dev_904 (42.0s)
  baseline         George Grenfell-Baines                   F1=0.500 EM=0
  pool             George Grenfell-Baines                   F1=0.500 EM=0
  ipool            George Grenfell-Baines                   F1=0.500 EM=0
  idnmr            George Grenfell-Baines                   F1=0.500 EM=0
  idnmr_2round     George Grenfell-Baines                   F1=0.500 EM=0
[110/200] dev_909 (53.2s)
  baseline         João De Aquino                           F1=1.000 EM=1
  pool             João De Aquino                           F1=1.000 EM=1
  ipool            João De Aquino                           F1=1.000 EM=1
  idnmr            João De Aquino                           F1=1.000 EM=1
  idnmr_2round     João De Aquino                           F1=1.000 EM=1
[115/200] dev_914 (41.4s)
  baseline         Norman                                   F1=0.000 EM=0
  pool             Norman                                   F1=0.000 EM=0
  ipool            Norman                                   F1=0.000 EM=0
  idnmr            Norman                                   F1=0.000 EM=0
  idnmr_2round     Norman                                   F1=0.000 EM=0
[120/200] dev_919 (74.2s)
  baseline         Palencia                                 F1=1.000 EM=1
  pool             Palencia                                 F1=1.000 EM=1
  ipool            Palencia                                 F1=1.000 EM=1
  idnmr            Palencia                                 F1=1.000 EM=1
  idnmr_2round     Palencia                                 F1=1.000 EM=1
[125/200] dev_924 (39.7s)
  baseline         Anand Ashram                             F1=1.000 EM=1
  pool             Anand Ashram                             F1=1.000 EM=1
  ipool            Anand Ashram                             F1=1.000 EM=1
  idnmr            Anand Ashram                             F1=1.000 EM=1
  idnmr_2round     Anand Ashram                             F1=1.000 EM=1
[130/200] dev_929 (97.1s)
  baseline         Croton                                   F1=0.000 EM=0
  pool             Samos                                    F1=1.000 EM=1
  ipool            Croton                                   F1=0.000 EM=0
  idnmr            Samos                                    F1=1.000 EM=1
  idnmr_2round     Samos                                    F1=1.000 EM=1
[135/200] dev_934 (68.6s)
  baseline         Sunday'S Illness                         F1=1.000 EM=1
  pool             Sunday's Illness                         F1=1.000 EM=1
  ipool            Sunday's Illness                         F1=1.000 EM=1
  idnmr            Sunday's Illness                         F1=1.000 EM=1
  idnmr_2round     Sunday's Illness                         F1=1.000 EM=1
[140/200] dev_939 (89.3s)
  baseline         Anne or Agnes Howard                     F1=0.000 EM=0
  pool             William Paulet, 4th Marquess of Winchest F1=0.000 EM=0
  ipool            William Paulet, 4th Marquess of Winchest F1=0.118 EM=0
  idnmr            William Paulet, 4th Marquess of Winchest F1=0.118 EM=0
  idnmr_2round     William Paulet, 4th Marquess of Winchest F1=0.118 EM=0
[145/200] dev_944 (68.1s)
  baseline         Ottoman Empire                           F1=0.500 EM=0
  pool             Ottoman Empire                           F1=0.500 EM=0
  ipool            Ottoman Empire                           F1=0.500 EM=0
  idnmr            Ottoman Empire                           F1=0.500 EM=0
  idnmr_2round     Ottoman Empire                           F1=0.500 EM=0
[150/200] dev_949 (63.7s)
  baseline         Forelsket I København                    F1=1.000 EM=1
  pool             Forelsket I København                    F1=1.000 EM=1
  ipool            Forelsket I København                    F1=1.000 EM=1
  idnmr            Forelsket I København                    F1=1.000 EM=1
  idnmr_2round     Forelsket I København                    F1=1.000 EM=1
[155/200] dev_954 (70.6s)
  baseline         No                                       F1=0.000 EM=0
  pool             No                                       F1=0.000 EM=0
  ipool            No                                       F1=0.000 EM=0
  idnmr            No                                       F1=0.000 EM=0
  idnmr_2round     No                                       F1=0.000 EM=0
[160/200] dev_959 (49.7s)
  baseline         San Antonio                              F1=1.000 EM=0
  pool             San Antonio                              F1=1.000 EM=0
  ipool            San Antonio                              F1=1.000 EM=0
  idnmr            San Antonio                              F1=1.000 EM=0
  idnmr_2round     San Antonio                              F1=1.000 EM=0
[165/200] dev_964 (84.5s)
  baseline         Paolo Marcellini                         F1=0.000 EM=0
  pool             Paolo Marcellini                         F1=0.000 EM=0
  ipool            Paolo Marcellini                         F1=0.000 EM=0
  idnmr            Paolo Marcellini                         F1=0.000 EM=0
  idnmr_2round     Paolo Marcellini                         F1=0.000 EM=0
[170/200] dev_969 (63.0s)
  baseline         Above the Rim                            F1=0.000 EM=0
  pool             Face In The Rain                         F1=1.000 EM=1
  ipool            Above the Rim                            F1=0.000 EM=0
  idnmr            Face In The Rain                         F1=1.000 EM=1
  idnmr_2round     Face In The Rain                         F1=1.000 EM=1
[175/200] dev_974 (36.7s)
  baseline         British                                  F1=0.000 EM=0
  pool             British                                  F1=0.000 EM=0
  ipool            British                                  F1=0.000 EM=0
  idnmr            British                                  F1=0.000 EM=0
  idnmr_2round     British                                  F1=0.000 EM=0
[180/200] dev_979 (75.5s)
  baseline         A Nightmare on Elm Street 4: The Dream M F1=1.000 EM=0
  pool             A Nightmare on Elm Street 4: The Dream M F1=1.000 EM=0
  ipool            A Nightmare on Elm Street 4: The Dream M F1=1.000 EM=0
  idnmr            A Nightmare on Elm Street 4: The Dream M F1=1.000 EM=0
  idnmr_2round     A Nightmare on Elm Street 4: The Dream M F1=1.000 EM=0
[185/200] dev_984 (77.1s)
  baseline         Graphotism                               F1=0.000 EM=0
  pool             Graphotism                               F1=0.000 EM=0
  ipool            Graphotism                               F1=0.000 EM=0
  idnmr            Graphotism                               F1=0.000 EM=0
  idnmr_2round     Graphotism                               F1=0.000 EM=0
[190/200] dev_989 (44.2s)
  baseline         Botir Qoraev                             F1=0.000 EM=0
  pool             Botir Qoraev                             F1=0.000 EM=0
  ipool            Botir Qoraev                             F1=0.000 EM=0
  idnmr            Botir Qoraev                             F1=0.000 EM=0
  idnmr_2round     Botir Qoraev                             F1=0.000 EM=0
[195/200] dev_994 (41.6s)
  baseline         Charleston                               F1=0.000 EM=0
  pool             Charleston                               F1=0.000 EM=0
  ipool            Charleston                               F1=0.000 EM=0
  idnmr            Charleston                               F1=0.000 EM=0
  idnmr_2round     Charleston                               F1=0.000 EM=0
[200/200] dev_999 (78.7s)
  baseline         Jack Mildren                             F1=1.000 EM=1
  pool             Jack Mildren                             F1=1.000 EM=1
  ipool            Jack Mildren                             F1=1.000 EM=1
  idnmr            Jack Mildren                             F1=1.000 EM=1
  idnmr_2round     Jack Mildren                             F1=1.000 EM=1

Method               F1     EM  Contain
--------------------------------------
baseline          0.321  0.240    0.280
pool              0.362  0.265    0.315
ipool             0.316  0.235    0.285
idnmr             0.367  0.265    0.330
idnmr_2round      0.364  0.265    0.325

Total: 15386.5s (76.9s/q)
