/projects/prjs1800/venvs/arag-venv/lib/python3.10/site-packages/transformers/utils/hub.py:110: FutureWarning: Using `TRANSFORMERS_CACHE` is deprecated and will be removed in v5 of Transformers. Use `HF_HOME` instead.
  warnings.warn(
=== iDNMR Pilot ===
Model: dream, Rounds: 3, Steps: 32
Loading checkpoint shards:   0%|          | 0/4 [00:00<?, ?it/s]Loading checkpoint shards:  25%|██▌       | 1/4 [00:02<00:08,  2.69s/it]Loading checkpoint shards:  50%|█████     | 2/4 [00:05<00:05,  2.68s/it]Loading checkpoint shards:  75%|███████▌  | 3/4 [00:07<00:02,  2.52s/it]Loading checkpoint shards: 100%|██████████| 4/4 [00:08<00:00,  1.75s/it]Loading checkpoint shards: 100%|██████████| 4/4 [00:08<00:00,  2.07s/it]
The following generation flags are not valid and may be ignored: ['temperature']. Set `TRANSFORMERS_VERBOSITY=info` for more details.
  Model loaded in 9.7s
Loaded 200 questions
Batch initial retrieval...
  Done in 456.7s
[1/200] dev_600 (74.8s)
  baseline         The Battle of the Rails                  F1=1.000 EM=1
  pool             The Battle Of The Rails                  F1=1.000 EM=1
  ipool            The Battle of the Rails                  F1=1.000 EM=1
  idnmr            The Battle Of The Rails                  F1=1.000 EM=1
  idnmr_2round     The Battle Of The Rails                  F1=1.000 EM=1
[5/200] dev_604 (41.7s)
  baseline         United States                            F1=0.000 EM=0
  pool             United States                            F1=0.000 EM=0
  ipool            United States                            F1=0.000 EM=0
  idnmr            United States                            F1=0.000 EM=0
  idnmr_2round     United States                            F1=0.000 EM=0
[10/200] dev_609 (78.7s)
  baseline         Merle Haggard                            F1=0.000 EM=0
  pool             Tallahassee, Florida                     F1=0.000 EM=0
  ipool            Merle Haggard                            F1=0.000 EM=0
  idnmr            Tallahassee, Florida                     F1=0.000 EM=0
  idnmr_2round     Tallahassee, Florida                     F1=0.000 EM=0
[15/200] dev_614 (47.5s)
  baseline         Spain                                    F1=0.000 EM=0
  pool             Spain                                    F1=0.000 EM=0
  ipool            Spain                                    F1=0.000 EM=0
  idnmr            Spain                                    F1=0.000 EM=0
  idnmr_2round     Spain                                    F1=0.000 EM=0
[20/200] dev_619 (113.8s)
  baseline         Dessau                                   F1=0.000 EM=0
  pool             Dessau                                   F1=0.000 EM=0
  ipool            Ballenstedt                              F1=0.000 EM=0
  idnmr            Munich                                   F1=0.000 EM=0
  idnmr_2round     Munich                                   F1=0.000 EM=0
[25/200] dev_624 (60.1s)
  baseline         Remember The Day                         F1=0.000 EM=0
  pool             Remember The Day                         F1=0.000 EM=0
  ipool            Remember The Day                         F1=0.000 EM=0
  idnmr            Remember The Day                         F1=0.000 EM=0
  idnmr_2round     Remember The Day                         F1=0.000 EM=0
[30/200] dev_629 (65.0s)
  baseline         Margaret Tudor                           F1=0.000 EM=0
  pool             Margaret Tudor                           F1=0.000 EM=0
  ipool            Margaret Tudor                           F1=0.000 EM=0
  idnmr            Margaret Tudor                           F1=0.000 EM=0
  idnmr_2round     Margaret Tudor                           F1=0.000 EM=0
[35/200] dev_634 (77.1s)
  baseline         France                                   F1=1.000 EM=0
  pool             France                                   F1=1.000 EM=0
  ipool            France                                   F1=1.000 EM=0
  idnmr            France                                   F1=1.000 EM=0
  idnmr_2round     France                                   F1=1.000 EM=0
[40/200] dev_639 (80.4s)
  baseline         Marc Burrows                             F1=1.000 EM=1
  pool             Marc Burrows                             F1=1.000 EM=1
  ipool            Marc Burrows                             F1=1.000 EM=1
  idnmr            Marc Burrows                             F1=1.000 EM=1
  idnmr_2round     Marc Burrows                             F1=1.000 EM=1
[45/200] dev_644 (74.3s)
  baseline         Nancy                                    F1=0.000 EM=0
  pool             Nancy                                    F1=0.000 EM=0
  ipool            Nancy                                    F1=0.000 EM=0
  idnmr            Mons                                     F1=0.000 EM=0
  idnmr_2round     Nancy                                    F1=0.000 EM=0
[50/200] dev_649 (71.5s)
  baseline         Sol Niger Within                         F1=1.000 EM=1
  pool             Sol Niger Within                         F1=1.000 EM=1
  ipool            Sol Niger Within                         F1=1.000 EM=1
  idnmr            Sol Niger Within                         F1=1.000 EM=1
  idnmr_2round     Sol Niger Within                         F1=1.000 EM=1
[55/200] dev_654 (36.9s)
  baseline         Women in the Wind                        F1=0.000 EM=0
  pool             Women in the Wind                        F1=0.000 EM=0
  ipool            Women in the Wind                        F1=0.000 EM=0
  idnmr            Women in the Wind                        F1=0.000 EM=0
  idnmr_2round     Women in the Wind                        F1=0.000 EM=0
[60/200] dev_659 (41.1s)
  baseline         Fernando Gutiérrez de Castro             F1=0.500 EM=0
  pool             Fernando Gutiérrez de Castro             F1=0.500 EM=0
  ipool            Fernando Gutiérrez de Castro             F1=0.500 EM=0
  idnmr            Fernando Gutiérrez de Castro             F1=0.500 EM=0
  idnmr_2round     Fernando Gutiérrez de Castro             F1=0.500 EM=0
[65/200] dev_664 (68.6s)
  baseline         Gianni Agnelli                           F1=0.000 EM=0
  pool             Gianni Agnelli                           F1=0.000 EM=0
  ipool            Gianni Agnelli                           F1=0.000 EM=0
  idnmr            Gianni Agnelli                           F1=0.000 EM=0
  idnmr_2round     Gianni Agnelli                           F1=0.000 EM=0
[70/200] dev_669 (90.4s)
  baseline         Leopold II                               F1=0.000 EM=0
  pool             Leopold II                               F1=0.000 EM=0
  ipool            Leopold II                               F1=0.000 EM=0
  idnmr            Leopold II                               F1=0.000 EM=0
  idnmr_2round     Leopold II                               F1=0.000 EM=0
[75/200] dev_674 (39.8s)
  baseline         Fred Frith                               F1=0.000 EM=0
  pool             Fred Frith                               F1=0.000 EM=0
  ipool            Fred Frith                               F1=0.000 EM=0
  idnmr            Fred Frith                               F1=0.000 EM=0
  idnmr_2round     Fred Frith                               F1=0.000 EM=0
[80/200] dev_679 (62.4s)
  baseline         United States                            F1=0.000 EM=0
  pool             Steve Cohen                              F1=0.000 EM=0
  ipool            United States                            F1=0.000 EM=0
  idnmr            Steve Cohen                              F1=0.000 EM=0
  idnmr_2round     Steve Cohen                              F1=0.000 EM=0
[85/200] dev_684 (69.7s)
  baseline         American                                 F1=0.000 EM=0
  pool             American                                 F1=0.000 EM=0
  ipool            American                                 F1=0.000 EM=0
  idnmr            American                                 F1=0.000 EM=0
  idnmr_2round     American                                 F1=0.000 EM=0
[90/200] dev_689 (52.6s)
  baseline         3 June 1801                              F1=1.000 EM=1
  pool             3 June 1801                              F1=1.000 EM=1
  ipool            John Paulet, the father of Augustus Paul F1=0.071 EM=0
  idnmr            3 June 1801                              F1=1.000 EM=1
  idnmr_2round     3 June 1801                              F1=1.000 EM=1
[95/200] dev_694 (84.6s)
  baseline         Eleanor of Lancaster                     F1=1.000 EM=1
  pool             Eleanor of Lancaster                     F1=1.000 EM=1
  ipool            Eleanor of Lancaster                     F1=1.000 EM=1
  idnmr            Eleanor of Lancaster                     F1=1.000 EM=1
  idnmr_2round     Eleanor of Lancaster                     F1=1.000 EM=1
[100/200] dev_699 (97.2s)
  baseline         Elizabeth Annesley                       F1=0.000 EM=0
  pool             Elizabeth Annesley                       F1=0.000 EM=0
  ipool            Elizabeth Annesley                       F1=0.000 EM=0
  idnmr            Elizabeth Annesley                       F1=0.000 EM=0
  idnmr_2round     Elizabeth Annesley                       F1=0.000 EM=0
[105/200] dev_704 (139.3s)
  baseline         Loreto College, Kolkata                  F1=0.000 EM=0
  pool             Loreto College, Kolkata                  F1=0.000 EM=0
  ipool            The University of Calcutta               F1=0.000 EM=0
  idnmr            Rudra Mohammad Shahidullah's wife studie F1=0.000 EM=0
  idnmr_2round     Rudra Mohammad Shahidullah's wife studie F1=0.000 EM=0
[110/200] dev_709 (39.8s)
  baseline         Osorkon II                               F1=0.000 EM=0
  pool             Osorkon II                               F1=0.000 EM=0
  ipool            Osorkon II                               F1=0.000 EM=0
  idnmr            Osorkon II                               F1=0.000 EM=0
  idnmr_2round     Osorkon II                               F1=0.000 EM=0
[115/200] dev_714 (67.4s)
  baseline         Newness                                  F1=1.000 EM=1
  pool             Newness                                  F1=1.000 EM=1
  ipool            Newness                                  F1=1.000 EM=1
  idnmr            Newness                                  F1=1.000 EM=1
  idnmr_2round     Newness                                  F1=1.000 EM=1
[120/200] dev_719 (58.7s)
  baseline         udley Russell                            F1=0.500 EM=0
  pool             udley Russell                            F1=0.500 EM=0
  ipool            udley Russell                            F1=0.500 EM=0
  idnmr            udley Russell                            F1=0.500 EM=0
  idnmr_2round     udley Russell                            F1=0.500 EM=0
[125/200] dev_724 (47.6s)
  baseline         Chiang Chung-Ling                        F1=1.000 EM=1
  pool             Chiang Chung-Ling                        F1=1.000 EM=1
  ipool            Chiang Chung-Ling                        F1=1.000 EM=1
  idnmr            Chiang Chung-Ling                        F1=1.000 EM=1
  idnmr_2round     Chiang Chung-Ling                        F1=1.000 EM=1
[130/200] dev_729 (62.8s)
  baseline         No, Freestylers and The Nouvelles are no F1=0.000 EM=0
  pool             No, Freestylers and The Nouvelles are no F1=0.000 EM=0
  ipool            No                                       F1=0.000 EM=0
  idnmr            No, Freestylers and The Nouvelles are no F1=0.000 EM=0
  idnmr_2round     No, Freestylers and The Nouvelles are no F1=0.000 EM=0
[135/200] dev_734 (64.0s)
  baseline         A Night Of Horror                        F1=1.000 EM=1
  pool             A Night Of Horror                        F1=1.000 EM=1
  ipool            A Night Of Horror                        F1=1.000 EM=1
  idnmr            A Night Of Horror                        F1=1.000 EM=1
  idnmr_2round     A Night Of Horror                        F1=1.000 EM=1
[140/200] dev_739 (93.1s)
  baseline         God In Heaven... Arizona On Earth        F1=1.000 EM=1
  pool             God In Heaven... Arizona On Earth        F1=1.000 EM=1
  ipool            God In Heaven... Arizona On Earth        F1=1.000 EM=1
  idnmr            God In Heaven... Arizona On Earth        F1=1.000 EM=1
  idnmr_2round     God In Heaven... Arizona On Earth        F1=1.000 EM=1
[145/200] dev_744 (42.0s)
  baseline         11 April 1644                            F1=0.000 EM=0
  pool             11 April 1644                            F1=0.000 EM=0
  ipool            11 April 1644                            F1=0.000 EM=0
  idnmr            11 April 1644                            F1=0.000 EM=0
  idnmr_2round     11 April 1644                            F1=0.000 EM=0
[150/200] dev_749 (106.0s)
  baseline         In Soviet Russia                         F1=0.000 EM=0
  pool             Rēzekne                                  F1=1.000 EM=1
  ipool            Latvia                                   F1=0.000 EM=0
  idnmr            Rēzekne                                  F1=1.000 EM=1
  idnmr_2round     Rēzekne                                  F1=1.000 EM=1
[155/200] dev_754 (98.8s)
  baseline         Serbian                                  F1=0.000 EM=0
  pool             Serbian                                  F1=0.000 EM=0
  ipool            American                                 F1=0.000 EM=0
  idnmr            Romanian                                 F1=0.000 EM=0
  idnmr_2round     Romanian                                 F1=0.000 EM=0
[160/200] dev_759 (63.5s)
  baseline         No                                       F1=0.000 EM=0
  pool             No                                       F1=0.000 EM=0
  ipool            No                                       F1=0.000 EM=0
  idnmr            No                                       F1=0.000 EM=0
  idnmr_2round     No                                       F1=0.000 EM=0
[165/200] dev_764 (68.5s)
  baseline         Yes.                                     F1=1.000 EM=0
  pool             Yes.                                     F1=1.000 EM=0
  ipool            Yes.                                     F1=1.000 EM=0
  idnmr            Yes.                                     F1=1.000 EM=0
  idnmr_2round     Yes.                                     F1=1.000 EM=0
[170/200] dev_769 (90.1s)
  baseline         No, Kunturwasa is located in the Andes b F1=0.000 EM=0
  pool             No, Kunturwasa is located in the Andes b F1=0.000 EM=0
  ipool            No, Kunturwasa is located in the Andes b F1=0.000 EM=0
  idnmr            No, Kunturwasa is located in the Andes b F1=0.000 EM=0
  idnmr_2round     No, Kunturwasa is located in the Andes b F1=0.000 EM=0
[175/200] dev_774 (76.1s)
  baseline         Thomas Rolfe                             F1=1.000 EM=1
  pool             Thomas Rolfe                             F1=1.000 EM=1
  ipool            Thomas Rolfe                             F1=1.000 EM=1
  idnmr            Thomas Rolfe                             F1=1.000 EM=1
  idnmr_2round     Thomas Rolfe                             F1=1.000 EM=1
[180/200] dev_779 (94.0s)
  baseline         Leicester                                F1=1.000 EM=1
  pool             Leicester                                F1=1.000 EM=1
  ipool            Leicester                                F1=1.000 EM=1
  idnmr            Leicester                                F1=1.000 EM=1
  idnmr_2round     Leicester                                F1=1.000 EM=1
[185/200] dev_784 (92.8s)
  baseline         Burbank                                  F1=0.000 EM=0
  pool             2010                                     F1=0.000 EM=0
  ipool            Burbank                                  F1=0.000 EM=0
  idnmr            New York                                 F1=0.000 EM=0
  idnmr_2round     heart attack                             F1=0.000 EM=0
[190/200] dev_789 (42.2s)
  baseline         Universidad Autónoma De La Laguna        F1=0.000 EM=0
  pool             Universidad Autónoma De La Laguna        F1=0.000 EM=0
  ipool            Universidad Autónoma De La Laguna        F1=0.000 EM=0
  idnmr            Universidad Autónoma De La Laguna        F1=0.000 EM=0
  idnmr_2round     Universidad Autónoma De La Laguna        F1=0.000 EM=0
[195/200] dev_794 (80.1s)
  baseline         Italy                                    F1=0.000 EM=0
  pool             San Ferdinando di Puglia, Italy          F1=0.800 EM=0
  ipool            Italy                                    F1=0.000 EM=0
  idnmr            San Ferdinando di Puglia, Italy          F1=0.800 EM=0
  idnmr_2round     San Ferdinando di Puglia, Italy          F1=0.800 EM=0
[200/200] dev_799 (41.5s)
  baseline         The Criminal (1960 Film)                 F1=0.000 EM=0
  pool             The Criminal (1960 Film)                 F1=0.000 EM=0
  ipool            The Criminal (1960 Film)                 F1=0.000 EM=0
  idnmr            The Criminal (1960 Film)                 F1=0.000 EM=0
  idnmr_2round     The Criminal (1960 Film)                 F1=0.000 EM=0

Method               F1     EM  Contain
--------------------------------------
baseline          0.308  0.240    0.265
pool              0.346  0.260    0.290
ipool             0.328  0.250    0.280
idnmr             0.334  0.235    0.280
idnmr_2round      0.342  0.245    0.290

Total: 15697.8s (78.5s/q)
