/projects/prjs1800/venvs/arag-venv/lib/python3.10/site-packages/transformers/utils/hub.py:110: FutureWarning: Using `TRANSFORMERS_CACHE` is deprecated and will be removed in v5 of Transformers. Use `HF_HOME` instead.
  warnings.warn(
=== iDNMR Pilot ===
Model: dream, Rounds: 3, Steps: 32
Loading checkpoint shards:   0%|          | 0/4 [00:00<?, ?it/s]Loading checkpoint shards:  25%|██▌       | 1/4 [00:02<00:07,  2.45s/it]Loading checkpoint shards:  50%|█████     | 2/4 [00:04<00:04,  2.44s/it]Loading checkpoint shards:  75%|███████▌  | 3/4 [00:07<00:02,  2.31s/it]Loading checkpoint shards: 100%|██████████| 4/4 [00:07<00:00,  1.60s/it]Loading checkpoint shards: 100%|██████████| 4/4 [00:07<00:00,  1.89s/it]
The following generation flags are not valid and may be ignored: ['temperature']. Set `TRANSFORMERS_VERBOSITY=info` for more details.
  Model loaded in 9.0s
Loaded 200 questions
Batch initial retrieval...
  Done in 461.5s
[1/200] dev_0 (80.1s)
  baseline         Małgorzata Braunek                       F1=1.000 EM=1
  pool             Małgorzata Braunek                       F1=1.000 EM=1
  ipool            Małgorzata Braunek                       F1=1.000 EM=1
  idnmr            Małgorzata Braunek                       F1=1.000 EM=1
  idnmr_2round     Małgorzata Braunek                       F1=1.000 EM=1
[5/200] dev_4 (106.3s)
  baseline         United States                            F1=0.000 EM=0
  pool             San Francisco, California                F1=0.000 EM=0
  ipool            New Orleans, Louisiana                   F1=0.000 EM=0
  idnmr            Missoula, Montana                        F1=0.500 EM=0
  idnmr_2round     Missoula, Montana                        F1=0.500 EM=0
[10/200] dev_9 (105.8s)
  baseline         Antiochus VII Sidetes                    F1=0.000 EM=0
  pool             Antiochus VII Sidetes                    F1=0.000 EM=0
  ipool            Antiochus VII Sidetes                    F1=0.000 EM=0
  idnmr            Ptolemy VI Philometor                    F1=0.333 EM=0
  idnmr_2round     Ptolemy VI                               F1=0.500 EM=0
[15/200] dev_14 (94.6s)
  baseline         heart attack                             F1=0.000 EM=0
  pool             stroke                                   F1=1.000 EM=0
  ipool            heart attack                             F1=0.000 EM=0
  idnmr            stroke                                   F1=1.000 EM=0
  idnmr_2round     stroke                                   F1=1.000 EM=0
[20/200] dev_19 (92.2s)
  baseline         The Daltons' Women                       F1=0.000 EM=0
  pool             The Daltons' Women                       F1=0.000 EM=0
  ipool            The Daltons' Women                       F1=0.000 EM=0
  idnmr            The Daltons' Women                       F1=0.000 EM=0
  idnmr_2round     The Daltons' Women                       F1=0.000 EM=0
[25/200] dev_24 (74.6s)
  baseline         John                                     F1=0.000 EM=0
  pool             Rupert, King of Germany                  F1=1.000 EM=1
  ipool            John                                     F1=0.000 EM=0
  idnmr            Rupert, King of Germany                  F1=1.000 EM=1
  idnmr_2round     Rupert, King of Germany                  F1=1.000 EM=1
[30/200] dev_29 (98.8s)
  baseline         No, Fire in the Lake is an American book F1=0.000 EM=0
  pool             No                                       F1=0.000 EM=0
  ipool            No, Fire in Hell is an American book abo F1=0.000 EM=0
  idnmr            No                                       F1=0.000 EM=0
  idnmr_2round     No                                       F1=0.000 EM=0
[35/200] dev_34 (88.3s)
  baseline         Contract pulmonary tuberculosis          F1=0.000 EM=0
  pool             pulmonary tuberculosis                   F1=0.000 EM=0
  ipool            Tuberculosis                             F1=0.000 EM=0
  idnmr            Tuberculosis                             F1=0.000 EM=0
  idnmr_2round     Tuberculosis                             F1=0.000 EM=0
[40/200] dev_39 (101.2s)
  baseline         Thomas William Adams                     F1=0.000 EM=0
  pool             D'Arcy Coulson                           F1=1.000 EM=1
  ipool            Thomas William Adams                     F1=0.000 EM=0
  idnmr            Thomas William Adams                     F1=0.000 EM=0
  idnmr_2round     Thomas William Adams                     F1=0.000 EM=0
[45/200] dev_44 (93.4s)
  baseline         Milan                                    F1=0.000 EM=0
  pool             Milan                                    F1=0.000 EM=0
  ipool            Milan                                    F1=0.000 EM=0
  idnmr            Milan                                    F1=0.000 EM=0
  idnmr_2round     Milan                                    F1=0.000 EM=0
[50/200] dev_49 (40.9s)
  baseline         Queen Theresa of Portugal                F1=0.750 EM=0
  pool             Queen Theresa of Portugal                F1=0.750 EM=0
  ipool            Queen Theresa of Portugal                F1=0.750 EM=0
  idnmr            Queen Theresa of Portugal                F1=0.750 EM=0
  idnmr_2round     Queen Theresa of Portugal                F1=0.750 EM=0
[55/200] dev_54 (78.6s)
  baseline         Sir Arthur Gore, 2nd Baronet             F1=1.000 EM=1
  pool             Sir Arthur Gore, 1st Baronet             F1=0.800 EM=0
  ipool            Sir Arthur Gore, 1st Baronet             F1=0.800 EM=0
  idnmr            Sir Arthur Gore, 1st Baronet             F1=0.800 EM=0
  idnmr_2round     Sir Arthur Gore, 1st Baronet             F1=0.800 EM=0
[60/200] dev_59 (78.5s)
  baseline         Ontario                                  F1=0.000 EM=0
  pool             Ontario                                  F1=0.000 EM=0
  ipool            Ontario                                  F1=0.000 EM=0
  idnmr            Ontario                                  F1=0.000 EM=0
  idnmr_2round     Ontario                                  F1=0.000 EM=0
[65/200] dev_64 (104.0s)
  baseline         Maria Amalia of the Two Sicilies         F1=0.000 EM=0
  pool             Maria Amalia of the Two Sicilies         F1=0.000 EM=0
  ipool            Maria Amalia of the Two Sicilies         F1=0.000 EM=0
  idnmr            Louise Henriette de Bourbon              F1=0.000 EM=0
  idnmr_2round     Maria Amalia of the Two Sicilies         F1=0.000 EM=0
[70/200] dev_69 (72.9s)
  baseline         Hütteldorf                               F1=0.000 EM=0
  pool             Hütteldorf                               F1=0.000 EM=0
  ipool            Hütteldorf                               F1=0.000 EM=0
  idnmr            Hütteldorf                               F1=0.000 EM=0
  idnmr_2round     Hütteldorf                               F1=0.000 EM=0
[75/200] dev_74 (70.7s)
  baseline         No                                       F1=0.000 EM=0
  pool             Yes                                      F1=1.000 EM=1
  ipool            Yes                                      F1=1.000 EM=1
  idnmr            Yes                                      F1=1.000 EM=1
  idnmr_2round     Yes                                      F1=1.000 EM=1
[80/200] dev_79 (99.4s)
  baseline         Ostrogoths                               F1=0.000 EM=0
  pool             Ostrogoths                               F1=0.000 EM=0
  ipool            Ostrogoths                               F1=0.000 EM=0
  idnmr            Ostrogoths                               F1=0.000 EM=0
  idnmr_2round     Ostrogoths                               F1=0.000 EM=0
[85/200] dev_84 (39.0s)
  baseline         Go Ahead and Break My Heart              F1=1.000 EM=1
  pool             Go Ahead and Break My Heart              F1=1.000 EM=1
  ipool            Go Ahead and Break My Heart              F1=1.000 EM=1
  idnmr            Go Ahead and Break My Heart              F1=1.000 EM=1
  idnmr_2round     Go Ahead and Break My Heart              F1=1.000 EM=1
[90/200] dev_89 (62.2s)
  baseline         Repeated Absences                        F1=0.000 EM=0
  pool             Repeated Absences                        F1=0.000 EM=0
  ipool            Repeated Absences                        F1=0.000 EM=0
  idnmr            Repeated Absences                        F1=0.000 EM=0
  idnmr_2round     Repeated Absences                        F1=0.000 EM=0
[95/200] dev_94 (70.1s)
  baseline         London                                   F1=1.000 EM=0
  pool             London                                   F1=1.000 EM=0
  ipool            London                                   F1=1.000 EM=0
  idnmr            London                                   F1=1.000 EM=0
  idnmr_2round     London                                   F1=1.000 EM=0
[100/200] dev_99 (38.5s)
  baseline         Jerusalem                                F1=0.000 EM=0
  pool             Jerusalem                                F1=0.000 EM=0
  ipool            Jerusalem                                F1=0.000 EM=0
  idnmr            Jerusalem                                F1=0.000 EM=0
  idnmr_2round     Jerusalem                                F1=0.000 EM=0
[105/200] dev_104 (86.0s)
  baseline         August 8, 1975                           F1=1.000 EM=1
  pool             August 8, 1975                           F1=1.000 EM=1
  ipool            August 8, 1975                           F1=1.000 EM=1
  idnmr            August 8, 1975                           F1=1.000 EM=1
  idnmr_2round     August 8, 1975                           F1=1.000 EM=1
[110/200] dev_109 (108.0s)
  baseline         Stockholm, Sweden                        F1=0.000 EM=0
  pool             Stockholm, Sweden                        F1=0.000 EM=0
  ipool            Stockholm, Sweden                        F1=0.000 EM=0
  idnmr            Stockholm, Sweden                        F1=0.000 EM=0
  idnmr_2round     Stockholm, Sweden                        F1=0.000 EM=0
[115/200] dev_114 (65.1s)
  baseline         Xenoa                                    F1=1.000 EM=1
  pool             Xenoa                                    F1=1.000 EM=1
  ipool            Xenoa                                    F1=1.000 EM=1
  idnmr            Xenoa                                    F1=1.000 EM=1
  idnmr_2round     Xenoa                                    F1=1.000 EM=1
[120/200] dev_119 (71.5s)
  baseline         No                                       F1=0.000 EM=0
  pool             No                                       F1=0.000 EM=0
  ipool            No                                       F1=0.000 EM=0
  idnmr            No                                       F1=0.000 EM=0
  idnmr_2round     No                                       F1=0.000 EM=0
[125/200] dev_124 (43.0s)
  baseline         20 May 965                               F1=0.000 EM=0
  pool             20 May 965                               F1=0.000 EM=0
  ipool            20 May 965                               F1=0.000 EM=0
  idnmr            20 May 965                               F1=0.000 EM=0
  idnmr_2round     20 May 965                               F1=0.000 EM=0
[130/200] dev_129 (88.6s)
  baseline         1999                                     F1=0.000 EM=0
  pool             1946                                     F1=0.000 EM=0
  ipool            1946                                     F1=0.000 EM=0
  idnmr            1946                                     F1=0.000 EM=0
  idnmr_2round     1946                                     F1=0.000 EM=0
[135/200] dev_134 (43.1s)
  baseline         Sochi                                    F1=1.000 EM=1
  pool             Sochi                                    F1=1.000 EM=1
  ipool            Sochi                                    F1=1.000 EM=1
  idnmr            Sochi                                    F1=1.000 EM=1
  idnmr_2round     Sochi                                    F1=1.000 EM=1
[140/200] dev_139 (39.4s)
  baseline         Korn Ferry                               F1=0.000 EM=0
  pool             Korn Ferry                               F1=0.000 EM=0
  ipool            Korn Ferry                               F1=0.000 EM=0
  idnmr            Korn Ferry                               F1=0.000 EM=0
  idnmr_2round     Korn Ferry                               F1=0.000 EM=0
[145/200] dev_144 (112.7s)
  baseline         Cannes                                   F1=0.000 EM=0
  pool             Théâtre de l'Odéon                       F1=0.000 EM=0
  ipool            Éric Rohmer                              F1=0.000 EM=0
  idnmr            The director of the film The Marquise of F1=0.000 EM=0
  idnmr_2round     The director of the film The Marquise of F1=0.000 EM=0
[150/200] dev_149 (91.8s)
  baseline         King Charles I of Sicily                 F1=0.400 EM=0
  pool             Charles I of Sicily                      F1=0.500 EM=0
  ipool            King Charles I of Sicily                 F1=0.400 EM=0
  idnmr            Charles I of Sicily                      F1=0.500 EM=0
  idnmr_2round     Charles I of Sicily                      F1=0.500 EM=0
[155/200] dev_154 (69.1s)
  baseline         No                                       F1=0.000 EM=0
  pool             No                                       F1=0.000 EM=0
  ipool            No                                       F1=0.000 EM=0
  idnmr            No                                       F1=0.000 EM=0
  idnmr_2round     No                                       F1=0.000 EM=0
[160/200] dev_159 (119.7s)
  baseline         René Poupardin                           F1=0.000 EM=0
  pool             Aneta Hladíková                          F1=1.000 EM=1
  ipool            Aneta Hladíková                          F1=1.000 EM=1
  idnmr            Aneta Hladíková                          F1=1.000 EM=1
  idnmr_2round     Aneta Hladíková                          F1=1.000 EM=1
[165/200] dev_164 (79.9s)
  baseline         1975                                     F1=0.000 EM=0
  pool             1975                                     F1=0.000 EM=0
  ipool            December 1969                            F1=0.500 EM=0
  idnmr            1975                                     F1=0.000 EM=0
  idnmr_2round     1975                                     F1=0.000 EM=0
[170/200] dev_169 (92.5s)
  baseline         France                                   F1=0.000 EM=0
  pool             France                                   F1=0.000 EM=0
  ipool            France                                   F1=0.000 EM=0
  idnmr            France                                   F1=0.000 EM=0
  idnmr_2round     France                                   F1=0.000 EM=0
[175/200] dev_174 (58.3s)
  baseline         The Falcon In San Francisco              F1=1.000 EM=1
  pool             The Falcon In San Francisco              F1=1.000 EM=1
  ipool            The Falcon In San Francisco              F1=1.000 EM=1
  idnmr            The Falcon In San Francisco              F1=1.000 EM=1
  idnmr_2round     The Falcon In San Francisco              F1=1.000 EM=1
[180/200] dev_179 (57.6s)
  baseline         Città di Castello                        F1=0.000 EM=0
  pool             Città di Castello                        F1=0.000 EM=0
  ipool            Città di Castello                        F1=0.000 EM=0
  idnmr            Città di Castello                        F1=0.000 EM=0
  idnmr_2round     Città di Castello                        F1=0.000 EM=0
[185/200] dev_184 (47.2s)
  baseline         Ride Lonesome                            F1=1.000 EM=1
  pool             Ride Lonesome                            F1=1.000 EM=1
  ipool            Ride Lonesome                            F1=1.000 EM=1
  idnmr            Ride Lonesome                            F1=1.000 EM=1
  idnmr_2round     Ride Lonesome                            F1=1.000 EM=1
[190/200] dev_189 (95.3s)
  baseline         1802                                     F1=0.000 EM=0
  pool             Richard Annesley, 2nd Earl Annesley's fa F1=0.000 EM=0
  ipool            1802                                     F1=0.000 EM=0
  idnmr            Richard Annesley, 2nd Earl Annesley's fa F1=0.000 EM=0
  idnmr_2round     James Annesley, 2nd Earl of Anglesey in  F1=0.000 EM=0
[195/200] dev_194 (73.1s)
  baseline         Montreal                                 F1=0.000 EM=0
  pool             Amsterdam                                F1=0.000 EM=0
  ipool            Montreal                                 F1=0.000 EM=0
  idnmr            Amsterdam                                F1=0.000 EM=0
  idnmr_2round     Amsterdam                                F1=0.000 EM=0
[200/200] dev_199 (113.1s)
  baseline         Infanta Maria Theresa of Portugal        F1=0.400 EM=0
  pool             Infanta Blanca of Spain                  F1=0.250 EM=0
  ipool            Infanta Blanca of Spain                  F1=0.250 EM=0
  idnmr            Infanta Blanca of Spain                  F1=0.250 EM=0
  idnmr_2round     Infanta Blanca of Spain                  F1=0.250 EM=0

Method               F1     EM  Contain
--------------------------------------
baseline          0.325  0.245    0.280
pool              0.354  0.265    0.300
ipool             0.342  0.260    0.295
idnmr             0.356  0.265    0.305
idnmr_2round      0.355  0.260    0.310

Total: 15494.2s (77.5s/q)
