/projects/prjs1800/venvs/arag-venv/lib/python3.10/site-packages/transformers/utils/hub.py:110: FutureWarning: Using `TRANSFORMERS_CACHE` is deprecated and will be removed in v5 of Transformers. Use `HF_HOME` instead.
  warnings.warn(
=== iDNMR Pilot ===
Model: dream, Rounds: 3, Steps: 32
Loading checkpoint shards:   0%|          | 0/4 [00:00<?, ?it/s]Loading checkpoint shards:  25%|██▌       | 1/4 [00:06<00:18,  6.17s/it]Loading checkpoint shards:  50%|█████     | 2/4 [00:12<00:12,  6.18s/it]Loading checkpoint shards:  75%|███████▌  | 3/4 [00:17<00:05,  5.88s/it]Loading checkpoint shards: 100%|██████████| 4/4 [00:19<00:00,  4.16s/it]Loading checkpoint shards: 100%|██████████| 4/4 [00:19<00:00,  4.85s/it]
The following generation flags are not valid and may be ignored: ['temperature']. Set `TRANSFORMERS_VERBOSITY=info` for more details.
  Model loaded in 20.9s
Loaded 200 questions
Batch initial retrieval...
  Done in 457.7s
[1/200] dev_400 (61.1s)
  baseline         No                                       F1=1.000 EM=1
  pool             No                                       F1=1.000 EM=1
  ipool            No                                       F1=1.000 EM=1
  idnmr            No                                       F1=1.000 EM=1
  idnmr_2round     No                                       F1=1.000 EM=1
[5/200] dev_404 (77.6s)
  baseline         Empress Anna of Hungary                  F1=0.000 EM=0
  pool             Empress Anna of Hungary                  F1=0.000 EM=0
  ipool            Empress Anna of Hungary                  F1=0.000 EM=0
  idnmr            Empress Anna of Hungary                  F1=0.000 EM=0
  idnmr_2round     Empress Anna of Hungary                  F1=0.000 EM=0
[10/200] dev_409 (108.6s)
  baseline         Theuderich I                             F1=0.500 EM=0
  pool             Theuderich I                             F1=0.500 EM=0
  ipool            Wacho, king of the Lombards              F1=0.000 EM=0
  idnmr            Theudebert I                             F1=0.500 EM=0
  idnmr_2round     Theudebert I                             F1=0.500 EM=0
[15/200] dev_414 (92.8s)
  baseline         Cancer                                   F1=0.000 EM=0
  pool             cancer                                   F1=0.000 EM=0
  ipool            cancer                                   F1=0.000 EM=0
  idnmr            cancer                                   F1=0.000 EM=0
  idnmr_2round     cancer                                   F1=0.000 EM=0
[20/200] dev_419 (73.3s)
  baseline         21 June 1483                             F1=1.000 EM=1
  pool             21 June 1483                             F1=1.000 EM=1
  ipool            21 June 1483                             F1=1.000 EM=1
  idnmr            21 June 1483                             F1=1.000 EM=1
  idnmr_2round     21 June 1483                             F1=1.000 EM=1
[25/200] dev_424 (38.3s)
  baseline         Sweepings                                F1=1.000 EM=1
  pool             Sweepings                                F1=1.000 EM=1
  ipool            Sweepings                                F1=1.000 EM=1
  idnmr            Sweepings                                F1=1.000 EM=1
  idnmr_2round     Sweepings                                F1=1.000 EM=1
[30/200] dev_429 (76.0s)
  baseline         Åsta Gudbrandsdatter                     F1=0.000 EM=0
  pool             Åsta Gudbrandsdatter                     F1=0.000 EM=0
  ipool            Åsta Gudbrandsdatter                     F1=0.000 EM=0
  idnmr            Åsta Gudbrandsdatter                     F1=0.000 EM=0
  idnmr_2round     Åsta Gudbrandsdatter                     F1=0.000 EM=0
[35/200] dev_434 (41.1s)
  baseline         The Death Kiss                           F1=0.000 EM=0
  pool             The Death Kiss                           F1=0.000 EM=0
  ipool            The Death Kiss                           F1=0.000 EM=0
  idnmr            The Death Kiss                           F1=0.000 EM=0
  idnmr_2round     The Death Kiss                           F1=0.000 EM=0
[40/200] dev_439 (40.8s)
  baseline         Blind Corner                             F1=1.000 EM=1
  pool             Blind Corner                             F1=1.000 EM=1
  ipool            Blind Corner                             F1=1.000 EM=1
  idnmr            Blind Corner                             F1=1.000 EM=1
  idnmr_2round     Blind Corner                             F1=1.000 EM=1
[45/200] dev_444 (84.9s)
  baseline         Okinawa                                  F1=0.000 EM=0
  pool             Naha, Okinawa, Japan                     F1=0.333 EM=0
  ipool            Naha, Okinawa, Japan                     F1=0.333 EM=0
  idnmr            Naha, Okinawa, Japan                     F1=0.333 EM=0
  idnmr_2round     Naha, Okinawa, Japan                     F1=0.333 EM=0
[50/200] dev_449 (85.2s)
  baseline         Czech Republic                           F1=0.000 EM=0
  pool             Czech Republic                           F1=0.000 EM=0
  ipool            Dětenice                                 F1=0.000 EM=0
  idnmr            Czech Republic                           F1=0.000 EM=0
  idnmr_2round     Czech Republic                           F1=0.000 EM=0
[55/200] dev_454 (126.3s)
  baseline         Rome                                     F1=0.000 EM=0
  pool             Modena                                   F1=0.000 EM=0
  ipool            Modena                                   F1=0.000 EM=0
  idnmr            Rome                                     F1=0.000 EM=0
  idnmr_2round     Rome                                     F1=0.000 EM=0
[60/200] dev_459 (78.8s)
  baseline         Emma Elizabeth Alicia Dawkins-Pennant    F1=0.000 EM=0
  pool             Emma Elizabeth Alicia Dawkins-Pennant    F1=0.000 EM=0
  ipool            Emma Elizabeth Alicia Dawkins-Pennant    F1=0.000 EM=0
  idnmr            Emma Elizabeth Alicia Dawkins-Pennant    F1=0.000 EM=0
  idnmr_2round     Emma Elizabeth Alicia Dawkins-Pennant    F1=0.000 EM=0
[65/200] dev_464 (72.8s)
  baseline         Polish-Lithuanian Commonwealth           F1=0.000 EM=0
  pool             Polish-Lithuanian Commonwealth           F1=0.000 EM=0
  ipool            Polish-Lithuanian Commonwealth           F1=0.000 EM=0
  idnmr            Polish-Lithuanian Commonwealth           F1=0.000 EM=0
  idnmr_2round     Polish-Lithuanian Commonwealth           F1=0.000 EM=0
[70/200] dev_469 (36.3s)
  baseline         Yes                                      F1=1.000 EM=1
  pool             Yes                                      F1=1.000 EM=1
  ipool            Yes                                      F1=1.000 EM=1
  idnmr            Yes                                      F1=1.000 EM=1
  idnmr_2round     Yes                                      F1=1.000 EM=1
[75/200] dev_474 (100.5s)
  baseline         John II, Prince of Anhalt-Zerbst         F1=0.800 EM=0
  pool             John II, Prince of Anhalt-Zerbst         F1=0.800 EM=0
  ipool            Albert II, Prince of Anhalt-Zerbst       F1=1.000 EM=1
  idnmr            Albert I, Prince of Anhalt-Zerbst        F1=0.800 EM=0
  idnmr_2round     John II, Prince of Anhalt-Zerbst         F1=0.800 EM=0
[80/200] dev_479 (88.9s)
  baseline         The Cemetery Club                        F1=0.000 EM=0
  pool             The Cemetery Club                        F1=0.000 EM=0
  ipool            The Cemetery Club                        F1=0.000 EM=0
  idnmr            The Cemetery Club                        F1=0.000 EM=0
  idnmr_2round     The Cemetery Club                        F1=0.000 EM=0
[85/200] dev_484 (83.2s)
  baseline         Fíngen mac Áedo Duib                     F1=1.000 EM=1
  pool             Fíngen mac Áedo Duib                     F1=1.000 EM=1
  ipool            Fíngen mac Áedo Duib                     F1=1.000 EM=1
  idnmr            Fíngen mac Áedo Duib                     F1=1.000 EM=1
  idnmr_2round     Fíngen mac Áedo Duib                     F1=1.000 EM=1
[90/200] dev_489 (36.7s)
  baseline         Heaven Help Us                           F1=0.000 EM=0
  pool             Heaven Help Us                           F1=0.000 EM=0
  ipool            Heaven Help Us                           F1=0.000 EM=0
  idnmr            Heaven Help Us                           F1=0.000 EM=0
  idnmr_2round     Heaven Help Us                           F1=0.000 EM=0
[95/200] dev_494 (119.0s)
  baseline         Didube Pantheon in Tbilisi               F1=0.000 EM=0
  pool             Didube Pantheon in Tbilisi               F1=0.000 EM=0
  ipool            The place of burial of the director of f F1=0.000 EM=0
  idnmr            The director of the film "The Last Compa F1=0.000 EM=0
  idnmr_2round     The director of the film "The Last Compa F1=0.000 EM=0
[100/200] dev_499 (91.1s)
  baseline         John Henry McCormick                     F1=0.000 EM=0
  pool             Senator Mark Hanna                       F1=0.667 EM=0
  ipool            Senator Mark Hanna                       F1=0.667 EM=0
  idnmr            Senator Mark Hanna                       F1=0.667 EM=0
  idnmr_2round     Senator Mark Hanna                       F1=0.667 EM=0
[105/200] dev_504 (73.9s)
  baseline         King of the Franks                       F1=0.333 EM=0
  pool             Franks                                   F1=0.000 EM=0
  ipool            Franks                                   F1=0.000 EM=0
  idnmr            Franks                                   F1=0.000 EM=0
  idnmr_2round     Franks                                   F1=0.000 EM=0
[110/200] dev_509 (60.9s)
  baseline         United States                            F1=0.000 EM=0
  pool             United States                            F1=0.000 EM=0
  ipool            United States                            F1=0.000 EM=0
  idnmr            United States                            F1=0.000 EM=0
  idnmr_2round     United States                            F1=0.000 EM=0
[115/200] dev_514 (126.8s)
  baseline         Malaysia                                 F1=0.000 EM=0
  pool             Artemovsk                                F1=0.000 EM=0
  ipool            Malaysia                                 F1=0.000 EM=0
  idnmr            Artemovsk                                F1=0.000 EM=0
  idnmr_2round     Artemovsk                                F1=0.000 EM=0
[120/200] dev_519 (100.7s)
  baseline         Saxony                                   F1=0.000 EM=0
  pool             Saxony                                   F1=0.000 EM=0
  ipool            Saxony                                   F1=0.000 EM=0
  idnmr            Saxony                                   F1=0.000 EM=0
  idnmr_2round     Saxony                                   F1=0.000 EM=0
[125/200] dev_524 (114.4s)
  baseline         London                                   F1=0.000 EM=0
  pool             London                                   F1=0.000 EM=0
  ipool            London                                   F1=0.000 EM=0
  idnmr            Iowa                                     F1=0.000 EM=0
  idnmr_2round     Iowa                                     F1=0.000 EM=0
[130/200] dev_529 (36.7s)
  baseline         Saqqara                                  F1=1.000 EM=1
  pool             Saqqara                                  F1=1.000 EM=1
  ipool            Saqqara                                  F1=1.000 EM=1
  idnmr            Saqqara                                  F1=1.000 EM=1
  idnmr_2round     Saqqara                                  F1=1.000 EM=1
[135/200] dev_534 (49.7s)
  baseline         Augustenborg                             F1=0.000 EM=0
  pool             Augustenborg                             F1=0.000 EM=0
  ipool            Augustenborg                             F1=0.000 EM=0
  idnmr            Augustenborg                             F1=0.000 EM=0
  idnmr_2round     Augustenborg                             F1=0.000 EM=0
[140/200] dev_539 (64.1s)
  baseline         John Lyon, 3rd Lord Glamis               F1=1.000 EM=1
  pool             John Lyon, 3rd Lord Glamis               F1=1.000 EM=1
  ipool            John Lyon, 3rd Lord Glamis               F1=1.000 EM=1
  idnmr            John Lyon, 3rd Lord Glamis               F1=1.000 EM=1
  idnmr_2round     John Lyon, 3rd Lord Glamis               F1=1.000 EM=1
[145/200] dev_544 (75.3s)
  baseline         Tangled Trails                           F1=0.000 EM=0
  pool             Tangled Trails                           F1=0.000 EM=0
  ipool            Tangled Trails                           F1=0.000 EM=0
  idnmr            Tangled Trails                           F1=0.000 EM=0
  idnmr_2round     Tangled Trails                           F1=0.000 EM=0
[150/200] dev_549 (38.5s)
  baseline         To Walk With Lions                       F1=1.000 EM=1
  pool             To Walk With Lions                       F1=1.000 EM=1
  ipool            To Walk With Lions                       F1=1.000 EM=1
  idnmr            To Walk With Lions                       F1=1.000 EM=1
  idnmr_2round     To Walk With Lions                       F1=1.000 EM=1
[155/200] dev_554 (59.2s)
  baseline         Mouloud Feraoun                          F1=1.000 EM=1
  pool             Mouloud Feraoun                          F1=1.000 EM=1
  ipool            Mouloud Feraoun                          F1=1.000 EM=1
  idnmr            Mouloud Feraoun                          F1=1.000 EM=1
  idnmr_2round     Mouloud Feraoun                          F1=1.000 EM=1
[160/200] dev_559 (94.1s)
  baseline         Maria Caroline Gibert de Lametz          F1=0.000 EM=0
  pool             Maria Caroline Gibert de Lametz          F1=0.000 EM=0
  ipool            Françoise Moret                          F1=0.000 EM=0
  idnmr            Françoise Moret                          F1=0.000 EM=0
  idnmr_2round     Françoise Moret                          F1=0.000 EM=0
[165/200] dev_564 (65.6s)
  baseline         Weird Woman                              F1=0.000 EM=0
  pool             Weird Woman                              F1=0.000 EM=0
  ipool            Weird Woman                              F1=0.000 EM=0
  idnmr            Weird Woman                              F1=0.000 EM=0
  idnmr_2round     Weird Woman                              F1=0.000 EM=0
[170/200] dev_569 (101.0s)
  baseline         Malaysia                                 F1=0.000 EM=0
  pool             Albuquerque, New Mexico                  F1=0.333 EM=0
  ipool            Albuquerque, New Mexico                  F1=0.333 EM=0
  idnmr            Albuquerque, New Mexico                  F1=0.333 EM=0
  idnmr_2round     Albuquerque, New Mexico                  F1=0.333 EM=0
[175/200] dev_574 (111.5s)
  baseline         Grüssau Abbey                            F1=0.000 EM=0
  pool             Grüssau Abbey                            F1=0.000 EM=0
  ipool            Grüssau Abbey                            F1=0.000 EM=0
  idnmr            Grüssau Abbey                            F1=0.000 EM=0
  idnmr_2round     Grüssau Abbey                            F1=0.000 EM=0
[180/200] dev_579 (101.3s)
  baseline         Jacques of Savoy                         F1=0.333 EM=0
  pool             Philippe of Savoy                        F1=0.000 EM=0
  ipool            Jacques of Savoy                         F1=0.333 EM=0
  idnmr            Jacques of Savoy                         F1=0.333 EM=0
  idnmr_2round     Jacques of Savoy                         F1=0.333 EM=0
[185/200] dev_584 (91.7s)
  baseline         Ava (Inwa)                               F1=0.000 EM=0
  pool             Salin                                    F1=0.000 EM=0
  ipool            Salin                                    F1=0.000 EM=0
  idnmr            Myedu                                    F1=0.000 EM=0
  idnmr_2round     Myedu                                    F1=0.000 EM=0
[190/200] dev_589 (85.6s)
  baseline         Buenos Aires                             F1=0.000 EM=0
  pool             Buenos Aires                             F1=0.000 EM=0
  ipool            Buenos Aires                             F1=0.000 EM=0
  idnmr            Buenos Aires                             F1=0.000 EM=0
  idnmr_2round     Buenos Aires                             F1=0.000 EM=0
[195/200] dev_594 (39.5s)
  baseline         84 Charing Cross Road (Film)             F1=0.000 EM=0
  pool             84 Charing Cross Road (Film)             F1=0.000 EM=0
  ipool            84 Charing Cross Road (Film)             F1=0.000 EM=0
  idnmr            84 Charing Cross Road (Film)             F1=0.000 EM=0
  idnmr_2round     84 Charing Cross Road (Film)             F1=0.000 EM=0
[200/200] dev_599 (91.7s)
  baseline         United States                            F1=0.000 EM=0
  pool             New Zealand                              F1=0.000 EM=0
  ipool            United States                            F1=0.000 EM=0
  idnmr            New Zealand                              F1=0.000 EM=0
  idnmr_2round     New Zealand                              F1=0.000 EM=0

Method               F1     EM  Contain
--------------------------------------
baseline          0.300  0.215    0.255
pool              0.290  0.205    0.260
ipool             0.296  0.215    0.270
idnmr             0.274  0.195    0.250
idnmr_2round      0.274  0.195    0.250

Total: 15141.4s (75.7s/q)
