/projects/prjs1800/venvs/arag-venv/lib/python3.10/site-packages/transformers/utils/hub.py:110: FutureWarning: Using `TRANSFORMERS_CACHE` is deprecated and will be removed in v5 of Transformers. Use `HF_HOME` instead.
  warnings.warn(
=== iDNMR Pilot ===
Model: dream, Rounds: 3, Steps: 32
Loading checkpoint shards:   0%|          | 0/4 [00:00<?, ?it/s]Loading checkpoint shards:  25%|██▌       | 1/4 [00:02<00:07,  2.57s/it]Loading checkpoint shards:  50%|█████     | 2/4 [00:05<00:05,  2.52s/it]Loading checkpoint shards:  75%|███████▌  | 3/4 [00:07<00:02,  2.35s/it]Loading checkpoint shards: 100%|██████████| 4/4 [00:07<00:00,  1.63s/it]Loading checkpoint shards: 100%|██████████| 4/4 [00:07<00:00,  1.93s/it]
The following generation flags are not valid and may be ignored: ['temperature']. Set `TRANSFORMERS_VERBOSITY=info` for more details.
  Model loaded in 9.2s
Loaded 200 questions
Batch initial retrieval...
  Done in 453.7s
[1/200] dev_200 (66.5s)
  baseline         Light Over Russia                        F1=0.000 EM=0
  pool             Light Over Russia                        F1=0.000 EM=0
  ipool            Light Over Russia                        F1=0.000 EM=0
  idnmr            Light Over Russia                        F1=0.000 EM=0
  idnmr_2round     Light Over Russia                        F1=0.000 EM=0
[5/200] dev_204 (66.7s)
  baseline         The Rebel Set                            F1=0.000 EM=0
  pool             The Rebel Set                            F1=0.000 EM=0
  ipool            The Rebel Set                            F1=0.000 EM=0
  idnmr            The Rebel Set                            F1=0.000 EM=0
  idnmr_2round     The Rebel Set                            F1=0.000 EM=0
[10/200] dev_209 (105.1s)
  baseline         Poland                                   F1=0.000 EM=0
  pool             Poland                                   F1=0.000 EM=0
  ipool            Poland                                   F1=0.000 EM=0
  idnmr            Poland                                   F1=0.000 EM=0
  idnmr_2round     Poland                                   F1=0.000 EM=0
[15/200] dev_214 (37.1s)
  baseline         The Great Flamarion                      F1=1.000 EM=0
  pool             The Great Flamarion                      F1=1.000 EM=0
  ipool            The Great Flamarion                      F1=1.000 EM=0
  idnmr            The Great Flamarion                      F1=1.000 EM=0
  idnmr_2round     The Great Flamarion                      F1=1.000 EM=0
[20/200] dev_219 (91.0s)
  baseline         London                                   F1=1.000 EM=0
  pool             Lower Zeals, Warminster                  F1=0.000 EM=0
  ipool            Lower Zeals                              F1=0.000 EM=0
  idnmr            Lower Zeals                              F1=0.000 EM=0
  idnmr_2round     Lower Zeals                              F1=0.000 EM=0
[25/200] dev_224 (87.1s)
  baseline         19 October 1950                          F1=0.000 EM=0
  pool             9 September 1822                         F1=0.000 EM=0
  ipool            19 October 1950                          F1=0.000 EM=0
  idnmr            9 September 1822                         F1=0.000 EM=0
  idnmr_2round     9 September 1822                         F1=0.000 EM=0
[30/200] dev_229 (72.4s)
  baseline         Tom, Dick And Harry 2                    F1=0.000 EM=0
  pool             Tom, Dick And Harry 2                    F1=0.000 EM=0
  ipool            Tom, Dick And Harry 2                    F1=0.000 EM=0
  idnmr            Tom, Dick And Harry 2                    F1=0.000 EM=0
  idnmr_2round     Tom, Dick And Harry 2                    F1=0.000 EM=0
[35/200] dev_234 (39.3s)
  baseline         Mister Scarface                          F1=1.000 EM=1
  pool             Mister Scarface                          F1=1.000 EM=1
  ipool            Mister Scarface                          F1=1.000 EM=1
  idnmr            Mister Scarface                          F1=1.000 EM=1
  idnmr_2round     Mister Scarface                          F1=1.000 EM=1
[40/200] dev_239 (71.8s)
  baseline         Braunschweig                             F1=0.000 EM=0
  pool             Braunschweig                             F1=0.000 EM=0
  ipool            Braunschweig                             F1=0.000 EM=0
  idnmr            Braunschweig                             F1=0.000 EM=0
  idnmr_2round     Braunschweig                             F1=0.000 EM=0
[45/200] dev_244 (98.6s)
  baseline         Elizabeth Heneage                        F1=0.000 EM=0
  pool             Elizabeth Heneage                        F1=0.000 EM=0
  ipool            Elizabeth Heneage                        F1=0.000 EM=0
  idnmr            Elizabeth Heneage                        F1=0.000 EM=0
  idnmr_2round     Elizabeth Heneage                        F1=0.000 EM=0
[50/200] dev_249 (81.5s)
  baseline         No, Graduate University of Advanced Tech F1=0.056 EM=0
  pool             No, Graduate University of Advanced Tech F1=0.056 EM=0
  ipool            No, Graduate University of Advanced Tech F1=0.056 EM=0
  idnmr            No, Graduate University of Advanced Tech F1=0.056 EM=0
  idnmr_2round     No, Graduate University of Advanced Tech F1=0.056 EM=0
[55/200] dev_254 (67.0s)
  baseline         The Woman In The Fifth                   F1=1.000 EM=1
  pool             The Woman In The Fifth                   F1=1.000 EM=1
  ipool            The Woman In The Fifth                   F1=1.000 EM=1
  idnmr            The Woman In The Fifth                   F1=1.000 EM=1
  idnmr_2round     The Woman In The Fifth                   F1=1.000 EM=1
[60/200] dev_259 (107.5s)
  baseline         Ermentrude of France                     F1=0.333 EM=0
  pool             Ermentrude of Orléans                    F1=0.333 EM=0
  ipool            Adelaide of Paris                        F1=0.333 EM=0
  idnmr            Adelaide of Paris                        F1=0.333 EM=0
  idnmr_2round     Adelaide of Paris                        F1=0.333 EM=0
[65/200] dev_264 (79.8s)
  baseline         Eleanor of Castile                       F1=0.667 EM=0
  pool             Eleanor of Provence                      F1=1.000 EM=1
  ipool            Eleanor of Castile                       F1=0.667 EM=0
  idnmr            Eleanor of Provence                      F1=1.000 EM=1
  idnmr_2round     Eleanor of Provence                      F1=1.000 EM=1
[70/200] dev_269 (71.8s)
  baseline         Rasual Butler                            F1=1.000 EM=1
  pool             Rasual Butler                            F1=1.000 EM=1
  ipool            Rasual Butler                            F1=1.000 EM=1
  idnmr            Rasual Butler                            F1=1.000 EM=1
  idnmr_2round     Rasual Butler                            F1=1.000 EM=1
[75/200] dev_274 (63.3s)
  baseline         English                                  F1=0.000 EM=0
  pool             British                                  F1=0.000 EM=0
  ipool            English                                  F1=0.000 EM=0
  idnmr            British                                  F1=0.000 EM=0
  idnmr_2round     British                                  F1=0.000 EM=0
[80/200] dev_279 (65.2s)
  baseline         No, different countries.                 F1=0.000 EM=0
  pool             No, different countries.                 F1=0.000 EM=0
  ipool            No, different countries.                 F1=0.000 EM=0
  idnmr            No, different countries.                 F1=0.000 EM=0
  idnmr_2round     No, different countries.                 F1=0.000 EM=0
[85/200] dev_284 (45.1s)
  baseline         Lucignolo                                F1=1.000 EM=1
  pool             Lucignolo                                F1=1.000 EM=1
  ipool            Lucignolo                                F1=1.000 EM=1
  idnmr            Lucignolo                                F1=1.000 EM=1
  idnmr_2round     Lucignolo                                F1=1.000 EM=1
[90/200] dev_289 (89.5s)
  baseline         No, the directors of The Swordsman (Upco F1=0.056 EM=0
  pool             No, the directors of The Swordsman (Upco F1=0.056 EM=0
  ipool            No                                       F1=1.000 EM=1
  idnmr            No                                       F1=1.000 EM=1
  idnmr_2round     No                                       F1=1.000 EM=1
[95/200] dev_294 (74.3s)
  baseline         American                                 F1=0.000 EM=0
  pool             Dutch-Norwegian                          F1=0.000 EM=0
  ipool            American                                 F1=0.000 EM=0
  idnmr            Dutch-Norwegian                          F1=0.000 EM=0
  idnmr_2round     Dutch-Norwegian                          F1=0.000 EM=0
[100/200] dev_299 (53.6s)
  baseline         Boot Hill Bandits                        F1=1.000 EM=1
  pool             Boot Hill Bandits                        F1=1.000 EM=1
  ipool            Boot Hill Bandits                        F1=1.000 EM=1
  idnmr            Boot Hill Bandits                        F1=1.000 EM=1
  idnmr_2round     Boot Hill Bandits                        F1=1.000 EM=1
[105/200] dev_304 (69.1s)
  baseline         Judy Berlin                              F1=0.000 EM=0
  pool             Judy Berlin                              F1=0.000 EM=0
  ipool            Judy Berlin                              F1=0.000 EM=0
  idnmr            Judy Berlin                              F1=0.000 EM=0
  idnmr_2round     Judy Berlin                              F1=0.000 EM=0
[110/200] dev_309 (84.1s)
  baseline         Shangjing                                F1=0.000 EM=0
  pool             Shangjing                                F1=0.000 EM=0
  ipool            Shangjing                                F1=0.000 EM=0
  idnmr            Liang Song                               F1=0.000 EM=0
  idnmr_2round     Shangjing                                F1=0.000 EM=0
[115/200] dev_314 (81.9s)
  baseline         Dadasaheb Phalke Award                   F1=0.333 EM=0
  pool             Dadasaheb Phalke Award                   F1=0.333 EM=0
  ipool            Filmfare Award for Best Music Director   F1=0.167 EM=0
  idnmr            Dadasaheb Phalke Award                   F1=0.333 EM=0
  idnmr_2round     Dadasaheb Phalke Award                   F1=0.333 EM=0
[120/200] dev_319 (92.9s)
  baseline         Reims                                    F1=0.000 EM=0
  pool             Reims                                    F1=0.000 EM=0
  ipool            Reims                                    F1=0.000 EM=0
  idnmr            Reims                                    F1=0.000 EM=0
  idnmr_2round     Reims                                    F1=0.000 EM=0
[125/200] dev_324 (72.4s)
  baseline         Linköping                                F1=0.000 EM=0
  pool             Linköping                                F1=0.000 EM=0
  ipool            Linköping                                F1=0.000 EM=0
  idnmr            Linköping                                F1=0.000 EM=0
  idnmr_2round     Linköping                                F1=0.000 EM=0
[130/200] dev_329 (89.3s)
  baseline         Under The Lantern                        F1=1.000 EM=1
  pool             Under The Lantern                        F1=1.000 EM=1
  ipool            Under The Lantern                        F1=1.000 EM=1
  idnmr            Under The Lantern                        F1=1.000 EM=1
  idnmr_2round     Under The Lantern                        F1=1.000 EM=1
[135/200] dev_334 (37.2s)
  baseline         The Story Of Anastasia                   F1=0.333 EM=0
  pool             The Story Of Anastasia                   F1=0.333 EM=0
  ipool            The Story Of Anastasia                   F1=0.333 EM=0
  idnmr            The Story Of Anastasia                   F1=0.333 EM=0
  idnmr_2round     The Story Of Anastasia                   F1=0.333 EM=0
[140/200] dev_339 (58.5s)
  baseline         Spione                                   F1=0.000 EM=0
  pool             Spione                                   F1=0.000 EM=0
  ipool            Spione                                   F1=0.000 EM=0
  idnmr            Spione                                   F1=0.000 EM=0
  idnmr_2round     Spione                                   F1=0.000 EM=0
[145/200] dev_344 (93.2s)
  baseline         Los Angeles                              F1=0.000 EM=0
  pool             Los Angeles                              F1=0.000 EM=0
  ipool            Los Angeles                              F1=0.000 EM=0
  idnmr            Los Angeles                              F1=0.000 EM=0
  idnmr_2round     Los Angeles                              F1=0.000 EM=0
[150/200] dev_349 (106.9s)
  baseline         Margrave Jacob I of Baden-Baden          F1=0.800 EM=0
  pool             Jacob I of Baden                         F1=0.500 EM=0
  ipool            Bernard I                                F1=1.000 EM=0
  idnmr            Bernard I                                F1=1.000 EM=0
  idnmr_2round     Bernard I                                F1=1.000 EM=0
[155/200] dev_354 (119.6s)
  baseline         Philippa of Hainault                     F1=0.333 EM=0
  pool             Eleanor of Provence                      F1=0.333 EM=0
  ipool            Eleanor of Provence                      F1=0.333 EM=0
  idnmr            Eleanor of Provence                      F1=0.333 EM=0
  idnmr_2round     Eleanor of Provence                      F1=0.333 EM=0
[160/200] dev_359 (69.0s)
  baseline         January 8, 2011                          F1=0.000 EM=0
  pool             January 8, 2011                          F1=0.000 EM=0
  ipool            January 8, 2011                          F1=0.000 EM=0
  idnmr            January 8, 2011                          F1=0.000 EM=0
  idnmr_2round     January 8, 2011                          F1=0.000 EM=0
[165/200] dev_364 (91.7s)
  baseline         When You're Strange                      F1=0.000 EM=0
  pool             Vzdušné Torpédo 48                       F1=1.000 EM=1
  ipool            Vzdušné Torpédo 48                       F1=1.000 EM=1
  idnmr            Vzdušné Torpédo 48                       F1=1.000 EM=1
  idnmr_2round     Vzdušné Torpédo 48                       F1=1.000 EM=1
[170/200] dev_369 (69.9s)
  baseline         Don Juan In A Girls' School              F1=1.000 EM=1
  pool             Don Juan In A Girls' School              F1=1.000 EM=1
  ipool            Don Juan In A Girls' School              F1=1.000 EM=1
  idnmr            Don Juan In A Girls' School              F1=1.000 EM=1
  idnmr_2round     Don Juan In A Girls' School              F1=1.000 EM=1
[175/200] dev_374 (111.7s)
  baseline         Marc Allégret                            F1=0.500 EM=0
  pool             Marc Allégret                            F1=0.500 EM=0
  ipool            Vincent Allègre                          F1=0.000 EM=0
  idnmr            Marc Allégret                            F1=0.500 EM=0
  idnmr_2round     Vincent Allègre                          F1=0.000 EM=0
[180/200] dev_379 (60.1s)
  baseline         Wanderley Oliveira                       F1=1.000 EM=1
  pool             Wanderley Oliveira                       F1=1.000 EM=1
  ipool            Alexey Volkonsky                         F1=0.000 EM=0
  idnmr            Wanderley Oliveira                       F1=1.000 EM=1
  idnmr_2round     Wanderley Oliveira                       F1=1.000 EM=1
[185/200] dev_384 (80.2s)
  baseline         Gloria Loring                            F1=1.000 EM=1
  pool             Gloria Loring                            F1=1.000 EM=1
  ipool            Gloria Loring                            F1=1.000 EM=1
  idnmr            Gloria Loring                            F1=1.000 EM=1
  idnmr_2round     Gloria Loring                            F1=1.000 EM=1
[190/200] dev_389 (41.4s)
  baseline         Aami                                     F1=1.000 EM=1
  pool             Aami                                     F1=1.000 EM=1
  ipool            Aami                                     F1=1.000 EM=1
  idnmr            Aami                                     F1=1.000 EM=1
  idnmr_2round     Aami                                     F1=1.000 EM=1
[195/200] dev_394 (113.9s)
  baseline         Iraq                                     F1=0.000 EM=0
  pool             Babylon, Iraq                            F1=0.000 EM=0
  ipool            Baghdad, Iraq                            F1=0.000 EM=0
  idnmr            Babylon, Iraq                            F1=0.000 EM=0
  idnmr_2round     Babylon, Iraq                            F1=0.000 EM=0
[200/200] dev_399 (123.5s)
  baseline         Rita Hayworth                            F1=0.000 EM=0
  pool             Maureen O'Sullivan                       F1=1.000 EM=1
  ipool            Maureen O'Sullivan                       F1=1.000 EM=1
  idnmr            Maureen O'Sullivan                       F1=1.000 EM=1
  idnmr_2round     Maureen O'Sullivan                       F1=1.000 EM=1

Method               F1     EM  Contain
--------------------------------------
baseline          0.396  0.255    0.295
pool              0.412  0.285    0.330
ipool             0.416  0.285    0.320
idnmr             0.400  0.275    0.325
idnmr_2round      0.406  0.285    0.325

Total: 16027.7s (80.1s/q)
