/projects/prjs1800/venvs/arag-venv/lib/python3.10/site-packages/transformers/utils/hub.py:110: FutureWarning: Using `TRANSFORMERS_CACHE` is deprecated and will be removed in v5 of Transformers. Use `HF_HOME` instead.
  warnings.warn(
=== iDNMR Pilot ===
Model: dream, Rounds: 3, Steps: 32
Loading checkpoint shards:   0%|          | 0/4 [00:00<?, ?it/s]Loading checkpoint shards:  25%|██▌       | 1/4 [00:06<00:18,  6.21s/it]Loading checkpoint shards:  50%|█████     | 2/4 [00:12<00:12,  6.21s/it]Loading checkpoint shards:  75%|███████▌  | 3/4 [00:17<00:05,  5.87s/it]Loading checkpoint shards: 100%|██████████| 4/4 [00:19<00:00,  4.09s/it]Loading checkpoint shards: 100%|██████████| 4/4 [00:19<00:00,  4.81s/it]
The following generation flags are not valid and may be ignored: ['temperature']. Set `TRANSFORMERS_VERBOSITY=info` for more details.
  Model loaded in 20.6s
Loaded 200 questions
Batch initial retrieval...
  Done in 454.0s
[1/200] dev_200 (86.6s)
  baseline         Bill Fagerbakke                          F1=0.000 EM=0
  pool             Bill Fagerbakke                          F1=0.000 EM=0
  ipool            Bill Fagerbakke                          F1=0.000 EM=0
  idnmr            Bill Fagerbakke                          F1=0.000 EM=0
  idnmr_2round     Bill Fagerbakke                          F1=0.000 EM=0
[5/200] dev_204 (60.3s)
  baseline         1558                                     F1=0.000 EM=0
  pool             1572                                     F1=1.000 EM=1
  ipool            1558                                     F1=0.000 EM=0
  idnmr            1572                                     F1=1.000 EM=1
  idnmr_2round     1572                                     F1=1.000 EM=1
[10/200] dev_209 (87.1s)
  baseline         Rooster Cogburn                          F1=1.000 EM=0
  pool             Rooster Cogburn                          F1=1.000 EM=0
  ipool            Rooster Cogburn                          F1=1.000 EM=0
  idnmr            Rooster Cogburn                          F1=1.000 EM=0
  idnmr_2round     Rooster Cogburn                          F1=1.000 EM=0
[15/200] dev_214 (35.5s)
  baseline         River Thames                             F1=1.000 EM=1
  pool             River Thames                             F1=1.000 EM=1
  ipool            River Thames                             F1=1.000 EM=1
  idnmr            River Thames                             F1=1.000 EM=1
  idnmr_2round     River Thames                             F1=1.000 EM=1
[20/200] dev_219 (82.3s)
  baseline         1838                                     F1=0.000 EM=0
  pool             1838                                     F1=0.000 EM=0
  ipool            1838                                     F1=0.000 EM=0
  idnmr            1838                                     F1=0.000 EM=0
  idnmr_2round     1838                                     F1=0.000 EM=0
[25/200] dev_224 (94.5s)
  baseline         Sir Robert Peel                          F1=1.000 EM=0
  pool             Sir Robert Peel, 1st Baronet             F1=1.000 EM=1
  ipool            Sir Robert Peel, 1st Baronet             F1=1.000 EM=1
  idnmr            Sir Robert Peel, 1st Baronet             F1=1.000 EM=1
  idnmr_2round     Sir Robert Peel, 1st Baronet             F1=1.000 EM=1
[30/200] dev_229 (96.7s)
  baseline         Democrats                                F1=0.000 EM=0
  pool             The leaders of the opposition of the par F1=0.050 EM=0
  ipool            Democrats                                F1=0.000 EM=0
  idnmr            The leaders of the opposition of the par F1=0.056 EM=0
  idnmr_2round     The leaders of the opposition of the par F1=0.056 EM=0
[35/200] dev_234 (85.4s)
  baseline         Christine Lakin                          F1=0.000 EM=0
  pool             Christine Lakin                          F1=0.000 EM=0
  ipool            Christine Lakin                          F1=0.000 EM=0
  idnmr            Christine Lakin                          F1=0.000 EM=0
  idnmr_2round     Christine Lakin                          F1=0.000 EM=0
[40/200] dev_239 (101.3s)
  baseline         48th best technical university           F1=0.000 EM=0
  pool             67th                                     F1=0.000 EM=0
  ipool            QS World University Rankings             F1=0.000 EM=0
  idnmr            QS World University Rankings             F1=0.000 EM=0
  idnmr_2round     QS World University Rankings             F1=0.000 EM=0
[45/200] dev_244 (65.3s)
  baseline         Austrian government                      F1=1.000 EM=0
  pool             Austrian government                      F1=1.000 EM=0
  ipool            Austrian government                      F1=1.000 EM=0
  idnmr            Austrian government                      F1=1.000 EM=0
  idnmr_2round     Austrian government                      F1=1.000 EM=0
[50/200] dev_249 (110.6s)
  baseline         1940                                     F1=0.000 EM=0
  pool             1937                                     F1=0.000 EM=0
  ipool            The Japanese got to Liang Jiahong's birt F1=0.000 EM=0
  idnmr            1940                                     F1=0.000 EM=0
  idnmr_2round     1940                                     F1=0.000 EM=0
[55/200] dev_254 (93.0s)
  baseline         Goodfellas                               F1=0.000 EM=0
  pool             Goodfellas                               F1=0.000 EM=0
  ipool            Goodfellas                               F1=0.000 EM=0
  idnmr            Goodfellas                               F1=0.000 EM=0
  idnmr_2round     Goodfellas                               F1=0.000 EM=0
[60/200] dev_259 (110.4s)
  baseline         34 games                                 F1=0.000 EM=0
  pool             Number of games in a season of the leagu F1=0.000 EM=0
  ipool            34 games                                 F1=0.000 EM=0
  idnmr            In the league in which Barcelona won tit F1=0.000 EM=0
  idnmr_2round     34 games                                 F1=0.000 EM=0
[65/200] dev_264 (38.3s)
  baseline         Francis Bacon                            F1=0.500 EM=0
  pool             Francis Bacon                            F1=0.500 EM=0
  ipool            Francis Bacon                            F1=0.500 EM=0
  idnmr            Francis Bacon                            F1=0.500 EM=0
  idnmr_2round     Francis Bacon                            F1=0.500 EM=0
[70/200] dev_269 (85.4s)
  baseline         Israel                                   F1=0.000 EM=0
  pool             Entebbe, Uganda                          F1=0.000 EM=0
  ipool            Israel                                   F1=0.000 EM=0
  idnmr            Entebbe International Airport            F1=0.333 EM=0
  idnmr_2round     Entebbe International Airport            F1=0.333 EM=0
[75/200] dev_274 (80.1s)
  baseline         Hollywood Records                        F1=1.000 EM=1
  pool             Hollywood Records                        F1=1.000 EM=1
  ipool            Hollywood Records                        F1=1.000 EM=1
  idnmr            Hollywood Records                        F1=1.000 EM=1
  idnmr_2round     Hollywood Records                        F1=1.000 EM=1
[80/200] dev_279 (76.3s)
  baseline         October                                  F1=1.000 EM=0
  pool             October                                  F1=1.000 EM=0
  ipool            October                                  F1=1.000 EM=0
  idnmr            October 8                                F1=0.500 EM=0
  idnmr_2round     October                                  F1=1.000 EM=0
[85/200] dev_284 (74.5s)
  baseline         Lucy Mack Smith                          F1=1.000 EM=1
  pool             Lucy Mack Smith                          F1=1.000 EM=1
  ipool            Lucy Mack Smith                          F1=1.000 EM=1
  idnmr            Lucy Mack Smith                          F1=1.000 EM=1
  idnmr_2round     Lucy Mack Smith                          F1=1.000 EM=1
[90/200] dev_289 (58.4s)
  baseline         season 3                                 F1=0.500 EM=0
  pool             season 4                                 F1=0.500 EM=0
  ipool            season 3                                 F1=0.500 EM=0
  idnmr            season 2                                 F1=0.500 EM=0
  idnmr_2round     season 2                                 F1=0.500 EM=0
[95/200] dev_294 (70.8s)
  baseline         Michael Baldwin                          F1=0.000 EM=0
  pool             Michael Baldwin                          F1=0.000 EM=0
  ipool            Michael Baldwin                          F1=0.000 EM=0
  idnmr            Michael Baldwin                          F1=0.000 EM=0
  idnmr_2round     Michael Baldwin                          F1=0.000 EM=0
[100/200] dev_299 (36.1s)
  baseline         Tony Award                               F1=0.000 EM=0
  pool             Tony Award                               F1=0.000 EM=0
  ipool            Tony Award                               F1=0.000 EM=0
  idnmr            Tony Award                               F1=0.000 EM=0
  idnmr_2round     Tony Award                               F1=0.000 EM=0
[105/200] dev_304 (136.4s)
  baseline         President Jamil Mahuad                   F1=0.000 EM=0
  pool             Alfredo González Flores                  F1=0.000 EM=0
  ipool            Jamil Mahuad                             F1=0.000 EM=0
  idnmr            Tomás Cipriano de Mosquera               F1=0.000 EM=0
  idnmr_2round     Jamil Mahuad                             F1=0.000 EM=0
[110/200] dev_309 (94.1s)
  baseline         Vanessa Kerry                            F1=0.000 EM=0
  pool             Vanessa Kerry                            F1=0.000 EM=0
  ipool            Vanessa Kerry                            F1=0.000 EM=0
  idnmr            Vanessa Kerry                            F1=0.000 EM=0
  idnmr_2round     Vanessa Kerry                            F1=0.000 EM=0
[115/200] dev_314 (35.8s)
  baseline         Food and Drug Administration             F1=0.250 EM=0
  pool             Food and Drug Administration             F1=0.250 EM=0
  ipool            Food and Drug Administration             F1=0.250 EM=0
  idnmr            Food and Drug Administration             F1=0.250 EM=0
  idnmr_2round     Food and Drug Administration             F1=0.250 EM=0
[120/200] dev_319 (82.0s)
  baseline         Don't Come Knocking                      F1=0.000 EM=0
  pool             The African Queen                        F1=1.000 EM=1
  ipool            Don't Come Knocking                      F1=0.000 EM=0
  idnmr            The African Queen                        F1=1.000 EM=1
  idnmr_2round     The African Queen                        F1=1.000 EM=1
[125/200] dev_324 (46.6s)
  baseline         Matthew Lawrence                         F1=1.000 EM=1
  pool             Matthew Lawrence                         F1=1.000 EM=1
  ipool            Matthew Lawrence                         F1=1.000 EM=1
  idnmr            Matthew Lawrence                         F1=1.000 EM=1
  idnmr_2round     Matthew Lawrence                         F1=1.000 EM=1
[130/200] dev_329 (84.1s)
  baseline         Laura E. Flores                          F1=0.000 EM=0
  pool             Laura E. Flores                          F1=0.000 EM=0
  ipool            Laura E. Flores                          F1=0.000 EM=0
  idnmr            Laura E. Flores                          F1=0.000 EM=0
  idnmr_2round     Laura E. Flores                          F1=0.000 EM=0
[135/200] dev_334 (76.8s)
  baseline         300                                      F1=0.000 EM=0
  pool             300                                      F1=0.000 EM=0
  ipool            300                                      F1=0.000 EM=0
  idnmr            300                                      F1=0.000 EM=0
  idnmr_2round     300                                      F1=0.000 EM=0
[140/200] dev_339 (39.4s)
  baseline         Delta Entertainment Corporation          F1=0.000 EM=0
  pool             Delta Entertainment Corporation          F1=0.000 EM=0
  ipool            Delta Entertainment Corporation          F1=0.000 EM=0
  idnmr            Delta Entertainment Corporation          F1=0.000 EM=0
  idnmr_2round     Delta Entertainment Corporation          F1=0.000 EM=0
[145/200] dev_344 (91.1s)
  baseline         Free People's State of Württemberg       F1=0.200 EM=0
  pool             Schleswig-Holstein Farmers and Farmworke F1=0.000 EM=0
  ipool            Free Democratic Party (Germany), Schlesw F1=0.056 EM=0
  idnmr            Schleswig-Holstein Farmers and Farmworke F1=0.000 EM=0
  idnmr_2round     Schleswig-Holstein Farmers and Farmworke F1=0.000 EM=0
[150/200] dev_349 (103.3s)
  baseline         Evippe                                   F1=0.000 EM=0
  pool             Evippe                                   F1=0.000 EM=0
  ipool            Evippe                                   F1=0.000 EM=0
  idnmr            Evippe                                   F1=0.000 EM=0
  idnmr_2round     Evippe                                   F1=0.000 EM=0
[155/200] dev_354 (112.1s)
  baseline         US National Security Agency              F1=0.000 EM=0
  pool             James Clapper                            F1=0.000 EM=0
  ipool            James R Clapper                          F1=0.000 EM=0
  idnmr            James Clapper                            F1=0.000 EM=0
  idnmr_2round     James Clapper                            F1=0.000 EM=0
[160/200] dev_359 (100.1s)
  baseline         Michal                                   F1=0.000 EM=0
  pool             Salome Alexandra                         F1=0.000 EM=0
  ipool            Michal                                   F1=0.000 EM=0
  idnmr            Michal                                   F1=0.000 EM=0
  idnmr_2round     Michal                                   F1=0.000 EM=0
[165/200] dev_364 (85.3s)
  baseline         Ohio                                     F1=0.000 EM=0
  pool             Ohio                                     F1=0.000 EM=0
  ipool            Ohio                                     F1=0.000 EM=0
  idnmr            Ohio                                     F1=0.000 EM=0
  idnmr_2round     Ohio                                     F1=0.000 EM=0
[170/200] dev_369 (90.1s)
  baseline         Advocated independence                   F1=0.500 EM=0
  pool             Advocating independence                  F1=0.500 EM=0
  ipool            Advocating independence                  F1=0.500 EM=0
  idnmr            advocate independence                    F1=0.500 EM=0
  idnmr_2round     Common Sense was an important work becau F1=0.160 EM=0
[175/200] dev_374 (91.3s)
  baseline         most years                               F1=0.000 EM=0
  pool             Winter months                            F1=0.000 EM=0
  ipool            Winter                                   F1=0.000 EM=0
  idnmr            Winter                                   F1=0.000 EM=0
  idnmr_2round     Winter                                   F1=0.000 EM=0
[180/200] dev_379 (96.1s)
  baseline         14                                       F1=0.000 EM=0
  pool             50th                                     F1=0.000 EM=0
  ipool            14                                       F1=0.000 EM=0
  idnmr            The U.S. News ranking of the law school  F1=0.000 EM=0
  idnmr_2round     14th                                     F1=0.000 EM=0
[185/200] dev_384 (36.2s)
  baseline         12 episodes                              F1=0.500 EM=0
  pool             12 episodes                              F1=0.500 EM=0
  ipool            12 episodes                              F1=0.500 EM=0
  idnmr            12 episodes                              F1=0.500 EM=0
  idnmr_2round     12 episodes                              F1=0.500 EM=0
[190/200] dev_389 (109.4s)
  baseline         New York                                 F1=0.000 EM=0
  pool             Clatskanie, Oregon                       F1=0.500 EM=0
  ipool            Corning, New York                        F1=0.000 EM=0
  idnmr            Clatskanie, Oregon                       F1=0.500 EM=0
  idnmr_2round     Clatskanie, Oregon                       F1=0.500 EM=0
[195/200] dev_394 (36.1s)
  baseline         Communist                                F1=1.000 EM=0
  pool             Communist                                F1=1.000 EM=0
  ipool            Communist                                F1=1.000 EM=0
  idnmr            Communist                                F1=1.000 EM=0
  idnmr_2round     Communist                                F1=1.000 EM=0
[200/200] dev_399 (107.0s)
  baseline         7.1%                                     F1=0.000 EM=0
  pool             7.1%                                     F1=0.000 EM=0
  ipool            7.1%                                     F1=0.000 EM=0
  idnmr            The Dow Jones Industrial Average fell 3. F1=0.000 EM=0
  idnmr_2round     3.3%                                     F1=0.000 EM=0

Method               F1     EM  Contain
--------------------------------------
baseline          0.217  0.090    0.105
pool              0.266  0.145    0.190
ipool             0.230  0.125    0.145
idnmr             0.260  0.150    0.200
idnmr_2round      0.265  0.150    0.200

Total: 17042.6s (85.2s/q)
