/projects/prjs1800/venvs/arag-venv/lib/python3.10/site-packages/transformers/utils/hub.py:110: FutureWarning: Using `TRANSFORMERS_CACHE` is deprecated and will be removed in v5 of Transformers. Use `HF_HOME` instead.
  warnings.warn(
=== iDNMR Pilot ===
Model: dream, Rounds: 3, Steps: 32
Loading checkpoint shards:   0%|          | 0/4 [00:00<?, ?it/s]Loading checkpoint shards:  25%|██▌       | 1/4 [00:06<00:18,  6.05s/it]Loading checkpoint shards:  50%|█████     | 2/4 [00:12<00:12,  6.08s/it]Loading checkpoint shards:  75%|███████▌  | 3/4 [00:17<00:05,  5.75s/it]Loading checkpoint shards: 100%|██████████| 4/4 [00:18<00:00,  4.01s/it]Loading checkpoint shards: 100%|██████████| 4/4 [00:18<00:00,  4.71s/it]
The following generation flags are not valid and may be ignored: ['temperature']. Set `TRANSFORMERS_VERBOSITY=info` for more details.
  Model loaded in 20.2s
Loaded 200 questions
Batch initial retrieval...
  Done in 454.4s
[1/200] dev_0 (94.3s)
  baseline         Sir Philip Green                         F1=0.000 EM=0
  pool             Sarah Urist Green                        F1=0.000 EM=0
  ipool            Sir Philip Green                         F1=0.000 EM=0
  idnmr            Sarah Urist Green                        F1=0.000 EM=0
  idnmr_2round     Sarah Urist Green                        F1=0.000 EM=0
[5/200] dev_4 (38.9s)
  baseline         Bombardier Aerospace                     F1=0.500 EM=0
  pool             Bombardier Aerospace                     F1=0.500 EM=0
  ipool            Bombardier Aerospace                     F1=0.500 EM=0
  idnmr            Bombardier Aerospace                     F1=0.500 EM=0
  idnmr_2round     Bombardier Aerospace                     F1=0.500 EM=0
[10/200] dev_9 (129.5s)
  baseline         Chubut                                   F1=0.000 EM=0
  pool             Cuanza Norte                             F1=0.000 EM=0
  ipool            Chubut Province                          F1=0.500 EM=0
  idnmr            Cuanza Norte                             F1=0.000 EM=0
  idnmr_2round     Cuanza Norte                             F1=0.000 EM=0
[15/200] dev_14 (92.5s)
  baseline         Union County                             F1=0.500 EM=0
  pool             Blair County, Pennsylvania               F1=0.333 EM=0
  ipool            Union County, Georgia                    F1=0.333 EM=0
  idnmr            Blair County                             F1=0.500 EM=0
  idnmr_2round     Blair County                             F1=0.500 EM=0
[20/200] dev_19 (68.9s)
  baseline         Randall County                           F1=1.000 EM=1
  pool             Randall County                           F1=1.000 EM=1
  ipool            Randall County                           F1=1.000 EM=1
  idnmr            Randall County                           F1=1.000 EM=1
  idnmr_2round     Randall County                           F1=1.000 EM=1
[25/200] dev_24 (95.7s)
  baseline         Missouri                                 F1=0.000 EM=0
  pool             Perry County, Missouri                   F1=0.333 EM=0
  ipool            Missouri                                 F1=0.000 EM=0
  idnmr            Southwest City, Missouri                 F1=0.000 EM=0
  idnmr_2round     Southwest City, Missouri                 F1=0.000 EM=0
[30/200] dev_29 (76.9s)
  baseline         Sir Francis Baring, 1st Baronet          F1=1.000 EM=1
  pool             Sir Francis Baring, 1st Baronet          F1=1.000 EM=1
  ipool            Sir Francis Baring, 1st Baronet          F1=1.000 EM=1
  idnmr            Sir Francis Baring, 1st Baronet          F1=1.000 EM=1
  idnmr_2round     Sir Francis Baring, 1st Baronet          F1=1.000 EM=1
[35/200] dev_34 (106.4s)
  baseline         community organizer                      F1=0.000 EM=0
  pool             Teach For Us                             F1=0.000 EM=0
  ipool            Institute for War and Peace Reporting    F1=0.167 EM=0
  idnmr            Teach For America                        F1=0.000 EM=0
  idnmr_2round     Teach For America                        F1=0.000 EM=0
[40/200] dev_39 (121.3s)
  baseline         Zavida                                   F1=0.000 EM=0
  pool             : Stefan Nemanja                         F1=0.000 EM=0
  ipool            Zavida                                   F1=0.000 EM=0
  idnmr            Stefan Nemanja                           F1=0.000 EM=0
  idnmr_2round     Stefan Nemanja                           F1=0.000 EM=0
[45/200] dev_44 (95.7s)
  baseline         Kingsbury County                         F1=0.500 EM=0
  pool             Hastings County                          F1=0.500 EM=0
  ipool            Kingsbury County                         F1=0.500 EM=0
  idnmr            Genesee County                           F1=0.500 EM=0
  idnmr_2round     Genesee County                           F1=0.500 EM=0
[50/200] dev_49 (45.3s)
  baseline         Stacy Chbosky                            F1=0.000 EM=0
  pool             Stacy Chbosky                            F1=0.000 EM=0
  ipool            Lake Bell                                F1=0.000 EM=0
  idnmr            Stacy Chbosky                            F1=0.000 EM=0
  idnmr_2round     Stacy Chbosky                            F1=0.000 EM=0
[55/200] dev_54 (75.1s)
  baseline         Kentucky                                 F1=0.000 EM=0
  pool             Kenton County                            F1=1.000 EM=1
  ipool            Kentucky                                 F1=0.000 EM=0
  idnmr            Kenton County, Kentucky                  F1=0.667 EM=0
  idnmr_2round     Kenton County, Kentucky                  F1=0.667 EM=0
[60/200] dev_59 (81.4s)
  baseline         Prix Goncourt                            F1=0.000 EM=0
  pool             Prix Goncourt                            F1=0.000 EM=0
  ipool            Prix Goncourt                            F1=0.000 EM=0
  idnmr            Prix Goncourt                            F1=0.000 EM=0
  idnmr_2round     Prix Goncourt                            F1=0.000 EM=0
[65/200] dev_64 (87.6s)
  baseline         Eilyahu Koren                            F1=0.000 EM=0
  pool             Eliyahu Koren                            F1=0.000 EM=0
  ipool            Eliyahu Koren                            F1=0.000 EM=0
  idnmr            Eliyahu Koren                            F1=0.000 EM=0
  idnmr_2round     Eliyahu Koren                            F1=0.000 EM=0
[70/200] dev_69 (92.1s)
  baseline         Justine                                  F1=0.000 EM=0
  pool             Enrique Iglesias                         F1=0.000 EM=0
  ipool            Justine                                  F1=0.000 EM=0
  idnmr            Enrique Iglesias                         F1=0.000 EM=0
  idnmr_2round     Enrique Iglesias                         F1=0.000 EM=0
[75/200] dev_74 (94.2s)
  baseline         Kansas                                   F1=0.000 EM=0
  pool             Leavenworth, Kansas                      F1=0.000 EM=0
  ipool            Waukon, Iowa                             F1=0.000 EM=0
  idnmr            Leavenworth, Kansas                      F1=0.000 EM=0
  idnmr_2round     Leavenworth, Kansas                      F1=0.000 EM=0
[80/200] dev_79 (65.1s)
  baseline         Downwards Records                        F1=0.000 EM=0
  pool             Downwards Records                        F1=0.000 EM=0
  ipool            Downwards Records                        F1=0.000 EM=0
  idnmr            Downwards Records                        F1=0.000 EM=0
  idnmr_2round     Downwards Records                        F1=0.000 EM=0
[85/200] dev_84 (84.3s)
  baseline         Minas Gerais                             F1=0.000 EM=0
  pool             Minas Gerais                             F1=0.000 EM=0
  ipool            Minas Gerais                             F1=0.000 EM=0
  idnmr            São Vicente                              F1=0.000 EM=0
  idnmr_2round     São Vicente                              F1=0.000 EM=0
[90/200] dev_89 (68.7s)
  baseline         island of Santiago                       F1=0.000 EM=0
  pool             island of Santiago                       F1=0.000 EM=0
  ipool            island of Santiago                       F1=0.000 EM=0
  idnmr            island of Santiago                       F1=0.000 EM=0
  idnmr_2round     island of Santiago                       F1=0.000 EM=0
[95/200] dev_94 (109.9s)
  baseline         FA Trophy                                F1=0.000 EM=0
  pool             English Football Association             F1=0.000 EM=0
  ipool            English Football Association             F1=0.000 EM=0
  idnmr            The Football Association                 F1=0.000 EM=0
  idnmr_2round     English Football Association             F1=0.000 EM=0
[100/200] dev_99 (106.0s)
  baseline         Matthieu Chedid                          F1=0.500 EM=0
  pool             Louis Chedid                             F1=1.000 EM=1
  ipool            Louis Chedid                             F1=1.000 EM=1
  idnmr            Louis Chedid                             F1=1.000 EM=1
  idnmr_2round     Louis Chedid                             F1=1.000 EM=1
[105/200] dev_104 (92.7s)
  baseline         Natal Wood                               F1=0.500 EM=0
  pool             Natalie Wood                             F1=0.500 EM=0
  ipool            Natalie Wood                             F1=0.500 EM=0
  idnmr            Maureen O'Hara                           F1=0.000 EM=0
  idnmr_2round     Maureen O'Hara                           F1=0.000 EM=0
[110/200] dev_109 (97.1s)
  baseline         Nabil Abidallah                          F1=0.000 EM=0
  pool             Nabil Abidallah                          F1=0.000 EM=0
  ipool            Nabil Abidallah                          F1=0.000 EM=0
  idnmr            Nabil Abidallah                          F1=0.000 EM=0
  idnmr_2round     Nabil Abidallah                          F1=0.000 EM=0
[115/200] dev_114 (114.4s)
  baseline         North Dakota                             F1=0.000 EM=0
  pool             Charles University, Prague               F1=0.667 EM=0
  ipool            University of North Dakota               F1=0.250 EM=0
  idnmr            Charles University, Prague               F1=0.667 EM=0
  idnmr_2round     Charles University, Prague               F1=0.667 EM=0
[120/200] dev_119 (117.4s)
  baseline         1922                                     F1=0.000 EM=0
  pool             1922                                     F1=0.000 EM=0
  ipool            1922                                     F1=0.000 EM=0
  idnmr            1922                                     F1=0.000 EM=0
  idnmr_2round     1922                                     F1=0.000 EM=0
[125/200] dev_124 (97.5s)
  baseline         Liu Chong                                F1=0.500 EM=0
  pool             Liu Chong                                F1=0.500 EM=0
  ipool            Liu Chong                                F1=0.500 EM=0
  idnmr            Liu Chong                                F1=0.500 EM=0
  idnmr_2round     Liu Chong                                F1=0.500 EM=0
[130/200] dev_129 (81.7s)
  baseline         Sire Records                             F1=0.500 EM=0
  pool             Sire Records                             F1=0.500 EM=0
  ipool            Sire Records                             F1=0.500 EM=0
  idnmr            Sire Records                             F1=0.500 EM=0
  idnmr_2round     Sire Records                             F1=0.500 EM=0
[135/200] dev_134 (74.1s)
  baseline         Socialist Party of America               F1=1.000 EM=1
  pool             Socialist Party of America               F1=1.000 EM=1
  ipool            Socialist Party of America               F1=1.000 EM=1
  idnmr            Socialist Party of America               F1=1.000 EM=1
  idnmr_2round     Socialist Party of America               F1=1.000 EM=1
[140/200] dev_139 (103.9s)
  baseline         William Cooper Nell                      F1=0.000 EM=0
  pool             William Cooper Nell                      F1=0.000 EM=0
  ipool            Harriett Nell, also known as Harriet Nel F1=0.000 EM=0
  idnmr            Libby Tilton                             F1=0.000 EM=0
  idnmr_2round     William Cooper Nell                      F1=0.000 EM=0
[145/200] dev_144 (70.7s)
  baseline         Tolyatti                                 F1=0.000 EM=0
  pool             Tolyatti                                 F1=0.000 EM=0
  ipool            Tolyatti                                 F1=0.000 EM=0
  idnmr            Tolyatti                                 F1=0.000 EM=0
  idnmr_2round     Tolyatti                                 F1=0.000 EM=0
[150/200] dev_149 (95.8s)
  baseline         California Baptist College               F1=0.000 EM=0
  pool             Concordia University                     F1=0.500 EM=0
  ipool            Concordia University                     F1=0.500 EM=0
  idnmr            Concordia University                     F1=0.500 EM=0
  idnmr_2round     Concordia University                     F1=0.500 EM=0
[155/200] dev_154 (117.6s)
  baseline         black dog                                F1=0.000 EM=0
  pool             black dog                                F1=0.000 EM=0
  ipool            black dog                                F1=0.000 EM=0
  idnmr            black dog                                F1=0.000 EM=0
  idnmr_2round     dog                                      F1=0.000 EM=0
[160/200] dev_159 (77.8s)
  baseline         Globe Award                              F1=0.500 EM=0
  pool             no recognition                           F1=0.000 EM=0
  ipool            Globe Award                              F1=0.500 EM=0
  idnmr            no recognition                           F1=0.000 EM=0
  idnmr_2round     no recognition                           F1=0.000 EM=0
[165/200] dev_164 (104.7s)
  baseline         Mickey Mouse                             F1=1.000 EM=0
  pool             The Mickey Mouse Club                    F1=1.000 EM=1
  ipool            Mickey Mouse                             F1=1.000 EM=0
  idnmr            The Mickey Mouse Club                    F1=1.000 EM=1
  idnmr_2round     The Mickey Mouse Club                    F1=1.000 EM=1
[170/200] dev_169 (135.7s)
  baseline         Malta                                    F1=0.000 EM=0
  pool             Alexandria                               F1=0.000 EM=0
  ipool            Northwestern University                  F1=0.000 EM=0
  idnmr            The producer of Julius Caesar, T. Rice H F1=0.000 EM=0
  idnmr_2round     Julius Caesar (judge) studied at Magdale F1=0.048 EM=0
[175/200] dev_174 (84.6s)
  baseline         the Juilliard School                     F1=0.000 EM=0
  pool             Juilliard School                         F1=0.000 EM=0
  ipool            Juilliard School                         F1=0.000 EM=0
  idnmr            Juilliard School                         F1=0.000 EM=0
  idnmr_2round     Juilliard School                         F1=0.000 EM=0
[180/200] dev_179 (87.5s)
  baseline         May 11, 1284                             F1=0.000 EM=0
  pool             May 11, 1284                             F1=0.000 EM=0
  ipool            John's eldest son, John II of Jerusalem, F1=0.000 EM=0
  idnmr            May 11, 1284                             F1=0.000 EM=0
  idnmr_2round     May 11, 1284                             F1=0.000 EM=0
[185/200] dev_184 (70.9s)
  baseline         Colin Firth                              F1=1.000 EM=1
  pool             Colin Firth                              F1=1.000 EM=1
  ipool            Colin Firth                              F1=1.000 EM=1
  idnmr            Colin Firth                              F1=1.000 EM=1
  idnmr_2round     Colin Firth                              F1=1.000 EM=1
[190/200] dev_189 (77.3s)
  baseline         Colin Firth                              F1=1.000 EM=1
  pool             Colin Firth                              F1=1.000 EM=1
  ipool            Colin Firth                              F1=1.000 EM=1
  idnmr            Colin Firth                              F1=1.000 EM=1
  idnmr_2round     Colin Firth                              F1=1.000 EM=1
[195/200] dev_194 (73.2s)
  baseline         Thelma Eisen                             F1=0.000 EM=0
  pool             Dottie Hinson                            F1=1.000 EM=1
  ipool            Dottie Hinson                            F1=1.000 EM=1
  idnmr            Dottie Hinson                            F1=1.000 EM=1
  idnmr_2round     Dottie Hinson                            F1=1.000 EM=1
[200/200] dev_199 (90.3s)
  baseline         Brooklyn Nets                            F1=0.000 EM=0
  pool             Brooklyn Nets                            F1=0.000 EM=0
  ipool            Brooklyn Nets                            F1=0.000 EM=0
  idnmr            Brooklyn Nets                            F1=0.000 EM=0
  idnmr_2round     Brooklyn Nets                            F1=0.000 EM=0

Method               F1     EM  Contain
--------------------------------------
baseline          0.247  0.115    0.130
pool              0.293  0.160    0.185
ipool             0.277  0.130    0.160
idnmr             0.297  0.165    0.200
idnmr_2round      0.291  0.160    0.195

Total: 17953.0s (89.8s/q)
