/projects/prjs1800/venvs/arag-venv/lib/python3.10/site-packages/transformers/utils/hub.py:110: FutureWarning: Using `TRANSFORMERS_CACHE` is deprecated and will be removed in v5 of Transformers. Use `HF_HOME` instead.
  warnings.warn(
=== iDNMR Pilot ===
Model: dream, Rounds: 3, Steps: 32
Loading checkpoint shards:   0%|          | 0/4 [00:00<?, ?it/s]Loading checkpoint shards:  25%|██▌       | 1/4 [00:06<00:18,  6.13s/it]Loading checkpoint shards:  50%|█████     | 2/4 [00:12<00:12,  6.15s/it]Loading checkpoint shards:  75%|███████▌  | 3/4 [00:17<00:05,  5.81s/it]Loading checkpoint shards: 100%|██████████| 4/4 [00:19<00:00,  4.05s/it]Loading checkpoint shards: 100%|██████████| 4/4 [00:19<00:00,  4.77s/it]
The following generation flags are not valid and may be ignored: ['temperature']. Set `TRANSFORMERS_VERBOSITY=info` for more details.
  Model loaded in 20.4s
Loaded 200 questions
Batch initial retrieval...
  Done in 453.5s
[1/200] dev_800 (80.9s)
  baseline         Aaron McCargo Jr.                        F1=0.000 EM=0
  pool             Aaron McCargo, Sr.                       F1=0.000 EM=0
  ipool            Aaron McCargo Jr.                        F1=0.000 EM=0
  idnmr            Aaron McCargo, Sr.                       F1=0.000 EM=0
  idnmr_2round     Aaron McCargo, Sr.                       F1=0.000 EM=0
[5/200] dev_804 (74.7s)
  baseline         Golestan Province                        F1=0.000 EM=0
  pool             Golestan Province                        F1=0.000 EM=0
  ipool            Golestan Province                        F1=0.000 EM=0
  idnmr            Golestan Province                        F1=0.000 EM=0
  idnmr_2round     Golestan Province                        F1=0.000 EM=0
[10/200] dev_809 (84.9s)
  baseline         East Azerbaijan                          F1=0.000 EM=0
  pool             south                                    F1=1.000 EM=0
  ipool            East Azerbaijan                          F1=0.000 EM=0
  idnmr            Central Iran                             F1=0.000 EM=0
  idnmr_2round     south                                    F1=1.000 EM=0
[15/200] dev_814 (85.0s)
  baseline         GSAT-1                                   F1=0.000 EM=0
  pool             GSAT-1                                   F1=0.000 EM=0
  ipool            ATS-6                                    F1=0.000 EM=0
  idnmr            GSAT-1                                   F1=0.000 EM=0
  idnmr_2round     GSAT-1                                   F1=0.000 EM=0
[20/200] dev_819 (100.9s)
  baseline         Kitsat-2                                 F1=0.000 EM=0
  pool             Kitsat-2                                 F1=0.000 EM=0
  ipool            KSAT-2                                   F1=0.000 EM=0
  idnmr            Kitsat-2                                 F1=0.000 EM=0
  idnmr_2round     Kitsat-2                                 F1=0.000 EM=0
[25/200] dev_824 (106.2s)
  baseline         rock musician                            F1=0.000 EM=0
  pool             Physics outreach specialist              F1=0.000 EM=0
  ipool            science fiction                          F1=0.000 EM=0
  idnmr            theoretical physics                      F1=0.000 EM=0
  idnmr_2round     theoretical physics                      F1=0.000 EM=0
[30/200] dev_829 (64.8s)
  baseline         July 330 BC                              F1=0.333 EM=0
  pool             July 330 BC                              F1=0.333 EM=0
  ipool            July 330 BC                              F1=0.333 EM=0
  idnmr            July 330 BC                              F1=0.333 EM=0
  idnmr_2round     July 330 BC                              F1=0.333 EM=0
[35/200] dev_834 (75.3s)
  baseline         323 BC                                   F1=1.000 EM=1
  pool             323 BC                                   F1=1.000 EM=1
  ipool            323 BC                                   F1=1.000 EM=1
  idnmr            323 BC                                   F1=1.000 EM=1
  idnmr_2round     323 BC                                   F1=1.000 EM=1
[40/200] dev_839 (116.6s)
  baseline         21                                       F1=0.000 EM=0
  pool             3                                        F1=0.000 EM=0
  ipool            21                                       F1=0.000 EM=0
  idnmr            The total number of qualified teachers w F1=0.000 EM=0
  idnmr_2round     The total number of qualified teachers w F1=0.000 EM=0
[45/200] dev_844 (80.9s)
  baseline         Mujaz                                    F1=0.000 EM=0
  pool             Mujaz                                    F1=0.000 EM=0
  ipool            Mujaz                                    F1=0.000 EM=0
  idnmr            The Canon of Medicine                    F1=0.000 EM=0
  idnmr_2round     The Canon of Medicine                    F1=0.000 EM=0
[50/200] dev_849 (36.6s)
  baseline         Closer to Earth                          F1=0.000 EM=0
  pool             Closer to Earth                          F1=0.000 EM=0
  ipool            Closer to Earth                          F1=0.000 EM=0
  idnmr            Closer to Earth                          F1=0.000 EM=0
  idnmr_2round     Closer to Earth                          F1=0.000 EM=0
[55/200] dev_854 (100.4s)
  baseline         May 18, 1969                             F1=0.000 EM=0
  pool             May 18, 1969                             F1=0.000 EM=0
  ipool            May 18, 1969                             F1=0.000 EM=0
  idnmr            May 18, 1969                             F1=0.000 EM=0
  idnmr_2round     February 10, 1989                        F1=0.000 EM=0
[60/200] dev_859 (134.8s)
  baseline         December 5, 1932                         F1=0.000 EM=0
  pool             20 November 1977                         F1=0.000 EM=0
  ipool            27 September 1977                        F1=0.333 EM=0
  idnmr            April 18, 1914                           F1=0.000 EM=0
  idnmr_2round     June 12, 1971                            F1=0.000 EM=0
[65/200] dev_864 (81.2s)
  baseline         Gunnar S. Overstrom Jr                   F1=0.000 EM=0
  pool             Timothy Conway (executive)               F1=0.000 EM=0
  ipool            Gunnar S Overstrom Jr.                   F1=0.000 EM=0
  idnmr            Timothy Conway (executive)               F1=0.000 EM=0
  idnmr_2round     Timothy Conway (executive)               F1=0.000 EM=0
[70/200] dev_869 (75.0s)
  baseline         1791                                     F1=0.000 EM=0
  pool             1784                                     F1=0.000 EM=0
  ipool            1791                                     F1=0.000 EM=0
  idnmr            1784                                     F1=0.000 EM=0
  idnmr_2round     1784                                     F1=0.000 EM=0
[75/200] dev_874 (118.2s)
  baseline         De Havilland Law                         F1=0.333 EM=0
  pool             AB 962                                   F1=0.000 EM=0
  ipool            Matt's Law                               F1=0.500 EM=0
  idnmr            De Havilland Law                         F1=0.333 EM=0
  idnmr_2round     De Havilland Law                         F1=0.333 EM=0
[80/200] dev_879 (104.5s)
  baseline         Scott Wilson                             F1=0.000 EM=0
  pool             Stacy Keach                              F1=0.000 EM=0
  ipool            Scott Wilson                             F1=0.000 EM=0
  idnmr            Stacy Keach                              F1=0.000 EM=0
  idnmr_2round     Stacy Keach                              F1=0.000 EM=0
[85/200] dev_884 (78.1s)
  baseline         2003                                     F1=0.000 EM=0
  pool             2005                                     F1=1.000 EM=1
  ipool            2005                                     F1=1.000 EM=1
  idnmr            2005                                     F1=1.000 EM=1
  idnmr_2round     2005                                     F1=1.000 EM=1
[90/200] dev_889 (71.0s)
  baseline         Luke Bryan                               F1=0.000 EM=0
  pool             Karen Fairchild                          F1=1.000 EM=1
  ipool            Karen Fairchild                          F1=1.000 EM=1
  idnmr            Karen Fairchild                          F1=1.000 EM=1
  idnmr_2round     Karen Fairchild                          F1=1.000 EM=1
[95/200] dev_894 (78.6s)
  baseline         Karen Fairchild                          F1=1.000 EM=1
  pool             Karen Fairchild                          F1=1.000 EM=1
  ipool            Karen Fairchild                          F1=1.000 EM=1
  idnmr            Karen Fairchild                          F1=1.000 EM=1
  idnmr_2round     Karen Fairchild                          F1=1.000 EM=1
[100/200] dev_899 (91.8s)
  baseline         John D. Loudermilk                       F1=1.000 EM=1
  pool             John D. Loudermilk                       F1=1.000 EM=1
  ipool            Kevin Lyttle                             F1=0.000 EM=0
  idnmr            John D. Loudermilk                       F1=1.000 EM=1
  idnmr_2round     John D. Loudermilk                       F1=1.000 EM=1
[105/200] dev_904 (107.2s)
  baseline         Vito Corleone                            F1=1.000 EM=1
  pool             Don Vito Corleone                        F1=0.667 EM=0
  ipool            Vito Corleone                            F1=1.000 EM=1
  idnmr            Don Vito Corleone                        F1=0.667 EM=0
  idnmr_2round     Don Vito Corleone                        F1=0.667 EM=0
[110/200] dev_909 (80.4s)
  baseline         3rd century                              F1=0.000 EM=0
  pool             3rd century BC                           F1=0.000 EM=0
  ipool            3rd century AD                           F1=0.000 EM=0
  idnmr            3rd century BC                           F1=0.000 EM=0
  idnmr_2round     4th century BC                           F1=0.000 EM=0
[115/200] dev_914 (82.4s)
  baseline         18th century                             F1=0.500 EM=0
  pool             18th century                             F1=0.500 EM=0
  ipool            18th century                             F1=0.500 EM=0
  idnmr            18th century                             F1=0.500 EM=0
  idnmr_2round     18th century                             F1=0.500 EM=0
[120/200] dev_919 (96.2s)
  baseline         Prince Philip, Duke of Edinburgh         F1=0.200 EM=0
  pool             Prince Philip, Duke of Edinburgh         F1=0.200 EM=0
  ipool            Prince Philip, Duke of Edinburgh         F1=0.200 EM=0
  idnmr            Prince Philip, Duke of Edinburgh         F1=0.200 EM=0
  idnmr_2round     Prince Philip, Duke of Edinburgh         F1=0.200 EM=0
[125/200] dev_924 (81.8s)
  baseline         Prince Albert                            F1=0.000 EM=0
  pool             Prince Philip, Duke of Edinburgh         F1=0.200 EM=0
  ipool            Albert, Prince Consort                   F1=0.000 EM=0
  idnmr            Prince Philip, Duke of Edinburgh         F1=0.200 EM=0
  idnmr_2round     Prince Philip, Duke of Edinburgh         F1=0.200 EM=0
[130/200] dev_929 (85.1s)
  baseline         Alice Longworth                          F1=0.000 EM=0
  pool             Alice Roosevelt Longworth                F1=0.000 EM=0
  ipool            Alice Roosevelt Longworth                F1=0.000 EM=0
  idnmr            Alice Roosevelt Longworth                F1=0.000 EM=0
  idnmr_2round     Alice Roosevelt Longworth                F1=0.000 EM=0
[135/200] dev_934 (97.3s)
  baseline         Romans                                   F1=0.000 EM=0
  pool             Romans                                   F1=0.000 EM=0
  ipool            Julius Caesar                            F1=0.000 EM=0
  idnmr            Romans                                   F1=0.000 EM=0
  idnmr_2round     Romans                                   F1=0.000 EM=0
[140/200] dev_939 (109.9s)
  baseline         Barry Penner                             F1=0.000 EM=0
  pool             Barry Penner                             F1=0.000 EM=0
  ipool            Barry Penner                             F1=0.000 EM=0
  idnmr            Johan Remkes                             F1=1.000 EM=1
  idnmr_2round     Johan Remkes                             F1=1.000 EM=1
[145/200] dev_944 (102.9s)
  baseline         Sleep mode                               F1=0.000 EM=0
  pool             Keepalive                                F1=0.000 EM=0
  ipool            MediaDirect                              F1=0.000 EM=0
  idnmr            DevSlp                                   F1=0.000 EM=0
  idnmr_2round     Keepod                                   F1=0.000 EM=0
[150/200] dev_949 (92.9s)
  baseline         Full load                                F1=0.000 EM=0
  pool             900 mA                                   F1=0.000 EM=0
  ipool            full load                                F1=0.000 EM=0
  idnmr            500 mA                                   F1=0.000 EM=0
  idnmr_2round     900 mA                                   F1=0.000 EM=0
[155/200] dev_954 (69.3s)
  baseline         Governor-General                         F1=1.000 EM=0
  pool             Governor-General of the Presidency of Fo F1=0.333 EM=0
  ipool            Governor-General                         F1=1.000 EM=0
  idnmr            Governor-General of the Presidency of Fo F1=0.333 EM=0
  idnmr_2round     Governor-General of the Presidency of Fo F1=0.333 EM=0
[160/200] dev_959 (58.5s)
  baseline         Governor-General of India                F1=1.000 EM=1
  pool             Governor-General of India                F1=1.000 EM=1
  ipool            Governor-General of India                F1=1.000 EM=1
  idnmr            Governor-General of India                F1=1.000 EM=1
  idnmr_2round     Governor-General of India                F1=1.000 EM=1
[165/200] dev_964 (58.8s)
  baseline         1788                                     F1=0.000 EM=0
  pool             1788                                     F1=0.000 EM=0
  ipool            1788                                     F1=0.000 EM=0
  idnmr            1788                                     F1=0.000 EM=0
  idnmr_2round     1788                                     F1=0.000 EM=0
[170/200] dev_969 (43.1s)
  baseline         Tom Hood                                 F1=1.000 EM=1
  pool             Tom Hood                                 F1=1.000 EM=1
  ipool            Tom Hood                                 F1=1.000 EM=1
  idnmr            Tom Hood                                 F1=1.000 EM=1
  idnmr_2round     Tom Hood                                 F1=1.000 EM=1
[175/200] dev_974 (113.4s)
  baseline         Kobe Bryant                              F1=0.000 EM=0
  pool             Kevin Durant was picked before the playe F1=0.000 EM=0
  ipool            Kobe Bryant                              F1=0.000 EM=0
  idnmr            Kevin Durant was picked before the playe F1=0.000 EM=0
  idnmr_2round     Greg Oden was picked before the player w F1=0.105 EM=0
[180/200] dev_979 (91.7s)
  baseline         Nature Publishing Group                  F1=0.000 EM=0
  pool             Nature Publishing Group                  F1=0.000 EM=0
  ipool            Nature Publishing Group                  F1=0.000 EM=0
  idnmr            Nature Publishing Group                  F1=0.000 EM=0
  idnmr_2round     Nature Publishing Group                  F1=0.000 EM=0
[185/200] dev_984 (86.5s)
  baseline         Sam Bowie                                F1=0.000 EM=0
  pool             Sam Bowie                                F1=0.000 EM=0
  ipool            Sam Bowie                                F1=0.000 EM=0
  idnmr            Sam Bowie                                F1=0.000 EM=0
  idnmr_2round     Sam Bowie                                F1=0.000 EM=0
[190/200] dev_989 (94.7s)
  baseline         1833                                     F1=0.000 EM=0
  pool             1833                                     F1=0.000 EM=0
  ipool            January 1, 1808                          F1=0.000 EM=0
  idnmr            January 1, 1808                          F1=0.000 EM=0
  idnmr_2round     January 1, 1808                          F1=0.000 EM=0
[195/200] dev_994 (67.0s)
  baseline         Montgomery                               F1=0.000 EM=0
  pool             Montgomery                               F1=0.000 EM=0
  ipool            Montgomery                               F1=0.000 EM=0
  idnmr            Montgomery                               F1=0.000 EM=0
  idnmr_2round     Montgomery                               F1=0.000 EM=0
[200/200] dev_999 (59.8s)
  baseline         knight                                   F1=0.000 EM=0
  pool             knight                                   F1=0.000 EM=0
  ipool            knight                                   F1=0.000 EM=0
  idnmr            knight                                   F1=0.000 EM=0
  idnmr_2round     knight                                   F1=0.000 EM=0

Method               F1     EM  Contain
--------------------------------------
baseline          0.211  0.145    0.170
pool              0.262  0.185    0.220
ipool             0.245  0.175    0.210
idnmr             0.254  0.185    0.230
idnmr_2round      0.264  0.180    0.230

Total: 18062.3s (90.3s/q)
