/projects/prjs1800/venvs/arag-venv/lib/python3.10/site-packages/transformers/utils/hub.py:110: FutureWarning: Using `TRANSFORMERS_CACHE` is deprecated and will be removed in v5 of Transformers. Use `HF_HOME` instead.
  warnings.warn(
=== iDNMR Pilot ===
Model: dream, Rounds: 3, Steps: 32
Loading checkpoint shards:   0%|          | 0/4 [00:00<?, ?it/s]Loading checkpoint shards:  25%|██▌       | 1/4 [00:11<00:33, 11.21s/it]Loading checkpoint shards:  50%|█████     | 2/4 [00:22<00:22, 11.23s/it]Loading checkpoint shards:  75%|███████▌  | 3/4 [00:32<00:10, 10.64s/it]Loading checkpoint shards: 100%|██████████| 4/4 [00:34<00:00,  7.41s/it]Loading checkpoint shards: 100%|██████████| 4/4 [00:34<00:00,  8.71s/it]
The following generation flags are not valid and may be ignored: ['temperature']. Set `TRANSFORMERS_VERBOSITY=info` for more details.
  Model loaded in 36.3s
Loaded 200 questions
Batch initial retrieval...
  Done in 468.7s
[1/200] dev_600 (90.9s)
  baseline         Neil Patrick Harris                      F1=0.000 EM=0
  pool             Edward Nygma                             F1=0.000 EM=0
  ipool            Neil Patrick Harris                      F1=0.000 EM=0
  idnmr            Neil Patrick Harris plays the character  F1=0.000 EM=0
  idnmr_2round     Edward Nygma                             F1=0.000 EM=0
[5/200] dev_604 (81.5s)
  baseline         Cezanne Gray                             F1=0.000 EM=0
  pool             Cezanne Gray                             F1=0.000 EM=0
  ipool            Cezanne Gray                             F1=0.000 EM=0
  idnmr            Cezanne Gray                             F1=0.000 EM=0
  idnmr_2round     Cezanne Gray                             F1=0.000 EM=0
[10/200] dev_609 (73.1s)
  baseline         George W. McLaurin                       F1=0.000 EM=0
  pool             George W. McLaurin                       F1=0.000 EM=0
  ipool            George W. McLaurin                       F1=0.000 EM=0
  idnmr            George W. McLaurin                       F1=0.000 EM=0
  idnmr_2round     George W. McLaurin                       F1=0.000 EM=0
[15/200] dev_614 (99.9s)
  baseline         Baker County, Oregon                     F1=0.333 EM=0
  pool             Baker County                             F1=0.500 EM=0
  ipool            Los Alamos County, New Mexico            F1=0.200 EM=0
  idnmr            Baker County                             F1=0.500 EM=0
  idnmr_2round     Baker County                             F1=0.500 EM=0
[20/200] dev_619 (63.0s)
  baseline         Lake Ontario                             F1=0.000 EM=0
  pool             Lake Ontario                             F1=0.000 EM=0
  ipool            Lake Ontario                             F1=0.000 EM=0
  idnmr            Lake Ontario                             F1=0.000 EM=0
  idnmr_2round     Lake Ontario                             F1=0.000 EM=0
[25/200] dev_624 (131.5s)
  baseline         Music Director                           F1=0.000 EM=0
  pool             Best Costume Design in a Musical         F1=0.400 EM=0
  ipool            Andrea Dotti's spouse, also Andrea Dotti F1=0.111 EM=0
  idnmr            The spouse of Andrea Dotti, Heidi Etting F1=0.053 EM=0
  idnmr_2round     The spouse of Andrea Dotti, Isaac Mizrah F1=0.136 EM=0
[30/200] dev_629 (79.4s)
  baseline         San Francisco Rush                       F1=0.000 EM=0
  pool             San Francisco Rush (rugby)               F1=0.000 EM=0
  ipool            Chicago Rush                             F1=0.000 EM=0
  idnmr            San Francisco Rush (rugby)               F1=0.000 EM=0
  idnmr_2round     San Francisco Rush (rugby)               F1=0.000 EM=0
[35/200] dev_634 (113.5s)
  baseline         Baltimore Brigade                        F1=0.000 EM=0
  pool             Bakersfield Jammers                      F1=0.000 EM=0
  ipool            Baltimore Brigade                        F1=0.000 EM=0
  idnmr            Baltimore Brigade                        F1=0.000 EM=0
  idnmr_2round     Baltimore Brigade                        F1=0.000 EM=0
[40/200] dev_639 (119.9s)
  baseline         J.D. Williams                            F1=0.000 EM=0
  pool             Bodie Broadus                            F1=0.000 EM=0
  ipool            Bodie Broadus                            F1=0.000 EM=0
  idnmr            Bodie Broadus                            F1=0.000 EM=0
  idnmr_2round     Bodie Broadus                            F1=0.000 EM=0
[45/200] dev_644 (94.0s)
  baseline         Jason Bourne                             F1=0.000 EM=0
  pool             Matt Damon                               F1=1.000 EM=1
  ipool            Matt Damon                               F1=1.000 EM=1
  idnmr            Jason Bourne                             F1=0.000 EM=0
  idnmr_2round     Matt Damon                               F1=1.000 EM=1
[50/200] dev_649 (81.4s)
  baseline         Suborder Archostemata                    F1=0.000 EM=0
  pool             suborder Archostemata                    F1=0.000 EM=0
  ipool            Archostemata                             F1=0.000 EM=0
  idnmr            suborder Archostemata                    F1=0.000 EM=0
  idnmr_2round     suborder Archostemata                    F1=0.000 EM=0
[55/200] dev_654 (112.8s)
  baseline         Rudolph Giuliani                         F1=0.000 EM=0
  pool             Rudolph Giuliani                         F1=0.000 EM=0
  ipool            Rudolph Giuliani                         F1=0.000 EM=0
  idnmr            Rudolph Giuliani                         F1=0.000 EM=0
  idnmr_2round     Rudolph Giuliani                         F1=0.000 EM=0
[60/200] dev_659 (70.4s)
  baseline         2012                                     F1=0.000 EM=0
  pool             2012                                     F1=0.000 EM=0
  ipool            2012                                     F1=0.000 EM=0
  idnmr            September 2013                           F1=1.000 EM=1
  idnmr_2round     September 2013                           F1=1.000 EM=1
[65/200] dev_664 (94.5s)
  baseline         20 December 1852                         F1=0.000 EM=0
  pool             20 December 1971                         F1=0.000 EM=0
  ipool            20 December 1888                         F1=0.000 EM=0
  idnmr            20 December 1971                         F1=0.000 EM=0
  idnmr_2round     20 December 1971                         F1=0.000 EM=0
[70/200] dev_669 (79.9s)
  baseline         Volume of Sacred Law                     F1=0.000 EM=0
  pool             Bible                                    F1=0.000 EM=0
  ipool            Volume of Sacred Law                     F1=0.000 EM=0
  idnmr            John 20:9                                F1=0.000 EM=0
  idnmr_2round     Scripture                                F1=0.000 EM=0
[75/200] dev_674 (113.8s)
  baseline         Iain Douglas-Hamilton                    F1=0.000 EM=0
  pool             Oria Douglas-Hamilton                    F1=0.000 EM=0
  ipool            Oria Douglas-Hamilton                    F1=0.000 EM=0
  idnmr            Oria Douglas-Hamilton                    F1=0.000 EM=0
  idnmr_2round     Oria Douglas-Hamilton                    F1=0.000 EM=0
[80/200] dev_679 (81.8s)
  baseline         1919-1922                                F1=0.000 EM=0
  pool             1919-1922                                F1=0.000 EM=0
  ipool            1919-1922                                F1=0.000 EM=0
  idnmr            1919-1922                                F1=0.000 EM=0
  idnmr_2round     1919-1922                                F1=0.000 EM=0
[85/200] dev_684 (111.9s)
  baseline         246 BC                                   F1=0.500 EM=0
  pool             246 BC                                   F1=0.500 EM=0
  ipool            The war with Antigone's spouse, Pyrrhus  F1=0.071 EM=0
  idnmr            246 BC to 240 BC                         F1=0.200 EM=0
  idnmr_2round     246 BC and 243 BC                        F1=0.200 EM=0
[90/200] dev_689 (100.0s)
  baseline         innovative languages                     F1=0.000 EM=0
  pool             Finnic languages                         F1=0.000 EM=0
  ipool            Synthetic languages                      F1=0.000 EM=0
  idnmr            Finnic languages                         F1=0.000 EM=0
  idnmr_2round     Finnic languages                         F1=0.000 EM=0
[95/200] dev_694 (79.2s)
  baseline         Rosalind Ayres                           F1=0.000 EM=0
  pool             Rosalind Ayres                           F1=0.000 EM=0
  ipool            Rosalind Ayres                           F1=0.000 EM=0
  idnmr            Rosalind Ayres                           F1=0.000 EM=0
  idnmr_2round     Rosalind Ayres                           F1=0.000 EM=0
[100/200] dev_699 (79.7s)
  baseline         15 transmitters                          F1=0.000 EM=0
  pool             15                                       F1=0.000 EM=0
  ipool            15 transmitters                          F1=0.000 EM=0
  idnmr            15                                       F1=0.000 EM=0
  idnmr_2round     15                                       F1=0.000 EM=0
[105/200] dev_704 (106.6s)
  baseline         2002–03                                  F1=0.000 EM=0
  pool             2004                                     F1=0.000 EM=0
  ipool            2001–02 FA Cup                           F1=0.000 EM=0
  idnmr            2001–02 season                           F1=0.000 EM=0
  idnmr_2round     2001–02 season                           F1=0.000 EM=0
[110/200] dev_709 (110.3s)
  baseline         Dathan                                   F1=1.000 EM=1
  pool             Charlton Heston                          F1=0.000 EM=0
  ipool            Charlton Heston                          F1=0.000 EM=0
  idnmr            Charlton Heston                          F1=0.000 EM=0
  idnmr_2round     Charlton Heston                          F1=0.000 EM=0
[115/200] dev_714 (87.2s)
  baseline         Maastricht Academy of Dramatic Arts      F1=0.800 EM=0
  pool             Maastricht Academy of Dramatic Arts      F1=0.800 EM=0
  ipool            Maastricht Academy of Dramatic Arts      F1=0.800 EM=0
  idnmr            Maastricht Academy of Dramatic Arts      F1=0.800 EM=0
  idnmr_2round     Maastricht Academy of Dramatic Arts      F1=0.800 EM=0
[120/200] dev_719 (91.8s)
  baseline         Quaid-i-Azam University                  F1=0.000 EM=0
  pool             Quaid-i-Azam University is currently ran F1=0.000 EM=0
  ipool            University of Sharjah                    F1=0.000 EM=0
  idnmr            The university that Mohamed Abu Hamed at F1=0.000 EM=0
  idnmr_2round     University of Sharjah                    F1=0.000 EM=0
[125/200] dev_724 (96.7s)
  baseline         University of Sharjah                    F1=0.000 EM=0
  pool             Hala El Badry's university, American Uni F1=0.000 EM=0
  ipool            University of Sharjah                    F1=0.000 EM=0
  idnmr            Hala El Badry's university, The American F1=0.059 EM=0
  idnmr_2round     Hala El Badry's university, American Uni F1=0.056 EM=0
[130/200] dev_729 (77.8s)
  baseline         Unknown                                  F1=0.000 EM=0
  pool             top                                      F1=0.000 EM=0
  ipool            Unknown                                  F1=0.000 EM=0
  idnmr            employer reputation                      F1=0.000 EM=0
  idnmr_2round     Asia                                     F1=0.000 EM=0
[135/200] dev_734 (82.5s)
  baseline         Oliver Leaman                            F1=0.000 EM=0
  pool             Oliver Leaman                            F1=0.000 EM=0
  ipool            Oliver Leaman                            F1=0.000 EM=0
  idnmr            Oliver Leaman                            F1=0.000 EM=0
  idnmr_2round     Oliver Leaman                            F1=0.000 EM=0
[140/200] dev_739 (84.8s)
  baseline         Sharion Aycock                           F1=0.000 EM=0
  pool             Rosaline Bozimo                          F1=0.000 EM=0
  ipool            Sharion Aycock                           F1=0.000 EM=0
  idnmr            Rosaline Bozimo                          F1=0.000 EM=0
  idnmr_2round     Rosaline Bozimo                          F1=0.000 EM=0
[145/200] dev_744 (89.6s)
  baseline         inter-marriage and conversions           F1=1.000 EM=0
  pool             inter-marriage and conversions           F1=1.000 EM=0
  ipool            inter-marriage and conversions           F1=1.000 EM=0
  idnmr            inter-marriage and conversions           F1=1.000 EM=0
  idnmr_2round     inter-marriage and conversions           F1=1.000 EM=0
[150/200] dev_749 (103.8s)
  baseline         The Economist Group                      F1=0.000 EM=0
  pool             The Economist Group                      F1=0.000 EM=0
  ipool            The Economist Group                      F1=0.000 EM=0
  idnmr            Economist Group                          F1=0.000 EM=0
  idnmr_2round     The Economist Group                      F1=0.000 EM=0
[155/200] dev_754 (39.1s)
  baseline         ancient Egyptian                         F1=1.000 EM=0
  pool             ancient Egyptian                         F1=1.000 EM=0
  ipool            ancient Egyptian                         F1=1.000 EM=0
  idnmr            ancient Egyptian                         F1=1.000 EM=0
  idnmr_2round     ancient Egyptian                         F1=1.000 EM=0
[160/200] dev_759 (91.3s)
  baseline         England                                  F1=0.000 EM=0
  pool             West Riding of Yorkshire                 F1=0.000 EM=0
  ipool            England                                  F1=0.000 EM=0
  idnmr            Calderdale                               F1=0.000 EM=0
  idnmr_2round     West Yorkshire                           F1=0.000 EM=0
[165/200] dev_764 (72.8s)
  baseline         Milan                                    F1=0.000 EM=0
  pool             Milan                                    F1=0.000 EM=0
  ipool            Milan                                    F1=0.000 EM=0
  idnmr            Milan                                    F1=0.000 EM=0
  idnmr_2round     Milan                                    F1=0.000 EM=0
[170/200] dev_769 (112.5s)
  baseline         Stephen Joseph Harper                    F1=0.000 EM=0
  pool             Andrew Scheer                            F1=1.000 EM=1
  ipool            Andrew Scheer                            F1=1.000 EM=1
  idnmr            Andrew Scheer                            F1=1.000 EM=1
  idnmr_2round     Andrew Scheer                            F1=1.000 EM=1
[175/200] dev_774 (94.3s)
  baseline         Stephen Harper                           F1=0.000 EM=0
  pool             Stephen Harper                           F1=0.000 EM=0
  ipool            Stephen Harper                           F1=0.000 EM=0
  idnmr            Stephen Harper                           F1=0.000 EM=0
  idnmr_2round     Stephen Harper                           F1=0.000 EM=0
[180/200] dev_779 (72.2s)
  baseline         Keturah                                  F1=1.000 EM=1
  pool             Keturah                                  F1=1.000 EM=1
  ipool            Keturah                                  F1=1.000 EM=1
  idnmr            Keturah                                  F1=1.000 EM=1
  idnmr_2round     Keturah                                  F1=1.000 EM=1
[185/200] dev_784 (81.1s)
  baseline         Michael Preece                           F1=0.000 EM=0
  pool             Michael Preece                           F1=0.000 EM=0
  ipool            Michael Preece                           F1=0.000 EM=0
  idnmr            Michael Preece                           F1=0.000 EM=0
  idnmr_2round     Michael Preece                           F1=0.000 EM=0
[190/200] dev_789 (81.9s)
  baseline         1990                                     F1=0.000 EM=0
  pool             1968                                     F1=0.000 EM=0
  ipool            1990                                     F1=0.000 EM=0
  idnmr            1968                                     F1=0.000 EM=0
  idnmr_2round     1968                                     F1=0.000 EM=0
[195/200] dev_794 (84.2s)
  baseline         120 BC                                   F1=0.000 EM=0
  pool             105 BC                                   F1=0.000 EM=0
  ipool            101 BC                                   F1=0.000 EM=0
  idnmr            376                                      F1=0.000 EM=0
  idnmr_2round     376                                      F1=0.000 EM=0
[200/200] dev_799 (47.2s)
  baseline         Aeson                                    F1=1.000 EM=1
  pool             Aeson                                    F1=1.000 EM=1
  ipool            Aeson                                    F1=1.000 EM=1
  idnmr            Aeson                                    F1=1.000 EM=1
  idnmr_2round     Aeson                                    F1=1.000 EM=1

Method               F1     EM  Contain
--------------------------------------
baseline          0.221  0.095    0.105
pool              0.268  0.130    0.150
ipool             0.237  0.110    0.135
idnmr             0.259  0.140    0.165
idnmr_2round      0.266  0.145    0.165

Total: 18065.0s (90.3s/q)
