/projects/prjs1800/venvs/arag-venv/lib/python3.10/site-packages/transformers/utils/hub.py:110: FutureWarning: Using `TRANSFORMERS_CACHE` is deprecated and will be removed in v5 of Transformers. Use `HF_HOME` instead.
  warnings.warn(
=== iDNMR Pilot ===
Model: dream, Rounds: 3, Steps: 32
Loading checkpoint shards:   0%|          | 0/4 [00:00<?, ?it/s]Loading checkpoint shards:  25%|██▌       | 1/4 [00:11<00:33, 11.20s/it]Loading checkpoint shards:  50%|█████     | 2/4 [00:22<00:22, 11.24s/it]Loading checkpoint shards:  75%|███████▌  | 3/4 [00:32<00:10, 10.65s/it]Loading checkpoint shards: 100%|██████████| 4/4 [00:34<00:00,  7.41s/it]Loading checkpoint shards: 100%|██████████| 4/4 [00:34<00:00,  8.71s/it]
The following generation flags are not valid and may be ignored: ['temperature']. Set `TRANSFORMERS_VERBOSITY=info` for more details.
  Model loaded in 36.3s
Loaded 200 questions
Batch initial retrieval...
  Done in 468.3s
[1/200] dev_400 (83.2s)
  baseline         archie                                   F1=0.000 EM=0
  pool             relax                                    F1=0.000 EM=0
  ipool            archie                                   F1=0.000 EM=0
  idnmr            relax                                    F1=0.000 EM=0
  idnmr_2round     relax                                    F1=0.000 EM=0
[5/200] dev_404 (101.8s)
  baseline         never                                    F1=0.000 EM=0
  pool             April 22, 1882                           F1=0.000 EM=0
  ipool            May 10                                   F1=0.000 EM=0
  idnmr            April 22, 1882                           F1=0.000 EM=0
  idnmr_2round     April 22, 1882                           F1=0.000 EM=0
[10/200] dev_409 (86.5s)
  baseline         1848                                     F1=1.000 EM=1
  pool             1848                                     F1=1.000 EM=1
  ipool            1848                                     F1=1.000 EM=1
  idnmr            1846-1848                                F1=0.000 EM=0
  idnmr_2round     1848                                     F1=1.000 EM=1
[15/200] dev_414 (67.2s)
  baseline         1843                                     F1=0.000 EM=0
  pool             1843                                     F1=0.000 EM=0
  ipool            1843                                     F1=0.000 EM=0
  idnmr            1843                                     F1=0.000 EM=0
  idnmr_2round     1843                                     F1=0.000 EM=0
[20/200] dev_419 (74.8s)
  baseline         1819                                     F1=1.000 EM=0
  pool             1819                                     F1=1.000 EM=0
  ipool            1819                                     F1=1.000 EM=0
  idnmr            1819                                     F1=1.000 EM=0
  idnmr_2round     1819                                     F1=1.000 EM=0
[25/200] dev_424 (91.9s)
  baseline         1819                                     F1=1.000 EM=0
  pool             1819                                     F1=1.000 EM=0
  ipool            1819                                     F1=1.000 EM=0
  idnmr            1819                                     F1=1.000 EM=0
  idnmr_2round     1819                                     F1=1.000 EM=0
[30/200] dev_429 (86.4s)
  baseline         Ease of use and Plug and Play            F1=1.000 EM=0
  pool             Ease of use and Plug and Play            F1=1.000 EM=0
  ipool            Ease of use and Plug and Play            F1=1.000 EM=0
  idnmr            Ease of use and Plug and Play            F1=1.000 EM=0
  idnmr_2round     Ease of use and Plug and Play            F1=1.000 EM=0
[35/200] dev_434 (78.1s)
  baseline         arrondissement                           F1=0.000 EM=0
  pool             Provence-Alpes-Côte d'Azur               F1=0.000 EM=0
  ipool            arrondissement                           F1=0.000 EM=0
  idnmr            Provence-Alpes-Côte d'Azur               F1=0.000 EM=0
  idnmr_2round     Provence-Alpes-Côte d'Azur               F1=0.000 EM=0
[40/200] dev_439 (119.1s)
  baseline         Persian Gulf Pro League                  F1=0.250 EM=0
  pool             Persian Gulf Pro League                  F1=0.250 EM=0
  ipool            Jordanian Pro League                     F1=0.333 EM=0
  idnmr            Persian Gulf Pro League                  F1=0.250 EM=0
  idnmr_2round     Persian Gulf Pro League                  F1=0.250 EM=0
[45/200] dev_444 (69.9s)
  baseline         Sydney Harbour                           F1=1.000 EM=1
  pool             Sydney Harbour                           F1=1.000 EM=1
  ipool            Sydney Harbour                           F1=1.000 EM=1
  idnmr            Sydney Harbour                           F1=1.000 EM=1
  idnmr_2round     Sydney Harbour                           F1=1.000 EM=1
[50/200] dev_449 (77.5s)
  baseline         Lucy Mack                                F1=1.000 EM=0
  pool             Lucy Mack Smith                          F1=1.000 EM=1
  ipool            Lucy Mack Smith                          F1=1.000 EM=1
  idnmr            Lucy Mack Smith                          F1=1.000 EM=1
  idnmr_2round     Lucy Mack Smith                          F1=1.000 EM=1
[55/200] dev_454 (43.1s)
  baseline         Bob Saget                                F1=0.000 EM=0
  pool             Bob Saget                                F1=0.000 EM=0
  ipool            Bob Saget                                F1=0.000 EM=0
  idnmr            Bob Saget                                F1=0.000 EM=0
  idnmr_2round     Bob Saget                                F1=0.000 EM=0
[60/200] dev_459 (79.6s)
  baseline         The Mother                               F1=0.000 EM=0
  pool             Tracy McConnell                          F1=1.000 EM=1
  ipool            The Mother                               F1=0.000 EM=0
  idnmr            Tracy McConnell                          F1=1.000 EM=1
  idnmr_2round     Tracy McConnell                          F1=1.000 EM=1
[65/200] dev_464 (73.0s)
  baseline         Bath School of Art and Design            F1=0.500 EM=0
  pool             Bath School of Art and Design            F1=0.500 EM=0
  ipool            Bath School of Art and Design            F1=0.500 EM=0
  idnmr            Bath School of Art and Design            F1=0.500 EM=0
  idnmr_2round     Bath School of Art and Design            F1=0.500 EM=0
[70/200] dev_469 (93.3s)
  baseline         MLS                                      F1=0.000 EM=0
  pool             Major League Soccer (MLS)                F1=0.750 EM=0
  ipool            Major League Soccer (MLS)                F1=0.750 EM=0
  idnmr            Major League Soccer (MLS)                F1=0.750 EM=0
  idnmr_2round     Major League Soccer (MLS)                F1=0.750 EM=0
[75/200] dev_474 (82.7s)
  baseline         Kevin McKidd                             F1=0.000 EM=0
  pool             Kevin McKidd                             F1=0.000 EM=0
  ipool            Kevin McKidd                             F1=0.000 EM=0
  idnmr            Kevin McKidd                             F1=0.000 EM=0
  idnmr_2round     Kevin McKidd, who played Batman in Justi F1=0.000 EM=0
[80/200] dev_479 (74.6s)
  baseline         10th century                             F1=0.000 EM=0
  pool             1975                                     F1=0.000 EM=0
  ipool            10th century                             F1=0.000 EM=0
  idnmr            1975                                     F1=0.000 EM=0
  idnmr_2round     1975                                     F1=0.000 EM=0
[85/200] dev_484 (78.7s)
  baseline         20-30%                                   F1=0.000 EM=0
  pool             20-30%                                   F1=0.000 EM=0
  ipool            20-30%                                   F1=0.000 EM=0
  idnmr            20-30%                                   F1=0.000 EM=0
  idnmr_2round     20-30%                                   F1=0.000 EM=0
[90/200] dev_489 (73.3s)
  baseline         three quarters                           F1=0.000 EM=0
  pool             three quarters                           F1=0.000 EM=0
  ipool            60%                                      F1=0.000 EM=0
  idnmr            three quarters                           F1=0.000 EM=0
  idnmr_2round     three quarters                           F1=0.000 EM=0
[95/200] dev_494 (108.1s)
  baseline         Adam Smith Foundation                    F1=0.000 EM=0
  pool             Royal Swedish Academy of Sciences        F1=0.200 EM=0
  ipool            University of Glasgow                    F1=0.667 EM=0
  idnmr            The Royal Swedish Academy of Sciences gi F1=0.042 EM=0
  idnmr_2round     The Royal Swedish Academy of Sciences aw F1=0.042 EM=0
[100/200] dev_499 (93.6s)
  baseline         Johor River                              F1=0.500 EM=0
  pool             Johor River                              F1=0.500 EM=0
  ipool            Johor River                              F1=0.500 EM=0
  idnmr            Johor River                              F1=0.500 EM=0
  idnmr_2round     Johor River                              F1=0.500 EM=0
[105/200] dev_504 (73.4s)
  baseline         World War II                             F1=0.333 EM=0
  pool             World War II                             F1=0.333 EM=0
  ipool            World War II                             F1=0.333 EM=0
  idnmr            World War II                             F1=0.333 EM=0
  idnmr_2round     World War II                             F1=0.333 EM=0
[110/200] dev_509 (90.7s)
  baseline         William Regal                            F1=0.000 EM=0
  pool             King of the Ring (2008)                  F1=0.000 EM=0
  ipool            King of the Ring (2008)                  F1=0.000 EM=0
  idnmr            King of the Ring (2008)                  F1=0.000 EM=0
  idnmr_2round     King of the Ring (2008)                  F1=0.000 EM=0
[115/200] dev_514 (104.8s)
  baseline         Umgeni River                             F1=0.500 EM=0
  pool             Limpopo River                            F1=1.000 EM=1
  ipool            Umfolozi River                           F1=0.500 EM=0
  idnmr            Limpopo River                            F1=1.000 EM=1
  idnmr_2round     Limpopo River                            F1=1.000 EM=1
[120/200] dev_519 (94.7s)
  baseline         convert                                  F1=0.000 EM=0
  pool             announcing                               F1=0.000 EM=0
  ipool            announcing                               F1=0.000 EM=0
  idnmr            Progress software                        F1=0.000 EM=0
  idnmr_2round     digital transformation                   F1=0.000 EM=0
[125/200] dev_524 (68.4s)
  baseline         Tanzania                                 F1=1.000 EM=1
  pool             Tanzania                                 F1=1.000 EM=1
  ipool            Tanzania                                 F1=1.000 EM=1
  idnmr            Tanzania                                 F1=1.000 EM=1
  idnmr_2round     Tanzania                                 F1=1.000 EM=1
[130/200] dev_529 (82.6s)
  baseline         2013                                     F1=0.000 EM=0
  pool             2011                                     F1=1.000 EM=0
  ipool            2011                                     F1=1.000 EM=0
  idnmr            2011                                     F1=1.000 EM=0
  idnmr_2round     2011                                     F1=1.000 EM=0
[135/200] dev_534 (82.2s)
  baseline         Western and Eastern                      F1=0.333 EM=0
  pool             Western and Eastern                      F1=0.333 EM=0
  ipool            Western and Eastern                      F1=0.333 EM=0
  idnmr            Western and Eastern                      F1=0.333 EM=0
  idnmr_2round     Western and Eastern                      F1=0.333 EM=0
[140/200] dev_539 (98.9s)
  baseline         Vinnytsia Oblast                         F1=0.500 EM=0
  pool             Tomsk Oblast                             F1=0.500 EM=0
  ipool            Novgorod Oblast                          F1=0.500 EM=0
  idnmr            Tomsk Oblast                             F1=0.500 EM=0
  idnmr_2round     Tomsk Oblast                             F1=0.500 EM=0
[145/200] dev_544 (97.3s)
  baseline         Houston Person                           F1=0.000 EM=0
  pool             unknown                                  F1=0.000 EM=0
  ipool            Houston Person                           F1=0.000 EM=0
  idnmr            Unknown                                  F1=0.000 EM=0
  idnmr_2round     Unknown                                  F1=0.000 EM=0
[150/200] dev_549 (73.8s)
  baseline         1856                                     F1=0.000 EM=0
  pool             6 January 1852                           F1=0.000 EM=0
  ipool            6 January 1852                           F1=0.000 EM=0
  idnmr            6 January 1852                           F1=0.000 EM=0
  idnmr_2round     6 January 1852                           F1=0.000 EM=0
[155/200] dev_554 (65.4s)
  baseline         1986                                     F1=0.000 EM=0
  pool             1986                                     F1=0.000 EM=0
  ipool            1986                                     F1=0.000 EM=0
  idnmr            1986                                     F1=0.000 EM=0
  idnmr_2round     1986                                     F1=0.000 EM=0
[160/200] dev_559 (90.6s)
  baseline         North Pole                               F1=0.500 EM=0
  pool             North Pole                               F1=0.500 EM=0
  ipool            North Pole                               F1=0.500 EM=0
  idnmr            Finland                                  F1=0.000 EM=0
  idnmr_2round     Finland                                  F1=0.000 EM=0
[165/200] dev_564 (72.9s)
  baseline         Dave Koz                                 F1=0.000 EM=0
  pool             Dave Koz                                 F1=0.000 EM=0
  ipool            Dave Koz                                 F1=0.000 EM=0
  idnmr            Dave Koz                                 F1=0.000 EM=0
  idnmr_2round     Dave Koz                                 F1=0.000 EM=0
[170/200] dev_569 (81.5s)
  baseline         DeMarcus Ware                            F1=0.000 EM=0
  pool             Dallas Cowboys                           F1=0.000 EM=0
  ipool            Dallas Cowboys                           F1=0.000 EM=0
  idnmr            Dallas Cowboys                           F1=0.000 EM=0
  idnmr_2round     Dallas Cowboys                           F1=0.000 EM=0
[175/200] dev_574 (90.3s)
  baseline         Nissan Altima                            F1=1.000 EM=1
  pool             Nissan Altima                            F1=1.000 EM=1
  ipool            Nissan Altima                            F1=1.000 EM=1
  idnmr            Nissan Altima                            F1=1.000 EM=1
  idnmr_2round     Nissan Altima                            F1=1.000 EM=1
[180/200] dev_579 (87.3s)
  baseline         Nissan Altima                            F1=1.000 EM=1
  pool             Nissan Altima                            F1=1.000 EM=1
  ipool            Nissan Altima                            F1=1.000 EM=1
  idnmr            Nissan Altima                            F1=1.000 EM=1
  idnmr_2round     Nissan Altima                            F1=1.000 EM=1
[185/200] dev_584 (75.9s)
  baseline         chemistry                                F1=0.000 EM=0
  pool             Chemistry                                F1=0.000 EM=0
  ipool            chemistry                                F1=0.000 EM=0
  idnmr            Chemistry                                F1=0.000 EM=0
  idnmr_2round     Chemistry                                F1=0.000 EM=0
[190/200] dev_589 (36.8s)
  baseline         45.5%                                    F1=0.000 EM=0
  pool             45.5%                                    F1=0.000 EM=0
  ipool            45.5%                                    F1=0.000 EM=0
  idnmr            45.5%                                    F1=0.000 EM=0
  idnmr_2round     45.5%                                    F1=0.000 EM=0
[195/200] dev_594 (36.9s)
  baseline         48.3 percent                             F1=0.500 EM=0
  pool             48.3 percent                             F1=0.500 EM=0
  ipool            48.3 percent                             F1=0.500 EM=0
  idnmr            48.3 percent                             F1=0.500 EM=0
  idnmr_2round     48.3 percent                             F1=0.500 EM=0
[200/200] dev_599 (88.1s)
  baseline         Neil Patrick Harris                      F1=0.000 EM=0
  pool             Count Olaf                               F1=0.000 EM=0
  ipool            Count Olaf                               F1=0.000 EM=0
  idnmr            Dr. Jeremiah Arkham and Batman           F1=0.000 EM=0
  idnmr_2round     Dr. Jeremiah Arkham                      F1=0.000 EM=0

Method               F1     EM  Contain
--------------------------------------
baseline          0.237  0.090    0.095
pool              0.291  0.155    0.175
ipool             0.279  0.130    0.145
idnmr             0.299  0.170    0.205
idnmr_2round      0.298  0.165    0.190

Total: 17360.1s (86.8s/q)
