/projects/prjs1800/venvs/arag-venv/lib/python3.10/site-packages/transformers/utils/hub.py:110: FutureWarning: Using `TRANSFORMERS_CACHE` is deprecated and will be removed in v5 of Transformers. Use `HF_HOME` instead.
  warnings.warn(
=== iDNMR Pilot ===
Model: llada, Rounds: 3, Steps: 32
`torch_dtype` is deprecated! Use `dtype` instead!
Loading checkpoint shards:   0%|          | 0/6 [00:00<?, ?it/s]Loading checkpoint shards:  50%|█████     | 3/6 [00:00<00:00, 12.28it/s]Loading checkpoint shards:  83%|████████▎ | 5/6 [00:00<00:00, 12.81it/s]Loading checkpoint shards: 100%|██████████| 6/6 [00:00<00:00, 14.40it/s]
  Model loaded in 39.7s
Loaded 200 questions
Batch initial retrieval...
  Done in 473.5s
[1/200] dev_400 (170.0s)
  baseline         The line "committing 'insects' in the fa F1=0.000 EM=0
  pool             The context passages do not mention a sp F1=0.045 EM=0
  ipool            The line by a cast member of Birds of Fe F1=0.000 EM=0
  idnmr            The context passages do not mention a sp F1=0.045 EM=0
  idnmr_2round     The context passages do not mention a sp F1=0.045 EM=0
[10/200] dev_409 (156.1s)
  baseline         Jefferson Davis did not fight in the Mex F1=0.000 EM=0
  pool             Jefferson Davis ended his fight in the M F1=0.053 EM=0
  ipool            Jefferson Davis, the person chosen to be F1=0.059 EM=0
  idnmr            Jefferson Davis, the person chosen to be F1=0.059 EM=0
  idnmr_2round     Jefferson Davis, the person chosen to be F1=0.059 EM=0
[20/200] dev_419 (134.2s)
  baseline         The date of birth of the creator of A Bu F1=0.062 EM=0
  pool             The date of birth of the creator of A Bu F1=0.059 EM=0
  ipool            The date of birth of the creator of "A B F1=0.077 EM=0
  idnmr            Gustave Courbet, the creator of A Burial F1=0.231 EM=0
  idnmr_2round     The date of birth of the creator of A Bu F1=0.059 EM=0
[30/200] dev_429 (99.1s)
  baseline         Bill Gates, who announced Windows in 198 F1=0.500 EM=0
  pool             Bill Gates, who announced Windows in 198 F1=0.500 EM=0
  ipool            Bill Gates, who announced Windows in 198 F1=0.500 EM=0
  idnmr            Bill Gates, who announced Windows in 198 F1=0.500 EM=0
  idnmr_2round     Bill Gates, who announced Windows in 198 F1=0.500 EM=0
[40/200] dev_439 (165.6s)
  baseline         Omani League                             F1=0.500 EM=0
  pool             The Oman Professional League, also known F1=0.053 EM=0
  ipool            The operating group of Al Janoub Stadium F1=0.048 EM=0
  idnmr            The Oman Professional League, also known F1=0.053 EM=0
  idnmr_2round     The Oman Professional League, also known F1=0.053 EM=0
[50/200] dev_449 (139.4s)
  baseline         Lucy Mack                                F1=1.000 EM=0
  pool             The mother of Katharine Smith Salisbury' F1=0.150 EM=0
  ipool            The mother of Katharine Smith Salisbury' F1=0.150 EM=0
  idnmr            The mother of Katharine Smith Salisbury' F1=0.150 EM=0
  idnmr_2round     The mother of Katharine Smith Salisbury' F1=0.150 EM=0
[60/200] dev_459 (147.6s)
  baseline         Robin                                    F1=0.000 EM=0
  pool             The person telling the story in How I Me F1=0.091 EM=0
  ipool            The person telling the story in How I Me F1=0.095 EM=0
  idnmr            The person telling the story in How I Me F1=0.100 EM=0
  idnmr_2round     The person telling the story in How I Me F1=0.100 EM=0
[70/200] dev_469 (148.9s)
  baseline         MLS                                      F1=0.000 EM=0
  pool             The team that uses Dick's Sporting Goods F1=0.143 EM=0
  ipool            The team that uses Dick's Sporting Goods F1=0.158 EM=0
  idnmr            The team that uses Dick's Sporting Goods F1=0.150 EM=0
  idnmr_2round     The team that uses Dick's Sporting Goods F1=0.150 EM=0
[80/200] dev_479 (134.8s)
  baseline         The kingdom that Heptarchy was part of w F1=0.000 EM=0
  pool             The kingdom that Heptarchy was part of i F1=0.000 EM=0
  ipool            The kingdom that Heptarchy was part of i F1=0.000 EM=0
  idnmr            The kingdom that Heptarchy was part of i F1=0.000 EM=0
  idnmr_2round     The kingdom that Heptarchy was part of i F1=0.000 EM=0
[90/200] dev_489 (103.9s)
  baseline         The population of the region where Baton F1=0.000 EM=0
  pool             The population of the region where Baton F1=0.000 EM=0
  ipool            The population of the region where Baton F1=0.000 EM=0
  idnmr            The population of the region where Baton F1=0.000 EM=0
  idnmr_2round     The population of the region where Baton F1=0.000 EM=0
[100/200] dev_499 (131.8s)
  baseline         Pa Sak River                             F1=0.333 EM=0
  pool             The river on which Pa Sak Jolasid Dam is F1=0.158 EM=0
  ipool            The river on which Pa Sak Jolasid Dam is F1=0.158 EM=0
  idnmr            The Pa Sak River, on which the Pa Sak Jo F1=0.167 EM=0
  idnmr_2round     The Pa Sak River, on which the Pa Sak Jo F1=0.167 EM=0
[110/200] dev_509 (124.2s)
  baseline         The wrestler who has held the Interconti F1=0.000 EM=0
  pool             The wrestler who has held the interconti F1=0.000 EM=0
  ipool            Chris Jericho, who has held the Intercon F1=0.000 EM=0
  idnmr            The wrestler who has held the interconti F1=0.000 EM=0
  idnmr_2round     The wrestler who has held the interconti F1=0.000 EM=0
[120/200] dev_519 (109.5s)
  baseline         The company owned by MV Macoma announced F1=0.150 EM=0
  pool             The company owned by MV Macoma announced F1=0.130 EM=0
  ipool            The company owned by MV Macoma announced F1=0.130 EM=0
  idnmr            The company owned by MV Macoma announced F1=0.130 EM=0
  idnmr_2round     The company owned by MV Macoma announced F1=0.130 EM=0
[130/200] dev_529 (126.9s)
  baseline         The performer of "I Love Life, Thank You F1=0.000 EM=0
  pool             The performer of "I Love Life, Thank You F1=0.000 EM=0
  ipool            The performer of "I Love Life, Thank You F1=0.000 EM=0
  idnmr            The performer of "I Love Life, Thank You F1=0.000 EM=0
  idnmr_2round     The performer of "I Love Life, Thank You F1=0.000 EM=0
[140/200] dev_539 (153.3s)
  baseline         Nemyriv is one of the oldest cities in V F1=0.077 EM=0
  pool             Nemyriv is one of the oldest cities in V F1=0.062 EM=0
  ipool            The oldest city in the northeast is Nemy F1=0.067 EM=0
  idnmr            Nemyriv, the oldest city in the northeas F1=0.071 EM=0
  idnmr_2round     Nemyriv is one of the oldest cities in V F1=0.062 EM=0
[150/200] dev_549 (122.7s)
  baseline         Beatrice Wood, the creator of The Blind  F1=0.000 EM=0
  pool             John Everett Millais, the creator of The F1=0.000 EM=0
  ipool            The creator of The Blind Girl, John Ever F1=0.000 EM=0
  idnmr            John Everett Millais, the creator of the F1=0.214 EM=0
  idnmr_2round     John Everett Millais, the creator of the F1=0.214 EM=0
[2026-04-01T03:13:48.046] error: *** JOB 21417632 ON gcn49 CANCELLED AT 2026-04-01T03:13:48 DUE TO TIME LIMIT ***
