/projects/prjs1800/venvs/arag-venv/lib/python3.10/site-packages/transformers/utils/hub.py:110: FutureWarning: Using `TRANSFORMERS_CACHE` is deprecated and will be removed in v5 of Transformers. Use `HF_HOME` instead.
  warnings.warn(
=== iDNMR Pilot ===
Model: llada, Rounds: 3, Steps: 16
`torch_dtype` is deprecated! Use `dtype` instead!
Loading checkpoint shards:   0%|          | 0/6 [00:00<?, ?it/s]Loading checkpoint shards: 100%|██████████| 6/6 [00:00<00:00, 57.51it/s]Loading checkpoint shards: 100%|██████████| 6/6 [00:00<00:00, 57.39it/s]
  Model loaded in 22.9s
Loaded 200 questions
Batch initial retrieval...
  Done in 455.4s
[1/200] dev_600 (84.9s)
  baseline         Neil Patrick Harris plays Butch          F1=0.000 EM=0
  pool             Oswald Cobblepot                         F1=0.000 EM=0
  ipool            Neil Patrick Harris plays the Joker      F1=0.000 EM=0
  idnmr            Oswald Cobblepot                         F1=0.000 EM=0
  idnmr_2round     Oswald Cobblepot                         F1=0.000 EM=0
[5/200] dev_604 (73.3s)
  baseline         Harpeth Hall School.                     F1=0.000 EM=0
  pool             C.A. Gray Jr.                            F1=0.000 EM=0
  ipool            Harpeth Hall School.                     F1=0.000 EM=0
  idnmr            Cézanne Gray.                            F1=0.000 EM=0
  idnmr_2round     C.A. Gray Jr.                            F1=0.000 EM=0
[10/200] dev_609 (62.4s)
  baseline         George W. McLaurin                       F1=0.000 EM=0
  pool             George W. McLaurin                       F1=0.000 EM=0
  ipool            George W. McLaurin                       F1=0.000 EM=0
  idnmr            George W. McLaurin                       F1=0.000 EM=0
  idnmr_2round     George W. McLaurin                       F1=0.000 EM=0
[15/200] dev_614 (83.4s)
  baseline         Albuquerque, New Mexico                  F1=0.000 EM=0
  pool             Custer County, South Dakota              F1=0.250 EM=0
  ipool            Los Alamos, New Mexico                   F1=0.000 EM=0
  idnmr            Los Alamos, New Mexico                   F1=0.000 EM=0
  idnmr_2round     Custer County, South Dakota              F1=0.250 EM=0
[20/200] dev_619 (68.9s)
  baseline         The Bay of Quinte.                       F1=0.000 EM=0
  pool             Kenté, French Catholic mission           F1=0.000 EM=0
  ipool            Partridge Creek (Ontario)                F1=0.000 EM=0
  idnmr            Missionary Paul Le Jeune                 F1=0.000 EM=0
  idnmr_2round     Answer: Bay of Quinte                    F1=0.000 EM=0
[25/200] dev_624 (77.7s)
  baseline         Gail Dubinbaum.                          F1=0.000 EM=0
  pool             "An American in Paris"                   F1=0.333 EM=0
  ipool            "An American in Paris"                   F1=0.333 EM=0
  idnmr            "An American in Paris"                   F1=0.333 EM=0
  idnmr_2round     "An American in Paris"                   F1=0.333 EM=0
[30/200] dev_629 (64.6s)
  baseline         San Francisco Rush professional rugby te F1=0.000 EM=0
  pool             San Francisco Rush professional rugby te F1=0.000 EM=0
  ipool            San Francisco Rush professional rugby te F1=0.000 EM=0
  idnmr            San Francisco Rush professional rugby te F1=0.000 EM=0
  idnmr_2round     San Francisco Rush professional rugby te F1=0.000 EM=0
[35/200] dev_634 (82.2s)
  baseline         NHL's Edmonton Oilers                    F1=0.000 EM=0
  pool             Dignity Health Event Center              F1=0.000 EM=0
  ipool            Short Answer: The Baltimore Brigade      F1=0.000 EM=0
  idnmr            Dignity Health Event Center              F1=0.000 EM=0
  idnmr_2round     Dignity Health Event Center              F1=0.000 EM=0
[40/200] dev_639 (75.4s)
  baseline         Poot, Tray Chaney                        F1=0.000 EM=0
  pool             Poot, Tray Chaney                        F1=0.000 EM=0
  ipool            Gbenga Akinnagbe                         F1=0.000 EM=0
  idnmr            Poot, Tray Chaney                        F1=0.000 EM=0
  idnmr_2round     Poot, Tray Chaney                        F1=0.000 EM=0
[45/200] dev_644 (70.2s)
  baseline         Matt Damon reprises his role             F1=0.400 EM=0
  pool             Matt Damon as Jason Bourne               F1=0.400 EM=0
  ipool            Matt Damon as Jason Bourne               F1=0.400 EM=0
  idnmr            Matt Damon as Jason Bourne               F1=0.400 EM=0
  idnmr_2round     Matt Damon as Jason Bourne               F1=0.400 EM=0
[50/200] dev_649 (65.8s)
  baseline         suborder Archostemata                    F1=0.000 EM=0
  pool             suborder Archostemata                    F1=0.000 EM=0
  ipool            suborder Archostemata                    F1=0.000 EM=0
  idnmr            suborder Archostemata                    F1=0.000 EM=0
  idnmr_2round     suborder Archostemata                    F1=0.000 EM=0
[55/200] dev_654 (87.9s)
  baseline         Rudolph, Giuliani                        F1=0.000 EM=0
  pool             Rudolph William Giuliani                 F1=0.000 EM=0
  ipool            Rudolph William Giuliani                 F1=0.000 EM=0
  idnmr            Rudolph William Giuliani                 F1=0.000 EM=0
  idnmr_2round     Rudolph William Giuliani                 F1=0.000 EM=0
[60/200] dev_659 (80.6s)
  baseline         In 2012                                  F1=0.000 EM=0
  pool             September 2013                           F1=1.000 EM=1
  ipool            September 2013                           F1=1.000 EM=1
  idnmr            September 2013                           F1=1.000 EM=1
  idnmr_2round     September 2013                           F1=1.000 EM=1
[65/200] dev_664 (78.8s)
  baseline         July 1940                                F1=0.000 EM=0
  pool             December 1971                            F1=0.000 EM=0
  ipool            July 1965                                F1=0.000 EM=0
  idnmr            April 1971                               F1=0.000 EM=0
  idnmr_2round     April 1971                               F1=0.000 EM=0
[70/200] dev_669 (69.0s)
  baseline         Corpus Juris Canonici                    F1=0.000 EM=0
  pool             Corpus Juris Canonici                    F1=0.000 EM=0
  ipool            Corpus Juris Canonici                    F1=0.000 EM=0
  idnmr            Corpus Juris Canonici                    F1=0.000 EM=0
  idnmr_2round     Corpus Juris Canonici                    F1=0.000 EM=0
[75/200] dev_674 (71.8s)
  baseline         Oria Douglas-Hamilton                    F1=0.000 EM=0
  pool             Oria Douglas-Hamilton                    F1=0.000 EM=0
  ipool            Oria Douglas-Hamilton                    F1=0.000 EM=0
  idnmr            Oria Douglas-Hamilton                    F1=0.000 EM=0
  idnmr_2round     Oria Douglas-Hamilton                    F1=0.000 EM=0
[80/200] dev_679 (69.2s)
  baseline         October 1912                             F1=0.000 EM=0
  pool             Greco-Turkish War                        F1=0.000 EM=0
  ipool            May 1919                                 F1=0.000 EM=0
  idnmr            February 1913                            F1=0.000 EM=0
  idnmr_2round     Greco-Turkish War                        F1=0.000 EM=0
[85/200] dev_684 (87.3s)
  baseline         Before 317 BC                            F1=0.333 EM=0
  pool             Before 295 BC                            F1=0.333 EM=0
  ipool            Before 295 BC                            F1=0.333 EM=0
  idnmr            Before 317 BC                            F1=0.333 EM=0
  idnmr_2round     Before 317 BC                            F1=0.333 EM=0
[90/200] dev_689 (83.6s)
  baseline         "Innovative language division"           F1=0.000 EM=0
  pool             Centum and satem                         F1=0.000 EM=0
  ipool            innovative vs. conservative              F1=0.000 EM=0
  idnmr            Centum and satem                         F1=0.000 EM=0
  idnmr_2round     Centum and satem                         F1=0.000 EM=0
[95/200] dev_694 (97.7s)
  baseline         Rosalind Ayres.                          F1=0.000 EM=0
  pool             Actress Jennifer Connelly.               F1=0.667 EM=0
  ipool            Jennifer Connelly Paul Bettany           F1=0.500 EM=0
  idnmr            Jennifer Connelly Paul Bettany           F1=0.500 EM=0
  idnmr_2round     Jennifer Connelly Paul Bettany           F1=0.500 EM=0
[100/200] dev_699 (80.6s)
  baseline         15 of 28                                 F1=0.000 EM=0
  pool             15 of 28                                 F1=0.000 EM=0
  ipool            15 of 28                                 F1=0.000 EM=0
  idnmr            15 of 28                                 F1=0.000 EM=0
  idnmr_2round     15 of 28                                 F1=0.000 EM=0
[105/200] dev_704 (89.6s)
  baseline         In 2002                                  F1=0.000 EM=0
  pool             May 2002                                 F1=0.000 EM=0
  ipool            May 2002                                 F1=0.000 EM=0
  idnmr            May 2002                                 F1=0.000 EM=0
  idnmr_2round     May 2002                                 F1=0.000 EM=0
[110/200] dev_709 (73.2s)
  baseline         Charlton Heston.                         F1=0.000 EM=0
  pool             Charlton Heston.                         F1=0.000 EM=0
  ipool            Sir Cedric Hardwicke                     F1=0.000 EM=0
  idnmr            Charlton Heston.                         F1=0.000 EM=0
  idnmr_2round     Charlton Heston.                         F1=0.000 EM=0
[115/200] dev_714 (81.2s)
  baseline         Carice van Houten                        F1=0.000 EM=0
  pool             Carice van Houten                        F1=0.000 EM=0
  ipool            Maastricht and Amsterdam.                F1=0.000 EM=0
  idnmr            Maastricht and Amsterdam.                F1=0.000 EM=0
  idnmr_2round     Maastricht and Amsterdam.                F1=0.000 EM=0
[120/200] dev_719 (76.4s)
  baseline         Quaid-i-Azam University                  F1=0.000 EM=0
  pool             Group 700+                               F1=0.000 EM=0
  ipool            Quaid-i-Azam University                  F1=0.000 EM=0
  idnmr            Group 700+                               F1=0.000 EM=0
  idnmr_2round     Group 700+                               F1=0.000 EM=0
[125/200] dev_724 (73.9s)
  baseline         Ain Shams University.                    F1=0.000 EM=0
  pool             Not mentioned in the context.            F1=0.000 EM=0
  ipool            Not mentioned in the context.            F1=0.000 EM=0
  idnmr            Group 700+                               F1=0.000 EM=0
  idnmr_2round     Not mentioned in the context.            F1=0.000 EM=0
[130/200] dev_729 (94.0s)
  baseline         Quaid-i-Azam University                  F1=0.000 EM=0
  pool             Quaid-i-Azam University                  F1=0.000 EM=0
  ipool            Quaid-i-Azam University                  F1=0.000 EM=0
  idnmr            Quaid-i-Azam University                  F1=0.000 EM=0
  idnmr_2round     Quaid-i-Azam University                  F1=0.000 EM=0
[135/200] dev_734 (87.7s)
  baseline         Allama Muhammad Iqbal                    F1=0.000 EM=0
  pool             Oliver Leaman, Islamic philosopher       F1=0.000 EM=0
  ipool            Allama Muhammad Iqbal                    F1=0.000 EM=0
  idnmr            Imam Al-Ghazali                          F1=0.000 EM=0
  idnmr_2round     Al-Ghazali.                              F1=0.000 EM=0
[140/200] dev_739 (64.7s)
  baseline         Rosaline Bozimo, Nigeria                 F1=0.000 EM=0
  pool             Rosaline Bozimo, Nigeria                 F1=0.000 EM=0
  ipool            Daisy W. Okocha                          F1=0.000 EM=0
  idnmr            Rosaline Bozimo, Nigeria                 F1=0.000 EM=0
  idnmr_2round     Rosaline Bozimo, Nigeria                 F1=0.000 EM=0
[145/200] dev_744 (75.0s)
  baseline         Inter-marriage and conversions.          F1=1.000 EM=0
  pool             Inter-marriage and conversions.          F1=1.000 EM=0
  ipool            Inter-marriage and conversions.          F1=1.000 EM=0
  idnmr            Inter-marriage and conversions.          F1=1.000 EM=0
  idnmr_2round     Inter-marriage and conversions.          F1=1.000 EM=0
[150/200] dev_749 (81.7s)
  baseline         Northrop Grumman Corporation             F1=0.000 EM=0
  pool             Northrop Grumman Corporation             F1=0.000 EM=0
  ipool            Northrop Grumman Corporation             F1=0.000 EM=0
  idnmr            Northrop Grumman Corporation             F1=0.000 EM=0
  idnmr_2round     Northrop Grumman Corporation             F1=0.000 EM=0
[155/200] dev_754 (78.5s)
  baseline         Ancient Egyptian religion (Ra)           F1=0.750 EM=0
  pool             Ra and Nephthys                          F1=0.000 EM=0
  ipool            Ra and Nephthys                          F1=0.000 EM=0
  idnmr            Ra and Nephthys                          F1=0.000 EM=0
  idnmr_2round     Ra and Nephthys                          F1=0.000 EM=0
[160/200] dev_759 (91.0s)
  baseline         London Borough of Richmond upon Thames   F1=0.000 EM=0
  pool             London Borough of Richmond upon Thames   F1=0.000 EM=0
  ipool            London Borough of Richmond upon Thames   F1=0.000 EM=0
  idnmr            London Borough of Richmond upon Thames   F1=0.000 EM=0
  idnmr_2round     London Borough of Richmond upon Thames   F1=0.000 EM=0
[165/200] dev_764 (85.1s)
  baseline         Claudia Cardinale                        F1=0.000 EM=0
  pool             Tunis, Tunisia.                          F1=0.000 EM=0
  ipool            Tunis, Tunisia.                          F1=0.000 EM=0
  idnmr            La Goulette, Tunisia                     F1=0.667 EM=0
  idnmr_2round     La Goulette, Tunisia                     F1=0.667 EM=0
[170/200] dev_769 (73.1s)
  baseline         Conservative Party of Canada.            F1=0.000 EM=0
  pool             Andrew Scheer and Stephen Harper         F1=0.400 EM=0
  ipool            Andrew Scheer, Stephen Harper            F1=0.500 EM=0
  idnmr            Andrew Scheer or Stephen Harper          F1=0.400 EM=0
  idnmr_2round     Andrew Scheer, Stephen Harper            F1=0.500 EM=0
[175/200] dev_774 (78.7s)
  baseline         Stephen Harper (interim)                 F1=0.000 EM=0
  pool             Stephen Harper, Andrew Scheer            F1=0.500 EM=0
  ipool            Stephen Harper, Andrew Scheer            F1=0.500 EM=0
  idnmr            Stephen Harper and Andrew Scheer         F1=0.400 EM=0
  idnmr_2round     Stephen Harper and Andrew Scheer         F1=0.400 EM=0
[180/200] dev_779 (75.4s)
  baseline         Keturah                                  F1=1.000 EM=1
  pool             Keturah                                  F1=1.000 EM=1
  ipool            Concubine Keturah                        F1=0.500 EM=0
  idnmr            Keturah                                  F1=1.000 EM=1
  idnmr_2round     Keturah                                  F1=1.000 EM=1
[185/200] dev_784 (55.4s)
  baseline         Michael Preece's wife.                   F1=0.000 EM=0
  pool             Michael Preece (mentioned)               F1=0.000 EM=0
  ipool            MPH Entertainment, Inc.                  F1=0.000 EM=0
  idnmr            Michael Preece (mentioned)               F1=0.000 EM=0
  idnmr_2round     Michael Preece (mentioned)               F1=0.000 EM=0
[190/200] dev_789 (78.6s)
  baseline         Since 1990                               F1=0.000 EM=0
  pool             Since 1990                               F1=0.000 EM=0
  ipool            Since 1990                               F1=0.000 EM=0
  idnmr            Since 1990                               F1=0.000 EM=0
  idnmr_2round     Since 1990                               F1=0.000 EM=0
[195/200] dev_794 (63.4s)
  baseline         Late 2nd century BC                      F1=0.000 EM=0
  pool             Late 2nd century BC                      F1=0.000 EM=0
  ipool            Late 2nd century BC                      F1=0.000 EM=0
  idnmr            Late 2nd century BC                      F1=0.000 EM=0
  idnmr_2round     Late 2nd century BC                      F1=0.000 EM=0
[200/200] dev_799 (77.0s)
  baseline         Aeson of Iolcos                          F1=0.333 EM=0
  pool             Aeson, father of Jason                   F1=0.250 EM=0
  ipool            Aeson, the rightful king                 F1=0.333 EM=0
  idnmr            Short Answer: King Aeson                 F1=0.250 EM=0
  idnmr_2round     Short Answer: King Aeson                 F1=0.250 EM=0

Method               F1     EM  Contain
--------------------------------------
baseline          0.147  0.020    0.085
pool              0.179  0.025    0.145
ipool             0.172  0.010    0.135
idnmr             0.185  0.020    0.160
idnmr_2round      0.189  0.020    0.165

Total: 15914.4s (79.6s/q)
