/projects/prjs1800/venvs/arag-venv/lib/python3.10/site-packages/transformers/utils/hub.py:110: FutureWarning: Using `TRANSFORMERS_CACHE` is deprecated and will be removed in v5 of Transformers. Use `HF_HOME` instead.
  warnings.warn(
=== iDNMR Pilot ===
Model: llada, Rounds: 3, Steps: 32
`torch_dtype` is deprecated! Use `dtype` instead!
Loading checkpoint shards:   0%|          | 0/6 [00:00<?, ?it/s]Loading checkpoint shards: 100%|██████████| 6/6 [00:00<00:00, 58.17it/s]Loading checkpoint shards: 100%|██████████| 6/6 [00:00<00:00, 58.04it/s]
  Model loaded in 23.1s
Loaded 200 questions
Batch initial retrieval...
  Done in 464.7s
[1/200] dev_0 (104.8s)
  baseline         Miranda Brooke                           F1=0.000 EM=0
  pool             Tina Green has been married twice, first F1=0.000 EM=0
  ipool            Tina Green has been married twice; her f F1=0.000 EM=0
  idnmr            Tina Green has been married twice, first F1=0.000 EM=0
  idnmr_2round     Tina Green has been married twice, first F1=0.000 EM=0
[10/200] dev_9 (191.6s)
  baseline         Chubut                                   F1=0.000 EM=0
  pool             The province that shares a border with t F1=0.059 EM=0
  ipool            Chubut Province shares a border with the F1=0.053 EM=0
  idnmr            The province that shares a border with t F1=0.053 EM=0
  idnmr_2round     I'm sorry, but the context does not prov F1=0.045 EM=0
[20/200] dev_19 (133.8s)
  baseline         Canyon County                            F1=0.500 EM=0
  pool             Kimbrough Memorial Stadium is located in F1=0.095 EM=0
  ipool            Canyon County                            F1=0.500 EM=0
  idnmr            Kimbrough Memorial Stadium is located in F1=0.105 EM=0
  idnmr_2round     Kimbrough Memorial Stadium is located in F1=0.105 EM=0
[30/200] dev_29 (126.4s)
  baseline         The father of Edward Baring, 1st Baron R F1=0.333 EM=0
  pool             The father of Edward Baring, 1st Baron R F1=0.267 EM=0
  ipool            The father of Edward Baring, 1st Baron R F1=0.267 EM=0
  idnmr            The father of Edward Baring, 1st Baron R F1=0.267 EM=0
  idnmr_2round     The father of Edward Baring, 1st Baron R F1=0.267 EM=0
[40/200] dev_39 (161.3s)
  baseline         The child of the person who followed Tih F1=0.000 EM=0
  pool             The child of the person who followed Tih F1=0.000 EM=0
  ipool            The child of the person who followed Tih F1=0.000 EM=0
  idnmr            The child of the person who followed Tih F1=0.000 EM=0
  idnmr_2round     The child of the person who followed Tih F1=0.000 EM=0
[50/200] dev_49 (110.4s)
  baseline         Stacy Chbosky                            F1=0.000 EM=0
  pool             Stacy Chbosky                            F1=0.000 EM=0
  ipool            Stacy Chbosky was married to the star of F1=0.053 EM=0
  idnmr            Stacy Chbosky                            F1=0.000 EM=0
  idnmr_2round     Stacy Chbosky                            F1=0.000 EM=0
[60/200] dev_59 (145.0s)
  baseline         Prix Goncourt                            F1=0.000 EM=0
  pool             The person who authored Missing Person,  F1=0.056 EM=0
  ipool            The person who authored Missing Person,  F1=0.056 EM=0
  idnmr            The person who authored Missing Person,  F1=0.056 EM=0
  idnmr_2round     The person who authored Missing Person,  F1=0.056 EM=0
[70/200] dev_69 (169.6s)
  baseline         Enrique Iglesias                         F1=0.000 EM=0
  pool             The performer of Heartbeat, Enrique Igle F1=0.000 EM=0
  ipool            The performer of Heartbeat is named afte F1=0.000 EM=0
  idnmr            The performer of Heartbeat, Enrique Igle F1=0.000 EM=0
  idnmr_2round     The performer of Heartbeat, Enrique Igle F1=0.000 EM=0
[80/200] dev_79 (111.6s)
  baseline         Downwards Records                        F1=0.000 EM=0
  pool             The record label of the Metalworks Studi F1=0.000 EM=0
  ipool            Downwards Records                        F1=0.000 EM=0
  idnmr            The record label of the Metalworks Studi F1=0.000 EM=0
  idnmr_2round     The record label of the Metalworks Studi F1=0.000 EM=0
[90/200] dev_89 (100.2s)
  baseline         Assomada is located on the Sotavento lee F1=0.000 EM=0
  pool             Assomada is located on the Sotavento lee F1=0.000 EM=0
  ipool            Assomada is located on the Sotavento lee F1=0.000 EM=0
  idnmr            Assomada is located on the Sotavento lee F1=0.000 EM=0
  idnmr_2round     Assomada is located on the Sotavento lee F1=0.000 EM=0
[100/200] dev_99 (152.9s)
  baseline         The father of the Labo M performer, Matt F1=0.053 EM=0
  pool             The father of the Labo M performer, Matt F1=0.133 EM=0
  ipool            Louis Chedid is the father of the Labo M F1=0.118 EM=0
  idnmr            Louis Chedid is the father of the Labo M F1=0.118 EM=0
  idnmr_2round     Louis Chedid is the father of the Labo M F1=0.118 EM=0
[110/200] dev_109 (149.0s)
  baseline         Mounir El Hamdaoui                       F1=0.000 EM=0
  pool             Mounir El Hamdaoui has played for both W F1=0.000 EM=0
  ipool            Mounir El Hamdaoui has played for both W F1=0.000 EM=0
  idnmr            The context passages do not provide any  F1=0.000 EM=0
  idnmr_2round     The context passages do not provide any  F1=0.000 EM=0
[120/200] dev_119 (144.2s)
  baseline         Military instruction started in the Univ F1=0.000 EM=0
  pool             Military instruction in the University o F1=0.059 EM=0
  ipool            Military instruction started in the univ F1=0.056 EM=0
  idnmr            Paulo Manalo attended the University of  F1=0.059 EM=0
  idnmr_2round     Paulo Manalo attended the University of  F1=0.059 EM=0
[130/200] dev_129 (111.4s)
  baseline         Sire Records                             F1=0.500 EM=0
  pool             Sire Records                             F1=0.500 EM=0
  ipool            Sire Records                             F1=0.500 EM=0
  idnmr            Sire Records                             F1=0.500 EM=0
  idnmr_2round     Sire Records                             F1=0.500 EM=0
[140/200] dev_139 (175.2s)
  baseline         Susan B. Anthony                         F1=0.000 EM=0
  pool             Anna Murray-Douglass married Frederick D F1=0.062 EM=0
  ipool            Frances Ann Ames married William Cooper  F1=0.000 EM=0
  idnmr            Anna Murray-Douglass married the publish F1=0.062 EM=0
  idnmr_2round     Anna Murray-Douglass married the publish F1=0.062 EM=0
[150/200] dev_149 (155.6s)
  baseline         California Baptist College               F1=0.000 EM=0
  pool             Pierre Berton, the author of The Secret  F1=0.111 EM=0
  ipool            Pierre Berton, the author of The Secret  F1=0.059 EM=0
  idnmr            Pierre Berton, the author of The Secret  F1=0.118 EM=0
  idnmr_2round     The author of The Secret World of Og, Pi F1=0.059 EM=0
[2026-04-01T03:13:48.046] error: *** JOB 21417630 ON gcn48 CANCELLED AT 2026-04-01T03:13:48 DUE TO TIME LIMIT ***
