/projects/prjs1800/venvs/arag-venv/lib/python3.10/site-packages/transformers/utils/hub.py:110: FutureWarning: Using `TRANSFORMERS_CACHE` is deprecated and will be removed in v5 of Transformers. Use `HF_HOME` instead.
  warnings.warn(
=== iDNMR Pilot ===
Model: llada, Rounds: 3, Steps: 32
`torch_dtype` is deprecated! Use `dtype` instead!
Loading checkpoint shards:   0%|          | 0/6 [00:00<?, ?it/s]Loading checkpoint shards:  83%|████████▎ | 5/6 [00:00<00:00, 48.38it/s]Loading checkpoint shards: 100%|██████████| 6/6 [00:00<00:00, 53.40it/s]
  Model loaded in 23.7s
Loaded 200 questions
Batch initial retrieval...
  Done in 464.2s
[1/200] dev_600 (146.9s)
  baseline         The Nothing Suits Me Like a Suit artist, F1=0.000 EM=0
  pool             The Nothing Suits Me Like a Suit artist, F1=0.000 EM=0
  ipool            The Nothing Suits Me Like a Suit artist, F1=0.000 EM=0
  idnmr            The Nothing Suits Me Like a Suit artist, F1=0.000 EM=0
  idnmr_2round     The Nothing Suits Me Like a Suit artist, F1=0.000 EM=0
[10/200] dev_609 (104.3s)
  baseline         George W. McLaurin                       F1=0.000 EM=0
  pool             George W. McLaurin                       F1=0.000 EM=0
  ipool            George W. McLaurin                       F1=0.000 EM=0
  idnmr            George W. McLaurin                       F1=0.000 EM=0
  idnmr_2round     George W. McLaurin                       F1=0.000 EM=0
[20/200] dev_619 (130.9s)
  baseline         Lake Ontario                             F1=0.000 EM=0
  pool             The Bay of Quinte is named after "Kenté" F1=0.000 EM=0
  ipool            Lake Ontario                             F1=0.000 EM=0
  idnmr            The Bay of Quinte is named after "Kenté" F1=0.000 EM=0
  idnmr_2round     The body of water Partridge Lake is part F1=0.000 EM=0
[30/200] dev_629 (118.1s)
  baseline         San Francisco Rush                       F1=0.000 EM=0
  pool             The San Francisco Rush is the profession F1=0.000 EM=0
  ipool            K.A.A. Gent is the sports team that does F1=0.000 EM=0
  idnmr            The San Francisco Rush is the profession F1=0.000 EM=0
  idnmr_2round     The San Francisco Rush is the profession F1=0.000 EM=0
[40/200] dev_639 (143.0s)
  baseline         Idris Elba                               F1=0.000 EM=0
  pool             Idris Elba plays Stringer Bell, the Go f F1=0.000 EM=0
  ipool            In The Wire, the Go for Broke cast membe F1=0.000 EM=0
  idnmr            Idris Elba plays Stringer Bell, the Go f F1=0.000 EM=0
  idnmr_2round     Idris Elba plays Stringer Bell, the Go f F1=0.000 EM=0
[50/200] dev_649 (114.3s)
  baseline         suborder Archostemata                    F1=0.000 EM=0
  pool             Ommatidae is part of the suborder Archos F1=0.000 EM=0
  ipool            Ommatidae is part of the taxa Insecta. S F1=0.000 EM=0
  idnmr            Ommatidae is part of the suborder Archos F1=0.000 EM=0
  idnmr_2round     Ommatidae is part of the suborder Archos F1=0.000 EM=0
[60/200] dev_659 (140.3s)
  baseline         The version of the browser that GNU IceC F1=0.000 EM=0
  pool             The version of Mozilla Firefox for Windo F1=0.111 EM=0
  ipool            The version of the browser that GNU IceC F1=0.105 EM=0
  idnmr            The Metro-style version of Firefox optim F1=0.111 EM=0
  idnmr_2round     The version of the browser that GNU IceC F1=0.105 EM=0
[70/200] dev_669 (132.2s)
  baseline         Corpus Juris Canonici                    F1=0.000 EM=0
  pool             The specific part of the religious scrip F1=0.000 EM=0
  ipool            Corpus Juris Canonici                    F1=0.000 EM=0
  idnmr            The specific part of the religious scrip F1=0.000 EM=0
  idnmr_2round     The specific part of the religious scrip F1=0.000 EM=0
[80/200] dev_679 (126.5s)
  baseline         The war with the person who the Ioannina F1=0.000 EM=0
  pool             The war with the person who the Ioannina F1=0.000 EM=0
  ipool            The war with the person who the Ioannina F1=0.000 EM=0
  idnmr            The war with the person who the Ioannina F1=0.000 EM=0
  idnmr_2round     The war with the person who the Ioannina F1=0.000 EM=0
[90/200] dev_689 (182.8s)
  baseline         Synthetic                                F1=0.000 EM=0
  pool             Languages with an innovative form belong F1=0.000 EM=0
  ipool            A language with an innovative form belon F1=0.000 EM=0
  idnmr            Languages with an innovative form belong F1=0.000 EM=0
  idnmr_2round     A language with an innovative form belon F1=0.000 EM=0
[100/200] dev_699 (103.1s)
  baseline         15                                       F1=0.000 EM=0
  pool             15                                       F1=0.000 EM=0
  ipool            15                                       F1=0.000 EM=0
  idnmr            15                                       F1=0.000 EM=0
  idnmr_2round     15                                       F1=0.000 EM=0
[110/200] dev_709 (124.2s)
  baseline         Moses                                    F1=0.000 EM=0
  pool             The star of Dark Hazard, Charlton Heston F1=0.000 EM=0
  ipool            The star of Dark Hazard, Christian Slate F1=0.000 EM=0
  idnmr            The star of Dark Hazard, Charlton Heston F1=0.000 EM=0
  idnmr_2round     The star of Dark Hazard, Charlton Heston F1=0.000 EM=0
[120/200] dev_719 (112.0s)
  baseline         The university that Mohamed Abu Hamed at F1=0.000 EM=0
  pool             Unfortunately, the context does not prov F1=0.000 EM=0
  ipool            The university that Mohamed Abu Hamed at F1=0.000 EM=0
  idnmr            Unfortunately, the context does not prov F1=0.000 EM=0
  idnmr_2round     Unfortunately, the context does not prov F1=0.000 EM=0
[130/200] dev_729 (138.2s)
  baseline         Quaid-i-Azam University ranks between 55 F1=0.000 EM=0
  pool             Quaid-i-Azam University, the employer of F1=0.000 EM=0
  ipool            Quaid-i-Azam University, the employer of F1=0.000 EM=0
  idnmr            Quaid-i-Azam University (QAU): 551-560 i F1=0.000 EM=0
  idnmr_2round     Quaid-i-Azam University (QAU): 551-560 i F1=0.000 EM=0
[140/200] dev_739 (130.6s)
  baseline         Rosaline Bozimo                          F1=0.000 EM=0
  pool             Rosaline Bozimo is the Chief Judge of De F1=0.000 EM=0
  ipool            The Chief Judge in the place where Delta F1=0.000 EM=0
  idnmr            Rosaline Bozimo is the Chief Judge of De F1=0.000 EM=0
  idnmr_2round     Rosaline Bozimo is the Chief Judge of De F1=0.000 EM=0
[2026-04-01T03:13:48.048] error: *** JOB 21417633 ON gcn51 CANCELLED AT 2026-04-01T03:13:48 DUE TO TIME LIMIT ***
