/projects/prjs1800/venvs/arag-venv/lib/python3.10/site-packages/transformers/utils/hub.py:110: FutureWarning: Using `TRANSFORMERS_CACHE` is deprecated and will be removed in v5 of Transformers. Use `HF_HOME` instead.
  warnings.warn(
=== iDNMR Pilot ===
Model: llada, Rounds: 3, Steps: 16
`torch_dtype` is deprecated! Use `dtype` instead!
Loading checkpoint shards:   0%|          | 0/6 [00:00<?, ?it/s]Loading checkpoint shards:  17%|█▋        | 1/6 [00:00<00:01,  3.15it/s]Loading checkpoint shards:  33%|███▎      | 2/6 [00:00<00:01,  3.91it/s]Loading checkpoint shards:  50%|█████     | 3/6 [00:01<00:02,  1.42it/s]Loading checkpoint shards:  67%|██████▋   | 4/6 [00:02<00:01,  1.61it/s]Loading checkpoint shards:  83%|████████▎ | 5/6 [00:02<00:00,  2.19it/s]Loading checkpoint shards: 100%|██████████| 6/6 [00:02<00:00,  2.72it/s]Loading checkpoint shards: 100%|██████████| 6/6 [00:02<00:00,  2.29it/s]
  Model loaded in 28.4s
Loaded 200 questions
Batch initial retrieval...
  Done in 478.7s
[1/200] dev_200 (86.6s)
  baseline         Bill Fagerbakke.                         F1=0.000 EM=0
  pool             Bill Fagerbakke.                         F1=0.000 EM=0
  ipool            Bill Fagerbakke.                         F1=0.000 EM=0
  idnmr            Bill Fagerbakke.                         F1=0.000 EM=0
  idnmr_2round     Bill Fagerbakke.                         F1=0.000 EM=0
[5/200] dev_204 (77.6s)
  baseline         After 1558                               F1=0.000 EM=0
  pool             In 1564                                  F1=0.000 EM=0
  ipool            In 1562                                  F1=0.000 EM=0
  idnmr            In 1562                                  F1=0.000 EM=0
  idnmr_2round     In 1562                                  F1=0.000 EM=0
[10/200] dev_209 (93.7s)
  baseline         Rooster Cogburn.                         F1=1.000 EM=0
  pool             Hal B. Wallis.                           F1=0.000 EM=0
  ipool            Rooster Cogburn.                         F1=1.000 EM=0
  idnmr            Rooster Cogburn.                         F1=1.000 EM=0
  idnmr_2round     Rooster Cogburn.                         F1=1.000 EM=0
[15/200] dev_214 (36.1s)
  baseline         River Thames                             F1=1.000 EM=1
  pool             River Thames                             F1=1.000 EM=1
  ipool            River Thames                             F1=1.000 EM=1
  idnmr            River Thames                             F1=1.000 EM=1
  idnmr_2round     River Thames                             F1=1.000 EM=1
[20/200] dev_219 (82.3s)
  baseline         November 1977                            F1=0.000 EM=0
  pool             Around 1704                              F1=0.000 EM=0
  ipool            September 1956                           F1=0.000 EM=0
  idnmr            Three 19th century                       F1=0.333 EM=0
  idnmr_2round     Around 1704                              F1=0.000 EM=0
[25/200] dev_224 (86.3s)
  baseline         Gabriel de la Reynie                     F1=0.000 EM=0
  pool             Nicolas de la Reynie                     F1=0.000 EM=0
  ipool            Nicolas de la Reynie                     F1=0.000 EM=0
  idnmr            Nicolas de la Reynie                     F1=0.000 EM=0
  idnmr_2round     Nicolas de la Reynie                     F1=0.000 EM=0
[30/200] dev_229 (84.9s)
  baseline         Herb Gray and Erik Nielsen               F1=0.200 EM=0
  pool             Herb Gray, Erik Nielsen                  F1=0.000 EM=0
  ipool            Nancy Pelosi, Jay Inslee                 F1=0.000 EM=0
  idnmr            Herb Gray and Erik Nielsen               F1=0.200 EM=0
  idnmr_2round     Herb Gray and Erik Nielsen               F1=0.200 EM=0
[35/200] dev_234 (84.7s)
  baseline         Seth MacFarlane                          F1=0.000 EM=0
  pool             Seth MacFarlane                          F1=0.000 EM=0
  ipool            Seth MacFarlane                          F1=0.000 EM=0
  idnmr            Lacey Chabert.                           F1=1.000 EM=0
  idnmr_2round     Lacey Chabert.                           F1=1.000 EM=0
[40/200] dev_239 (84.4s)
  baseline         62nd in the world                        F1=0.000 EM=0
  pool             156th overall.                           F1=0.000 EM=0
  ipool            156th overall.                           F1=0.000 EM=0
  idnmr            156th overall.                           F1=0.000 EM=0
  idnmr_2round     No information provided in the context   F1=0.000 EM=0
[45/200] dev_244 (56.9s)
  baseline         Ludwig von Mises                         F1=0.000 EM=0
  pool             Treaty of Saint Germain                  F1=0.000 EM=0
  ipool            Treaty of Saint Germain                  F1=0.000 EM=0
  idnmr            Treaty of Saint Germain                  F1=0.000 EM=0
  idnmr_2round     Treaty of Saint Germain                  F1=0.000 EM=0
[50/200] dev_249 (100.0s)
  baseline         February 1940                            F1=0.000 EM=0
  pool             October 1939                             F1=0.000 EM=0
  ipool            October 1939                             F1=0.000 EM=0
  idnmr            October 1939                             F1=0.000 EM=0
  idnmr_2round     October 1939                             F1=0.000 EM=0
[55/200] dev_254 (78.8s)
  baseline         Escape Plan (film series)                F1=0.000 EM=0
  pool             Escape Plan (film series)                F1=0.000 EM=0
  ipool            Escape Plan (film series)                F1=0.000 EM=0
  idnmr            Escape Plan (film series)                F1=0.000 EM=0
  idnmr_2round     Escape Plan (film series)                F1=0.000 EM=0
[60/200] dev_259 (95.4s)
  baseline         23 games per team.                       F1=0.000 EM=0
  pool             38 games in a season                     F1=0.250 EM=0
  ipool            38 games in a season                     F1=0.250 EM=0
  idnmr            38 games in a season                     F1=0.250 EM=0
  idnmr_2round     38 games in a season                     F1=0.250 EM=0
[65/200] dev_264 (55.8s)
  baseline         Francis Bacon, Irish-born.               F1=0.333 EM=0
  pool             Francis Bacon's father unknown.          F1=0.000 EM=0
  ipool            Francis Bacon, Irish-born.               F1=0.333 EM=0
  idnmr            Francis Bacon's father unknown.          F1=0.000 EM=0
  idnmr_2round     Thomas H. Huxley                         F1=0.000 EM=0
[70/200] dev_269 (102.6s)
  baseline         Kampala, Israel.                         F1=0.000 EM=0
  pool             Tel Aviv and Jerusalem, Israel           F1=0.000 EM=0
  ipool            Entebbe Airport, Uganda                  F1=0.333 EM=0
  idnmr            Tel Aviv, Jerusalem, Israel              F1=0.000 EM=0
  idnmr_2round     Tel Aviv, Jerusalem, Israel              F1=0.000 EM=0
[75/200] dev_274 (59.0s)
  baseline         Zendaya, Hollywood Records.              F1=0.667 EM=0
  pool             Zendaya, Hollywood Records.              F1=0.667 EM=0
  ipool            Hollywood Records and Walt Disney Record F1=0.333 EM=0
  idnmr            Zendaya, Hollywood Records.              F1=0.667 EM=0
  idnmr_2round     Zendaya, Hollywood Records.              F1=0.667 EM=0
[80/200] dev_279 (61.7s)
  baseline         June 2118                                F1=0.000 EM=0
  pool             June 2118                                F1=0.000 EM=0
  ipool            June 2118                                F1=0.000 EM=0
  idnmr            June 2118                                F1=0.000 EM=0
  idnmr_2round     June 2118                                F1=0.000 EM=0
[85/200] dev_284 (56.0s)
  baseline         Lucy Mack Smith                          F1=1.000 EM=1
  pool             Short Answer: Lucy Mack Smith            F1=0.600 EM=0
  ipool            Short Answer: Lucy Mack Smith            F1=0.600 EM=0
  idnmr            Short Answer: Lucy Mack Smith            F1=0.600 EM=0
  idnmr_2round     Short Answer: Lucy Mack Smith            F1=0.600 EM=0
[90/200] dev_289 (82.7s)
  baseline         American Idol Season 3.                  F1=0.250 EM=0
  pool             U.S. season 3                            F1=0.333 EM=0
  ipool            Diana DeGarmo                            F1=0.000 EM=0
  idnmr            U.S. season 3                            F1=0.333 EM=0
  idnmr_2round     U.S. season 3                            F1=0.333 EM=0
[95/200] dev_294 (83.0s)
  baseline         The actor who played Michael Knight      F1=0.000 EM=0
  pool             Dr. Snapper Foster.                      F1=0.667 EM=0
  ipool            Dr. Snapper Foster.                      F1=0.667 EM=0
  idnmr            Dr. Snapper Foster.                      F1=0.667 EM=0
  idnmr_2round     Dr. Snapper Foster.                      F1=0.667 EM=0
[100/200] dev_299 (60.7s)
  baseline         Tony Award and Drama Desk Award          F1=0.167 EM=0
  pool             Tony Award and Drama Desk Award          F1=0.167 EM=0
  ipool            Tony Award and Drama Desk Award          F1=0.167 EM=0
  idnmr            Tony Award and Drama Desk Award          F1=0.167 EM=0
  idnmr_2round     Tony Award and Drama Desk Award          F1=0.167 EM=0
[105/200] dev_304 (95.5s)
  baseline         President Jamil Mahuad                   F1=0.000 EM=0
  pool             President Jamil Mahuad                   F1=0.000 EM=0
  ipool            President Jamil Mahuad                   F1=0.000 EM=0
  idnmr            President Jamil Mahuad                   F1=0.000 EM=0
  idnmr_2round     President Jamil Mahuad                   F1=0.000 EM=0
[110/200] dev_309 (91.1s)
  baseline         John S. McCain Jr.                       F1=0.250 EM=0
  pool             John Sidney (Jack) IV                    F1=0.000 EM=0
  ipool            John Sidney (Jack) IV                    F1=0.000 EM=0
  idnmr            Meghan Marguerite McCain                 F1=0.667 EM=0
  idnmr_2round     Meghan Marguerite McCain                 F1=0.667 EM=0
[115/200] dev_314 (70.9s)
  baseline         FDA (Food Safety System)                 F1=0.500 EM=0
  pool             Food and Drug Administration Food Progra F1=0.167 EM=0
  ipool            Food and Drug Administration Food Progra F1=0.167 EM=0
  idnmr            Food and Drug Administration Food Progra F1=0.167 EM=0
  idnmr_2round     Food and Drug Administration Food Progra F1=0.167 EM=0
[120/200] dev_319 (71.5s)
  baseline         "Don't Come Knocking"                    F1=0.000 EM=0
  pool             Don't Bother to Knock                    F1=0.000 EM=0
  ipool            Don't Bother to Knock                    F1=0.000 EM=0
  idnmr            Don't Bother to Knock                    F1=0.000 EM=0
  idnmr_2round     Don't Bother to Knock                    F1=0.000 EM=0
[125/200] dev_324 (56.9s)
  baseline         Matt and Andy are siblings.              F1=0.000 EM=0
  pool             Brothers Matt and Andy Lawrence          F1=0.200 EM=0
  ipool            Brothers Matt and Andy Lawrence          F1=0.200 EM=0
  idnmr            Brothers Matt and Andy Lawrence          F1=0.200 EM=0
  idnmr_2round     Brothers Matt and Andy Lawrence          F1=0.200 EM=0
[130/200] dev_329 (59.5s)
  baseline         Laura E. Flores, Tanzania                F1=0.000 EM=0
  pool             Laura E. Flores, Panama                  F1=0.000 EM=0
  ipool            Laura E. Flores, Panama                  F1=0.000 EM=0
  idnmr            Laura E. Flores, Panama                  F1=0.000 EM=0
  idnmr_2round     Laura E. Flores, Panama                  F1=0.000 EM=0
[135/200] dev_334 (63.4s)
  baseline         Answer: 300                              F1=0.000 EM=0
  pool             Answer: 300                              F1=0.000 EM=0
  ipool            10,000                                   F1=0.000 EM=0
  idnmr            Answer: 300                              F1=0.000 EM=0
  idnmr_2round     Answer: 300                              F1=0.000 EM=0
[140/200] dev_339 (74.5s)
  baseline         King Records (United States)             F1=0.250 EM=0
  pool             King Records (United States)             F1=0.250 EM=0
  ipool            King Records (United States)             F1=0.250 EM=0
  idnmr            King Records (United States)             F1=0.250 EM=0
  idnmr_2round     King Records (United States)             F1=0.250 EM=0
[145/200] dev_344 (90.3s)
  baseline         Free Workers' Union of Germany           F1=0.200 EM=0
  pool             The Free State of Prussia                F1=0.250 EM=0
  ipool            Free Workers' Union of Germany           F1=0.200 EM=0
  idnmr            The Free State of Prussia                F1=0.250 EM=0
  idnmr_2round     The Free State of Prussia                F1=0.250 EM=0
[150/200] dev_349 (104.1s)
  baseline         Eurytus' daughter                        F1=0.000 EM=0
  pool             Theoxena of Egypt.                       F1=0.000 EM=0
  ipool            Iphimedeia.                              F1=0.000 EM=0
  idnmr            Iphimedeia.                              F1=0.000 EM=0
  idnmr_2round     Andreogeus' mother                       F1=0.000 EM=0
[155/200] dev_354 (85.0s)
  baseline         NSA, National Security Agency            F1=0.000 EM=0
  pool             John C. Inglis                           F1=0.000 EM=0
  ipool            James Robert Clapper Jr.                 F1=0.000 EM=0
  idnmr            John C. Inglis                           F1=0.000 EM=0
  idnmr_2round     John C. Inglis                           F1=0.000 EM=0
[160/200] dev_359 (75.8s)
  baseline         Michal and Merab                         F1=0.000 EM=0
  pool             Michal and Merab                         F1=0.000 EM=0
  ipool            Michal or Merab                          F1=0.000 EM=0
  idnmr            Michal or Merab                          F1=0.000 EM=0
  idnmr_2round     Michal or Merab                          F1=0.000 EM=0
[165/200] dev_364 (65.5s)
  baseline         Greeley, Ohio.                           F1=0.000 EM=0
  pool             Warren G. Harding, Ohio                  F1=0.000 EM=0
  ipool            Warren G. Harding, Ohio                  F1=0.000 EM=0
  idnmr            Warren G. Harding, Ohio                  F1=0.000 EM=0
  idnmr_2round     Warren G. Harding, Ohio                  F1=0.000 EM=0
[170/200] dev_369 (75.0s)
  baseline         Advocated for independence.              F1=0.667 EM=0
  pool             Advocated for independence.              F1=0.667 EM=0
  ipool            Advocated for American independence      F1=0.500 EM=0
  idnmr            Advocated for American independence      F1=0.500 EM=0
  idnmr_2round     Advocated for American independence      F1=0.500 EM=0
[175/200] dev_374 (82.3s)
  baseline         Melting of snow and ice                  F1=0.000 EM=0
  pool             Melting snow and ice.                    F1=0.000 EM=0
  ipool            Melting of snow and ice                  F1=0.000 EM=0
  idnmr            Melting snow and ice.                    F1=0.000 EM=0
  idnmr_2round     Melting snow and ice.                    F1=0.000 EM=0
[180/200] dev_379 (71.9s)
  baseline         No. 14.                                  F1=0.000 EM=0
  pool             University of Texas School of Law        F1=0.000 EM=0
  ipool            University of Texas School of Law        F1=0.000 EM=0
  idnmr            University of Texas School of Law        F1=0.000 EM=0
  idnmr_2round     University of Texas School of Law        F1=0.000 EM=0
[185/200] dev_384 (55.9s)
  baseline         Not mentioned in the context.            F1=0.000 EM=0
  pool             Not mentioned in the context.            F1=0.000 EM=0
  ipool            Not mentioned in the context.            F1=0.000 EM=0
  idnmr            Not mentioned in the context.            F1=0.000 EM=0
  idnmr_2round     Not mentioned in the context.            F1=0.000 EM=0
[190/200] dev_389 (81.2s)
  baseline         Atlanta, Georgia, USA.                   F1=0.000 EM=0
  pool             Baton Rouge, Louisiana.                  F1=0.000 EM=0
  ipool            Baton Rouge, Louisiana.                  F1=0.000 EM=0
  idnmr            Corning, New York.                       F1=0.000 EM=0
  idnmr_2round     Corning, New York.                       F1=0.000 EM=0
[195/200] dev_394 (74.8s)
  baseline         Communist people's government.           F1=0.667 EM=0
  pool             Democratic People's Republic.            F1=0.000 EM=0
  ipool            Democratic People's Republic.            F1=0.000 EM=0
  idnmr            Democratic People's Republic.            F1=0.000 EM=0
  idnmr_2round     Democratic People's Republic.            F1=0.000 EM=0
[200/200] dev_399 (86.1s)
  baseline         - 7.1%                                   F1=0.000 EM=0
  pool             22.61%                                   F1=0.000 EM=0
  ipool            22.61%                                   F1=0.000 EM=0
  idnmr            22.61%                                   F1=0.000 EM=0
  idnmr_2round     22.61%                                   F1=0.000 EM=0

Method               F1     EM  Contain
--------------------------------------
baseline          0.157  0.025    0.120
pool              0.173  0.025    0.180
ipool             0.170  0.025    0.155
idnmr             0.197  0.020    0.175
idnmr_2round      0.190  0.020    0.180

Total: 15672.7s (78.4s/q)
