/projects/prjs1800/venvs/arag-venv/lib/python3.10/site-packages/transformers/utils/hub.py:110: FutureWarning: Using `TRANSFORMERS_CACHE` is deprecated and will be removed in v5 of Transformers. Use `HF_HOME` instead.
  warnings.warn(
=== iDNMR Pilot ===
Model: llada, Rounds: 3, Steps: 16
`torch_dtype` is deprecated! Use `dtype` instead!
Loading checkpoint shards:   0%|          | 0/6 [00:00<?, ?it/s]Loading checkpoint shards: 100%|██████████| 6/6 [00:00<00:00, 143.46it/s]
  Model loaded in 10.4s
Loaded 200 questions
Batch initial retrieval...
  Done in 442.1s
[1/200] dev_800 (60.5s)
  baseline         Matthew Kai Stonie Sr.                   F1=0.000 EM=0
  pool             Matt Stonie, Sr.                         F1=0.000 EM=0
  ipool            Matt Stonie, Sr.                         F1=0.000 EM=0
  idnmr            Matt Stonie, Sr.                         F1=0.000 EM=0
  idnmr_2round     Matt Stonie, Sr.                         F1=0.000 EM=0
[5/200] dev_804 (64.2s)
  baseline         Golestan, Iran                           F1=0.000 EM=0
  pool             Golestan, Iran                           F1=0.000 EM=0
  ipool            Golestan, Iran                           F1=0.000 EM=0
  idnmr            Golestan, Iran                           F1=0.000 EM=0
  idnmr_2round     Golestan, Iran                           F1=0.000 EM=0
[10/200] dev_809 (88.5s)
  baseline         Bushehr Province, Iran                   F1=0.000 EM=0
  pool             In Khuzestan Province                    F1=0.333 EM=0
  ipool            Razavi Khorasan Province                 F1=0.000 EM=0
  idnmr            In Khuzestan Province                    F1=0.333 EM=0
  idnmr_2round     Southwestern Isfahan Province            F1=0.000 EM=0
[15/200] dev_814 (79.0s)
  baseline         GSAT-1                                   F1=0.000 EM=0
  pool             Answer: GSAT-1                           F1=0.000 EM=0
  ipool            Short Answer: ATS-6                      F1=0.000 EM=0
  idnmr            **GSAT-1**                               F1=0.000 EM=0
  idnmr_2round     **GSAT-1**                               F1=0.000 EM=0
[20/200] dev_819 (76.0s)
  baseline         Kitsat-2.                                F1=0.000 EM=0
  pool             Türksat-1                                F1=0.000 EM=0
  ipool            Kitsat-2.                                F1=0.000 EM=0
  idnmr            Kitsat-2.                                F1=0.000 EM=0
  idnmr_2round     Kitsat-2.                                F1=0.000 EM=0
[25/200] dev_824 (78.7s)
  baseline         Mark Oliver Everett, rock musician       F1=0.000 EM=0
  pool             Physics and popularizer of science       F1=0.000 EM=0
  ipool            Theoretical physics and science communic F1=0.000 EM=0
  idnmr            Physics and popularizer of science       F1=0.000 EM=0
  idnmr_2round     Physics and popularizer of science       F1=0.000 EM=0
[30/200] dev_829 (83.3s)
  baseline         July 330 BC                              F1=0.333 EM=0
  pool             In 323 BC                                F1=0.667 EM=0
  ipool            July 330 BC                              F1=0.333 EM=0
  idnmr            In 323 BC                                F1=0.667 EM=0
  idnmr_2round     In 323 BC                                F1=0.667 EM=0
[35/200] dev_834 (75.7s)
  baseline         In 323 BC                                F1=0.667 EM=0
  pool             June 323 BC                              F1=0.667 EM=0
  ipool            June 323 BC                              F1=0.667 EM=0
  idnmr            June 323 BC                              F1=0.667 EM=0
  idnmr_2round     June 323 BC                              F1=0.667 EM=0
[40/200] dev_839 (90.9s)
  baseline         21 full-time teachers.                   F1=0.000 EM=0
  pool             596 full-time faculty                    F1=0.000 EM=0
  ipool            596 full-time faculty                    F1=0.000 EM=0
  idnmr            1,200 children                           F1=0.000 EM=0
  idnmr_2round     596 full-time faculty                    F1=0.000 EM=0
[45/200] dev_844 (64.7s)
  baseline         Complete Book of the Medical Art         F1=0.000 EM=0
  pool             Aqsara'i's commentary                    F1=0.000 EM=0
  ipool            Ibn al-Nafis                             F1=0.000 EM=0
  idnmr            Aqsara'i's commentary                    F1=0.000 EM=0
  idnmr_2round     Aqsara'i's commentary                    F1=0.000 EM=0
[50/200] dev_849 (65.8s)
  baseline         Closer to Earth than the Sun             F1=0.200 EM=0
  pool             Closer to Earth than the Sun             F1=0.200 EM=0
  ipool            Closer to Earth than the Sun             F1=0.200 EM=0
  idnmr            Closer to Earth than the Sun             F1=0.200 EM=0
  idnmr_2round     Closer to Earth than the Sun             F1=0.200 EM=0
[55/200] dev_854 (81.6s)
  baseline         January 1930                             F1=0.000 EM=0
  pool             January 1930                             F1=0.000 EM=0
  ipool            January 1930                             F1=0.000 EM=0
  idnmr            January 1930                             F1=0.000 EM=0
  idnmr_2round     January 1930                             F1=0.000 EM=0
[60/200] dev_859 (98.5s)
  baseline         February 1980                            F1=0.000 EM=0
  pool             February 1980                            F1=0.000 EM=0
  ipool            December 1971                            F1=0.000 EM=0
  idnmr            February 1980                            F1=0.000 EM=0
  idnmr_2round     February 1980                            F1=0.000 EM=0
[65/200] dev_864 (70.0s)
  baseline         Tim Conway, NewStar Financial            F1=0.000 EM=0
  pool             Ken Lewis (executive)                    F1=0.000 EM=0
  ipool            Tim Conway, NewStar Financial            F1=0.000 EM=0
  idnmr            Ken Lewis (executive)                    F1=0.000 EM=0
  idnmr_2round     Ken Lewis (executive)                    F1=0.000 EM=0
[70/200] dev_869 (70.5s)
  baseline         In 1791                                  F1=0.000 EM=0
  pool             In 1791                                  F1=0.000 EM=0
  ipool            In 1791                                  F1=0.000 EM=0
  idnmr            In 1791                                  F1=0.000 EM=0
  idnmr_2round     In 1791                                  F1=0.000 EM=0
[75/200] dev_874 (85.9s)
  baseline         "Skynet" Act                             F1=0.000 EM=0
  pool             The De Havilland Law                     F1=0.333 EM=0
  ipool            Skynet, Terminator                       F1=0.000 EM=0
  idnmr            "Skynet" law                             F1=0.500 EM=0
  idnmr_2round     "Skynet" law                             F1=0.500 EM=0
[80/200] dev_879 (75.3s)
  baseline         Viggo Mortensen.                         F1=0.000 EM=0
  pool             Viggo Mortensen.                         F1=0.000 EM=0
  ipool            Viggo Mortensen.                         F1=0.000 EM=0
  idnmr            Viggo Mortensen.                         F1=0.000 EM=0
  idnmr_2round     Viggo Mortensen.                         F1=0.000 EM=0
[85/200] dev_884 (61.7s)
  baseline         March 2007                               F1=0.000 EM=0
  pool             In 2005                                  F1=0.500 EM=0
  ipool            In 2005                                  F1=0.500 EM=0
  idnmr            In 2005                                  F1=0.500 EM=0
  idnmr_2round     In 2005                                  F1=0.500 EM=0
[90/200] dev_889 (61.1s)
  baseline         Luke Bryan and Karen Fairchild           F1=0.400 EM=0
  pool             Luke Bryan and Karen Fairchild           F1=0.400 EM=0
  ipool            Luke Bryan and Karen Fairchild           F1=0.400 EM=0
  idnmr            Luke Bryan and Karen Fairchild           F1=0.400 EM=0
  idnmr_2round     Luke Bryan and Karen Fairchild           F1=0.400 EM=0
[95/200] dev_894 (64.9s)
  baseline         Karen Fairchild and Luke Bryan           F1=0.400 EM=0
  pool             Luke Bryan and Karen Fairchild           F1=0.400 EM=0
  ipool            Karen Fairchild and Luke Bryan           F1=0.400 EM=0
  idnmr            Luke Bryan and Karen Fairchild           F1=0.400 EM=0
  idnmr_2round     Luke Bryan and Karen Fairchild           F1=0.400 EM=0
[100/200] dev_899 (76.2s)
  baseline         John D. Loudermilk                       F1=1.000 EM=1
  pool             John D. Loudermilk                       F1=1.000 EM=1
  ipool            John D. Loudermilk                       F1=1.000 EM=1
  idnmr            John D. Loudermilk                       F1=1.000 EM=1
  idnmr_2round     John D. Loudermilk                       F1=1.000 EM=1
[105/200] dev_904 (91.0s)
  baseline         Navarone Garibaldi                       F1=0.000 EM=0
  pool             Don Vito Corleone                        F1=0.667 EM=0
  ipool            Don Vito Corleone                        F1=0.667 EM=0
  idnmr            Don Vito Corleone                        F1=0.667 EM=0
  idnmr_2round     Don Vito Corleone                        F1=0.667 EM=0
[110/200] dev_909 (68.5s)
  baseline         16th century BC.                         F1=0.000 EM=0
  pool             16th century BC.                         F1=0.000 EM=0
  ipool            Around 300 BC                            F1=0.000 EM=0
  idnmr            Around 300 BC                            F1=0.000 EM=0
  idnmr_2round     Around 300 BC                            F1=0.000 EM=0
[115/200] dev_914 (88.4s)
  baseline         Early 18th century                       F1=0.333 EM=0
  pool             Early 18th century                       F1=0.333 EM=0
  ipool            Early 18th century                       F1=0.333 EM=0
  idnmr            Early 18th century                       F1=0.333 EM=0
  idnmr_2round     Early 18th century                       F1=0.333 EM=0
[120/200] dev_919 (66.5s)
  baseline         Prince Philip, Duke of Edinburgh         F1=0.200 EM=0
  pool             Prince Philip, Duke of Edinburgh         F1=0.200 EM=0
  ipool            Prince Philip, Duke of Edinburgh         F1=0.200 EM=0
  idnmr            Prince Philip, Duke of Edinburgh         F1=0.200 EM=0
  idnmr_2round     Prince Philip, Duke of Edinburgh         F1=0.200 EM=0
[125/200] dev_924 (82.7s)
  baseline         Prince Albert (Queen Victoria)           F1=0.000 EM=0
  pool             Prince Philip, Duke of Edinburgh         F1=0.200 EM=0
  ipool            Prince Albert, Prince Consort            F1=0.000 EM=0
  idnmr            Prince Philip, Duke of Edinburgh         F1=0.200 EM=0
  idnmr_2round     Prince Philip, Duke of Edinburgh         F1=0.200 EM=0
[130/200] dev_929 (87.7s)
  baseline         Franklin D. Roosevelt.                   F1=0.000 EM=0
  pool             Theodore Roosevelt, Jr.                  F1=0.000 EM=0
  ipool            Woodrow Wilson's child.                  F1=0.333 EM=0
  idnmr            Alice Lee Roosevelt Longworth.           F1=0.000 EM=0
  idnmr_2round     Alice Lee Roosevelt Longworth.           F1=0.000 EM=0
[135/200] dev_934 (80.9s)
  baseline         Municipal council of Laren               F1=0.000 EM=0
  pool             Municipal council of Laren               F1=0.000 EM=0
  ipool            King Tullus of Rome                      F1=0.000 EM=0
  idnmr            Municipal council of Laren               F1=0.000 EM=0
  idnmr_2round     King Tullus of Rome                      F1=0.000 EM=0
[140/200] dev_939 (80.2s)
  baseline         Municipality of Alkmaar                  F1=0.000 EM=0
  pool             King's Commissioner of North Holland     F1=0.000 EM=0
  ipool            Hélène Scherrer                          F1=0.000 EM=0
  idnmr            Johan Kremers.                           F1=0.500 EM=0
  idnmr_2round     King's Commissioner of North Holland     F1=0.000 EM=0
[145/200] dev_944 (81.7s)
  baseline         Battery Backup Unit, BBU                 F1=0.000 EM=0
  pool             Power Management Wake-on-LAN             F1=0.000 EM=0
  ipool            Power Management (ACPI)                  F1=0.000 EM=0
  idnmr            Battery Backup Unit or BBU               F1=0.000 EM=0
  idnmr_2round     Battery Backup Unit or BBU               F1=0.000 EM=0
[150/200] dev_949 (72.8s)
  baseline         6,000 W                                  F1=0.000 EM=0
  pool             65,536                                   F1=0.000 EM=0
  ipool            6,000 W                                  F1=0.000 EM=0
  idnmr            65,536                                   F1=0.000 EM=0
  idnmr_2round     65,536                                   F1=0.000 EM=0
[155/200] dev_954 (81.3s)
  baseline         - Lord William Bentinck                  F1=0.000 EM=0
  pool             Lord William Bentinck.                   F1=0.000 EM=0
  ipool            First Governor-General of British India  F1=0.600 EM=0
  idnmr            Lord William Bentinck.                   F1=0.000 EM=0
  idnmr_2round     Lord William Bentinck.                   F1=0.000 EM=0
[160/200] dev_959 (66.3s)
  baseline         First Governor-General of British India  F1=0.600 EM=0
  pool             Lord William Bentinck.                   F1=0.000 EM=0
  ipool            Lord William Bentinck.                   F1=0.000 EM=0
  idnmr            Lord William Bentinck.                   F1=0.000 EM=0
  idnmr_2round     Lord William Bentinck.                   F1=0.000 EM=0
[165/200] dev_964 (59.7s)
  baseline         In 1788                                  F1=0.000 EM=0
  pool             In 1788                                  F1=0.000 EM=0
  ipool            In 1788                                  F1=0.000 EM=0
  idnmr            In 1788                                  F1=0.000 EM=0
  idnmr_2round     In 1788                                  F1=0.000 EM=0
[170/200] dev_969 (55.7s)
  baseline         Tom Hood (her brother)                   F1=0.500 EM=0
  pool             Tom Hood (her brother)                   F1=0.500 EM=0
  ipool            Tom Hood (her brother)                   F1=0.500 EM=0
  idnmr            Tom Hood (her brother)                   F1=0.500 EM=0
  idnmr_2round     Tom Hood (her brother)                   F1=0.500 EM=0
[175/200] dev_974 (93.4s)
  baseline         Amare Stoudemire                         F1=0.000 EM=0
  pool             Greg Oden and Kevin Durant               F1=0.400 EM=0
  ipool            Hasheem Thabeet                          F1=0.000 EM=0
  idnmr            amar'e Stoudemire                        F1=0.000 EM=0
  idnmr_2round     amar'e Stoudemire                        F1=0.000 EM=0
[180/200] dev_979 (87.8s)
  baseline         Fujisankei Communications Group          F1=0.000 EM=0
  pool             Caixin Media Company Ltd.                F1=0.000 EM=0
  ipool            Fujisankei Communications Group          F1=0.000 EM=0
  idnmr            Caixin Media Company Ltd.                F1=0.000 EM=0
  idnmr_2round     Caixin Media Company Ltd.                F1=0.000 EM=0
[185/200] dev_984 (94.6s)
  baseline         Hasheem Thabeet                          F1=0.000 EM=0
  pool             akeem Olajuwon                           F1=0.000 EM=0
  ipool            Hasheem Thabeet                          F1=0.000 EM=0
  idnmr            Sam Bowie over Michael Jordan.           F1=0.000 EM=0
  idnmr_2round     Sam Bowie over Michael Jordan.           F1=0.000 EM=0
[190/200] dev_989 (74.7s)
  baseline         In 1807                                  F1=0.000 EM=0
  pool             January 1808                             F1=0.000 EM=0
  ipool            January 1808                             F1=0.000 EM=0
  idnmr            January 1808                             F1=0.000 EM=0
  idnmr_2round     January 1808                             F1=0.000 EM=0
[195/200] dev_994 (59.4s)
  baseline         Lowndes County, Alabama                  F1=0.000 EM=0
  pool             Montgomery, the state capital            F1=0.000 EM=0
  ipool            Montgomery, the state capital            F1=0.000 EM=0
  idnmr            Montgomery, the state capital            F1=0.000 EM=0
  idnmr_2round     Montgomery, the state capital            F1=0.000 EM=0
[200/200] dev_999 (59.7s)
  baseline         David, Lord of Brechin                   F1=0.000 EM=0
  pool             David, Lord of Brechin                   F1=0.000 EM=0
  ipool            David, Lord of Brechin                   F1=0.000 EM=0
  idnmr            David, Lord of Brechin                   F1=0.000 EM=0
  idnmr_2round     David, Lord of Brechin                   F1=0.000 EM=0

Method               F1     EM  Contain
--------------------------------------
baseline          0.135  0.035    0.145
pool              0.171  0.035    0.200
ipool             0.164  0.040    0.185
idnmr             0.191  0.040    0.220
idnmr_2round      0.193  0.040    0.225

Total: 15592.7s (78.0s/q)
