/projects/prjs1800/venvs/arag-venv/lib/python3.10/site-packages/transformers/utils/hub.py:110: FutureWarning: Using `TRANSFORMERS_CACHE` is deprecated and will be removed in v5 of Transformers. Use `HF_HOME` instead.
  warnings.warn(
=== iDNMR Pilot ===
Model: llada, Rounds: 3, Steps: 32
`torch_dtype` is deprecated! Use `dtype` instead!
Loading checkpoint shards:   0%|          | 0/6 [00:00<?, ?it/s]Loading checkpoint shards:  50%|█████     | 3/6 [00:00<00:00, 12.31it/s]Loading checkpoint shards:  83%|████████▎ | 5/6 [00:00<00:00, 12.83it/s]Loading checkpoint shards: 100%|██████████| 6/6 [00:00<00:00, 14.42it/s]
  Model loaded in 39.7s
Loaded 200 questions
Batch initial retrieval...
  Done in 473.9s
[1/200] dev_200 (137.1s)
  baseline         Bill Fagerbakke                          F1=0.000 EM=0
  pool             The character in SpongeBob SquarePants w F1=0.000 EM=0
  ipool            The character in SpongeBob SquarePants w F1=0.000 EM=0
  idnmr            The character in SpongeBob SquarePants n F1=0.000 EM=0
  idnmr_2round     The character in SpongeBob SquarePants n F1=0.000 EM=0
[10/200] dev_209 (201.5s)
  baseline         John Wayne, who was the producer of Big  F1=0.210 EM=0
  pool             The producer of Big Jim McLain, Hal B. W F1=0.235 EM=0
  ipool            The producer of Big Jim McLain, Harry Jo F1=0.200 EM=0
  idnmr            Hal B. Wallis, producer of Big Jim McLai F1=0.210 EM=0
  idnmr_2round     Hal B. Wallis, producer of Big Jim McLai F1=0.210 EM=0
[20/200] dev_219 (159.2s)
  baseline         The celestial object that eluded efforts F1=0.000 EM=0
  pool             The celestial object that eluded efforts F1=0.053 EM=0
  ipool            The celestial object that eluded efforts F1=0.053 EM=0
  idnmr            The celestial object that eluded efforts F1=0.000 EM=0
  idnmr_2round     The celestial object that eluded efforts F1=0.050 EM=0
[30/200] dev_229 (113.5s)
  baseline         The leaders of the opposition of the par F1=0.000 EM=0
  pool             The leaders of the opposition in the Hou F1=0.053 EM=0
  ipool            The leaders of the opposition in the Hou F1=0.053 EM=0
  idnmr            The leaders of the opposition in the Hou F1=0.053 EM=0
  idnmr_2round     The leaders of the opposition in the Hou F1=0.053 EM=0
[40/200] dev_239 (149.5s)
  baseline         Mario Pani's alma mater, the University  F1=0.000 EM=0
  pool             Mario Pani's alma mater, Politecnico di  F1=0.000 EM=0
  ipool            Mario Pani's alma mater, Politecnico di  F1=0.000 EM=0
  idnmr            Mario Pani's alma mater, Politecnico di  F1=0.000 EM=0
  idnmr_2round     Mario Pani's alma mater, Politecnico di  F1=0.000 EM=0
[50/200] dev_249 (156.0s)
  baseline         The Japanese got to Liang Jiahong's birt F1=0.000 EM=0
  pool             The Japanese got to Liang Jiahong's birt F1=0.000 EM=0
  ipool            The Japanese got to Liang Jiahong's birt F1=0.000 EM=0
  idnmr            The Japanese 21st Army took control of L F1=0.000 EM=0
  idnmr_2round     The Japanese 21st Army took control of L F1=0.000 EM=0
[60/200] dev_259 (189.8s)
  baseline         There are 38 games in a season of the le F1=0.059 EM=0
  pool             Each club plays every other club twice,  F1=0.048 EM=0
  ipool            There are 38 games in a season of the le F1=0.059 EM=0
  idnmr            A season of La Liga, in which Barcelona  F1=0.062 EM=0
  idnmr_2round     A season of La Liga, in which Barcelona  F1=0.062 EM=0
[70/200] dev_269 (150.7s)
  baseline         Israel                                   F1=0.000 EM=0
  pool             The headquarters of the operator of Oper F1=0.000 EM=0
  ipool            The headquarters of the operator of Oper F1=0.067 EM=0
  idnmr            The headquarters of the operator of Oper F1=0.000 EM=0
  idnmr_2round     The headquarters of the operator of Oper F1=0.000 EM=0
[80/200] dev_279 (92.2s)
  baseline         June 21, 2018 (for the current season, p F1=0.083 EM=0
  pool             June 21, 2018 (for the current season, p F1=0.083 EM=0
  ipool            June 21, 2018 (for the current season, p F1=0.083 EM=0
  idnmr            June 21, 2018 (for the current season, p F1=0.083 EM=0
  idnmr_2round     June 21, 2018 (for the current season, p F1=0.083 EM=0
[90/200] dev_289 (128.5s)
  baseline         The Voice                                F1=0.000 EM=0
  pool             The runner-up of the third season of Ame F1=0.056 EM=0
  ipool            Diana DeGarmo, the runner-up of the thir F1=0.056 EM=0
  idnmr            The runner-up of the third season of Ame F1=0.056 EM=0
  idnmr_2round     The runner-up of the third season of Ame F1=0.056 EM=0
[100/200] dev_299 (89.0s)
  baseline         The author of The Happy Journey to Trent F1=0.091 EM=0
  pool             The author of The Happy Journey to Trent F1=0.091 EM=0
  ipool            The author of The Happy Journey to Trent F1=0.091 EM=0
  idnmr            The author of The Happy Journey to Trent F1=0.091 EM=0
  idnmr_2round     The author of The Happy Journey to Trent F1=0.091 EM=0
[110/200] dev_309 (163.9s)
  baseline         Vanessa Kerry                            F1=0.000 EM=0
  pool             The child of the person who sponsored th F1=0.091 EM=0
  ipool            Meghan McCain is the child of John McCai F1=0.087 EM=0
  idnmr            Meghan McCain is the child of John McCai F1=0.095 EM=0
  idnmr_2round     Meghan McCain is the child of John McCai F1=0.095 EM=0
[120/200] dev_319 (124.9s)
  baseline         Don't Come Knocking                      F1=0.000 EM=0
  pool             "Don't Come Knocking" won Humphrey Bogar F1=0.000 EM=0
  ipool            "Don't Come Knocking" won Humphrey Bogar F1=0.000 EM=0
  idnmr            Humphrey Bogart won his only Oscar for t F1=0.000 EM=0
  idnmr_2round     "Who's That Knocking at My Door" won Hum F1=0.000 EM=0
[130/200] dev_329 (94.7s)
  baseline         Laura E. Flores                          F1=0.000 EM=0
  pool             Laura E. Flores                          F1=0.000 EM=0
  ipool            Laura E. Flores                          F1=0.000 EM=0
  idnmr            Laura E. Flores                          F1=0.000 EM=0
  idnmr_2round     Laura E. Flores                          F1=0.000 EM=0
[140/200] dev_339 (140.7s)
  baseline         Delta                                    F1=0.000 EM=0
  pool             Delta Entertainment Corporation, LaserLi F1=0.000 EM=0
  ipool            Delta Entertainment Corporation, LaserLi F1=0.000 EM=0
  idnmr            The context passages do not mention Delt F1=0.000 EM=0
  idnmr_2round     Delta Entertainment Corporation, LaserLi F1=0.000 EM=0
[150/200] dev_349 (184.9s)
  baseline         Evippe                                   F1=0.000 EM=0
  pool             The mother of Andreogeus' father is Evip F1=0.000 EM=0
  ipool            The mother of Andreogeus' father is Evip F1=0.000 EM=0
  idnmr            The mother of Andreogeus' father is Evip F1=0.000 EM=0
  idnmr_2round     The mother of Andreogeus' father is Them F1=0.000 EM=0
[2026-04-01T03:13:48.047] error: *** JOB 21417631 ON gcn49 CANCELLED AT 2026-04-01T03:13:48 DUE TO TIME LIMIT ***
