/projects/prjs1800/venvs/arag-venv/lib/python3.10/site-packages/transformers/utils/hub.py:110: FutureWarning: Using `TRANSFORMERS_CACHE` is deprecated and will be removed in v5 of Transformers. Use `HF_HOME` instead.
  warnings.warn(
=== iDNMR Pilot ===
Model: llada, Rounds: 3, Steps: 32
`torch_dtype` is deprecated! Use `dtype` instead!
Loading checkpoint shards:   0%|          | 0/6 [00:00<?, ?it/s]Loading checkpoint shards:  33%|███▎      | 2/6 [00:00<00:00, 16.23it/s]Loading checkpoint shards:  67%|██████▋   | 4/6 [00:00<00:00, 10.13it/s]Loading checkpoint shards: 100%|██████████| 6/6 [00:00<00:00, 13.07it/s]Loading checkpoint shards: 100%|██████████| 6/6 [00:00<00:00, 12.68it/s]
  Model loaded in 30.9s
Loaded 200 questions
Batch initial retrieval...
  Done in 467.2s
[1/200] dev_800 (121.8s)
  baseline         The father of the man with the same name F1=0.000 EM=0
  pool             The father of the man with the same name F1=0.000 EM=0
  ipool            The father of the man with the same name F1=0.000 EM=0
  idnmr            The father of the man with the same name F1=0.000 EM=0
  idnmr_2round     The father of the man with the same name F1=0.000 EM=0
[10/200] dev_809 (151.3s)
  baseline         East Azerbaijan Province                 F1=0.000 EM=0
  pool             Minudasht County is located in the south F1=0.105 EM=0
  ipool            Minudasht County is located in the south F1=0.111 EM=0
  idnmr            Minudasht County is located in the south F1=0.158 EM=0
  idnmr_2round     Minudasht County is located in the south F1=0.167 EM=0
[20/200] dev_819 (175.9s)
  baseline         The experimental satellite, which was th F1=0.071 EM=0
  pool             The experimental satellite which was the F1=0.067 EM=0
  ipool            The experimental satellite which was the F1=0.067 EM=0
  idnmr            The experimental satellite which was the F1=0.067 EM=0
  idnmr_2round     The experimental satellite which was the F1=0.067 EM=0
[30/200] dev_829 (172.8s)
  baseline         Alexander the Great ended the Achaemenid F1=0.059 EM=0
  pool             The person who ended the Achaemenid Empi F1=0.125 EM=0
  ipool            The person who ended the Achaemenid Empi F1=0.062 EM=0
  idnmr            The person who ended the Achaemenid Empi F1=0.125 EM=0
  idnmr_2round     The person who ended the Achaemenid Empi F1=0.125 EM=0
[40/200] dev_839 (180.6s)
  baseline         The school where Taylor Mokate was educa F1=0.000 EM=0
  pool             Unfortunately, the context passages do n F1=0.000 EM=0
  ipool            The school where Taylor Mokate was educa F1=0.000 EM=0
  idnmr            The school where Taylor Mokate was educa F1=0.000 EM=0
  idnmr_2round     The school where Taylor Mokate was educa F1=0.000 EM=0
[50/200] dev_849 (118.9s)
  baseline         The author of The Canon of Medicine, Ibn F1=0.053 EM=0
  pool             The author of The Canon of Medicine, Ibn F1=0.053 EM=0
  ipool            The author of The Canon of Medicine, inf F1=0.050 EM=0
  idnmr            The author of The Canon of Medicine, Avi F1=0.056 EM=0
  idnmr_2round     The author of The Canon of Medicine, inf F1=0.050 EM=0
[60/200] dev_859 (155.8s)
  baseline         Nic Schröder, the Swedish performer of t F1=0.000 EM=0
  pool             Nic Schröder, the Swedish performer of t F1=0.000 EM=0
  ipool            Tord Bernheim, who performed "De ensamma F1=0.000 EM=0
  idnmr            Nic Schröder, the performer of the song  F1=0.000 EM=0
  idnmr_2round     Nic Schröder, the performer of the song  F1=0.000 EM=0
[70/200] dev_869 (105.0s)
  baseline         1791                                     F1=0.000 EM=0
  pool             The first branch of the company that bou F1=0.000 EM=0
  ipool            The first branch of the company that bou F1=0.000 EM=0
  idnmr            The first branch of the company that bou F1=0.000 EM=0
  idnmr_2round     The first branch of the company that bou F1=0.000 EM=0
[80/200] dev_879 (114.8s)
  baseline         Ian McKellen                             F1=0.000 EM=0
  pool             Viggo Mortensen                          F1=0.000 EM=0
  ipool            Ho Yi plays the prison warden in the sec F1=0.000 EM=0
  idnmr            Viggo Mortensen                          F1=0.000 EM=0
  idnmr_2round     Viggo Mortensen                          F1=0.000 EM=0
[90/200] dev_889 (104.5s)
  baseline         Karen Fairchild                          F1=1.000 EM=1
  pool             Karen Fairchild                          F1=1.000 EM=1
  ipool            Karen Fairchild                          F1=1.000 EM=1
  idnmr            Karen Fairchild                          F1=1.000 EM=1
  idnmr_2round     Karen Fairchild                          F1=1.000 EM=1
[100/200] dev_899 (129.6s)
  baseline         John D. Loudermilk wrote "Turn Me On," w F1=0.158 EM=0
  pool             John D. Loudermilk wrote "Turn Me On," w F1=0.158 EM=0
  ipool            John D. Loudermilk wrote "Turn Me On," w F1=0.158 EM=0
  idnmr            John D. Loudermilk wrote the song "Turn  F1=0.158 EM=0
  idnmr_2round     John D. Loudermilk wrote the song "Turn  F1=0.158 EM=0
[110/200] dev_909 (126.5s)
  baseline         The author of Alciphron, Alciphron, live F1=0.000 EM=0
  pool             The author of Alciphron, Alciphron, live F1=0.000 EM=0
  ipool            Ancient Greek                            F1=0.000 EM=0
  idnmr            Ancient Greek                            F1=0.000 EM=0
  idnmr_2round     The author of Alciphron, Alciphron, live F1=0.000 EM=0
[120/200] dev_919 (169.4s)
  baseline         Prince Philip, Duke of Edinburgh         F1=0.200 EM=0
  pool             The spouse of the current queen of Engla F1=0.043 EM=0
  ipool            Prince Philip, Duke of Edinburgh, is the F1=0.045 EM=0
  idnmr            The spouse of the current queen of Engla F1=0.043 EM=0
  idnmr_2round     The spouse of the current queen of Engla F1=0.043 EM=0
[130/200] dev_929 (142.7s)
  baseline         The child of the president under whom pr F1=0.091 EM=0
  pool             The child of the president under whom pr F1=0.000 EM=0
  ipool            The child of the president under whom pr F1=0.000 EM=0
  idnmr            The child of the president under whom pr F1=0.000 EM=0
  idnmr_2round     The child of the president under whom pr F1=0.000 EM=0
[140/200] dev_939 (179.9s)
  baseline         Schermer is located in the province of N F1=0.000 EM=0
  pool             The King's Commissioner of North Holland F1=0.125 EM=0
  ipool            The King's Commissioner of North Holland F1=0.125 EM=0
  idnmr            Johan Remkes was the King's Commissioner F1=0.125 EM=0
  idnmr_2round     Johan Remkes was the King's Commissioner F1=0.125 EM=0
[150/200] dev_949 (138.1s)
  baseline         The maximum amount of load that can be d F1=0.000 EM=0
  pool             The maximum amount of load that can be d F1=0.000 EM=0
  ipool            The maximum amount of load that can be d F1=0.000 EM=0
  idnmr            The maximum amount of load that can be d F1=0.000 EM=0
  idnmr_2round     The maximum amount of load that can be d F1=0.000 EM=0
[2026-04-01T03:13:48.048] error: *** JOB 21417634 ON gcn8 CANCELLED AT 2026-04-01T03:13:48 DUE TO TIME LIMIT ***
