/projects/prjs1800/venvs/arag-venv/lib/python3.10/site-packages/transformers/utils/hub.py:110: FutureWarning: Using `TRANSFORMERS_CACHE` is deprecated and will be removed in v5 of Transformers. Use `HF_HOME` instead.
  warnings.warn(
=== iDNMR Pilot ===
Model: llada, Rounds: 3, Steps: 16
`torch_dtype` is deprecated! Use `dtype` instead!
Loading checkpoint shards:   0%|          | 0/6 [00:00<?, ?it/s]Loading checkpoint shards:  17%|█▋        | 1/6 [00:00<00:01,  2.78it/s]Loading checkpoint shards:  33%|███▎      | 2/6 [00:00<00:01,  3.66it/s]Loading checkpoint shards:  50%|█████     | 3/6 [00:01<00:02,  1.40it/s]Loading checkpoint shards:  67%|██████▋   | 4/6 [00:02<00:01,  1.59it/s]Loading checkpoint shards:  83%|████████▎ | 5/6 [00:02<00:00,  2.17it/s]Loading checkpoint shards: 100%|██████████| 6/6 [00:02<00:00,  2.43it/s]
  Model loaded in 27.5s
Loaded 200 questions
Batch initial retrieval...
  Done in 478.8s
[1/200] dev_0 (64.3s)
  baseline         actress and singer Miranda Brooke        F1=0.000 EM=0
  pool             British retail businessman Sir Philip Gr F1=0.000 EM=0
  ipool            British retail businessman Sir Philip Gr F1=0.000 EM=0
  idnmr            British retail businessman Sir Philip Gr F1=0.000 EM=0
  idnmr_2round     British retail businessman Sir Philip Gr F1=0.000 EM=0
[5/200] dev_4 (58.6s)
  baseline         Bombardier Aerospace.                    F1=0.500 EM=0
  pool             Bombardier Inc.                          F1=1.000 EM=1
  ipool            Bombardier Aerospace.                    F1=0.500 EM=0
  idnmr            Bombardier Inc.                          F1=1.000 EM=1
  idnmr_2round     Bombardier Inc.                          F1=1.000 EM=1
[10/200] dev_9 (91.8s)
  baseline         Chubut Province, Argentina               F1=0.333 EM=0
  pool             Cuanza Norte Province                    F1=0.333 EM=0
  ipool            Tierra del Fuego                         F1=0.000 EM=0
  idnmr            Cuanza Norte Province                    F1=0.333 EM=0
  idnmr_2round     Cuanza Norte Province                    F1=0.333 EM=0
[15/200] dev_14 (81.3s)
  baseline         Blair County, Pennsylvania.              F1=0.333 EM=0
  pool             Clarksburg, West Virginia                F1=0.000 EM=0
  ipool            Harrison County, West Virginia           F1=0.250 EM=0
  idnmr            Harrison County, West Virginia           F1=0.250 EM=0
  idnmr_2round     Harrison County, West Virginia           F1=0.250 EM=0
[20/200] dev_19 (82.7s)
  baseline         Canyon County, Texas.                    F1=0.333 EM=0
  pool             Randall County, Texas.                   F1=0.667 EM=0
  ipool            Randall County, Texas.                   F1=0.667 EM=0
  idnmr            Randall County, Texas.                   F1=0.667 EM=0
  idnmr_2round     Randall County, Texas.                   F1=0.667 EM=0
[25/200] dev_24 (81.9s)
  baseline         Southwest City, Missouri.                F1=0.000 EM=0
  pool             Southwest City, Missouri.                F1=0.000 EM=0
  ipool            Southwest City, Missouri.                F1=0.000 EM=0
  idnmr            Southwest City, Missouri.                F1=0.000 EM=0
  idnmr_2round     Southwest City, Missouri.                F1=0.000 EM=0
[30/200] dev_29 (79.3s)
  baseline         Short Answer: Henry Baring               F1=0.250 EM=0
  pool             Short Answer: Francis Baring             F1=0.500 EM=0
  ipool            William Lukin Windham.                   F1=0.000 EM=0
  idnmr            Short Answer: Francis Baring             F1=0.500 EM=0
  idnmr_2round     Short Answer: Francis Baring             F1=0.500 EM=0
[35/200] dev_34 (67.4s)
  baseline         Youngstown, Ohio factory worker          F1=0.000 EM=0
  pool             Community organizer in Youngstown.       F1=0.000 EM=0
  ipool            Youngstown, Ohio factory worker          F1=0.000 EM=0
  idnmr            Community organizer in Youngstown.       F1=0.000 EM=0
  idnmr_2round     Community organizer in Youngstown.       F1=0.000 EM=0
[40/200] dev_39 (70.0s)
  baseline         Dervan Nemanja                           F1=0.000 EM=0
  pool             Dervan Nemanja                           F1=0.000 EM=0
  ipool            Vukan Nemanjić                           F1=0.000 EM=0
  idnmr            Dervan Nemanja                           F1=0.000 EM=0
  idnmr_2round     Dervan Nemanja                           F1=0.000 EM=0
[45/200] dev_44 (79.5s)
  baseline         Shiawassee County.                       F1=0.500 EM=0
  pool             Oakland and St. Clair                    F1=0.000 EM=0
  ipool            Bancroft, Michigan                       F1=0.000 EM=0
  idnmr            Genesee County, Michigan                 F1=0.333 EM=0
  idnmr_2round     Genesee County, Michigan                 F1=0.333 EM=0
[50/200] dev_49 (62.3s)
  baseline         Stacy Chbosky.                           F1=0.000 EM=0
  pool             Stacy Chbosky.                           F1=0.000 EM=0
  ipool            - Sonni Pacheco                          F1=0.000 EM=0
  idnmr            Stacy Chbosky.                           F1=0.000 EM=0
  idnmr_2round     Stacy Chbosky.                           F1=0.000 EM=0
[55/200] dev_54 (85.8s)
  baseline         Bracken County, Kentucky                 F1=0.333 EM=0
  pool             Kenton County, Kentucky.                 F1=0.667 EM=0
  ipool            Bracken County, Kentucky                 F1=0.333 EM=0
  idnmr            Kenton County, Kentucky.                 F1=0.667 EM=0
  idnmr_2round     Kenton County, Kentucky.                 F1=0.667 EM=0
[60/200] dev_59 (78.1s)
  baseline         Nobel Prize in Literature.               F1=1.000 EM=0
  pool             Nobel Prize in Literature.               F1=1.000 EM=0
  ipool            Nobel Prize in Literature.               F1=1.000 EM=0
  idnmr            Nobel Prize in Literature.               F1=1.000 EM=0
  idnmr_2round     Nobel Prize in Literature.               F1=1.000 EM=0
[65/200] dev_64 (69.0s)
  baseline         Eliyahu Koren.                           F1=0.000 EM=0
  pool             Eliyahu Koren.                           F1=0.000 EM=0
  ipool            Eliyahu Koren.                           F1=0.000 EM=0
  idnmr            Eliyahu Koren.                           F1=0.000 EM=0
  idnmr_2round     Eliyahu Koren.                           F1=0.000 EM=0
[70/200] dev_69 (85.9s)
  baseline         Enrique Iglesias song                    F1=0.000 EM=0
  pool             A member of The Heartbeats               F1=0.000 EM=0
  ipool            Enrique Iglesias song                    F1=0.000 EM=0
  idnmr            Wally Roker's group                      F1=0.000 EM=0
  idnmr_2round     The Heartbeats big band.                 F1=0.000 EM=0
[75/200] dev_74 (94.3s)
  baseline         Daniel Read Anthony, Jr.                 F1=0.000 EM=0
  pool             Leavenworth, Kansas.                     F1=0.000 EM=0
  ipool            Leavenworth, Kansas.                     F1=0.000 EM=0
  idnmr            Leavenworth, Kansas.                     F1=0.000 EM=0
  idnmr_2round     Leavenworth, Kansas.                     F1=0.000 EM=0
[80/200] dev_79 (56.4s)
  baseline         Short Answer: Downwards Records          F1=0.000 EM=0
  pool             Short Answer: Downwards Records          F1=0.000 EM=0
  ipool            Triumph's record label                   F1=0.000 EM=0
  idnmr            Short Answer: Downwards Records          F1=0.000 EM=0
  idnmr_2round     Short Answer: Downwards Records          F1=0.000 EM=0
[85/200] dev_84 (80.7s)
  baseline         Pernambuco.                              F1=0.000 EM=0
  pool             Pernambuco.                              F1=0.000 EM=0
  ipool            São Paulo, Brazil.                       F1=0.000 EM=0
  idnmr            Pernambuco.                              F1=0.000 EM=0
  idnmr_2round     Pernambuco.                              F1=0.000 EM=0
[90/200] dev_89 (55.6s)
  baseline         Santiago, Cape Verde                     F1=0.000 EM=0
  pool             Santiago, Cape Verde                     F1=0.000 EM=0
  ipool            Santiago, Cape Verde                     F1=0.000 EM=0
  idnmr            Santiago, Cape Verde                     F1=0.000 EM=0
  idnmr_2round     Santiago, Cape Verde                     F1=0.000 EM=0
[95/200] dev_94 (91.6s)
  baseline         Federation of International Tennis Assoc F1=0.600 EM=0
  pool             The International Korfball Federation    F1=0.667 EM=0
  ipool            International Tennis Federation, ITF     F1=0.750 EM=0
  idnmr            International Tennis Federation (ITA)    F1=0.750 EM=0
  idnmr_2round     International Football Association (IFA) F1=0.250 EM=0
[100/200] dev_99 (69.8s)
  baseline         Matthieu Chedid                          F1=0.500 EM=0
  pool             Matthieu Chedid                          F1=0.500 EM=0
  ipool            Matthieu Chedid                          F1=0.500 EM=0
  idnmr            Matthieu Chedid                          F1=0.500 EM=0
  idnmr_2round     Matthieu Chedid                          F1=0.500 EM=0
[105/200] dev_104 (77.8s)
  baseline         Natalie Wood's sister.                   F1=0.000 EM=0
  pool             Natalie Wood's sister.                   F1=0.000 EM=0
  ipool            Natalie Wood's sister.                   F1=0.000 EM=0
  idnmr            Natalie Wood's sister.                   F1=0.000 EM=0
  idnmr_2round     Natalie Wood's sister.                   F1=0.000 EM=0
[110/200] dev_109 (81.4s)
  baseline         Xander Houtkoop                          F1=0.000 EM=0
  pool             Xander Houtkoop                          F1=0.000 EM=0
  ipool            Xander Houtkoop                          F1=0.000 EM=0
  idnmr            Xander Houtkoop                          F1=0.000 EM=0
  idnmr_2round     Xander Houtkoop                          F1=0.000 EM=0
[115/200] dev_114 (85.9s)
  baseline         Answer: California Polytechnic State Uni F1=0.200 EM=0
  pool             University of California at Los Angeles  F1=0.167 EM=0
  ipool            University of California at Los Angeles  F1=0.167 EM=0
  idnmr            University of Graz and Charles Universit F1=0.333 EM=0
  idnmr_2round     University of California, Los Angeles    F1=0.200 EM=0
[120/200] dev_119 (78.1s)
  baseline         In 1922                                  F1=0.000 EM=0
  pool             In 1912                                  F1=0.500 EM=0
  ipool            In 1912                                  F1=0.500 EM=0
  idnmr            In 1912                                  F1=0.500 EM=0
  idnmr_2round     In 1912                                  F1=0.500 EM=0
[125/200] dev_124 (70.0s)
  baseline         Liu Yao (warlord)                        F1=0.333 EM=0
  pool             Liu Chong (Southern Han)                 F1=0.250 EM=0
  ipool            Liu Yan (Southern Han)                   F1=0.250 EM=0
  idnmr            Liu Chong (Southern Han)                 F1=0.250 EM=0
  idnmr_2round     Liu Chong (Southern Han)                 F1=0.250 EM=0
[130/200] dev_129 (66.9s)
  baseline         Sire Records                             F1=0.500 EM=0
  pool             Short Answer: Sire Records               F1=0.250 EM=0
  ipool            Short Answer: Sire Records               F1=0.250 EM=0
  idnmr            Short Answer: Sire Records               F1=0.250 EM=0
  idnmr_2round     Short Answer: Sire Records               F1=0.250 EM=0
[135/200] dev_134 (75.6s)
  baseline         Socialist Party of America.              F1=1.000 EM=0
  pool             Socialist Party of America.              F1=1.000 EM=0
  ipool            Socialist Party of America.              F1=1.000 EM=0
  idnmr            Socialist Party of America.              F1=1.000 EM=0
  idnmr_2round     Socialist Party of America.              F1=1.000 EM=0
[140/200] dev_139 (87.0s)
  baseline         Frederick Dou Douglass                   F1=0.333 EM=0
  pool             Frederick Douglass.                      F1=0.500 EM=0
  ipool            Abigail (Morrison)                       F1=0.000 EM=0
  idnmr            Anna Murray-Douglass.                    F1=0.000 EM=0
  idnmr_2round     Helen Pitts Douglass.                    F1=1.000 EM=0
[145/200] dev_144 (76.4s)
  baseline         Boris Yeltsin                            F1=0.000 EM=0
  pool             Vladimir Lenin.                          F1=0.000 EM=0
  ipool            Merchant of Stavropol                    F1=0.000 EM=0
  idnmr            V. Klimushin                             F1=0.000 EM=0
  idnmr_2round     V. Klimushin                             F1=0.000 EM=0
[150/200] dev_149 (83.2s)
  baseline         McClelland and Stewart                   F1=0.000 EM=0
  pool             McClelland and Stewart                   F1=0.000 EM=0
  ipool            McClelland and Stewart                   F1=0.000 EM=0
  idnmr            McClelland and Stewart                   F1=0.000 EM=0
  idnmr_2round     McClelland and Stewart                   F1=0.000 EM=0
[155/200] dev_154 (77.5s)
  baseline         Xiao (baboon)                            F1=0.000 EM=0
  pool             Xiao (monkey)                            F1=0.000 EM=0
  ipool            Xiao (ape-like)                          F1=0.000 EM=0
  idnmr            Xiao (monkey)                            F1=0.000 EM=0
  idnmr_2round     Xiao (monkey)                            F1=0.000 EM=0
[160/200] dev_159 (73.4s)
  baseline         His only career directorial effort       F1=0.000 EM=0
  pool             Debut as a filmmaker.                    F1=0.000 EM=0
  ipool            His only career directorial effort       F1=0.000 EM=0
  idnmr            His only career directorial effort       F1=0.000 EM=0
  idnmr_2round     His only career directorial effort       F1=0.000 EM=0
[165/200] dev_164 (103.8s)
  baseline         The House at Pooh Corner                 F1=0.000 EM=0
  pool             Mickey Mouse Clubhouse.                  F1=0.667 EM=0
  ipool            The All-New Mickey Mouse Club            F1=0.750 EM=0
  idnmr            The All-New Mickey Mouse Club            F1=0.750 EM=0
  idnmr_2round     The All-New Mickey Mouse Club            F1=0.750 EM=0
[170/200] dev_169 (94.7s)
  baseline         Uli Edel, Germany                        F1=0.000 EM=0
  pool             University College London, BBC Televisio F1=0.200 EM=0
  ipool            University College London, BBC Televisio F1=0.200 EM=0
  idnmr            University College London, BBC Televisio F1=0.200 EM=0
  idnmr_2round     University College London, BBC Televisio F1=0.200 EM=0
[175/200] dev_174 (72.6s)
  baseline         Juilliard School Drama Division          F1=0.000 EM=0
  pool             Juilliard School Drama Division          F1=0.000 EM=0
  ipool            Juilliard School Drama Division          F1=0.000 EM=0
  idnmr            Juilliard School Drama Division          F1=0.000 EM=0
  idnmr_2round     Juilliard School Drama Division          F1=0.000 EM=0
[180/200] dev_179 (95.7s)
  baseline         June 1483                                F1=0.000 EM=0
  pool             June 1483                                F1=0.000 EM=0
  ipool            June 1285                                F1=0.000 EM=0
  idnmr            June 1285                                F1=0.000 EM=0
  idnmr_2round     June 1285                                F1=0.000 EM=0
[185/200] dev_184 (60.8s)
  baseline         Colin Firth and Geoffrey Rush            F1=0.400 EM=0
  pool             Colin Firth                              F1=1.000 EM=1
  ipool            Colin Firth                              F1=1.000 EM=1
  idnmr            Colin Firth                              F1=1.000 EM=1
  idnmr_2round     Colin Firth                              F1=1.000 EM=1
[190/200] dev_189 (60.2s)
  baseline         Colin Firth as George VI                 F1=0.400 EM=0
  pool             Colin Firth as George VI                 F1=0.400 EM=0
  ipool            Colin Firth, George VI                   F1=0.500 EM=0
  idnmr            Colin Firth as George VI                 F1=0.400 EM=0
  idnmr_2round     Colin Firth as George VI                 F1=0.400 EM=0
[195/200] dev_194 (75.8s)
  baseline         Dottie/Geena Davis                       F1=0.000 EM=0
  pool             Dottie and Thelma                        F1=0.333 EM=0
  ipool            Dottie and Thelma                        F1=0.333 EM=0
  idnmr            Dottie Hinson's mother                   F1=0.333 EM=0
  idnmr_2round     Dottie Hinson's mother                   F1=0.333 EM=0
[200/200] dev_199 (98.3s)
  baseline         The team is not mentioned.               F1=0.000 EM=0
  pool             2018 NBA draft                           F1=0.000 EM=0
  ipool            Philadelphia 76ers.                      F1=0.000 EM=0
  idnmr            Philadelphia 76ers.                      F1=0.000 EM=0
  idnmr_2round     2019 NBA draft                           F1=0.000 EM=0

Method               F1     EM  Contain
--------------------------------------
baseline          0.180  0.005    0.105
pool              0.228  0.020    0.170
ipool             0.214  0.010    0.170
idnmr             0.228  0.015    0.185
idnmr_2round      0.224  0.015    0.180

Total: 15867.8s (79.3s/q)
