/projects/prjs1800/venvs/arag-venv/lib/python3.10/site-packages/transformers/utils/hub.py:110: FutureWarning: Using `TRANSFORMERS_CACHE` is deprecated and will be removed in v5 of Transformers. Use `HF_HOME` instead.
  warnings.warn(
=== iDNMR Pilot ===
Model: llada, Rounds: 3, Steps: 16
`torch_dtype` is deprecated! Use `dtype` instead!
Loading checkpoint shards:   0%|          | 0/6 [00:00<?, ?it/s]Loading checkpoint shards:  17%|█▋        | 1/6 [00:00<00:01,  3.31it/s]Loading checkpoint shards:  33%|███▎      | 2/6 [00:00<00:00,  4.01it/s]Loading checkpoint shards:  50%|█████     | 3/6 [00:01<00:02,  1.43it/s]Loading checkpoint shards:  67%|██████▋   | 4/6 [00:02<00:01,  1.61it/s]Loading checkpoint shards:  83%|████████▎ | 5/6 [00:02<00:00,  2.20it/s]Loading checkpoint shards: 100%|██████████| 6/6 [00:02<00:00,  2.73it/s]Loading checkpoint shards: 100%|██████████| 6/6 [00:02<00:00,  2.30it/s]
  Model loaded in 28.5s
Loaded 200 questions
Batch initial retrieval...
  Done in 477.6s
[1/200] dev_400 (84.5s)
  baseline         "Archie-isms"                            F1=0.000 EM=0
  pool             "Archie Bunker"                          F1=0.000 EM=0
  ipool            "Archie's here"                          F1=0.000 EM=0
  idnmr            "Archie Bunker"                          F1=0.000 EM=0
  idnmr_2round     "Archie Bunker"                          F1=0.000 EM=0
[5/200] dev_404 (96.5s)
  baseline         In 1880                                  F1=0.000 EM=0
  pool             April 1882                               F1=0.000 EM=0
  ipool            April 1882                               F1=0.000 EM=0
  idnmr            April 1882                               F1=0.000 EM=0
  idnmr_2round     April 1882                               F1=0.000 EM=0
[10/200] dev_409 (83.9s)
  baseline         May 1848                                 F1=0.500 EM=0
  pool             In 1848                                  F1=0.500 EM=0
  ipool            May 1848                                 F1=0.500 EM=0
  idnmr            April 1848                               F1=0.500 EM=0
  idnmr_2round     April 1848                               F1=0.500 EM=0
[15/200] dev_414 (69.0s)
  baseline         May 1843                                 F1=0.000 EM=0
  pool             May 1843                                 F1=0.000 EM=0
  ipool            May 1843                                 F1=0.000 EM=0
  idnmr            May 1843                                 F1=0.000 EM=0
  idnmr_2round     May 1843                                 F1=0.000 EM=0
[20/200] dev_419 (69.0s)
  baseline         - 1819                                   F1=1.000 EM=0
  pool             - 1819                                   F1=1.000 EM=0
  ipool            - 1819                                   F1=1.000 EM=0
  idnmr            - 1819                                   F1=1.000 EM=0
  idnmr_2round     - 1819                                   F1=1.000 EM=0
[25/200] dev_424 (90.2s)
  baseline         In 1819                                  F1=0.500 EM=0
  pool             June 1819                                F1=1.000 EM=0
  ipool            June 1819                                F1=1.000 EM=0
  idnmr            June 1819                                F1=1.000 EM=0
  idnmr_2round     June 1819                                F1=1.000 EM=0
[30/200] dev_429 (95.4s)
  baseline         Ease of use, enhanced support            F1=1.000 EM=0
  pool             Ease of use and enhanced support         F1=1.000 EM=0
  ipool            Ease of use, enhanced support            F1=1.000 EM=0
  idnmr            Ease of use, enhanced support            F1=1.000 EM=0
  idnmr_2round     Ease of use, enhanced support            F1=1.000 EM=0
[35/200] dev_434 (61.8s)
  baseline         Digne-les-Bains                          F1=0.000 EM=0
  pool             Digne-les-Bains                          F1=0.000 EM=0
  ipool            Digne-les-Bains                          F1=0.000 EM=0
  idnmr            Digne-les-Bains                          F1=0.000 EM=0
  idnmr_2round     Digne-les-Bains                          F1=0.000 EM=0
[40/200] dev_439 (83.5s)
  baseline         Persian Gulf Pro League                  F1=0.250 EM=0
  pool             Omantel First Division League            F1=0.250 EM=0
  ipool            Omantel First Division League            F1=0.250 EM=0
  idnmr            Omantel First Division League            F1=0.250 EM=0
  idnmr_2round     Omantel First Division League            F1=0.250 EM=0
[45/200] dev_444 (63.9s)
  baseline         The answer is: Sydney Harbour            F1=0.500 EM=0
  pool             Sydney Harbour (Port Jackson)            F1=0.500 EM=0
  ipool            The answer is: Sydney Harbour            F1=0.500 EM=0
  idnmr            Sydney Harbour (Port Jackson)            F1=0.500 EM=0
  idnmr_2round     Sydney Harbour (Port Jackson)            F1=0.500 EM=0
[50/200] dev_449 (66.6s)
  baseline         Lucy Mack (Joseph Smith)                 F1=0.750 EM=0
  pool             Lucy Mack Smith, Sr.                     F1=0.750 EM=0
  ipool            Lucy Mack Smith, Sr.                     F1=0.750 EM=0
  idnmr            Lucy Mack Smith, Sr.                     F1=0.750 EM=0
  idnmr_2round     Lucy Mack Smith, Sr.                     F1=0.750 EM=0
[55/200] dev_454 (50.1s)
  baseline         Bob Saget                                F1=0.000 EM=0
  pool             Bob Saget                                F1=0.000 EM=0
  ipool            Bob Saget                                F1=0.000 EM=0
  idnmr            Bob Saget                                F1=0.000 EM=0
  idnmr_2round     Bob Saget                                F1=0.000 EM=0
[60/200] dev_459 (95.7s)
  baseline         Robin Scherbatsky                        F1=0.000 EM=0
  pool             Robin Scherbatsky                        F1=0.000 EM=0
  ipool            Robin Scherbatsky                        F1=0.000 EM=0
  idnmr            Robin Scherbatsky                        F1=0.000 EM=0
  idnmr_2round     Robin Scherbatsky                        F1=0.000 EM=0
[65/200] dev_464 (73.0s)
  baseline         Bath School of Art and Design            F1=0.500 EM=0
  pool             Bath School of Art and Design            F1=0.500 EM=0
  ipool            Bath School of Art and Design            F1=0.500 EM=0
  idnmr            Bath School of Art and Design            F1=0.500 EM=0
  idnmr_2round     Bath School of Art and Design            F1=0.500 EM=0
[70/200] dev_469 (87.0s)
  baseline         MLS (Major League Soccer)                F1=0.750 EM=0
  pool             Major League Soccer (MLS)                F1=0.750 EM=0
  ipool            Major League Soccer (MLS)                F1=0.750 EM=0
  idnmr            Major League Soccer (MLS)                F1=0.750 EM=0
  idnmr_2round     Major League Soccer (MLS)                F1=0.750 EM=0
[75/200] dev_474 (60.0s)
  baseline         Shawn Andrews (actor)                    F1=0.000 EM=0
  pool             Shawn Andrews (actor)                    F1=0.000 EM=0
  ipool            Shawn Andrews (actor)                    F1=0.000 EM=0
  idnmr            Shawn Andrews (actor)                    F1=0.000 EM=0
  idnmr_2round     Shawn Andrews (actor)                    F1=0.000 EM=0
[80/200] dev_479 (70.8s)
  baseline         Early 10th century                       F1=0.000 EM=0
  pool             Early 10th century                       F1=0.000 EM=0
  ipool            Early 10th century                       F1=0.000 EM=0
  idnmr            Early 10th century                       F1=0.000 EM=0
  idnmr_2round     Early 10th century                       F1=0.000 EM=0
[85/200] dev_484 (61.8s)
  baseline         30-60%                                   F1=0.000 EM=0
  pool             30-60%                                   F1=0.000 EM=0
  ipool            30-60%                                   F1=0.000 EM=0
  idnmr            30-60%                                   F1=0.000 EM=0
  idnmr_2round     30-60%                                   F1=0.000 EM=0
[90/200] dev_489 (58.3s)
  baseline         About three quarters of the population   F1=0.000 EM=0
  pool             About three quarters of the population   F1=0.000 EM=0
  ipool            About three quarters of the population   F1=0.000 EM=0
  idnmr            About three quarters of the population   F1=0.000 EM=0
  idnmr_2round     About three quarters of the population   F1=0.000 EM=0
[95/200] dev_494 (64.2s)
  baseline         Adam Smith Prize for Economic Research   F1=0.000 EM=0
  pool             University of Glasgow Adam Smith Chair   F1=0.333 EM=0
  ipool            Adam Smith Professor of Political Econom F1=0.167 EM=0
  idnmr            University of Glasgow Adam Smith Chair   F1=0.333 EM=0
  idnmr_2round     University of Glasgow Adam Smith Chair   F1=0.333 EM=0
[100/200] dev_499 (69.3s)
  baseline         Pa Sak Jolasid Dam                       F1=0.000 EM=0
  pool             Chao Phraya River                        F1=1.000 EM=1
  ipool            Chao Phraya River                        F1=1.000 EM=1
  idnmr            Chao Phraya River                        F1=1.000 EM=1
  idnmr_2round     Chao Phraya River                        F1=1.000 EM=1
[105/200] dev_504 (74.5s)
  baseline         World War I and II.                      F1=0.200 EM=0
  pool             Great War and Second World War           F1=0.167 EM=0
  ipool            The First and Second World Wars          F1=0.000 EM=0
  idnmr            Finnish Civil War                        F1=0.333 EM=0
  idnmr_2round     Estonian War of Independence             F1=0.250 EM=0
[110/200] dev_509 (86.4s)
  baseline         Greenville, South Carolina.              F1=0.000 EM=0
  pool             At King of the Ring tournament           F1=0.000 EM=0
  ipool            WWE Greenville, South Carolina           F1=0.000 EM=0
  idnmr            At King of the Ring tournament           F1=0.000 EM=0
  idnmr_2round     At King of the Ring tournament           F1=0.000 EM=0
[115/200] dev_514 (75.9s)
  baseline         Umchabezi River                          F1=0.500 EM=0
  pool             Umchabezi River                          F1=0.500 EM=0
  ipool            Umchabezi River                          F1=0.500 EM=0
  idnmr            Umchabezi River                          F1=0.500 EM=0
  idnmr_2round     Umchabezi River                          F1=0.500 EM=0
[120/200] dev_519 (75.4s)
  baseline         Creating Modular Capture Vessels         F1=0.000 EM=0
  pool             Creating Modular Capture Vessels         F1=0.000 EM=0
  ipool            Creating Modular Capture Vessels         F1=0.000 EM=0
  idnmr            Creating Modular Capture Vessels         F1=0.000 EM=0
  idnmr_2round     Creating Modular Capture Vessels         F1=0.000 EM=0
[125/200] dev_524 (59.7s)
  baseline         Tanzania (Lake Victoria)                 F1=0.333 EM=0
  pool             Tanzania (Lake Victoria)                 F1=0.333 EM=0
  ipool            Tanzania (Lake Victoria)                 F1=0.333 EM=0
  idnmr            Tanzania (Lake Victoria)                 F1=0.333 EM=0
  idnmr_2round     Tanzania (Lake Victoria)                 F1=0.333 EM=0
[130/200] dev_529 (72.0s)
  baseline         March 2013                               F1=0.500 EM=0
  pool             March 2013                               F1=0.500 EM=0
  ipool            October 2011                             F1=0.500 EM=0
  idnmr            March 2013                               F1=0.500 EM=0
  idnmr_2round     March 2013                               F1=0.500 EM=0
[135/200] dev_534 (78.3s)
  baseline         Western Catalan, Alguerese               F1=0.333 EM=0
  pool             Western Catalan and Valencian            F1=0.750 EM=0
  ipool            Western Catalan and Valencian            F1=0.750 EM=0
  idnmr            Western Catalan and Valencian            F1=0.750 EM=0
  idnmr_2round     Western Catalan and Valencian            F1=0.750 EM=0
[140/200] dev_539 (82.4s)
  baseline         Vinnytsia Oblast                         F1=0.500 EM=0
  pool             Vinnytsia Oblast                         F1=0.500 EM=0
  ipool            Vinnytsia Oblast                         F1=0.500 EM=0
  idnmr            Vinnytsia Oblast                         F1=0.500 EM=0
  idnmr_2round     Vinnytsia Oblast                         F1=0.500 EM=0
[145/200] dev_544 (76.0s)
  baseline         Not mentioned in the context.            F1=0.000 EM=0
  pool             Not mentioned in the context.            F1=0.000 EM=0
  ipool            May 1935                                 F1=0.000 EM=0
  idnmr            Not mentioned in the context.            F1=0.000 EM=0
  idnmr_2round     Not mentioned in the context.            F1=0.000 EM=0
[150/200] dev_549 (78.9s)
  baseline         March 1893                               F1=0.000 EM=0
  pool             January 1856                             F1=0.000 EM=0
  ipool            January 1856                             F1=0.000 EM=0
  idnmr            January 1856                             F1=0.000 EM=0
  idnmr_2round     January 1856                             F1=0.000 EM=0
[155/200] dev_554 (56.3s)
  baseline         Not mentioned in the context.            F1=0.000 EM=0
  pool             Not mentioned in the context.            F1=0.000 EM=0
  ipool            Not mentioned in the context.            F1=0.000 EM=0
  idnmr            Not mentioned in the context.            F1=0.000 EM=0
  idnmr_2round     Not mentioned in the context.            F1=0.000 EM=0
[160/200] dev_559 (84.3s)
  baseline         North Pole, Arctic Circle.               F1=0.250 EM=0
  pool             North Pole, Alaska, USA                  F1=0.250 EM=0
  ipool            North Pole, Alaska, USA                  F1=0.250 EM=0
  idnmr            North Pole, Alaska, USA                  F1=0.250 EM=0
  idnmr_2round     North Pole, Alaska, USA                  F1=0.250 EM=0
[165/200] dev_564 (64.3s)
  baseline         George Benson, Pat Metheny               F1=0.500 EM=0
  pool             George Benson, Pat Metheny               F1=0.500 EM=0
  ipool            George Benson and Pat Metheny            F1=0.400 EM=0
  idnmr            George Benson, Pat Metheny               F1=0.500 EM=0
  idnmr_2round     George Benson, Pat Metheny               F1=0.500 EM=0
[170/200] dev_569 (93.3s)
  baseline         Dallas Cowboys, Reggie White             F1=0.000 EM=0
  pool             Philadelphia Eagles, Reggie White        F1=0.000 EM=0
  ipool            Buffalo Bills, Bruce Smith               F1=0.000 EM=0
  idnmr            Philadelphia Eagles, Reggie White        F1=0.000 EM=0
  idnmr_2round     Philadelphia Eagles, Reggie White        F1=0.000 EM=0
[175/200] dev_574 (77.4s)
  baseline         Nissan Altima sports car                 F1=0.500 EM=0
  pool             Nissan Altima rental car                 F1=0.500 EM=0
  ipool            Nissan Altima rental car                 F1=0.500 EM=0
  idnmr            Nissan, mid-size car                     F1=0.333 EM=0
  idnmr_2round     Nissan Altima rental car                 F1=0.500 EM=0
[180/200] dev_579 (68.7s)
  baseline         Nissan Altima, Nissan                    F1=0.667 EM=0
  pool             Nissan Altima, Nissan                    F1=0.667 EM=0
  ipool            Nissan Altima, Nissan                    F1=0.667 EM=0
  idnmr            Nissan Altima, Nissan                    F1=0.667 EM=0
  idnmr_2round     Nissan Altima, Nissan                    F1=0.667 EM=0
[185/200] dev_584 (71.9s)
  baseline         Physics, Henry Cavendish                 F1=0.000 EM=0
  pool             Chemistry/Phlogiston                     F1=0.000 EM=0
  ipool            Experimental and theoretical chemist and F1=0.000 EM=0
  idnmr            Chemistry/Phlogiston                     F1=0.000 EM=0
  idnmr_2round     Chemistry/Phlogiston                     F1=0.000 EM=0
[190/200] dev_589 (62.9s)
  baseline         48.9%                                    F1=0.000 EM=0
  pool             48.90%                                   F1=0.000 EM=0
  ipool            48.90%                                   F1=0.000 EM=0
  idnmr            48.90%                                   F1=0.000 EM=0
  idnmr_2round     48.90%                                   F1=0.000 EM=0
[195/200] dev_594 (68.4s)
  baseline         48.3% Christian                          F1=0.000 EM=0
  pool             48.3% Christian                          F1=0.000 EM=0
  ipool            48.3% Christian                          F1=0.000 EM=0
  idnmr            48.3% Christian                          F1=0.000 EM=0
  idnmr_2round     48.3% Christian                          F1=0.000 EM=0
[200/200] dev_599 (55.1s)
  baseline         The answer is not provided.              F1=0.000 EM=0
  pool             The answer is not provided.              F1=0.000 EM=0
  ipool            The answer is not provided.              F1=0.000 EM=0
  idnmr            The answer is not provided.              F1=0.000 EM=0
  idnmr_2round     The answer is not provided.              F1=0.000 EM=0

Method               F1     EM  Contain
--------------------------------------
baseline          0.158  0.010    0.125
pool              0.227  0.035    0.220
ipool             0.219  0.035    0.195
idnmr             0.231  0.030    0.220
idnmr_2round      0.230  0.040    0.220

Total: 15556.6s (77.8s/q)
