============================================================================================== 
Warning! Mixing Conda and module environments may lead to corruption of the
user environment. 
We do not recommend users mixing those two environments unless absolutely
necessary. Note that 
SURF does not provide any support for Conda environment.
For more information, please refer to our software policy page:
https://servicedesk.surf.nl/wiki/display/WIKI/Software+policy+Snellius#SoftwarepolicySnellius-UseofAnacondaandMinicondaenvironmentsonSnellius 

Remember that many packages have already been installed on the system and can
be loaded using 
the 'module load <package__name>' command. If you are uncertain if a package is
already available 
on the system, please use 'module avail' or 'module spider' to search for it.
============================================================================================== 
=== Building SQLite FTS5 index ===
2026-03-15 14:50:34,395 [INFO] Corpus already extracted: /projects/prjs1800/datasets/flashrag/retrieval-corpus/wiki18_100w.jsonl
2026-03-15 14:50:34,395 [INFO] Building SQLite database from /projects/prjs1800/datasets/flashrag/retrieval-corpus/wiki18_100w.jsonl ...
2026-03-15 14:50:37,097 [INFO]   Indexed 50000 passages (18504/s, 0.0 min elapsed)
2026-03-15 14:50:40,730 [INFO]   Indexed 100000 passages (15785/s, 0.1 min elapsed)
2026-03-15 14:50:44,041 [INFO]   Indexed 150000 passages (15551/s, 0.2 min elapsed)
2026-03-15 14:50:47,664 [INFO]   Indexed 200000 passages (15073/s, 0.2 min elapsed)
2026-03-15 14:50:53,882 [INFO]   Indexed 250000 passages (12829/s, 0.3 min elapsed)
2026-03-15 14:50:58,870 [INFO]   Indexed 300000 passages (12257/s, 0.4 min elapsed)
2026-03-15 14:51:02,889 [INFO]   Indexed 350000 passages (12283/s, 0.5 min elapsed)
2026-03-15 14:51:06,641 [INFO]   Indexed 400000 passages (12405/s, 0.5 min elapsed)
2026-03-15 14:51:11,626 [INFO]   Indexed 450000 passages (12087/s, 0.6 min elapsed)
2026-03-15 14:51:16,968 [INFO]   Indexed 500000 passages (11744/s, 0.7 min elapsed)
2026-03-15 14:51:20,563 [INFO]   Indexed 550000 passages (11913/s, 0.8 min elapsed)
2026-03-15 14:51:24,215 [INFO]   Indexed 600000 passages (12043/s, 0.8 min elapsed)
2026-03-15 14:51:29,005 [INFO]   Indexed 650000 passages (11903/s, 0.9 min elapsed)
2026-03-15 14:51:34,182 [INFO]   Indexed 700000 passages (11708/s, 1.0 min elapsed)
2026-03-15 14:51:37,395 [INFO]   Indexed 750000 passages (11905/s, 1.1 min elapsed)
2026-03-15 14:51:40,583 [INFO]   Indexed 800000 passages (12087/s, 1.1 min elapsed)
2026-03-15 14:51:44,848 [INFO]   Indexed 850000 passages (12065/s, 1.2 min elapsed)
2026-03-15 14:51:50,684 [INFO]   Indexed 900000 passages (11797/s, 1.3 min elapsed)
2026-03-15 14:51:56,289 [INFO]   Indexed 950000 passages (11600/s, 1.4 min elapsed)
2026-03-15 14:52:05,076 [INFO]   Indexed 1000000 passages (11028/s, 1.5 min elapsed)
2026-03-15 14:52:11,580 [INFO]   Indexed 1050000 passages (10804/s, 1.6 min elapsed)
2026-03-15 14:52:17,606 [INFO]   Indexed 1100000 passages (10658/s, 1.7 min elapsed)
2026-03-15 14:52:21,459 [INFO]   Indexed 1150000 passages (10741/s, 1.8 min elapsed)
2026-03-15 14:52:24,620 [INFO]   Indexed 1200000 passages (10887/s, 1.8 min elapsed)
2026-03-15 14:52:30,221 [INFO]   Indexed 1250000 passages (10792/s, 1.9 min elapsed)
2026-03-15 14:52:36,867 [INFO]   Indexed 1300000 passages (10615/s, 2.0 min elapsed)
2026-03-15 14:52:40,081 [INFO]   Indexed 1350000 passages (10741/s, 2.1 min elapsed)
2026-03-15 14:52:43,306 [INFO]   Indexed 1400000 passages (10860/s, 2.1 min elapsed)
2026-03-15 14:52:47,452 [INFO]   Indexed 1450000 passages (10898/s, 2.2 min elapsed)
2026-03-15 14:52:54,191 [INFO]   Indexed 1500000 passages (10730/s, 2.3 min elapsed)
2026-03-15 14:52:57,592 [INFO]   Indexed 1550000 passages (10824/s, 2.4 min elapsed)
2026-03-15 14:53:00,968 [INFO]   Indexed 1600000 passages (10916/s, 2.4 min elapsed)
2026-03-15 14:53:05,105 [INFO]   Indexed 1650000 passages (10948/s, 2.5 min elapsed)
2026-03-15 14:53:11,147 [INFO]   Indexed 1700000 passages (10845/s, 2.6 min elapsed)
2026-03-15 14:53:17,929 [INFO]   Indexed 1750000 passages (10701/s, 2.7 min elapsed)
2026-03-15 14:53:24,631 [INFO]   Indexed 1800000 passages (10574/s, 2.8 min elapsed)
2026-03-15 14:53:31,059 [INFO]   Indexed 1850000 passages (10472/s, 2.9 min elapsed)
2026-03-15 14:53:37,560 [INFO]   Indexed 1900000 passages (10373/s, 3.1 min elapsed)
2026-03-15 14:53:40,736 [INFO]   Indexed 1950000 passages (10465/s, 3.1 min elapsed)
2026-03-15 14:53:43,918 [INFO]   Indexed 2000000 passages (10553/s, 3.2 min elapsed)
2026-03-15 14:53:47,941 [INFO]   Indexed 2050000 passages (10592/s, 3.2 min elapsed)
2026-03-15 14:53:53,560 [INFO]   Indexed 2100000 passages (10544/s, 3.3 min elapsed)
2026-03-15 14:53:57,779 [INFO]   Indexed 2150000 passages (10571/s, 3.4 min elapsed)
2026-03-15 14:54:01,344 [INFO]   Indexed 2200000 passages (10631/s, 3.4 min elapsed)
2026-03-15 14:54:04,500 [INFO]   Indexed 2250000 passages (10709/s, 3.5 min elapsed)
2026-03-15 14:54:10,895 [INFO]   Indexed 2300000 passages (10624/s, 3.6 min elapsed)
2026-03-15 14:54:14,077 [INFO]   Indexed 2350000 passages (10697/s, 3.7 min elapsed)
2026-03-15 14:54:17,279 [INFO]   Indexed 2400000 passages (10768/s, 3.7 min elapsed)
2026-03-15 14:54:21,126 [INFO]   Indexed 2450000 passages (10806/s, 3.8 min elapsed)
2026-03-15 14:54:30,303 [INFO]   Indexed 2500000 passages (10597/s, 3.9 min elapsed)
2026-03-15 14:54:37,294 [INFO]   Indexed 2550000 passages (10498/s, 4.0 min elapsed)
2026-03-15 14:54:43,946 [INFO]   Indexed 2600000 passages (10419/s, 4.2 min elapsed)
2026-03-15 14:54:50,919 [INFO]   Indexed 2650000 passages (10330/s, 4.3 min elapsed)
2026-03-15 14:54:56,507 [INFO]   Indexed 2700000 passages (10301/s, 4.4 min elapsed)
2026-03-15 14:55:01,242 [INFO]   Indexed 2750000 passages (10306/s, 4.4 min elapsed)
2026-03-15 14:55:04,831 [INFO]   Indexed 2800000 passages (10354/s, 4.5 min elapsed)
2026-03-15 14:55:08,569 [INFO]   Indexed 2850000 passages (10395/s, 4.6 min elapsed)
2026-03-15 14:55:13,894 [INFO]   Indexed 2900000 passages (10376/s, 4.7 min elapsed)
2026-03-15 14:55:17,869 [INFO]   Indexed 2950000 passages (10407/s, 4.7 min elapsed)
2026-03-15 14:55:21,392 [INFO]   Indexed 3000000 passages (10453/s, 4.8 min elapsed)
2026-03-15 14:55:26,713 [INFO]   Indexed 3050000 passages (10434/s, 4.9 min elapsed)
2026-03-15 14:55:33,263 [INFO]   Indexed 3100000 passages (10372/s, 5.0 min elapsed)
2026-03-15 14:55:37,400 [INFO]   Indexed 3150000 passages (10396/s, 5.1 min elapsed)
2026-03-15 14:55:42,168 [INFO]   Indexed 3200000 passages (10397/s, 5.1 min elapsed)
2026-03-15 14:55:46,175 [INFO]   Indexed 3250000 passages (10424/s, 5.2 min elapsed)
2026-03-15 14:55:51,918 [INFO]   Indexed 3300000 passages (10393/s, 5.3 min elapsed)
2026-03-15 14:55:57,857 [INFO]   Indexed 3350000 passages (10357/s, 5.4 min elapsed)
2026-03-15 14:56:04,054 [INFO]   Indexed 3400000 passages (10314/s, 5.5 min elapsed)
2026-03-15 14:56:12,092 [INFO]   Indexed 3450000 passages (10216/s, 5.6 min elapsed)
2026-03-15 14:56:20,400 [INFO]   Indexed 3500000 passages (10115/s, 5.8 min elapsed)
2026-03-15 14:56:29,403 [INFO]   Indexed 3550000 passages (10000/s, 5.9 min elapsed)
2026-03-15 14:56:36,328 [INFO]   Indexed 3600000 passages (9947/s, 6.0 min elapsed)
2026-03-15 14:56:45,281 [INFO]   Indexed 3650000 passages (9841/s, 6.2 min elapsed)
2026-03-15 14:56:54,019 [INFO]   Indexed 3700000 passages (9746/s, 6.3 min elapsed)
2026-03-15 14:57:03,390 [INFO]   Indexed 3750000 passages (9640/s, 6.5 min elapsed)
2026-03-15 14:57:11,778 [INFO]   Indexed 3800000 passages (9563/s, 6.6 min elapsed)
2026-03-15 14:57:19,624 [INFO]   Indexed 3850000 passages (9501/s, 6.8 min elapsed)
2026-03-15 14:57:26,916 [INFO]   Indexed 3900000 passages (9454/s, 6.9 min elapsed)
2026-03-15 14:57:36,019 [INFO]   Indexed 3950000 passages (9369/s, 7.0 min elapsed)
2026-03-15 14:57:41,775 [INFO]   Indexed 4000000 passages (9359/s, 7.1 min elapsed)
2026-03-15 14:57:46,345 [INFO]   Indexed 4050000 passages (9376/s, 7.2 min elapsed)
2026-03-15 14:57:54,248 [INFO]   Indexed 4100000 passages (9321/s, 7.3 min elapsed)
2026-03-15 14:58:05,571 [INFO]   Indexed 4150000 passages (9198/s, 7.5 min elapsed)
2026-03-15 14:58:15,182 [INFO]   Indexed 4200000 passages (9115/s, 7.7 min elapsed)
2026-03-15 14:58:20,361 [INFO]   Indexed 4250000 passages (9121/s, 7.8 min elapsed)
2026-03-15 14:58:27,025 [INFO]   Indexed 4300000 passages (9098/s, 7.9 min elapsed)
2026-03-15 14:58:31,303 [INFO]   Indexed 4350000 passages (9121/s, 7.9 min elapsed)
2026-03-15 14:58:35,088 [INFO]   Indexed 4400000 passages (9153/s, 8.0 min elapsed)
2026-03-15 14:58:38,809 [INFO]   Indexed 4450000 passages (9186/s, 8.1 min elapsed)
2026-03-15 14:58:44,225 [INFO]   Indexed 4500000 passages (9187/s, 8.2 min elapsed)
2026-03-15 14:58:47,634 [INFO]   Indexed 4550000 passages (9225/s, 8.2 min elapsed)
2026-03-15 14:58:51,187 [INFO]   Indexed 4600000 passages (9259/s, 8.3 min elapsed)
2026-03-15 14:58:54,865 [INFO]   Indexed 4650000 passages (9291/s, 8.3 min elapsed)
2026-03-15 14:59:00,600 [INFO]   Indexed 4700000 passages (9285/s, 8.4 min elapsed)
2026-03-15 14:59:05,077 [INFO]   Indexed 4750000 passages (9301/s, 8.5 min elapsed)
2026-03-15 14:59:08,774 [INFO]   Indexed 4800000 passages (9332/s, 8.6 min elapsed)
2026-03-15 14:59:12,417 [INFO]   Indexed 4850000 passages (9363/s, 8.6 min elapsed)
2026-03-15 14:59:20,368 [INFO]   Indexed 4900000 passages (9316/s, 8.8 min elapsed)
2026-03-15 14:59:28,440 [INFO]   Indexed 4950000 passages (9269/s, 8.9 min elapsed)
2026-03-15 14:59:36,574 [INFO]   Indexed 5000000 passages (9222/s, 9.0 min elapsed)
2026-03-15 14:59:45,208 [INFO]   Indexed 5050000 passages (9168/s, 9.2 min elapsed)
2026-03-15 14:59:51,157 [INFO]   Indexed 5100000 passages (9160/s, 9.3 min elapsed)
2026-03-15 14:59:55,679 [INFO]   Indexed 5150000 passages (9175/s, 9.4 min elapsed)
2026-03-15 14:59:59,149 [INFO]   Indexed 5200000 passages (9208/s, 9.4 min elapsed)
2026-03-15 15:00:04,019 [INFO]   Indexed 5250000 passages (9217/s, 9.5 min elapsed)
2026-03-15 15:00:10,004 [INFO]   Indexed 5300000 passages (9208/s, 9.6 min elapsed)
2026-03-15 15:00:14,091 [INFO]   Indexed 5350000 passages (9229/s, 9.7 min elapsed)
2026-03-15 15:00:18,288 [INFO]   Indexed 5400000 passages (9248/s, 9.7 min elapsed)
2026-03-15 15:00:22,251 [INFO]   Indexed 5450000 passages (9271/s, 9.8 min elapsed)
2026-03-15 15:00:28,628 [INFO]   Indexed 5500000 passages (9256/s, 9.9 min elapsed)
2026-03-15 15:00:33,583 [INFO]   Indexed 5550000 passages (9263/s, 10.0 min elapsed)
2026-03-15 15:00:37,258 [INFO]   Indexed 5600000 passages (9289/s, 10.0 min elapsed)
2026-03-15 15:00:42,422 [INFO]   Indexed 5650000 passages (9292/s, 10.1 min elapsed)
2026-03-15 15:00:49,421 [INFO]   Indexed 5700000 passages (9268/s, 10.3 min elapsed)
2026-03-15 15:00:57,123 [INFO]   Indexed 5750000 passages (9234/s, 10.4 min elapsed)
2026-03-15 15:01:04,782 [INFO]   Indexed 5800000 passages (9201/s, 10.5 min elapsed)
2026-03-15 15:01:12,641 [INFO]   Indexed 5850000 passages (9166/s, 10.6 min elapsed)
2026-03-15 15:01:19,425 [INFO]   Indexed 5900000 passages (9147/s, 10.8 min elapsed)
2026-03-15 15:01:22,889 [INFO]   Indexed 5950000 passages (9175/s, 10.8 min elapsed)
2026-03-15 15:01:26,299 [INFO]   Indexed 6000000 passages (9204/s, 10.9 min elapsed)
2026-03-15 15:01:29,709 [INFO]   Indexed 6050000 passages (9232/s, 10.9 min elapsed)
2026-03-15 15:01:36,461 [INFO]   Indexed 6100000 passages (9214/s, 11.0 min elapsed)
2026-03-15 15:01:40,398 [INFO]   Indexed 6150000 passages (9234/s, 11.1 min elapsed)
2026-03-15 15:01:44,250 [INFO]   Indexed 6200000 passages (9256/s, 11.2 min elapsed)
2026-03-15 15:01:47,628 [INFO]   Indexed 6250000 passages (9284/s, 11.2 min elapsed)
2026-03-15 15:01:53,318 [INFO]   Indexed 6300000 passages (9279/s, 11.3 min elapsed)
2026-03-15 15:01:57,464 [INFO]   Indexed 6350000 passages (9296/s, 11.4 min elapsed)
2026-03-15 15:02:01,479 [INFO]   Indexed 6400000 passages (9315/s, 11.5 min elapsed)
2026-03-15 15:02:05,317 [INFO]   Indexed 6450000 passages (9335/s, 11.5 min elapsed)
2026-03-15 15:02:11,637 [INFO]   Indexed 6500000 passages (9322/s, 11.6 min elapsed)
2026-03-15 15:02:22,302 [INFO]   Indexed 6550000 passages (9253/s, 11.8 min elapsed)
2026-03-15 15:02:29,731 [INFO]   Indexed 6600000 passages (9226/s, 11.9 min elapsed)
2026-03-15 15:02:51,473 [INFO]   Indexed 6650000 passages (9022/s, 12.3 min elapsed)
2026-03-15 15:03:05,285 [INFO]   Indexed 6700000 passages (8923/s, 12.5 min elapsed)
2026-03-15 15:03:27,669 [INFO]   Indexed 6750000 passages (8729/s, 12.9 min elapsed)
2026-03-15 15:03:46,063 [INFO]   Indexed 6800000 passages (8589/s, 13.2 min elapsed)
2026-03-15 15:04:11,510 [INFO]   Indexed 6850000 passages (8383/s, 13.6 min elapsed)
2026-03-15 15:04:23,046 [INFO]   Indexed 6900000 passages (8327/s, 13.8 min elapsed)
2026-03-15 15:04:44,262 [INFO]   Indexed 6950000 passages (8178/s, 14.2 min elapsed)
2026-03-15 15:05:04,668 [INFO]   Indexed 7000000 passages (8043/s, 14.5 min elapsed)
2026-03-15 15:05:24,921 [INFO]   Indexed 7050000 passages (7917/s, 14.8 min elapsed)
2026-03-15 15:05:42,835 [INFO]   Indexed 7100000 passages (7816/s, 15.1 min elapsed)
2026-03-15 15:06:06,628 [INFO]   Indexed 7150000 passages (7670/s, 15.5 min elapsed)
2026-03-15 15:06:11,810 [INFO]   Indexed 7200000 passages (7681/s, 15.6 min elapsed)
2026-03-15 15:06:15,916 [INFO]   Indexed 7250000 passages (7700/s, 15.7 min elapsed)
2026-03-15 15:06:27,102 [INFO]   Indexed 7300000 passages (7662/s, 15.9 min elapsed)
2026-03-15 15:06:44,887 [INFO]   Indexed 7350000 passages (7573/s, 16.2 min elapsed)
2026-03-15 15:07:01,072 [INFO]   Indexed 7400000 passages (7500/s, 16.4 min elapsed)
2026-03-15 15:07:12,336 [INFO]   Indexed 7450000 passages (7465/s, 16.6 min elapsed)
2026-03-15 15:07:18,066 [INFO]   Indexed 7500000 passages (7473/s, 16.7 min elapsed)
2026-03-15 15:07:22,114 [INFO]   Indexed 7550000 passages (7492/s, 16.8 min elapsed)
2026-03-15 15:07:25,849 [INFO]   Indexed 7600000 passages (7514/s, 16.9 min elapsed)
2026-03-15 15:07:29,537 [INFO]   Indexed 7650000 passages (7536/s, 16.9 min elapsed)
2026-03-15 15:07:36,114 [INFO]   Indexed 7700000 passages (7536/s, 17.0 min elapsed)
2026-03-15 15:07:40,192 [INFO]   Indexed 7750000 passages (7555/s, 17.1 min elapsed)
2026-03-15 15:07:43,857 [INFO]   Indexed 7800000 passages (7577/s, 17.2 min elapsed)
2026-03-15 15:07:49,142 [INFO]   Indexed 7850000 passages (7586/s, 17.2 min elapsed)
2026-03-15 15:07:55,386 [INFO]   Indexed 7900000 passages (7589/s, 17.3 min elapsed)
2026-03-15 15:08:00,006 [INFO]   Indexed 7950000 passages (7603/s, 17.4 min elapsed)
2026-03-15 15:08:03,928 [INFO]   Indexed 8000000 passages (7622/s, 17.5 min elapsed)
2026-03-15 15:08:07,583 [INFO]   Indexed 8050000 passages (7643/s, 17.6 min elapsed)
2026-03-15 15:08:12,949 [INFO]   Indexed 8100000 passages (7652/s, 17.6 min elapsed)
2026-03-15 15:08:21,863 [INFO]   Indexed 8150000 passages (7635/s, 17.8 min elapsed)
2026-03-15 15:08:29,744 [INFO]   Indexed 8200000 passages (7625/s, 17.9 min elapsed)
2026-03-15 15:08:43,997 [INFO]   Indexed 8250000 passages (7572/s, 18.2 min elapsed)
2026-03-15 15:08:50,257 [INFO]   Indexed 8300000 passages (7574/s, 18.3 min elapsed)
2026-03-15 15:08:54,407 [INFO]   Indexed 8350000 passages (7591/s, 18.3 min elapsed)
2026-03-15 15:08:57,707 [INFO]   Indexed 8400000 passages (7613/s, 18.4 min elapsed)
2026-03-15 15:09:00,924 [INFO]   Indexed 8450000 passages (7636/s, 18.4 min elapsed)
2026-03-15 15:09:05,832 [INFO]   Indexed 8500000 passages (7648/s, 18.5 min elapsed)
2026-03-15 15:09:11,269 [INFO]   Indexed 8550000 passages (7655/s, 18.6 min elapsed)
2026-03-15 15:09:14,482 [INFO]   Indexed 8600000 passages (7678/s, 18.7 min elapsed)
2026-03-15 15:09:17,715 [INFO]   Indexed 8650000 passages (7700/s, 18.7 min elapsed)
2026-03-15 15:09:23,129 [INFO]   Indexed 8700000 passages (7708/s, 18.8 min elapsed)
2026-03-15 15:09:27,588 [INFO]   Indexed 8750000 passages (7722/s, 18.9 min elapsed)
2026-03-15 15:09:30,834 [INFO]   Indexed 8800000 passages (7743/s, 18.9 min elapsed)
2026-03-15 15:09:34,253 [INFO]   Indexed 8850000 passages (7764/s, 19.0 min elapsed)
2026-03-15 15:09:39,385 [INFO]   Indexed 8900000 passages (7773/s, 19.1 min elapsed)
2026-03-15 15:09:46,926 [INFO]   Indexed 8950000 passages (7766/s, 19.2 min elapsed)
2026-03-15 15:09:54,210 [INFO]   Indexed 9000000 passages (7760/s, 19.3 min elapsed)
2026-03-15 15:10:02,726 [INFO]   Indexed 9050000 passages (7746/s, 19.5 min elapsed)
2026-03-15 15:10:07,898 [INFO]   Indexed 9100000 passages (7755/s, 19.6 min elapsed)
2026-03-15 15:10:12,607 [INFO]   Indexed 9150000 passages (7766/s, 19.6 min elapsed)
2026-03-15 15:10:15,792 [INFO]   Indexed 9200000 passages (7787/s, 19.7 min elapsed)
2026-03-15 15:10:19,067 [INFO]   Indexed 9250000 passages (7808/s, 19.7 min elapsed)
2026-03-15 15:10:23,234 [INFO]   Indexed 9300000 passages (7823/s, 19.8 min elapsed)
2026-03-15 15:10:28,840 [INFO]   Indexed 9350000 passages (7828/s, 19.9 min elapsed)
2026-03-15 15:10:32,070 [INFO]   Indexed 9400000 passages (7849/s, 20.0 min elapsed)
2026-03-15 15:10:35,647 [INFO]   Indexed 9450000 passages (7867/s, 20.0 min elapsed)
2026-03-15 15:10:40,391 [INFO]   Indexed 9500000 passages (7877/s, 20.1 min elapsed)
2026-03-15 15:10:45,536 [INFO]   Indexed 9550000 passages (7885/s, 20.2 min elapsed)
2026-03-15 15:10:48,717 [INFO]   Indexed 9600000 passages (7906/s, 20.2 min elapsed)
2026-03-15 15:10:52,035 [INFO]   Indexed 9650000 passages (7925/s, 20.3 min elapsed)
2026-03-15 15:10:56,420 [INFO]   Indexed 9700000 passages (7938/s, 20.4 min elapsed)
2026-03-15 15:11:04,284 [INFO]   Indexed 9750000 passages (7928/s, 20.5 min elapsed)
2026-03-15 15:11:11,628 [INFO]   Indexed 9800000 passages (7921/s, 20.6 min elapsed)
2026-03-15 15:11:26,053 [INFO]   Indexed 9850000 passages (7870/s, 20.9 min elapsed)
2026-03-15 15:11:51,164 [INFO]   Indexed 9900000 passages (7754/s, 21.3 min elapsed)
2026-03-15 15:12:05,811 [INFO]   Indexed 9950000 passages (7705/s, 21.5 min elapsed)
2026-03-15 15:12:21,533 [INFO]   Indexed 10000000 passages (7650/s, 21.8 min elapsed)
2026-03-15 15:12:38,839 [INFO]   Indexed 10050000 passages (7588/s, 22.1 min elapsed)
2026-03-15 15:12:53,382 [INFO]   Indexed 10100000 passages (7543/s, 22.3 min elapsed)
2026-03-15 15:13:04,029 [INFO]   Indexed 10150000 passages (7521/s, 22.5 min elapsed)
2026-03-15 15:13:25,731 [INFO]   Indexed 10200000 passages (7438/s, 22.9 min elapsed)
2026-03-15 15:13:44,223 [INFO]   Indexed 10250000 passages (7375/s, 23.2 min elapsed)
2026-03-15 15:13:58,924 [INFO]   Indexed 10300000 passages (7333/s, 23.4 min elapsed)
2026-03-15 15:14:13,358 [INFO]   Indexed 10350000 passages (7294/s, 23.6 min elapsed)
2026-03-15 15:14:26,807 [INFO]   Indexed 10400000 passages (7260/s, 23.9 min elapsed)
2026-03-15 15:14:30,576 [INFO]   Indexed 10450000 passages (7276/s, 23.9 min elapsed)
2026-03-15 15:14:34,748 [INFO]   Indexed 10500000 passages (7290/s, 24.0 min elapsed)
2026-03-15 15:14:46,794 [INFO]   Indexed 10550000 passages (7264/s, 24.2 min elapsed)
2026-03-15 15:14:58,609 [INFO]   Indexed 10600000 passages (7239/s, 24.4 min elapsed)
2026-03-15 15:15:11,751 [INFO]   Indexed 10650000 passages (7209/s, 24.6 min elapsed)
2026-03-15 15:15:17,386 [INFO]   Indexed 10700000 passages (7215/s, 24.7 min elapsed)
2026-03-15 15:15:22,561 [INFO]   Indexed 10750000 passages (7224/s, 24.8 min elapsed)
2026-03-15 15:15:25,859 [INFO]   Indexed 10800000 passages (7241/s, 24.9 min elapsed)
2026-03-15 15:15:29,003 [INFO]   Indexed 10850000 passages (7259/s, 24.9 min elapsed)
2026-03-15 15:15:32,516 [INFO]   Indexed 10900000 passages (7276/s, 25.0 min elapsed)
2026-03-15 15:15:37,488 [INFO]   Indexed 10950000 passages (7285/s, 25.1 min elapsed)
2026-03-15 15:15:40,754 [INFO]   Indexed 11000000 passages (7302/s, 25.1 min elapsed)
2026-03-15 15:15:44,171 [INFO]   Indexed 11050000 passages (7319/s, 25.2 min elapsed)
2026-03-15 15:15:47,537 [INFO]   Indexed 11100000 passages (7336/s, 25.2 min elapsed)
2026-03-15 15:15:54,331 [INFO]   Indexed 11150000 passages (7336/s, 25.3 min elapsed)
2026-03-15 15:15:57,487 [INFO]   Indexed 11200000 passages (7353/s, 25.4 min elapsed)
2026-03-15 15:16:00,630 [INFO]   Indexed 11250000 passages (7371/s, 25.4 min elapsed)
2026-03-15 15:16:03,975 [INFO]   Indexed 11300000 passages (7388/s, 25.5 min elapsed)
2026-03-15 15:16:11,253 [INFO]   Indexed 11350000 passages (7385/s, 25.6 min elapsed)
2026-03-15 15:16:18,395 [INFO]   Indexed 11400000 passages (7383/s, 25.7 min elapsed)
2026-03-15 15:16:26,939 [INFO]   Indexed 11450000 passages (7375/s, 25.9 min elapsed)
2026-03-15 15:16:35,032 [INFO]   Indexed 11500000 passages (7369/s, 26.0 min elapsed)
2026-03-15 15:16:41,154 [INFO]   Indexed 11550000 passages (7372/s, 26.1 min elapsed)
2026-03-15 15:16:44,440 [INFO]   Indexed 11600000 passages (7388/s, 26.2 min elapsed)
2026-03-15 15:16:47,672 [INFO]   Indexed 11650000 passages (7405/s, 26.2 min elapsed)
2026-03-15 15:16:50,852 [INFO]   Indexed 11700000 passages (7422/s, 26.3 min elapsed)
2026-03-15 15:16:56,703 [INFO]   Indexed 11750000 passages (7426/s, 26.4 min elapsed)
2026-03-15 15:16:59,941 [INFO]   Indexed 11800000 passages (7442/s, 26.4 min elapsed)
2026-03-15 15:17:03,034 [INFO]   Indexed 11850000 passages (7459/s, 26.5 min elapsed)
2026-03-15 15:17:06,204 [INFO]   Indexed 11900000 passages (7476/s, 26.5 min elapsed)
2026-03-15 15:17:16,947 [INFO]   Indexed 11950000 passages (7457/s, 26.7 min elapsed)
2026-03-15 15:17:21,235 [INFO]   Indexed 12000000 passages (7468/s, 26.8 min elapsed)
2026-03-15 15:17:25,125 [INFO]   Indexed 12050000 passages (7481/s, 26.8 min elapsed)
2026-03-15 15:17:28,550 [INFO]   Indexed 12100000 passages (7496/s, 26.9 min elapsed)
2026-03-15 15:17:36,326 [INFO]   Indexed 12150000 passages (7491/s, 27.0 min elapsed)
2026-03-15 15:17:43,742 [INFO]   Indexed 12200000 passages (7488/s, 27.2 min elapsed)
2026-03-15 15:17:50,695 [INFO]   Indexed 12250000 passages (7486/s, 27.3 min elapsed)
2026-03-15 15:17:55,248 [INFO]   Indexed 12300000 passages (7496/s, 27.3 min elapsed)
2026-03-15 15:18:01,032 [INFO]   Indexed 12350000 passages (7500/s, 27.4 min elapsed)
2026-03-15 15:18:05,353 [INFO]   Indexed 12400000 passages (7511/s, 27.5 min elapsed)
2026-03-15 15:18:09,430 [INFO]   Indexed 12450000 passages (7523/s, 27.6 min elapsed)
2026-03-15 15:18:13,770 [INFO]   Indexed 12500000 passages (7533/s, 27.7 min elapsed)
2026-03-15 15:18:20,189 [INFO]   Indexed 12550000 passages (7534/s, 27.8 min elapsed)
2026-03-15 15:18:23,947 [INFO]   Indexed 12600000 passages (7547/s, 27.8 min elapsed)
2026-03-15 15:18:27,684 [INFO]   Indexed 12650000 passages (7560/s, 27.9 min elapsed)
2026-03-15 15:18:33,125 [INFO]   Indexed 12700000 passages (7565/s, 28.0 min elapsed)
2026-03-15 15:18:40,027 [INFO]   Indexed 12750000 passages (7564/s, 28.1 min elapsed)
2026-03-15 15:18:44,229 [INFO]   Indexed 12800000 passages (7575/s, 28.2 min elapsed)
2026-03-15 15:18:47,890 [INFO]   Indexed 12850000 passages (7588/s, 28.2 min elapsed)
2026-03-15 15:18:51,208 [INFO]   Indexed 12900000 passages (7602/s, 28.3 min elapsed)
2026-03-15 15:18:57,239 [INFO]   Indexed 12950000 passages (7605/s, 28.4 min elapsed)
2026-03-15 15:19:04,401 [INFO]   Indexed 13000000 passages (7602/s, 28.5 min elapsed)
2026-03-15 15:19:11,315 [INFO]   Indexed 13050000 passages (7601/s, 28.6 min elapsed)
2026-03-15 15:19:29,688 [INFO]   Indexed 13100000 passages (7549/s, 28.9 min elapsed)
2026-03-15 15:19:41,611 [INFO]   Indexed 13150000 passages (7526/s, 29.1 min elapsed)
2026-03-15 15:19:54,139 [INFO]   Indexed 13200000 passages (7501/s, 29.3 min elapsed)
2026-03-15 15:20:09,377 [INFO]   Indexed 13250000 passages (7465/s, 29.6 min elapsed)
2026-03-15 15:20:26,483 [INFO]   Indexed 13300000 passages (7422/s, 29.9 min elapsed)
2026-03-15 15:20:37,976 [INFO]   Indexed 13350000 passages (7402/s, 30.1 min elapsed)
2026-03-15 15:20:54,409 [INFO]   Indexed 13400000 passages (7363/s, 30.3 min elapsed)
2026-03-15 15:21:07,691 [INFO]   Indexed 13450000 passages (7337/s, 30.6 min elapsed)
2026-03-15 15:21:35,322 [INFO]   Indexed 13500000 passages (7254/s, 31.0 min elapsed)
2026-03-15 15:21:51,627 [INFO]   Indexed 13550000 passages (7218/s, 31.3 min elapsed)
2026-03-15 15:22:16,589 [INFO]   Indexed 13600000 passages (7150/s, 31.7 min elapsed)
2026-03-15 15:22:36,476 [INFO]   Indexed 13650000 passages (7102/s, 32.0 min elapsed)
2026-03-15 15:23:00,623 [INFO]   Indexed 13700000 passages (7039/s, 32.4 min elapsed)
2026-03-15 15:23:24,981 [INFO]   Indexed 13750000 passages (6978/s, 32.8 min elapsed)
2026-03-15 15:23:42,791 [INFO]   Indexed 13800000 passages (6940/s, 33.1 min elapsed)
2026-03-15 15:23:59,416 [INFO]   Indexed 13850000 passages (6908/s, 33.4 min elapsed)
2026-03-15 15:24:22,908 [INFO]   Indexed 13900000 passages (6852/s, 33.8 min elapsed)
2026-03-15 15:24:36,103 [INFO]   Indexed 13950000 passages (6833/s, 34.0 min elapsed)
2026-03-15 15:24:56,735 [INFO]   Indexed 14000000 passages (6788/s, 34.4 min elapsed)
2026-03-15 15:25:11,980 [INFO]   Indexed 14050000 passages (6763/s, 34.6 min elapsed)
2026-03-15 15:25:31,606 [INFO]   Indexed 14100000 passages (6723/s, 35.0 min elapsed)
2026-03-15 15:25:45,223 [INFO]   Indexed 14150000 passages (6704/s, 35.2 min elapsed)
2026-03-15 15:26:03,057 [INFO]   Indexed 14200000 passages (6671/s, 35.5 min elapsed)
2026-03-15 15:26:26,479 [INFO]   Indexed 14250000 passages (6621/s, 35.9 min elapsed)
2026-03-15 15:26:48,547 [INFO]   Indexed 14300000 passages (6577/s, 36.2 min elapsed)
2026-03-15 15:27:03,228 [INFO]   Indexed 14350000 passages (6556/s, 36.5 min elapsed)
2026-03-15 15:27:23,092 [INFO]   Indexed 14400000 passages (6520/s, 36.8 min elapsed)
2026-03-15 15:27:44,441 [INFO]   Indexed 14450000 passages (6480/s, 37.2 min elapsed)
2026-03-15 15:28:05,849 [INFO]   Indexed 14500000 passages (6440/s, 37.5 min elapsed)
2026-03-15 15:28:18,263 [INFO]   Indexed 14550000 passages (6427/s, 37.7 min elapsed)
2026-03-15 15:28:40,119 [INFO]   Indexed 14600000 passages (6387/s, 38.1 min elapsed)
2026-03-15 15:29:02,254 [INFO]   Indexed 14650000 passages (6348/s, 38.5 min elapsed)
2026-03-15 15:29:29,646 [INFO]   Indexed 14700000 passages (6295/s, 38.9 min elapsed)
2026-03-15 15:29:43,028 [INFO]   Indexed 14750000 passages (6280/s, 39.1 min elapsed)
2026-03-15 15:29:58,560 [INFO]   Indexed 14800000 passages (6260/s, 39.4 min elapsed)
2026-03-15 15:30:13,291 [INFO]   Indexed 14850000 passages (6242/s, 39.6 min elapsed)
2026-03-15 15:30:30,480 [INFO]   Indexed 14900000 passages (6218/s, 39.9 min elapsed)
2026-03-15 15:30:42,459 [INFO]   Indexed 14950000 passages (6208/s, 40.1 min elapsed)
2026-03-15 15:30:56,743 [INFO]   Indexed 15000000 passages (6192/s, 40.4 min elapsed)
2026-03-15 15:31:19,197 [INFO]   Indexed 15050000 passages (6156/s, 40.7 min elapsed)
2026-03-15 15:31:41,991 [INFO]   Indexed 15100000 passages (6119/s, 41.1 min elapsed)
2026-03-15 15:31:57,429 [INFO]   Indexed 15150000 passages (6101/s, 41.4 min elapsed)
2026-03-15 15:32:25,334 [INFO]   Indexed 15200000 passages (6054/s, 41.8 min elapsed)
2026-03-15 15:32:29,592 [INFO]   Indexed 15250000 passages (6063/s, 41.9 min elapsed)
2026-03-15 15:32:33,375 [INFO]   Indexed 15300000 passages (6074/s, 42.0 min elapsed)
2026-03-15 15:32:38,454 [INFO]   Indexed 15350000 passages (6081/s, 42.1 min elapsed)
2026-03-15 15:32:52,384 [INFO]   Indexed 15400000 passages (6068/s, 42.3 min elapsed)
2026-03-15 15:33:08,710 [INFO]   Indexed 15450000 passages (6049/s, 42.6 min elapsed)
2026-03-15 15:33:15,076 [INFO]   Indexed 15500000 passages (6053/s, 42.7 min elapsed)
2026-03-15 15:33:20,989 [INFO]   Indexed 15550000 passages (6059/s, 42.8 min elapsed)
2026-03-15 15:33:25,701 [INFO]   Indexed 15600000 passages (6067/s, 42.9 min elapsed)
2026-03-15 15:33:29,052 [INFO]   Indexed 15650000 passages (6078/s, 42.9 min elapsed)
2026-03-15 15:33:32,293 [INFO]   Indexed 15700000 passages (6090/s, 43.0 min elapsed)
2026-03-15 15:33:37,410 [INFO]   Indexed 15750000 passages (6098/s, 43.1 min elapsed)
2026-03-15 15:33:42,207 [INFO]   Indexed 15800000 passages (6106/s, 43.1 min elapsed)
2026-03-15 15:33:45,420 [INFO]   Indexed 15850000 passages (6117/s, 43.2 min elapsed)
2026-03-15 15:33:48,648 [INFO]   Indexed 15900000 passages (6129/s, 43.2 min elapsed)
2026-03-15 15:33:54,425 [INFO]   Indexed 15950000 passages (6135/s, 43.3 min elapsed)
2026-03-15 15:33:58,927 [INFO]   Indexed 16000000 passages (6143/s, 43.4 min elapsed)
2026-03-15 15:34:02,150 [INFO]   Indexed 16050000 passages (6155/s, 43.5 min elapsed)
2026-03-15 15:34:05,394 [INFO]   Indexed 16100000 passages (6166/s, 43.5 min elapsed)
2026-03-15 15:34:10,858 [INFO]   Indexed 16150000 passages (6172/s, 43.6 min elapsed)
2026-03-15 15:34:20,325 [INFO]   Indexed 16200000 passages (6169/s, 43.8 min elapsed)
2026-03-15 15:34:28,480 [INFO]   Indexed 16250000 passages (6169/s, 43.9 min elapsed)
2026-03-15 15:34:48,445 [INFO]   Indexed 16300000 passages (6142/s, 44.2 min elapsed)
2026-03-15 15:35:04,224 [INFO]   Indexed 16350000 passages (6124/s, 44.5 min elapsed)
2026-03-15 15:35:19,472 [INFO]   Indexed 16400000 passages (6108/s, 44.8 min elapsed)
2026-03-15 15:35:38,241 [INFO]   Indexed 16450000 passages (6084/s, 45.1 min elapsed)
2026-03-15 15:36:00,861 [INFO]   Indexed 16500000 passages (6052/s, 45.4 min elapsed)
2026-03-15 15:36:16,515 [INFO]   Indexed 16550000 passages (6035/s, 45.7 min elapsed)
2026-03-15 15:36:31,736 [INFO]   Indexed 16600000 passages (6020/s, 46.0 min elapsed)
2026-03-15 15:36:53,967 [INFO]   Indexed 16650000 passages (5990/s, 46.3 min elapsed)
2026-03-15 15:37:07,544 [INFO]   Indexed 16700000 passages (5979/s, 46.6 min elapsed)
2026-03-15 15:37:13,163 [INFO]   Indexed 16750000 passages (5985/s, 46.6 min elapsed)
2026-03-15 15:37:18,350 [INFO]   Indexed 16800000 passages (5992/s, 46.7 min elapsed)
2026-03-15 15:37:22,311 [INFO]   Indexed 16850000 passages (6001/s, 46.8 min elapsed)
2026-03-15 15:37:25,532 [INFO]   Indexed 16900000 passages (6012/s, 46.9 min elapsed)
2026-03-15 15:37:29,547 [INFO]   Indexed 16950000 passages (6021/s, 46.9 min elapsed)
2026-03-15 15:37:41,906 [INFO]   Indexed 17000000 passages (6012/s, 47.1 min elapsed)
2026-03-15 15:37:54,127 [INFO]   Indexed 17050000 passages (6004/s, 47.3 min elapsed)
2026-03-15 15:38:03,490 [INFO]   Indexed 17100000 passages (6002/s, 47.5 min elapsed)
2026-03-15 15:38:08,940 [INFO]   Indexed 17150000 passages (6008/s, 47.6 min elapsed)
2026-03-15 15:38:15,077 [INFO]   Indexed 17200000 passages (6013/s, 47.7 min elapsed)
2026-03-15 15:38:18,659 [INFO]   Indexed 17250000 passages (6022/s, 47.7 min elapsed)
2026-03-15 15:38:22,009 [INFO]   Indexed 17300000 passages (6033/s, 47.8 min elapsed)
2026-03-15 15:38:26,596 [INFO]   Indexed 17350000 passages (6041/s, 47.9 min elapsed)
2026-03-15 15:38:32,205 [INFO]   Indexed 17400000 passages (6046/s, 48.0 min elapsed)
2026-03-15 15:38:35,707 [INFO]   Indexed 17450000 passages (6056/s, 48.0 min elapsed)
2026-03-15 15:38:38,936 [INFO]   Indexed 17500000 passages (6067/s, 48.1 min elapsed)
2026-03-15 15:38:43,123 [INFO]   Indexed 17550000 passages (6075/s, 48.1 min elapsed)
2026-03-15 15:38:49,122 [INFO]   Indexed 17600000 passages (6080/s, 48.2 min elapsed)
2026-03-15 15:38:52,952 [INFO]   Indexed 17650000 passages (6089/s, 48.3 min elapsed)
2026-03-15 15:38:56,140 [INFO]   Indexed 17700000 passages (6100/s, 48.4 min elapsed)
2026-03-15 15:38:59,381 [INFO]   Indexed 17750000 passages (6110/s, 48.4 min elapsed)
2026-03-15 15:39:07,092 [INFO]   Indexed 17800000 passages (6111/s, 48.5 min elapsed)
2026-03-15 15:39:15,298 [INFO]   Indexed 17850000 passages (6111/s, 48.7 min elapsed)
2026-03-15 15:39:22,078 [INFO]   Indexed 17900000 passages (6114/s, 48.8 min elapsed)
2026-03-15 15:39:25,458 [INFO]   Indexed 17950000 passages (6124/s, 48.9 min elapsed)
2026-03-15 15:39:30,903 [INFO]   Indexed 18000000 passages (6130/s, 48.9 min elapsed)
2026-03-15 15:39:34,680 [INFO]   Indexed 18050000 passages (6139/s, 49.0 min elapsed)
2026-03-15 15:39:37,844 [INFO]   Indexed 18100000 passages (6149/s, 49.1 min elapsed)
2026-03-15 15:39:41,063 [INFO]   Indexed 18150000 passages (6159/s, 49.1 min elapsed)
2026-03-15 15:39:47,043 [INFO]   Indexed 18200000 passages (6164/s, 49.2 min elapsed)
2026-03-15 15:39:50,278 [INFO]   Indexed 18250000 passages (6174/s, 49.3 min elapsed)
2026-03-15 15:39:53,483 [INFO]   Indexed 18300000 passages (6184/s, 49.3 min elapsed)
2026-03-15 15:39:56,781 [INFO]   Indexed 18350000 passages (6194/s, 49.4 min elapsed)
2026-03-15 15:40:02,403 [INFO]   Indexed 18400000 passages (6199/s, 49.5 min elapsed)
2026-03-15 15:40:05,564 [INFO]   Indexed 18450000 passages (6210/s, 49.5 min elapsed)
2026-03-15 15:40:08,775 [INFO]   Indexed 18500000 passages (6220/s, 49.6 min elapsed)
2026-03-15 15:40:12,071 [INFO]   Indexed 18550000 passages (6230/s, 49.6 min elapsed)
2026-03-15 15:40:19,991 [INFO]   Indexed 18600000 passages (6230/s, 49.8 min elapsed)
2026-03-15 15:40:27,507 [INFO]   Indexed 18650000 passages (6231/s, 49.9 min elapsed)
2026-03-15 15:40:33,221 [INFO]   Indexed 18700000 passages (6236/s, 50.0 min elapsed)
2026-03-15 15:40:36,463 [INFO]   Indexed 18750000 passages (6246/s, 50.0 min elapsed)
2026-03-15 15:40:42,886 [INFO]   Indexed 18800000 passages (6249/s, 50.1 min elapsed)
2026-03-15 15:40:46,095 [INFO]   Indexed 18850000 passages (6259/s, 50.2 min elapsed)
2026-03-15 15:40:49,282 [INFO]   Indexed 18900000 passages (6269/s, 50.2 min elapsed)
2026-03-15 15:40:52,984 [INFO]   Indexed 18950000 passages (6278/s, 50.3 min elapsed)
2026-03-15 15:40:58,568 [INFO]   Indexed 19000000 passages (6283/s, 50.4 min elapsed)
2026-03-15 15:41:01,767 [INFO]   Indexed 19050000 passages (6293/s, 50.5 min elapsed)
2026-03-15 15:41:04,867 [INFO]   Indexed 19100000 passages (6303/s, 50.5 min elapsed)
2026-03-15 15:41:08,470 [INFO]   Indexed 19150000 passages (6312/s, 50.6 min elapsed)
2026-03-15 15:41:14,679 [INFO]   Indexed 19200000 passages (6315/s, 50.7 min elapsed)
2026-03-15 15:41:19,665 [INFO]   Indexed 19250000 passages (6321/s, 50.8 min elapsed)
2026-03-15 15:41:23,431 [INFO]   Indexed 19300000 passages (6330/s, 50.8 min elapsed)
2026-03-15 15:41:27,018 [INFO]   Indexed 19350000 passages (6339/s, 50.9 min elapsed)
2026-03-15 15:41:34,668 [INFO]   Indexed 19400000 passages (6339/s, 51.0 min elapsed)
2026-03-15 15:41:42,571 [INFO]   Indexed 19450000 passages (6339/s, 51.1 min elapsed)
2026-03-15 15:41:55,437 [INFO]   Indexed 19500000 passages (6329/s, 51.4 min elapsed)
2026-03-15 15:42:15,207 [INFO]   Indexed 19550000 passages (6305/s, 51.7 min elapsed)
2026-03-15 15:42:25,560 [INFO]   Indexed 19600000 passages (6300/s, 51.9 min elapsed)
2026-03-15 15:42:38,790 [INFO]   Indexed 19650000 passages (6289/s, 52.1 min elapsed)
2026-03-15 15:42:53,895 [INFO]   Indexed 19700000 passages (6275/s, 52.3 min elapsed)
2026-03-15 15:43:10,186 [INFO]   Indexed 19750000 passages (6258/s, 52.6 min elapsed)
2026-03-15 15:43:22,421 [INFO]   Indexed 19800000 passages (6250/s, 52.8 min elapsed)
2026-03-15 15:43:39,452 [INFO]   Indexed 19850000 passages (6232/s, 53.1 min elapsed)
2026-03-15 15:43:55,828 [INFO]   Indexed 19900000 passages (6216/s, 53.4 min elapsed)
2026-03-15 15:44:00,655 [INFO]   Indexed 19950000 passages (6222/s, 53.4 min elapsed)
2026-03-15 15:44:06,545 [INFO]   Indexed 20000000 passages (6226/s, 53.5 min elapsed)
2026-03-15 15:44:10,359 [INFO]   Indexed 20050000 passages (6235/s, 53.6 min elapsed)
2026-03-15 15:44:14,526 [INFO]   Indexed 20100000 passages (6242/s, 53.7 min elapsed)
2026-03-15 15:44:18,327 [INFO]   Indexed 20150000 passages (6250/s, 53.7 min elapsed)
2026-03-15 15:44:26,991 [INFO]   Indexed 20200000 passages (6249/s, 53.9 min elapsed)
2026-03-15 15:44:39,274 [INFO]   Indexed 20250000 passages (6241/s, 54.1 min elapsed)
2026-03-15 15:44:52,614 [INFO]   Indexed 20300000 passages (6230/s, 54.3 min elapsed)
2026-03-15 15:44:56,577 [INFO]   Indexed 20350000 passages (6238/s, 54.4 min elapsed)
2026-03-15 15:45:02,227 [INFO]   Indexed 20400000 passages (6243/s, 54.5 min elapsed)
2026-03-15 15:45:06,624 [INFO]   Indexed 20450000 passages (6250/s, 54.5 min elapsed)
2026-03-15 15:45:09,839 [INFO]   Indexed 20500000 passages (6259/s, 54.6 min elapsed)
2026-03-15 15:45:13,097 [INFO]   Indexed 20550000 passages (6268/s, 54.6 min elapsed)
2026-03-15 15:45:18,630 [INFO]   Indexed 20600000 passages (6272/s, 54.7 min elapsed)
2026-03-15 15:45:22,519 [INFO]   Indexed 20650000 passages (6280/s, 54.8 min elapsed)
2026-03-15 15:45:26,143 [INFO]   Indexed 20700000 passages (6288/s, 54.9 min elapsed)
2026-03-15 15:45:29,378 [INFO]   Indexed 20750000 passages (6297/s, 54.9 min elapsed)
2026-03-15 15:45:34,455 [INFO]   Indexed 20800000 passages (6303/s, 55.0 min elapsed)
2026-03-15 15:45:38,666 [INFO]   Indexed 20850000 passages (6310/s, 55.1 min elapsed)
2026-03-15 15:45:41,883 [INFO]   Indexed 20900000 passages (6319/s, 55.1 min elapsed)
2026-03-15 15:45:44,977 [INFO]   Indexed 20950000 passages (6328/s, 55.2 min elapsed)
2026-03-15 15:45:50,853 [INFO]   Indexed 21000000 passages (6332/s, 55.3 min elapsed)
2026-03-15 15:45:51,050 [INFO] Rebuilding FTS5 index...
2026-03-15 16:54:51,693 [INFO] SQLite DB complete: 21015324 passages in 124.3 min -> /projects/prjs1800/datasets/flashrag/wiki18_100w.db
2026-03-15 16:55:45,832 [INFO] Verification: passages=21015324, fts=21015324
2026-03-15 16:55:45,930 [WARNING] FAISS index not found at /projects/prjs1800/datasets/flashrag/retrieval-corpus/wiki18_100w_e5_index. Download from ModelScope or build with FlashRAG.
2026-03-15 16:55:45,930 [INFO] Setup complete!
2026-03-15 16:55:45,930 [INFO] Next: run scripts/convert_flashrag_questions.py to convert datasets

=== Converting FlashRAG questions ===
2026-03-15 16:55:46,123 [WARNING] Not found: /projects/prjs1800/datasets/flashrag/hotpotqa/dev.jsonl
2026-03-15 16:55:46,123 [WARNING] Not found: /projects/prjs1800/datasets/flashrag/2wikimultihopqa/dev.jsonl
2026-03-15 16:55:46,199 [INFO] Converted 2417 questions: /projects/prjs1800/datasets/flashrag/musique/dev.jsonl -> data/musique/questions.json
2026-03-15 16:55:46,200 [INFO] Total: 2417 questions across 3 datasets

=== Done ===
-rw-r-----. 1 pnair prjs1800 23G Mar 15 16:54 /projects/prjs1800/datasets/flashrag/wiki18_100w.db
  hotpotqa: 1000 questions
  2wikimultihop: 1000 questions
  musique: 2417 questions
