/projects/prjs1800/venvs/arag-venv/lib/python3.10/site-packages/transformers/utils/hub.py:110: FutureWarning: Using `TRANSFORMERS_CACHE` is deprecated and will be removed in v5 of Transformers. Use `HF_HOME` instead.
  warnings.warn(
=== Temporal DNMR (tau=4) ===
`torch_dtype` is deprecated! Use `dtype` instead!
Loading checkpoint shards:   0%|          | 0/6 [00:00<?, ?it/s]Loading checkpoint shards: 100%|██████████| 6/6 [00:00<00:00, 148.14it/s]
  Loaded in 9.8s
  Retrieved in 96.3s
[1/20] (17.6s) cands=['No, Scott Derrickson', 'No, Scott Derrickson', 'No, only Scott Derri'] new=3
  baseline         No, Scott Derrickson and Ed Wood were not of the s F1=0.000 EM=0
  temporal_dnmr    No, Scott Derrickson and Ed Wood were not of the s F1=0.000 EM=0
[2/20] (15.5s) cands=['The context provided', 'Shirley Temple held ', 'The passage does not'] new=2
  baseline         Not mentioned                                      F1=0.000 EM=0
  temporal_dnmr    Not Shirley Temple, but it was Joan Caulfield who  F1=0.045 EM=0
[3/20] (17.5s) cands=['Animorphs by K', 'Animorphs', 'Animorphs K'] new=3
  baseline         Animorphs                                          F1=1.000 EM=1
  temporal_dnmr    Animorphs                                          F1=1.000 EM=1
[4/20] (15.4s) cands=['No, Fatih and Ortakö', 'No, they are not in ', 'No, they are not loc'] new=1
  baseline         No, the Laleli Mosque is located in Laleli, Fatih, F1=0.059 EM=0
  temporal_dnmr    No, the Laleli Mosque is located in Laleli, Fatih, F1=0.059 EM=0
[5/20] (15.0s) cands=['Adriana Trigiani, Ne', 'Adriana Trigiani - N', 'Adriana Trigiani in '] new=1
  baseline         New York City                                      F1=1.000 EM=0
  temporal_dnmr    New York City                                      F1=1.000 EM=0
[6/20] (15.2s) cands=['WINNER (Formed by YG', 'Short Answer: WINNER', "The group's record l"] new=1
  baseline         YG Entertainment                                   F1=1.000 EM=1
  temporal_dnmr    2014 S/S is the debut album of a South Korean boy  F1=0.105 EM=0
[7/20] (15.6s) cands=['Eenasul Fateh, inter', 'Eenasul Fateh, known', 'Eenasul Fateh and Ga'] new=2
  baseline         Gabriel Al-Salem                                   F1=0.000 EM=0
  temporal_dnmr    Eenasul Fateh                                      F1=1.000 EM=1
[8/20] (15.5s) cands=['Androscoggin Bank Co', 'Androscoggin  Bank C', 'Androscoggin Bank Co'] new=1
  baseline         Androscoggin Bank Colisée where the Lewiston Maine F1=0.071 EM=0
  temporal_dnmr    4,000                                              F1=0.000 EM=0
[9/20] (15.0s) cands=['Annie Morton (born 1', 'Annie Morton is not ', 'Annie Morton (born 1'] new=1
  baseline         Annie Morton is older than Terry Richardson. She w F1=0.105 EM=0
  temporal_dnmr    Annie Morton is older than Terry Richardson. She w F1=0.105 EM=0
[10/20] (15.1s) cands=['Yes, both bands are ', 'Yes, they are both f', 'Yes, Local H and For'] new=1
  baseline         Yes                                                F1=1.000 EM=1
  temporal_dnmr    Yes, both Local H and For Against are from the Uni F1=0.042 EM=0
[11/20] (14.8s) cands=["I'm a Jayhawk I'm a ", '"I\'m a Jayhawk and W', "(I'm a Jayhawk and W"] new=0
  baseline         I'm a Jayhawk                                      F1=0.000 EM=0
  temporal_dnmr    I'm a Jayhawk                                      F1=0.000 EM=0
[12/20] (17.6s) cands=['Charlie Kaufman, Dav', 'Charlie Kaufman (co-', 'Charlie Kaufman, Dav'] new=5
  baseline         Charlie Kaufman, screenwriter with credits for "Ev F1=0.000 EM=0
  temporal_dnmr    David Diamond, with credits for "Evolution," co-wr F1=0.059 EM=0
[13/20] (16.3s) cands=['1999, "End of Days"', '1999 (for End of Day', '1999 "The Spaghetti '] new=3
  baseline         1999                                               F1=1.000 EM=1
  temporal_dnmr    Guns N Roses performed a promo for a movie starrin F1=0.056 EM=0
[14/20] (14.7s) cands=['Yes, both buildings ', 'Yes, they are both u', 'Yes, but they serve '] new=0
  baseline         Yes                                                F1=0.000 EM=0
  temporal_dnmr    Yes                                                F1=0.000 EM=0
[15/20] (19.1s) cands=['1986 to 1996', '1993-1994 season', '1992 - 1994'] new=9
  baseline         The football manager who recruited David Beckham,  F1=0.235 EM=0
  temporal_dnmr    The football manager who recruited David Beckham,  F1=0.235 EM=0
[16/20] (17.3s) cands=['Short Answer: 10,724', 'Short Answer: 53,158', 'Short Answer: 32,000'] new=5
  baseline         10,724                                             F1=0.000 EM=0
  temporal_dnmr    Brown State Fishing Lake is in the United States,  F1=0.000 EM=0
[17/20] (16.1s) cands=['Eastern Intercollegi', 'Eastern Intercollegi', 'Eastern Intercollegi'] new=2
  baseline         Eastern Conference                                 F1=0.500 EM=0
  temporal_dnmr    The Vermont Catamounts men's soccer team formerly  F1=0.062 EM=0
[18/20] (15.2s) cands=['Yes, both Verdi and ', 'Yes, both are compos', 'Yes, Ambroise Thomas'] new=0
  baseline         Yes, both Giuseppe Verdi and Ambroise Thomas were  F1=0.053 EM=0
  temporal_dnmr    Yes, both Giuseppe Verdi and Ambroise Thomas were  F1=0.053 EM=0
[19/20] (15.1s) cands=['1969 to 1971', '1969 - 1971', '1969, 1971'] new=1
  baseline         Roger O. Egeberg was Assistant Secretary for Healt F1=0.000 EM=0
  temporal_dnmr    Roger O. Egeberg was Assistant Secretary for Healt F1=0.000 EM=0
[20/20] (14.9s) cands=['Robert Erskine Child', 'Robert Erskine Child', 'Robert Erskine Child'] new=0
  baseline         Robert Erskine Childers                            F1=1.000 EM=0
  temporal_dnmr    Robert Erskine Childers                            F1=1.000 EM=0

Summary
  baseline         F1=0.3512 EM=0.2000 contain=0.4000
  temporal_dnmr    F1=0.2411 EM=0.1000 contain=0.4500
Saved to results_organized/_pilots/temporal_dnmr/llada_hotpotqa_20q.json
Total: 414.9s
