Starting corpus embedding with GTE-multilingual-base...
This will embed ~21M passages from DPR-W100 corpus
Estimated time: 2-4 hours
PYTHONPATH: /projects/prjs1800/external/MA-RAG:
/projects/prjs1800/venvs/marag-venv/lib/python3.13/site-packages/transformers/utils/hub.py:110: FutureWarning: Using `TRANSFORMERS_CACHE` is deprecated and will be removed in v5 of Transformers. Use `HF_HOME` instead.
  warnings.warn(
Traceback (most recent call last):
  File "/gpfs/work5/0/prjs1800/external/MA-RAG/corpus/embed_corpus.py", line 102, in <module>
    main()
    ~~~~^^
  File "/gpfs/work5/0/prjs1800/external/MA-RAG/corpus/embed_corpus.py", line 32, in main
    logger.info(f"Using device: {device}")
    ~~~~~~~~~~~^^^^^^^^^^^^^^^^^^^^^^^^^^^
  File "/sw/arch/RHEL9/EB_production/2025/software/Python/3.13.1-GCCcore-14.2.0/lib/python3.13/logging/__init__.py", line 1906, in info
    self.log(INFO, msg, *args, **kwargs)
    ~~~~~~~~^^^^^^^^^^^^^^^^^^^^^^^^^^^^
  File "/projects/prjs1800/venvs/marag-venv/lib/python3.13/site-packages/accelerate/logging.py", line 52, in log
    raise RuntimeError(
        "You must initialize the accelerate state by calling either `PartialState()` or `Accelerator()` before using the logging utility."
    )
RuntimeError: You must initialize the accelerate state by calling either `PartialState()` or `Accelerator()` before using the logging utility.
Embedding complete!
total 1
drwxr-s---. 2 pnair prjs1800 4096 Feb  2 19:04 .
drwxr-s---. 3 pnair prjs1800 4096 Feb  2 19:04 ..
