==========================================
Day 6: Error Taxonomy + Venn + Per-Hop
Job ID: 19357867
Node: gcn46
Start time: Tue Feb 10 13:18:33 CET 2026
==========================================
============================================================================================== 
Warning! Mixing Conda and module environments may lead to corruption of the
user environment. 
We do not recommend users mixing those two environments unless absolutely
necessary. Note that 
SURF does not provide any support for Conda environment.
For more information, please refer to our software policy page:
https://servicedesk.surf.nl/wiki/display/WIKI/Software+policy+Snellius#SoftwarepolicySnellius-UseofAnacondaandMinicondaenvironmentsonSnellius 

Remember that many packages have already been installed on the system and can
be loaded using 
the 'module load <package__name>' command. If you are uncertain if a package is
already available 
on the system, please use 'module avail' or 'module spider' to search for it.
============================================================================================== 
=== Finding experiments ===
  day1_standard_rag_hotpotqa: Standard RAG on hotpotqa @ /projects/prjs1800/results/day1/hotpotqa_2026_02_06_13_47_standard_rag_qwen25_hotpotqa
  day1_standard_rag_musique: Standard RAG on musique @ /projects/prjs1800/results/day1/musique_2026_02_06_14_08_standard_rag_qwen25_musique
  day2_reranker_hotpotqa: Reranker on hotpotqa @ /projects/prjs1800/results/day2/hotpotqa_2026_02_06_15_37_reranker_rag_qwen25_hotpotqa
  day2_reranker_musique: Reranker on musique @ /projects/prjs1800/results/day2/musique_2026_02_06_15_37_reranker_rag_qwen25_musique
  day4_ircot_hotpotqa: IRCoT on hotpotqa @ /projects/prjs1800/results/day4/hotpotqa_2026_02_07_00_20_ircot_qwen25_hotpotqa
  day4_ircot_musique: IRCoT on musique @ /projects/prjs1800/results/day4/musique_2026_02_07_00_20_ircot_qwen25_musique
  day6_gold_2wiki: Gold Context on 2wikimultihopqa @ /projects/prjs1800/results/day6/2wikimultihopqa_2026_02_10_11_08_gold_context_qwen25_2wiki
  day6_gold_hotpotqa: Gold Context on hotpotqa @ /projects/prjs1800/results/day6/hotpotqa_2026_02_10_10_58_gold_context_qwen25_hotpotqa
  day6_gold_musique: Gold Context on musique @ /projects/prjs1800/results/day6/musique_2026_02_10_11_00_gold_context_qwen25_musique
  day6_naive_2wiki: Naive Gen on 2wikimultihopqa @ /projects/prjs1800/results/day6/2wikimultihopqa_2026_02_10_10_57_naive_gen_qwen25_2wiki
  day6_naive_hotpotqa: Naive Gen on hotpotqa @ /projects/prjs1800/results/day6/hotpotqa_2026_02_10_10_52_naive_gen_qwen25_hotpotqa
  day6_naive_musique: Naive Gen on musique @ /projects/prjs1800/results/day6/musique_2026_02_10_10_56_naive_gen_qwen25_musique
  day6_reranker_2wiki: Reranker on 2wikimultihopqa @ /projects/prjs1800/results/day6/2wikimultihopqa_2026_02_10_11_52_reranker_qwen25_2wiki
  day6_standard_rag_2wiki: Standard RAG on 2wikimultihopqa @ /projects/prjs1800/results/day6/2wikimultihopqa_2026_02_10_11_16_standard_rag_qwen25_2wiki

=== Loading intermediate data ===
  day1_standard_rag_hotpotqa: loaded 7405 items
  day1_standard_rag_musique: loaded 2417 items
  day2_reranker_hotpotqa: loaded 7405 items
  day2_reranker_musique: loaded 2417 items
  day4_ircot_hotpotqa: loaded 7405 items
  day4_ircot_musique: loaded 2417 items
  day6_naive_hotpotqa: loaded 7405 items
  day6_naive_musique: loaded 2417 items
  day6_naive_2wiki: loaded 12576 items
  day6_gold_hotpotqa: loaded 7405 items
  day6_gold_musique: loaded 2417 items
  day6_gold_2wiki: loaded 12576 items
  day6_standard_rag_2wiki: loaded 12576 items
  day6_reranker_2wiki: loaded 12576 items

=== Error Taxonomy ===

--- day1_standard_rag_hotpotqa (Standard RAG on hotpotqa) ---
  correct: 3250 (43.9%)
  retrieval_miss_total: 1452 (19.6%)
  retrieval_miss_partial: 2189 (29.6%)
  reasoning_failure: 489 (6.6%)
  answer_extraction_failure: 25 (0.3%)

--- day1_standard_rag_musique (Standard RAG on musique) ---
  correct: 316 (13.1%)
  retrieval_miss_total: 1239 (51.3%)
  retrieval_miss_partial: 817 (33.8%)
  reasoning_failure: 41 (1.7%)
  answer_extraction_failure: 4 (0.2%)

--- day2_reranker_hotpotqa (Reranker on hotpotqa) ---
  correct: 3662 (49.5%)
  retrieval_miss_total: 1092 (14.7%)
  retrieval_miss_partial: 1993 (26.9%)
  reasoning_failure: 612 (8.3%)
  answer_extraction_failure: 46 (0.6%)

--- day2_reranker_musique (Reranker on musique) ---
  correct: 398 (16.5%)
  retrieval_miss_total: 1015 (42.0%)
  retrieval_miss_partial: 933 (38.6%)
  reasoning_failure: 65 (2.7%)
  answer_extraction_failure: 6 (0.2%)

--- day4_ircot_hotpotqa (IRCoT on hotpotqa) ---
  correct: 3245 (43.8%)
  retrieval_miss_total: 1198 (16.2%)
  retrieval_miss_partial: 1705 (23.0%)
  reasoning_failure: 1021 (13.8%)
  answer_extraction_failure: 236 (3.2%)

--- day4_ircot_musique (IRCoT on musique) ---
  correct: 349 (14.4%)
  retrieval_miss_total: 911 (37.7%)
  retrieval_miss_partial: 995 (41.2%)
  reasoning_failure: 141 (5.8%)
  answer_extraction_failure: 21 (0.9%)

--- day6_gold_hotpotqa (Gold Context on hotpotqa) ---
  correct: 3987 (53.8%)
  retrieval_miss_total: 872 (11.8%)
  retrieval_miss_partial: 2178 (29.4%)
  reasoning_failure: 339 (4.6%)
  answer_extraction_failure: 29 (0.4%)

--- day6_gold_musique (Gold Context on musique) ---
  correct: 1514 (62.6%)
  retrieval_miss_total: 0 (0.0%)
  retrieval_miss_partial: 2 (0.1%)
  reasoning_failure: 826 (34.2%)
  answer_extraction_failure: 75 (3.1%)

--- day6_gold_2wiki (Gold Context on 2wikimultihopqa) ---
  correct: 9100 (72.4%)
  retrieval_miss_total: 0 (0.0%)
  retrieval_miss_partial: 6 (0.0%)
  reasoning_failure: 3177 (25.3%)
  answer_extraction_failure: 293 (2.3%)

--- day6_standard_rag_2wiki (Standard RAG on 2wikimultihopqa) ---
  correct: 4005 (31.8%)
  retrieval_miss_total: 3084 (24.5%)
  retrieval_miss_partial: 5042 (40.1%)
  reasoning_failure: 424 (3.4%)
  answer_extraction_failure: 21 (0.2%)

--- day6_reranker_2wiki (Reranker on 2wikimultihopqa) ---
  correct: 4383 (34.9%)
  retrieval_miss_total: 2609 (20.7%)
  retrieval_miss_partial: 4993 (39.7%)
  reasoning_failure: 555 (4.4%)
  answer_extraction_failure: 36 (0.3%)

Saved error taxonomy to /projects/prjs1800/analysis/day6/error_taxonomy.json

=== Per-Hop Analysis (MuSiQue) ===

--- day1_standard_rag_musique (Standard RAG) ---
  hop_1: recall=0.334 (808/2417)
  hop_2: recall=0.116 (280/2417)
  hop_3: recall=0.065 (76/1165)
  hop_4: recall=0.032 (13/405)

--- day2_reranker_musique (Reranker) ---
  hop_1: recall=0.396 (957/2417)
  hop_2: recall=0.148 (358/2417)
  hop_3: recall=0.124 (145/1165)
  hop_4: recall=0.047 (19/405)

--- day4_ircot_musique (IRCoT) ---
  hop_1: recall=0.462 (1117/2417)
  hop_2: recall=0.249 (601/2417)
  hop_3: recall=0.151 (176/1165)
  hop_4: recall=0.072 (29/405)

Saved hop analysis to /projects/prjs1800/analysis/day6/hop_analysis_musique.json

=== Cross-Method Venn (Complementarity Analysis) ===

--- hotpotqa ---
  Total questions: 7405
  Ensemble ceiling: 4528 (61.1%)
  day1_standard_rag_hotpotqa: 3250 correct, 181 unique (2.4%)
  day2_reranker_hotpotqa: 3662 correct, 510 unique (6.9%)
  day4_ircot_hotpotqa: 3245 correct, 497 unique (6.7%)

--- musique ---
  Total questions: 2417
  Ensemble ceiling: 599 (24.8%)
  day1_standard_rag_musique: 316 correct, 46 unique (1.9%)
  day2_reranker_musique: 398 correct, 126 unique (5.2%)
  day4_ircot_musique: 349 correct, 113 unique (4.7%)

--- 2wikimultihopqa ---
  Total questions: 12576
  Ensemble ceiling: 5178 (41.2%)
  day6_standard_rag_2wiki: 4005 correct, 795 unique (6.3%)
  day6_reranker_2wiki: 4383 correct, 1173 unique (9.3%)

Saved cross-method Venn to /projects/prjs1800/analysis/day6/cross_method_venn.json

=== Done ===
==========================================
Error taxonomy complete
End time: Tue Feb 10 13:18:55 CET 2026
==========================================
