/projects/prjs1800/venvs/arag-venv/lib/python3.10/site-packages/transformers/utils/hub.py:110: FutureWarning: Using `TRANSFORMERS_CACHE` is deprecated and will be removed in v5 of Transformers. Use `HF_HOME` instead.
  warnings.warn(
=== Baselines Runner ===
Model: llada, Dataset: musique, Rounds: 3
`torch_dtype` is deprecated! Use `dtype` instead!
Loading checkpoint shards:   0%|          | 0/6 [00:00<?, ?it/s]Loading checkpoint shards:  67%|██████▋   | 4/6 [00:00<00:00, 39.72it/s]Loading checkpoint shards: 100%|██████████| 6/6 [00:00<00:00, 48.80it/s]
  Model loaded in 24.7s
Loaded 200 questions
Batch initial retrieval...
  Done in 463.0s
[1/200] dev_0 (64.7s)
  spread           Miranda Brooke                           F1=0.000 EM=0
  aram             Miranda Brooke                           F1=0.000 EM=0
  ispread          Tina Green has been married twice; her f F1=0.000 EM=0
  iaram            Sir Philip Green                         F1=0.000 EM=0
[10/200] dev_9 (90.9s)
  spread           Chubut                                   F1=0.000 EM=0
  aram             Chubut                                   F1=0.000 EM=0
  ispread          Bengo Province shares a border with the  F1=0.050 EM=0
  iaram            The province that shares a border with t F1=0.053 EM=0
[20/200] dev_19 (47.7s)
  spread           Canyon County                            F1=0.500 EM=0
  aram             Canyon County                            F1=0.500 EM=0
  ispread          Canyon County                            F1=0.500 EM=0
  iaram            Canyon County                            F1=0.500 EM=0
[30/200] dev_29 (61.1s)
  spread           The father of Edward Baring, 1st Baron R F1=0.333 EM=0
  aram             The father of Edward Baring, 1st Baron R F1=0.333 EM=0
  ispread          The father of Edward Baring, 1st Baron R F1=0.267 EM=0
  iaram            The father of Edward Baring, 1st Baron R F1=0.133 EM=0
[40/200] dev_39 (107.0s)
  spread           Stefan Nemanja                           F1=0.000 EM=0
  aram             Stefan                                   F1=0.000 EM=0
  ispread          The child of the person who followed Tih F1=0.000 EM=0
  iaram            The child of the person who followed Tih F1=0.000 EM=0
[50/200] dev_49 (71.4s)
  spread           Stacy Chbosky                            F1=0.000 EM=0
  aram             Stacy Chbosky                            F1=0.000 EM=0
  ispread          Connie Stevens                           F1=0.000 EM=0
  iaram            Connie Stevens                           F1=0.000 EM=0
[60/200] dev_59 (76.7s)
  spread           Nobel Prize in Literature                F1=1.000 EM=1
  aram             Nobel Prize in Literature                F1=1.000 EM=1
  ispread          Patrick Modiano received the Prix Goncou F1=0.235 EM=0
  iaram            The person who authored Missing Person,  F1=0.056 EM=0
[70/200] dev_69 (111.7s)
  spread           Enrique                                  F1=0.000 EM=0
  aram             Enrique                                  F1=0.000 EM=0
  ispread          The performer of Heartbeat, Ysaye Maria  F1=0.000 EM=0
  iaram            The performer of Heartbeat is named afte F1=0.000 EM=0
[80/200] dev_79 (48.0s)
  spread           Downwards Records                        F1=0.000 EM=0
  aram             Downwards Records                        F1=0.000 EM=0
  ispread          Downwards Records                        F1=0.000 EM=0
  iaram            Downwards Records                        F1=0.000 EM=0
[90/200] dev_89 (47.4s)
  spread           Assomada is located on the Sotavento lee F1=0.000 EM=0
  aram             Assomada is located on the Sotavento isl F1=0.000 EM=0
  ispread          Assomada is located on the Sotavento lee F1=0.000 EM=0
  iaram            Assomada is located on the Sotavento isl F1=0.000 EM=0
[100/200] dev_99 (77.0s)
  spread           Not mentioned. 

Note: The context does  F1=0.062 EM=0
  aram             Not mentioned                            F1=0.000 EM=0
  ispread          Louis Chedid                             F1=1.000 EM=1
  iaram            Louis Chedid                             F1=1.000 EM=1
[110/200] dev_109 (74.5s)
  spread           Mounir El Hamdaoui                       F1=0.000 EM=0
  aram             Mounir El Hamdaoui                       F1=0.000 EM=0
  ispread          There is no information provided in the  F1=0.000 EM=0
  iaram            Mounir El Hamdaoui                       F1=0.000 EM=0
[120/200] dev_119 (78.4s)
  spread           Military instruction started in the univ F1=0.000 EM=0
  aram             Military instruction started in the univ F1=0.000 EM=0
  ispread          Military instruction started in the univ F1=0.053 EM=0
  iaram            Military instruction started in the univ F1=0.056 EM=0
[130/200] dev_129 (79.0s)
  spread           Sire Records                             F1=0.500 EM=0
  aram             Sire Records                             F1=0.500 EM=0
  ispread          Sire Records                             F1=0.500 EM=0
  iaram            Sire Records                             F1=0.500 EM=0
[140/200] dev_139 (80.1s)
  spread           Susan B. Anthony                         F1=0.000 EM=0
  aram             William Cooper Nell                      F1=0.000 EM=0
  ispread          Amelia Ann Everard (Frederick Chesson),  F1=0.000 EM=0
  iaram            Amelia Ann Everard (m. Frederick William F1=0.000 EM=0
[150/200] dev_149 (64.0s)
  spread           Central State University                 F1=0.333 EM=0
  aram             Not mentioned                            F1=0.000 EM=0
  ispread          University of Redlands                   F1=0.667 EM=0
  iaram            The author of The Secret World of Og, Pi F1=0.100 EM=0
[160/200] dev_159 (69.5s)
  spread           The Jack Goes Boating director, Philip S F1=0.210 EM=0
  aram             The director of Jack Goes Boating, Phili F1=0.045 EM=0
  ispread          The Jack Goes Boating director, Philip S F1=0.045 EM=0
  iaram            The director of Jack Goes Boating, Phili F1=0.045 EM=0
[170/200] dev_169 (106.5s)
  spread           Rome.                                    F1=0.000 EM=0
  aram             Rome                                     F1=0.000 EM=0
  ispread          The producer of Julius Caesar, Philip Ma F1=0.042 EM=0
  iaram            Philip Mackie, the producer of Julius Ca F1=0.050 EM=0
[180/200] dev_179 (84.2s)
  spread           John's eldest son, John of Jerusalem, wa F1=0.000 EM=0
  aram             1284                                     F1=0.000 EM=0
  ispread          John's eldest son, Henry III, was crowne F1=0.062 EM=0
  iaram            John's eldest son, Henry III, was crowne F1=0.056 EM=0
[190/200] dev_189 (58.9s)
  spread           Colin Firth                              F1=1.000 EM=1
  aram             Colin Firth                              F1=1.000 EM=1
  ispread          Colin Firth played the role of King Geor F1=0.100 EM=0
  iaram            Colin Firth                              F1=1.000 EM=1
[200/200] dev_199 (108.0s)
  spread           Brooklyn Nets                            F1=0.000 EM=0
  aram             Brooklyn Nets                            F1=0.000 EM=0
  ispread          Brooklyn Nets drafted Džanan Musa, the s F1=0.000 EM=0
  iaram            The Philadelphia 76ers drafted the winne F1=0.000 EM=0

Method               F1     EM  Contain
--------------------------------------
spread            0.162  0.070    0.100
aram              0.195  0.075    0.100
ispread           0.131  0.045    0.250
iaram             0.154  0.065    0.225

Total: 15661.3s (78.3s/q)
