/projects/prjs1800/venvs/arag-venv/lib/python3.10/site-packages/transformers/utils/hub.py:110: FutureWarning: Using `TRANSFORMERS_CACHE` is deprecated and will be removed in v5 of Transformers. Use `HF_HOME` instead.
  warnings.warn(
=== Baselines Runner ===
Model: llada, Dataset: musique, Rounds: 3
`torch_dtype` is deprecated! Use `dtype` instead!
Loading checkpoint shards:   0%|          | 0/6 [00:00<?, ?it/s]Loading checkpoint shards: 100%|██████████| 6/6 [00:00<00:00, 147.98it/s]
  Model loaded in 39.9s
Loaded 200 questions
Batch initial retrieval...
  Done in 473.5s
[1/200] dev_200 (55.4s)
  spread           Bill Fagerbakke                          F1=0.000 EM=0
  aram             Bill Fagerbakke                          F1=0.000 EM=0
  ispread          Fagerbakke voices the character Patrick  F1=0.000 EM=0
  iaram            Bill Fagerbakke                          F1=0.000 EM=0
[10/200] dev_209 (94.8s)
  spread           John Wayne, who was the producer of Big  F1=0.210 EM=0
  aram             John Wayne                               F1=0.000 EM=0
  ispread          The producer of Big Jim McLain, Harry Jo F1=0.200 EM=0
  iaram            The producer of Big Jim McLain, Harry Jo F1=0.000 EM=0
[20/200] dev_219 (77.3s)
  spread           1838                                     F1=0.000 EM=0
  aram             1838                                     F1=0.000 EM=0
  ispread          The celestial object that eluded efforts F1=0.053 EM=0
  iaram            The celestial object that eluded efforts F1=0.053 EM=0
[30/200] dev_229 (61.3s)
  spread           Republican: Majority Leader Kevin McCart F1=0.053 EM=0
  aram             The leaders of the opposition of the par F1=0.053 EM=0
  ispread          The leaders of the opposition in the Hou F1=0.053 EM=0
  iaram            The leaders of the opposition in the Hou F1=0.053 EM=0
[40/200] dev_239 (87.2s)
  spread           Mario Pani's alma mater, Politecnico di  F1=0.000 EM=0
  aram             62nd                                     F1=0.000 EM=0
  ispread          Mario Pani's alma mater, Sapienza Univer F1=0.000 EM=0
  iaram            Mario Pani's alma mater, the Polytechnic F1=0.000 EM=0
[50/200] dev_249 (83.1s)
  spread           The Japanese got to Liang Jiahong's birt F1=0.000 EM=0
  aram             1940                                     F1=0.000 EM=0
  ispread          The Japanese were in control of Liang Ji F1=0.000 EM=0
  iaram            The Japanese got to Liang Jiahong's birt F1=0.000 EM=0
[60/200] dev_259 (105.4s)
  spread           There are 38 games in a season of the le F1=0.059 EM=0
  aram             38                                       F1=1.000 EM=1
  ispread          The league in which Barcelona won titles F1=0.059 EM=0
  iaram            There are 38 games in a season of the le F1=0.059 EM=0
[70/200] dev_269 (74.8s)
  spread           Israel                                   F1=0.000 EM=0
  aram             Israel                                   F1=0.000 EM=0
  ispread          The headquarters of the operator of Oper F1=0.067 EM=0
  iaram            The headquarters of the operator of Oper F1=0.067 EM=0
[80/200] dev_279 (48.4s)
  spread           June 22                                  F1=0.000 EM=0
  aram             October                                  F1=1.000 EM=0
  ispread          June 22                                  F1=0.000 EM=0
  iaram            October                                  F1=1.000 EM=0
[90/200] dev_289 (59.9s)
  spread           The Voice                                F1=0.000 EM=0
  aram             The Voice                                F1=0.000 EM=0
  ispread          The runner-up of the third season of Ame F1=0.056 EM=0
  iaram            third                                    F1=0.000 EM=0
[100/200] dev_299 (46.8s)
  spread           The author of The Happy Journey to Trent F1=0.091 EM=0
  aram             Tony Award                               F1=0.000 EM=0
  ispread          The author of The Happy Journey to Trent F1=0.091 EM=0
  iaram            Tony Award                               F1=0.000 EM=0
[110/200] dev_309 (95.9s)
  spread           Vanessa Kerry                            F1=0.000 EM=0
  aram             Vanessa Kerry                            F1=0.000 EM=0
  ispread          The child of the person who sponsored th F1=0.091 EM=0
  iaram            Meghan McCain (his daughter) is the chil F1=0.095 EM=0
[120/200] dev_319 (49.9s)
  spread           Don't Come Knocking                      F1=0.000 EM=0
  aram             Don't Come Knocking                      F1=0.000 EM=0
  ispread          Who's That Knocking at My Door won Humph F1=0.000 EM=0
  iaram            Don't Come Knocking                      F1=0.000 EM=0
[130/200] dev_329 (47.3s)
  spread           Laura E. Flores                          F1=0.000 EM=0
  aram             Laura E. Flores                          F1=0.000 EM=0
  ispread          Laura E. Flores                          F1=0.000 EM=0
  iaram            Laura E. Flores                          F1=0.000 EM=0
[140/200] dev_339 (66.1s)
  spread           King Records                             F1=0.500 EM=0
  aram             Delta Entertainment Corporation          F1=0.000 EM=0
  ispread          The label was responsible for who sang o F1=0.000 EM=0
  iaram            Delta Entertainment Corporation          F1=0.000 EM=0
[150/200] dev_349 (88.8s)
  spread           Evippe                                   F1=0.000 EM=0
  aram             Evippe                                   F1=0.000 EM=0
  ispread          The mother of Andreogeus' father is Evip F1=0.000 EM=0
  iaram            The mother of Andreogeus' father is Evip F1=0.000 EM=0
[160/200] dev_359 (71.3s)
  spread           Michal                                   F1=0.000 EM=0
  aram             Michal                                   F1=0.000 EM=0
  ispread          Michal, the daughter of King Saul, was t F1=0.000 EM=0
  iaram            Michal, the daughter of King Saul, is th F1=0.000 EM=0
[170/200] dev_369 (80.6s)
  spread           Common Sense was an important work becau F1=0.208 EM=0
  aram             Common Sense was an important work becau F1=0.217 EM=0
  ispread          Common Sense was an important work becau F1=0.217 EM=0
  iaram            Common Sense was an important work becau F1=0.217 EM=0
[180/200] dev_379 (96.5s)
  spread           The U.S. News ranking of the law school  F1=0.000 EM=0
  aram             14                                       F1=0.000 EM=0
  ispread          The U.S. News ranking of the law school  F1=0.000 EM=0
  iaram            The U.S. News ranking of the law school  F1=0.000 EM=0
[190/200] dev_389 (86.0s)
  spread           New York                                 F1=0.000 EM=0
  aram             Chicago                                  F1=0.000 EM=0
  ispread          The author of Elephant was written by Ra F1=0.053 EM=0
  iaram            The author of "Elephant" is Raymond Carv F1=0.062 EM=0
[200/200] dev_399 (77.7s)
  spread           The Dow Jones fell by 7.1% on the first  F1=0.000 EM=0
  aram             The Dow Jones Industrial Average fell by F1=0.000 EM=0
  ispread          The Dow Jones Industrial Average fell 7. F1=0.000 EM=0
  iaram            The Dow Jones Industrial Average fell 22 F1=0.000 EM=0

Method               F1     EM  Contain
--------------------------------------
spread            0.178  0.105    0.145
aram              0.205  0.115    0.140
ispread           0.144  0.080    0.240
iaram             0.164  0.100    0.215

Total: 14947.8s (74.7s/q)
