/projects/prjs1800/venvs/arag-venv/lib/python3.10/site-packages/transformers/utils/hub.py:110: FutureWarning: Using `TRANSFORMERS_CACHE` is deprecated and will be removed in v5 of Transformers. Use `HF_HOME` instead.
  warnings.warn(
=== Baselines Runner ===
Model: llada, Dataset: musique, Rounds: 3
`torch_dtype` is deprecated! Use `dtype` instead!
Loading checkpoint shards:   0%|          | 0/6 [00:00<?, ?it/s]Loading checkpoint shards:  33%|███▎      | 2/6 [00:00<00:00, 18.79it/s]Loading checkpoint shards:  67%|██████▋   | 4/6 [00:00<00:00, 12.01it/s]Loading checkpoint shards: 100%|██████████| 6/6 [00:00<00:00, 14.99it/s]
  Model loaded in 40.9s
Loaded 200 questions
Batch initial retrieval...
  Done in 474.6s
[1/200] dev_600 (73.8s)
  spread           Neil Patrick Harris, who performed "Noth F1=0.000 EM=0
  aram             Neil Patrick Harris                      F1=0.000 EM=0
  ispread          The Nothing Suits Me Like a Suit artist, F1=0.000 EM=0
  iaram            The Nothing Suits Me Like a Suit artist, F1=0.000 EM=0
[10/200] dev_609 (48.8s)
  spread           George W. McLaurin                       F1=0.000 EM=0
  aram             George W. McLaurin                       F1=0.000 EM=0
  ispread          George W. McLaurin                       F1=0.000 EM=0
  iaram            George W. McLaurin                       F1=0.000 EM=0
[20/200] dev_619 (44.5s)
  spread           Lake Ontario                             F1=0.000 EM=0
  aram             Lake Ontario                             F1=0.000 EM=0
  ispread          Lake Ontario                             F1=0.000 EM=0
  iaram            Lake Ontario                             F1=0.000 EM=0
[30/200] dev_629 (92.8s)
  spread           San Francisco Rush                       F1=0.000 EM=0
  aram             San Francisco Rush                       F1=0.000 EM=0
  ispread          The Brockton Rox is the professional spo F1=0.000 EM=0
  iaram            K.A.A. Gent is the professional sports t F1=0.000 EM=0
[40/200] dev_639 (88.7s)
  spread           Idris Elba                               F1=0.000 EM=0
  aram             Idris Elba                               F1=0.000 EM=0
  ispread          In The Wire, the character played by the F1=0.000 EM=0
  iaram            In The Wire, the character played by the F1=0.000 EM=0
[50/200] dev_649 (80.0s)
  spread           Ommatidae is part of the suborder Archos F1=0.000 EM=0
  aram             suborder Archostemata                    F1=0.000 EM=0
  ispread          Ommatidae is part of the taxa Coleoptera F1=0.067 EM=0
  iaram            Ommatidae is part of the insect order Co F1=0.062 EM=0
[60/200] dev_659 (72.8s)
  spread           The version of the browser that GNU IceC F1=0.000 EM=0
  aram             2012                                     F1=0.000 EM=0
  ispread          The version of the browser that GNU IceC F1=0.105 EM=0
  iaram            The version of the browser that GNU IceC F1=0.105 EM=0
[70/200] dev_669 (62.2s)
  spread           Canon law                                F1=0.000 EM=0
  aram             Canon Law                                F1=0.000 EM=0
  ispread          Canon Law                                F1=0.000 EM=0
  iaram            The specific part of the religious scrip F1=0.000 EM=0
[80/200] dev_679 (79.4s)
  spread           The war with the person who the Ioannina F1=0.000 EM=0
  aram             Greco-Turkish War of 1897, Greco-Turkish F1=0.000 EM=0
  ispread          The war with the person who the Ioannina F1=0.000 EM=0
  iaram            The war with the person who the Ioannina F1=0.000 EM=0
[90/200] dev_689 (93.5s)
  spread           Innovative                               F1=0.000 EM=0
  aram             Innovative                               F1=0.000 EM=0
  ispread          A language with an innovative form belon F1=0.000 EM=0
  iaram            A language with an innovative form belon F1=0.000 EM=0
[100/200] dev_699 (47.8s)
  spread           15                                       F1=0.000 EM=0
  aram             15                                       F1=0.000 EM=0
  ispread          15                                       F1=0.000 EM=0
  iaram            15                                       F1=0.000 EM=0
[110/200] dev_709 (71.3s)
  spread           Moses                                    F1=0.000 EM=0
  aram             Moses                                    F1=0.000 EM=0
  ispread          The star of Dark Hazard, Indira Varma, p F1=0.000 EM=0
  iaram            Moses                                    F1=0.000 EM=0
[120/200] dev_719 (49.4s)
  spread           The university that Mohamed Abu Hamed at F1=0.000 EM=0
  aram             The university that Mohamed Abu Hamed at F1=0.000 EM=0
  ispread          The university that Mohamed Abu Hamed at F1=0.000 EM=0
  iaram            The university that Mohamed Abu Hamed at F1=0.000 EM=0
[130/200] dev_729 (67.0s)
  spread           It is ranked between 551-560 in the worl F1=0.000 EM=0
  aram             Quaid-i-Azam University (QAU): 551-560 i F1=0.000 EM=0
  ispread          Quaid-i-Azam University, the employer of F1=0.000 EM=0
  iaram            Quaid-i-Azam University, the employer of F1=0.000 EM=0
[140/200] dev_739 (90.8s)
  spread           Rosaline Bozimo                          F1=0.000 EM=0
  aram             Rosaline Bozimo                          F1=0.000 EM=0
  ispread          Rosaline Bozimo is the Chief Judge of De F1=0.000 EM=0
  iaram            The Chief Judge in the place where Delta F1=0.048 EM=0
[150/200] dev_749 (55.1s)
  spread           Frederic Ewen's employer, Brooklyn Colle F1=0.238 EM=0
  aram             Brooklyn College                         F1=0.000 EM=0
  ispread          Frederic Ewen's employer, Brooklyn Colle F1=0.278 EM=0
  iaram            Frederic Ewen's employer, Brooklyn Colle F1=0.294 EM=0
[160/200] dev_759 (93.8s)
  spread           West Riding of Yorkshire                 F1=0.000 EM=0
  aram             Portsmouth                               F1=0.000 EM=0
  ispread          The administrative territorial entity in F1=0.000 EM=0
  iaram            The administrative territorial entity th F1=0.000 EM=0
[170/200] dev_769 (62.0s)
  spread           The federal leader of the party that Jam F1=0.000 EM=0
  aram             Justin Trudeau                           F1=0.000 EM=0
  ispread          The federal leader of the party that Jam F1=0.000 EM=0
  iaram            The federal leader of the party that Jam F1=0.095 EM=0
[180/200] dev_779 (72.8s)
  spread           Keturah                                  F1=1.000 EM=1
  aram             Keturah                                  F1=1.000 EM=1
  ispread          In the Bible, Abraham, Jokshan's father, F1=0.062 EM=0
  iaram            According to the Bible, Jokshan's father F1=0.059 EM=0
[190/200] dev_789 (73.0s)
  spread           The insurgency started in the area where F1=0.000 EM=0
  aram             1990                                     F1=0.000 EM=0
  ispread          DHKP/C insurgency in Turkey started the  F1=0.000 EM=0
  iaram            The insurgency in the area where the Peo F1=0.000 EM=0
[200/200] dev_799 (47.6s)
  spread           The father of the leader of the Argonaut F1=0.059 EM=0
  aram             Aeson                                    F1=1.000 EM=1
  ispread          Aeson                                    F1=1.000 EM=1
  iaram            Aeson                                    F1=1.000 EM=1

Method               F1     EM  Contain
--------------------------------------
spread            0.198  0.085    0.135
aram              0.208  0.090    0.105
ispread           0.135  0.050    0.240
iaram             0.161  0.065    0.220

Total: 15722.7s (78.6s/q)
