/projects/prjs1800/venvs/arag-venv/lib/python3.10/site-packages/transformers/utils/hub.py:110: FutureWarning: Using `TRANSFORMERS_CACHE` is deprecated and will be removed in v5 of Transformers. Use `HF_HOME` instead.
  warnings.warn(
=== Baselines Runner ===
Model: llada, Dataset: musique, Rounds: 3
`torch_dtype` is deprecated! Use `dtype` instead!
Loading checkpoint shards:   0%|          | 0/6 [00:00<?, ?it/s]Loading checkpoint shards:  33%|███▎      | 2/6 [00:00<00:00, 19.25it/s]Loading checkpoint shards:  67%|██████▋   | 4/6 [00:00<00:00, 12.09it/s]Loading checkpoint shards: 100%|██████████| 6/6 [00:00<00:00, 15.09it/s]
  Model loaded in 40.9s
Loaded 200 questions
Batch initial retrieval...
  Done in 476.0s
[1/200] dev_800 (62.2s)
  spread           The father of the man with the same name F1=0.000 EM=0
  aram             Matt Stonie                              F1=0.000 EM=0
  ispread          The father of the man with the same name F1=0.000 EM=0
  iaram            The father of the man with the same name F1=0.000 EM=0
[10/200] dev_809 (56.6s)
  spread           East Azerbaijan Province                 F1=0.000 EM=0
  aram             East Azerbaijan                          F1=0.000 EM=0
  ispread          southeast                                F1=0.000 EM=0
  iaram            southeast                                F1=0.000 EM=0
[20/200] dev_819 (84.2s)
  spread           The experimental satellite which was the F1=0.067 EM=0
  aram             The experimental satellite, which was th F1=0.071 EM=0
  ispread          The experimental satellite which was the F1=0.067 EM=0
  iaram            The experimental satellite which was the F1=0.067 EM=0
[30/200] dev_829 (86.8s)
  spread           The person who ended the Achaemenid Empi F1=0.062 EM=0
  aram             The person who ended the Archaemenid Emp F1=0.133 EM=0
  ispread          The person who ended the Achaemenid Empi F1=0.125 EM=0
  iaram            The person who ended the Achaemenid Empi F1=0.125 EM=0
[40/200] dev_839 (96.2s)
  spread           About 24 people work in the school where F1=0.000 EM=0
  aram             24                                       F1=0.000 EM=0
  ispread          The school where Taylor Mokate was educa F1=0.000 EM=0
  iaram            The school where Taylor Mokate was educa F1=0.000 EM=0
[50/200] dev_849 (72.7s)
  spread           Below the Sun                            F1=1.000 EM=1
  aram             Below the Sun                            F1=1.000 EM=1
  ispread          The author of The Canon of Medicine, inf F1=0.050 EM=0
  iaram            The author of The Canon of Medicine, inf F1=0.050 EM=0
[60/200] dev_859 (110.5s)
  spread           The Till dom ensamma performer is Nicola F1=0.000 EM=0
  aram             Ingrid Fuzjko V. Georgii-Hemming, Till d F1=0.000 EM=0
  ispread          Tord Bernheim, who performed "De ensamma F1=0.000 EM=0
  iaram            The performer of "Till dom ensamma" is T F1=0.000 EM=0
[70/200] dev_869 (49.7s)
  spread           1791                                     F1=0.000 EM=0
  aram             1791                                     F1=0.000 EM=0
  ispread          The first branch of the company that bou F1=0.000 EM=0
  iaram            1791                                     F1=0.000 EM=0
[80/200] dev_879 (93.8s)
  spread           Ian McKellen                             F1=0.000 EM=0
  aram             Ian McKellen                             F1=0.000 EM=0
  ispread          Ho Yi plays the prison warden in "Spy Ga F1=0.000 EM=0
  iaram            The prison warden in the second movie in F1=0.000 EM=0
[90/200] dev_889 (69.7s)
  spread           Karen Fairchild                          F1=1.000 EM=1
  aram             Karen Fairchild                          F1=1.000 EM=1
  ispread          Karen Fairchild                          F1=1.000 EM=1
  iaram            Karen Fairchild                          F1=1.000 EM=1
[100/200] dev_899 (53.3s)
  spread           John D. Loudermilk wrote "Turn Me On," w F1=0.158 EM=0
  aram             John D. Loudermilk                       F1=1.000 EM=1
  ispread          John D. Loudermilk wrote "Turn Me On," w F1=0.158 EM=0
  iaram            John D. Loudermilk wrote "Turn Me On," w F1=0.158 EM=0
[110/200] dev_909 (47.6s)
  spread           Ancient Greek                            F1=0.000 EM=0
  aram             The author of Alciphron, Alciphron, live F1=0.000 EM=0
  ispread          Ancient Greek                            F1=0.000 EM=0
  iaram            The author of Alciphron, Alciphron, live F1=0.000 EM=0
[120/200] dev_919 (83.8s)
  spread           Prince Philip, Duke of Edinburgh         F1=0.200 EM=0
  aram             Prince Philip, Duke of Edinburgh         F1=0.200 EM=0
  ispread          Prince Philip, Duke of Edinburgh, (born  F1=0.059 EM=0
  iaram            The spouse of the current queen of Engla F1=0.048 EM=0
[130/200] dev_929 (86.6s)
  spread           Alice Longworth                          F1=0.000 EM=0
  aram             Alice Longworth                          F1=0.000 EM=0
  ispread          The child of the president under whom pr F1=0.000 EM=0
  iaram            The child of the president under whom pr F1=0.000 EM=0
[140/200] dev_939 (82.3s)
  spread           Barry Penner                             F1=0.000 EM=0
  aram             Barry Penner                             F1=0.000 EM=0
  ispread          The King's Commissioner of North Holland F1=0.125 EM=0
  iaram            The Commissioner of Crown Lands was in c F1=0.000 EM=0
[150/200] dev_949 (84.3s)
  spread           The maximum amount of load that can be d F1=0.000 EM=0
  aram             The maximum amount of load that can be d F1=0.000 EM=0
  ispread          The maximum amount of load that can be d F1=0.000 EM=0
  iaram            The maximum amount of load that can be d F1=0.000 EM=0
[160/200] dev_959 (75.8s)
  spread           Lord William Bentinck                    F1=0.000 EM=0
  aram             Lord William Bentinck                    F1=0.000 EM=0
  ispread          The first Governor-General of British In F1=0.158 EM=0
  iaram            The first Governor-General of British In F1=0.158 EM=0
[170/200] dev_969 (50.5s)
  spread           Frances Freeling Broderip's sibling is h F1=0.091 EM=0
  aram             Frances Freeling Broderip's sibling is h F1=0.091 EM=0
  ispread          Frances Freeling Broderip's sibling is h F1=0.091 EM=0
  iaram            Frances Freeling Broderip's sibling is h F1=0.091 EM=0
[180/200] dev_979 (69.1s)
  spread           The Communications of the group that Zhe F1=0.000 EM=0
  aram             Nature Communications                    F1=0.000 EM=0
  ispread          The Communications of the group that Zhe F1=0.000 EM=0
  iaram            Not provided. 

The context passage does F1=0.000 EM=0
[190/200] dev_989 (83.3s)
  spread           1807                                     F1=0.000 EM=0
  aram             1807                                     F1=0.000 EM=0
  ispread          Importation of slaves was banned in the  F1=0.000 EM=0
  iaram            The birthplace of Francis Watson is not  F1=0.000 EM=0
[200/200] dev_999 (50.7s)
  spread           Scottish knight                          F1=0.500 EM=0
  aram             Scottish knight                          F1=0.500 EM=0
  ispread          A participant of the Battle of Brechin i F1=0.045 EM=0
  iaram            Scottish knight                          F1=0.500 EM=0

Method               F1     EM  Contain
--------------------------------------
spread            0.165  0.110    0.175
aram              0.198  0.145    0.160
ispread           0.109  0.055    0.240
iaram             0.120  0.060    0.230

Total: 15656.9s (78.3s/q)
