/projects/prjs1800/venvs/arag-venv/lib/python3.10/site-packages/transformers/utils/hub.py:110: FutureWarning: Using `TRANSFORMERS_CACHE` is deprecated and will be removed in v5 of Transformers. Use `HF_HOME` instead.
  warnings.warn(
=== Baselines Runner ===
Model: llada, Dataset: musique, Rounds: 3
`torch_dtype` is deprecated! Use `dtype` instead!
Loading checkpoint shards:   0%|          | 0/6 [00:00<?, ?it/s]Loading checkpoint shards:  83%|████████▎ | 5/6 [00:00<00:00, 44.96it/s]Loading checkpoint shards: 100%|██████████| 6/6 [00:00<00:00, 48.63it/s]
  Model loaded in 39.9s
Loaded 200 questions
Batch initial retrieval...
  Done in 472.9s
[1/200] dev_400 (63.4s)
  spread           "Hey Archie"                             F1=0.000 EM=0
  aram             Archie Andrews                           F1=0.000 EM=0
  ispread          The line by a cast member of Birds of Fe F1=0.000 EM=0
  iaram            What line by a cast member of Birds of F F1=0.000 EM=0
[10/200] dev_409 (72.5s)
  spread           Jefferson Davis                          F1=0.000 EM=0
  aram             Jefferson Davis ended his fight in the M F1=0.053 EM=0
  ispread          Jefferson Davis, the person chosen to be F1=0.059 EM=0
  iaram            Jefferson Davis ended his fight in the M F1=0.053 EM=0
[20/200] dev_419 (63.0s)
  spread           The date of birth of the creator of A Bu F1=0.062 EM=0
  aram             1819                                     F1=1.000 EM=0
  ispread          The date of birth of the creator of A Bu F1=0.059 EM=0
  iaram            1819                                     F1=1.000 EM=0
[30/200] dev_429 (48.7s)
  spread           Two features of Windows 98 highlighted b F1=0.435 EM=0
  aram             Bill Gates highlighted two features of W F1=0.455 EM=0
  ispread          Two features of Windows 98 highlighted b F1=0.435 EM=0
  iaram            Two features of Windows 98 highlighted b F1=0.435 EM=0
[40/200] dev_439 (92.9s)
  spread           Persian Gulf Pro League                  F1=0.250 EM=0
  aram             Omani League                             F1=0.500 EM=0
  ispread          Al Janoub is not mentioned in the contex F1=0.043 EM=0
  iaram            The operating group of Al Janoub Stadium F1=0.048 EM=0
[50/200] dev_449 (71.9s)
  spread           Lucy Mack                                F1=1.000 EM=0
  aram             Lucy Mack                                F1=1.000 EM=0
  ispread          Lucy Mack Smith                          F1=1.000 EM=1
  iaram            The mother of Katharine Smith Salisbury' F1=0.143 EM=0
[60/200] dev_459 (78.3s)
  spread           The Mother                               F1=0.000 EM=0
  aram             Robin                                    F1=0.000 EM=0
  ispread          The person telling the story in How I Me F1=0.100 EM=0
  iaram            The person telling the story in How I Me F1=0.100 EM=0
[70/200] dev_469 (75.7s)
  spread           MLS                                      F1=0.000 EM=0
  aram             MLS                                      F1=0.000 EM=0
  ispread          The team that uses Dick's Sporting Goods F1=0.150 EM=0
  iaram            MLS                                      F1=0.000 EM=0
[80/200] dev_479 (58.0s)
  spread           The kingdom that Heptarchy was part of i F1=0.000 EM=0
  aram             1975                                     F1=0.000 EM=0
  ispread          The kingdom that Heptarchy was part of w F1=0.000 EM=0
  iaram            1975                                     F1=0.000 EM=0
[90/200] dev_489 (70.1s)
  spread           The population of the region where Baton F1=0.000 EM=0
  aram             The population of the region where Baton F1=0.000 EM=0
  ispread          The population of the region where Baton F1=0.000 EM=0
  iaram            The population of the region where Baton F1=0.000 EM=0
[100/200] dev_499 (77.1s)
  spread           Pa Sak River                             F1=0.333 EM=0
  aram             Pa Sak River                             F1=0.333 EM=0
  ispread          The Pa Sak River, on which the Pa Sak Jo F1=0.167 EM=0
  iaram            The river on which Pa Sak Jolasid Dam is F1=0.158 EM=0
[110/200] dev_509 (82.6s)
  spread           The wrestler who has held the Interconti F1=0.000 EM=0
  aram             The wrestler who has held the interconti F1=0.000 EM=0
  ispread          The wrestler who has held the interconti F1=0.000 EM=0
  iaram            The wrestler who has held the interconti F1=0.000 EM=0
[120/200] dev_519 (62.1s)
  spread           In April 2010, the company owned by MV M F1=0.105 EM=0
  aram             In April 2010, the company owned by MV M F1=0.105 EM=0
  ispread          The company owned by MV Macoma announced F1=0.130 EM=0
  iaram            The company owned by MV Macoma announced F1=0.130 EM=0
[130/200] dev_529 (79.9s)
  spread           2013                                     F1=0.000 EM=0
  aram             2017                                     F1=0.000 EM=0
  ispread          - The performer of "I Love Life, Thank Y F1=0.067 EM=0
  iaram            The performer of "I Love Life, Thank You F1=0.000 EM=0
[140/200] dev_539 (105.1s)
  spread           Vinnytsia Oblast                         F1=0.500 EM=0
  aram             Vinnytsia Oblast                         F1=0.500 EM=0
  ispread          The oldest city in the northeast, Tomsk, F1=0.067 EM=0
  iaram            The oldest city in the northeast is Ust- F1=0.000 EM=0
[150/200] dev_549 (78.9s)
  spread           The creator of The Blind Girl is a paint F1=0.188 EM=0
  aram             March 12, 1998                           F1=0.000 EM=0
  ispread          John Everett Millais, the creator of the F1=0.214 EM=0
  iaram            The creator of The Blind Girl, John Ever F1=0.000 EM=0
[160/200] dev_559 (89.2s)
  spread           North Pole                               F1=0.500 EM=0
  aram             North Pole                               F1=0.500 EM=0
  ispread          Rudolph the red-nosed reindeer lives at  F1=0.056 EM=0
  iaram            Rudolph the red-nosed reindeer lives at  F1=0.059 EM=0
[170/200] dev_569 (91.3s)
  spread           Reggie White                             F1=0.000 EM=0
  aram             Reggie White                             F1=0.000 EM=0
  ispread          Mark Gastineau of the New York Jets had  F1=0.059 EM=0
  iaram            Mark Gastineau of the New York Jets had  F1=0.056 EM=0
[180/200] dev_579 (53.4s)
  spread           Mohamed Atta's vehicle is a 2001 Nissan  F1=0.143 EM=0
  aram             The model of the vehicle of Mohammed Att F1=0.125 EM=0
  ispread          The model of the vehicle is a 2001 Nissa F1=0.143 EM=0
  iaram            The model of Mohammed Atta's vehicle is  F1=0.118 EM=0
[190/200] dev_589 (55.4s)
  spread           Avicenna was a Muslim. According to cont F1=0.000 EM=0
  aram             49%                                      F1=0.000 EM=0
  ispread          Avicenna was a Muslim philosopher, but t F1=0.000 EM=0
  iaram            49%                                      F1=0.000 EM=0
[200/200] dev_599 (48.9s)
  spread           The actor of Barney Stinson from How I M F1=0.000 EM=0
  aram             The actor of Barney Stinson from How I M F1=0.000 EM=0
  ispread          The actor of Barney Stinson from How I M F1=0.000 EM=0
  iaram            The actor of Barney Stinson from How I M F1=0.000 EM=0

Method               F1     EM  Contain
--------------------------------------
spread            0.148  0.055    0.115
aram              0.196  0.065    0.100
ispread           0.121  0.050    0.235
iaram             0.115  0.035    0.195

Total: 15036.1s (75.2s/q)
