Starting corpus embedding with GTE-multilingual-base...
This will embed ~21M passages from DPR-W100 corpus
Estimated time: 2-4 hours
PYTHONPATH: /projects/prjs1800/external/MA-RAG:
/projects/prjs1800/venvs/marag-venv/lib/python3.13/site-packages/transformers/utils/hub.py:110: FutureWarning: Using `TRANSFORMERS_CACHE` is deprecated and will be removed in v5 of Transformers. Use `HF_HOME` instead.
  warnings.warn(
02/02/2026 20:20:50 - INFO - __main__ - Using device: cuda
`torch_dtype` is deprecated! Use `dtype` instead!
Some weights of the model checkpoint at Alibaba-NLP/gte-multilingual-base were not used when initializing NewModel: ['classifier.bias', 'classifier.weight']
- This IS expected if you are initializing NewModel from the checkpoint of a model trained on another task or with another architecture (e.g. initializing a BertForSequenceClassification model from a BertForPreTraining model).
- This IS NOT expected if you are initializing NewModel from the checkpoint of a model that you expect to be exactly identical (initializing a BertForSequenceClassification model from a BertForSequenceClassification model).
02/02/2026 20:21:00 - INFO - __main__ - Sample a passage: (2, '"God at Sinai granted Aaron the priesthood for himself and his male descendants, and he became the first High Priest of the Israelites. Aaron died before the Israelites crossed the North Jordan river and he was buried on Mount Hor (Numbers 33:39; Deuteronomy 10:6 says he died and was buried at Moserah). Aaron is also mentioned in the New Testament of the Bible. According to the Book of Exodus, Aaron first functioned as Moses\' assistant. Because Moses complained that he could not speak well, God appointed Aaron as Moses\' ""prophet"" (Exodus 4:10-17; 7:1). At the command of Moses, he let"')
02/02/2026 20:21:00 - INFO - __main__ - Total documents: 21015324
02/02/2026 20:21:00 - INFO - __main__ - Starting embedding with 10262 batches
Embedding:   0%|          | 0/10262 [00:00<?, ?it/s]Embedding:   0%|          | 1/10262 [00:07<21:16:32,  7.46s/it]Embedding:   0%|          | 1/10262 [00:09<27:25:57,  9.62s/it]
Traceback (most recent call last):
  File "/gpfs/work5/0/prjs1800/external/MA-RAG/corpus/embed_corpus.py", line 100, in <module>
    main()
    ~~~~^^
  File "/gpfs/work5/0/prjs1800/external/MA-RAG/corpus/embed_corpus.py", line 71, in main
    outputs = model(**passage)
  File "/projects/prjs1800/venvs/marag-venv/lib/python3.13/site-packages/torch/nn/modules/module.py", line 1751, in _wrapped_call_impl
    return self._call_impl(*args, **kwargs)
           ~~~~~~~~~~~~~~~^^^^^^^^^^^^^^^^^
  File "/projects/prjs1800/venvs/marag-venv/lib/python3.13/site-packages/torch/nn/modules/module.py", line 1762, in _call_impl
    return forward_call(*args, **kwargs)
  File "/projects/prjs1800/.cache/huggingface/modules/transformers_modules/Alibaba_hyphen_NLP/new_hyphen_impl/40ced75c3017eb27626c9d4ea981bde21a2662f4/modeling.py", line 940, in forward
    encoder_outputs = self.encoder(
        embedding_output,
    ...<8 lines>...
        return_dict=return_dict,
    )
  File "/projects/prjs1800/venvs/marag-venv/lib/python3.13/site-packages/torch/nn/modules/module.py", line 1751, in _wrapped_call_impl
    return self._call_impl(*args, **kwargs)
           ~~~~~~~~~~~~~~~^^^^^^^^^^^^^^^^^
  File "/projects/prjs1800/venvs/marag-venv/lib/python3.13/site-packages/torch/nn/modules/module.py", line 1762, in _call_impl
    return forward_call(*args, **kwargs)
  File "/projects/prjs1800/.cache/huggingface/modules/transformers_modules/Alibaba_hyphen_NLP/new_hyphen_impl/40ced75c3017eb27626c9d4ea981bde21a2662f4/modeling.py", line 749, in forward
    layer_outputs = layer_module(
        hidden_states,
    ...<6 lines>...
        output_attentions,
    )
  File "/projects/prjs1800/venvs/marag-venv/lib/python3.13/site-packages/torch/nn/modules/module.py", line 1751, in _wrapped_call_impl
    return self._call_impl(*args, **kwargs)
           ~~~~~~~~~~~~~~~^^^^^^^^^^^^^^^^^
  File "/projects/prjs1800/venvs/marag-venv/lib/python3.13/site-packages/torch/nn/modules/module.py", line 1762, in _call_impl
    return forward_call(*args, **kwargs)
  File "/projects/prjs1800/.cache/huggingface/modules/transformers_modules/Alibaba_hyphen_NLP/new_hyphen_impl/40ced75c3017eb27626c9d4ea981bde21a2662f4/modeling.py", line 692, in forward
    hidden_states = self.mlp(hidden_states)
  File "/projects/prjs1800/venvs/marag-venv/lib/python3.13/site-packages/torch/nn/modules/module.py", line 1751, in _wrapped_call_impl
    return self._call_impl(*args, **kwargs)
           ~~~~~~~~~~~~~~~^^^^^^^^^^^^^^^^^
  File "/projects/prjs1800/venvs/marag-venv/lib/python3.13/site-packages/torch/nn/modules/module.py", line 1762, in _call_impl
    return forward_call(*args, **kwargs)
  File "/projects/prjs1800/.cache/huggingface/modules/transformers_modules/Alibaba_hyphen_NLP/new_hyphen_impl/40ced75c3017eb27626c9d4ea981bde21a2662f4/modeling.py", line 617, in forward
    gated_states = gate * up_states
                   ~~~~~^~~~~~~~~~~
torch.OutOfMemoryError: CUDA out of memory. Tried to allocate 4.85 GiB. GPU 0 has a total capacity of 39.49 GiB of which 551.25 MiB is free. Including non-PyTorch memory, this process has 38.95 GiB memory in use. Of the allocated memory 25.61 GiB is allocated by PyTorch, and 12.84 GiB is reserved by PyTorch but unallocated. If reserved but unallocated memory is large try setting PYTORCH_CUDA_ALLOC_CONF=expandable_segments:True to avoid fragmentation.  See documentation for Memory Management  (https://pytorch.org/docs/stable/notes/cuda.html#environment-variables)
Embedding complete!
total 1
drwxr-s---. 2 pnair prjs1800 4096 Feb  2 19:04 .
drwxr-s---. 3 pnair prjs1800 4096 Feb  2 19:04 ..
