/projects/prjs1800/venvs/arag-venv/lib/python3.10/site-packages/transformers/utils/hub.py:110: FutureWarning: Using `TRANSFORMERS_CACHE` is deprecated and will be removed in v5 of Transformers. Use `HF_HOME` instead.
  warnings.warn(
=== Baselines Runner ===
Model: llada, Dataset: 2wikimultihopqa, Rounds: 3
`torch_dtype` is deprecated! Use `dtype` instead!
Loading checkpoint shards:   0%|          | 0/6 [00:00<?, ?it/s]Loading checkpoint shards:  50%|█████     | 3/6 [00:00<00:00, 18.11it/s]Loading checkpoint shards:  83%|████████▎ | 5/6 [00:00<00:00, 18.12it/s]Loading checkpoint shards: 100%|██████████| 6/6 [00:00<00:00, 19.82it/s]
  Model loaded in 40.3s
Loaded 200 questions
Batch initial retrieval...
  Done in 476.1s
[1/200] dev_600 (58.2s)
  spread           The Battle of the Rails was released fir F1=0.176 EM=0
  aram             The Battle Of The Rails                  F1=1.000 EM=1
  ispread          The Battle of the Rails was released fir F1=0.176 EM=0
  iaram            The Battle Of The Rails                  F1=1.000 EM=1
[10/200] dev_609 (86.7s)
  spread           Tallahassee, Florida                     F1=0.000 EM=0
  aram             Tallahassee, Florida                     F1=0.000 EM=0
  ispread          Merle Haggard, the performer of the song F1=0.000 EM=0
  iaram            The performer of the song "If You Want T F1=0.105 EM=0
[20/200] dev_619 (91.4s)
  spread           Dessau                                   F1=0.000 EM=0
  aram             Dessau                                   F1=0.000 EM=0
  ispread          The husband of Princess Alexandra of Anh F1=0.000 EM=0
  iaram            The husband of Princess Alexandra of Anh F1=0.000 EM=0
[30/200] dev_629 (46.9s)
  spread           The mother of Charles Stuart, 1st Earl o F1=0.000 EM=0
  aram             Margaret Tudor                           F1=0.000 EM=0
  ispread          The mother of Charles Stuart, 1st Earl o F1=0.000 EM=0
  iaram            Margaret Tudor                           F1=0.000 EM=0
[40/200] dev_639 (83.0s)
  spread           Marc Burrows                             F1=1.000 EM=1
  aram             Marc Burrows                             F1=1.000 EM=1
  ispread          Tsvetko Slavov was born later in 1970, w F1=0.143 EM=0
  iaram            Marc Burrows was born later in 1972, whi F1=0.143 EM=0
[50/200] dev_649 (70.9s)
  spread           Sol Niger Within                         F1=1.000 EM=1
  aram             Sol Niger Within                         F1=1.000 EM=1
  ispread          Sol Niger Within                         F1=1.000 EM=1
  iaram            Sol Niger Within came out first, as it w F1=0.158 EM=0
[60/200] dev_659 (71.3s)
  spread           Fernando Rodríguez de Castro's paternal  F1=0.125 EM=0
  aram             Fernando Rodríguez de Castro's paternal  F1=0.125 EM=0
  ispread          Fernando Rodríguez de Castro's paternal  F1=0.125 EM=0
  iaram            Fernando Rodríguez de Castro's paternal  F1=0.125 EM=0
[70/200] dev_669 (72.3s)
  spread           The maternal grandfather of Princess Lou F1=0.045 EM=0
  aram             Leopold II                               F1=0.000 EM=0
  ispread          The maternal grandfather of Princess Lou F1=0.136 EM=0
  iaram            The maternal grandfather of Princess Lou F1=0.045 EM=0
[80/200] dev_679 (68.2s)
  spread           The place of birth of the director of th F1=0.000 EM=0
  aram             The place of birth of the director of th F1=0.000 EM=0
  ispread          No information available. The director o F1=0.000 EM=0
  iaram            The director of the film "Martial Law" ( F1=0.000 EM=0
[90/200] dev_689 (52.3s)
  spread           Augustus' father, John Paulet, 14th Marq F1=0.231 EM=0
  aram             Date of birth of Augustus Paulet, 15th M F1=0.214 EM=0
  ispread          Augustus' father, John Paulet, 14th Marq F1=0.231 EM=0
  iaram            Date of birth of Augustus Paulet, 15th M F1=0.214 EM=0
[100/200] dev_699 (71.6s)
  spread           Elizabeth Annesley                       F1=0.000 EM=0
  aram             Elizabeth Annesley                       F1=0.000 EM=0
  ispread          The paternal grandmother of Arthur Gore, F1=0.056 EM=0
  iaram            The paternal grandmother of Arthur Gore, F1=0.056 EM=0
[110/200] dev_709 (51.2s)
  spread           The place of burial of Karomama I's husb F1=0.000 EM=0
  aram             The place of burial of Karomama I's husb F1=0.000 EM=0
  ispread          The place of burial of Karomama I's husb F1=0.000 EM=0
  iaram            Osorkon II                               F1=0.000 EM=0
[120/200] dev_719 (46.1s)
  spread           Juan René Serrano                        F1=0.000 EM=0
  aram             Neither                                  F1=0.000 EM=0
  ispread          Juan René Serrano                        F1=0.000 EM=0
  iaram            Neither                                  F1=0.000 EM=0
[130/200] dev_729 (46.0s)
  spread           No                                       F1=0.000 EM=0
  aram             No                                       F1=0.000 EM=0
  ispread          No                                       F1=0.000 EM=0
  iaram            No                                       F1=0.000 EM=0
[140/200] dev_739 (69.0s)
  spread           Ganga Karai Paattu (1997) was released e F1=0.400 EM=0
  aram             Gangai Karai Paattu                      F1=0.000 EM=0
  ispread          Gangai Karai Paattu (1997) was released  F1=0.429 EM=0
  iaram            Gangai Karai Paattu was released earlier F1=0.071 EM=0
[150/200] dev_749 (73.6s)
  spread           The director of film Katka's Reinette Ap F1=0.000 EM=0
  aram             The director of the film "Katka's Reinet F1=0.000 EM=0
  ispread          The director of the film "Katka's Reinet F1=0.077 EM=0
  iaram            The director of the film "Katka's Reinet F1=0.077 EM=0
[160/200] dev_759 (77.9s)
  spread           No, the directors of both films are diff F1=0.000 EM=0
  aram             No, the directors of both films "I Can't F1=0.000 EM=0
  ispread          No, the directors of both films "I Can't F1=0.000 EM=0
  iaram            No, the directors of both films "I Can't F1=0.000 EM=0
[170/200] dev_769 (49.8s)
  spread           No, Kunturwasa (Kunturiri) is in Bolivia F1=0.000 EM=0
  aram             No, they are not. Kunturiri is on the bo F1=0.000 EM=0
  ispread          No, Kunturwasa (Kunturiri) is in Bolivia F1=0.000 EM=0
  iaram            No, they are not. Kunturiri is on the bo F1=0.000 EM=0
[180/200] dev_779 (47.6s)
  spread           England                                  F1=0.000 EM=0
  aram             Cardiff, Wales                           F1=0.000 EM=0
  ispread          Cardiff                                  F1=0.000 EM=0
  iaram            England                                  F1=0.000 EM=0
[190/200] dev_789 (72.4s)
  spread           Penang Free School                       F1=1.000 EM=1
  aram             Penang Free School                       F1=1.000 EM=1
  ispread          Penang Free School was founded in 1816,  F1=0.188 EM=0
  iaram            Universidad Autónoma De La Laguna was fo F1=0.188 EM=0
[200/200] dev_799 (46.7s)
  spread           A Soldier's Oath                         F1=1.000 EM=1
  aram             A Soldier's Oath                         F1=1.000 EM=1
  ispread          A Soldier's Oath                         F1=1.000 EM=1
  iaram            A Soldier's Oath                         F1=1.000 EM=1

Method               F1     EM  Contain
--------------------------------------
spread            0.194  0.135    0.230
aram              0.225  0.160    0.215
ispread           0.175  0.095    0.290
iaram             0.199  0.125    0.310

Total: 13402.6s (67.0s/q)
