/projects/prjs1800/venvs/arag-venv/lib/python3.10/site-packages/transformers/utils/hub.py:110: FutureWarning: Using `TRANSFORMERS_CACHE` is deprecated and will be removed in v5 of Transformers. Use `HF_HOME` instead.
  warnings.warn(
=== Baselines Runner ===
Model: llada, Dataset: 2wikimultihopqa, Rounds: 3
`torch_dtype` is deprecated! Use `dtype` instead!
Loading checkpoint shards:   0%|          | 0/6 [00:00<?, ?it/s]Loading checkpoint shards: 100%|██████████| 6/6 [00:00<00:00, 148.79it/s]
  Model loaded in 39.9s
Loaded 200 questions
Batch initial retrieval...
  Done in 474.6s
[1/200] dev_0 (88.0s)
  spread           Małgorzata Braunek                       F1=1.000 EM=1
  aram             Małgorzata Braunek                       F1=1.000 EM=1
  ispread          Małgorzata Braunek is the mother of the  F1=0.167 EM=0
  iaram            Małgorzata Braunek is the mother of the  F1=0.167 EM=0
[10/200] dev_9 (78.9s)
  spread           Antiochus VII Sidetes                    F1=0.000 EM=0
  aram             Antiochus VII Sidetes                    F1=0.000 EM=0
  ispread          The maternal grandfather of Antiochus X  F1=0.000 EM=0
  iaram            The maternal grandfather of Antiochus X  F1=0.000 EM=0
[20/200] dev_19 (76.1s)
  spread           The Daltons' Women                       F1=0.000 EM=0
  aram             The Daltons' Women                       F1=0.000 EM=0
  ispread          The Daltons' Women                       F1=0.000 EM=0
  iaram            Tangled Destinies was directed by Doroth F1=0.118 EM=0
[30/200] dev_29 (55.5s)
  spread           No                                       F1=0.000 EM=0
  aram             No, Fire In Hell and The Tiger: An Old H F1=0.000 EM=0
  ispread          Yes, Fire in Hell and The Tiger: An Old  F1=0.048 EM=0
  iaram            Yes, both Fire in Hell and The Tiger: An F1=0.045 EM=0
[40/200] dev_39 (84.9s)
  spread           Thomas William Adams                     F1=0.000 EM=0
  aram             Thomas William Adams                     F1=0.000 EM=0
  ispread          Thomas William Adams was born later, in  F1=0.133 EM=0
  iaram            Thomas William Adams was born later, in  F1=0.133 EM=0
[50/200] dev_49 (52.1s)
  spread           Blanche of Portugal (1259–1321)'s patern F1=0.200 EM=0
  aram             Blanche of Portugal (1259–1321)'s patern F1=0.462 EM=0
  ispread          Blanche of Portugal (1259–1321)'s patern F1=0.357 EM=0
  iaram            Blanche of Portugal (1259–1321)'s patern F1=0.286 EM=0
[60/200] dev_59 (52.6s)
  spread           CBC                                      F1=0.000 EM=0
  aram             South Porcupine, Ontario                 F1=0.000 EM=0
  ispread          The wife of Douglas Leiterman, Beryl Fox F1=0.000 EM=0
  iaram            Canada                                   F1=0.000 EM=0
[70/200] dev_69 (52.2s)
  spread           Hütteldorf, Penzing, Vienna, Austria-Hun F1=0.000 EM=0
  aram             Hütteldorf, Penzing, Vienna, Austria-Hun F1=0.000 EM=0
  ispread          Hütteldorf, Penzing, Vienna, Austria-Hun F1=0.000 EM=0
  iaram            Hütteldorf, Penzing, Vienna, Austria-Hun F1=0.000 EM=0
[80/200] dev_79 (88.0s)
  spread           Ostrogoths                               F1=0.000 EM=0
  aram             Ostrogoths                               F1=0.000 EM=0
  ispread          Audofleda's husband, Theoderic the Great F1=0.000 EM=0
  iaram            Audofleda's husband, Theoderic the Great F1=0.133 EM=0
[90/200] dev_89 (66.9s)
  spread           "Repeated Absences/Seven Days' Leave (19 F1=0.308 EM=0
  aram             Repeated Absences came out first, in 193 F1=0.250 EM=0
  ispread          She Wore a Yellow Ribbon came out first  F1=0.222 EM=0
  iaram            Repeated Absences came first, released i F1=0.250 EM=0
[100/200] dev_99 (47.3s)
  spread           The place of death of Juan Carlos Gumuci F1=0.000 EM=0
  aram             Jerusalem                                F1=0.000 EM=0
  ispread          The place of death of Juan Carlos Gumuci F1=0.000 EM=0
  iaram            Jerusalem                                F1=0.000 EM=0
[110/200] dev_109 (118.4s)
  spread           The place of birth of the director of th F1=0.000 EM=0
  aram             The place of birth of the director of th F1=0.000 EM=0
  ispread          The director of the film "Swedenhielms"  F1=0.000 EM=0
  iaram            The place of birth of the director of th F1=0.000 EM=0
[120/200] dev_119 (50.2s)
  spread           No                                       F1=0.000 EM=0
  aram             No                                       F1=0.000 EM=0
  ispread          No, the director of The Slayer (Film) is F1=0.000 EM=0
  iaram            No                                       F1=0.000 EM=0
[130/200] dev_129 (82.0s)
  spread           1946                                     F1=0.000 EM=0
  aram             1946                                     F1=0.000 EM=0
  ispread          The company, America Star Books, was fou F1=0.000 EM=0
  iaram            The company that published American Scie F1=0.000 EM=0
[140/200] dev_139 (48.1s)
  spread           Korn Ferry                               F1=0.000 EM=0
  aram             Korn Ferry                               F1=0.000 EM=0
  ispread          Korn Ferry                               F1=0.000 EM=0
  iaram            Korn Ferry                               F1=0.000 EM=0
[150/200] dev_149 (84.4s)
  spread           King Charles I of Sicily                 F1=0.400 EM=0
  aram             King Charles I of Sicily                 F1=0.400 EM=0
  ispread          Philip of Sicily's father is Charles I o F1=0.083 EM=0
  iaram            Philip of Sicily's father is King Charle F1=0.150 EM=0
[160/200] dev_159 (110.9s)
  spread           René Poupardin                           F1=0.000 EM=0
  aram             René Poupardin                           F1=0.000 EM=0
  ispread          Aneta Hladíková (born 1982) and René Pou F1=0.222 EM=0
  iaram            René Poupardin was born in 1986, Aneta L F1=0.083 EM=0
[170/200] dev_169 (100.3s)
  spread           The director of "Old Man Drinking a Glas F1=0.000 EM=0
  aram             France                                   F1=0.000 EM=0
  ispread          The director of the film "Old Man Drinki F1=0.000 EM=0
  iaram            The director of the film "Old Man Drinki F1=0.000 EM=0
[180/200] dev_179 (49.2s)
  spread           Città di Castello                        F1=0.000 EM=0
  aram             Città di Castello                        F1=0.000 EM=0
  ispread          Città di Castello                        F1=0.000 EM=0
  iaram            Città di Castello                        F1=0.000 EM=0
[190/200] dev_189 (75.3s)
  spread           Richard Annesley, 2nd Earl Annesley's fa F1=0.000 EM=0
  aram             Richard Annesley, 2nd Earl Annesley's fa F1=0.000 EM=0
  ispread          Richard Annesley, 2nd Earl Annesley's fa F1=0.250 EM=0
  iaram            William Annesley, 1st Viscount Glerawly  F1=0.250 EM=0
[200/200] dev_199 (51.6s)
  spread           Archduchess Elisabeth Amalie of Austria  F1=0.200 EM=0
  aram             Archduchess Elisabeth Amalie of Austria  F1=0.200 EM=0
  ispread          Archduchess Elisabeth Amalie of Austria  F1=0.200 EM=0
  iaram            Archduchess Elisabeth Amalie of Austria  F1=0.200 EM=0

Method               F1     EM  Contain
--------------------------------------
spread            0.216  0.140    0.280
aram              0.215  0.150    0.235
ispread           0.194  0.120    0.340
iaram             0.194  0.125    0.310

Total: 13265.3s (66.3s/q)
