/projects/prjs1800/venvs/arag-venv/lib/python3.10/site-packages/transformers/utils/hub.py:110: FutureWarning: Using `TRANSFORMERS_CACHE` is deprecated and will be removed in v5 of Transformers. Use `HF_HOME` instead.
  warnings.warn(
=== Baselines Runner ===
Model: llada, Dataset: 2wikimultihopqa, Rounds: 3
`torch_dtype` is deprecated! Use `dtype` instead!
Loading checkpoint shards:   0%|          | 0/6 [00:00<?, ?it/s]Loading checkpoint shards:  83%|████████▎ | 5/6 [00:00<00:00, 47.67it/s]Loading checkpoint shards: 100%|██████████| 6/6 [00:00<00:00, 52.30it/s]
  Model loaded in 39.9s
Loaded 200 questions
Batch initial retrieval...
  Done in 475.3s
[1/200] dev_200 (29.4s)
  spread           Two For Tonight                          F1=1.000 EM=1
  aram             Two For Tonight                          F1=1.000 EM=1
  ispread          Two For Tonight                          F1=1.000 EM=1
  iaram            Two For Tonight                          F1=1.000 EM=1
[10/200] dev_209 (101.0s)
  spread           Aleksandra Marianna Wiesiołowska's fathe F1=0.000 EM=0
  aram             Poland                                   F1=0.000 EM=0
  ispread          Aleksandra Marianna Wiesiołowska's fathe F1=0.000 EM=0
  iaram            Aleksandra Marianna Wiesiołowska's fathe F1=0.000 EM=0
[20/200] dev_219 (63.4s)
  spread           Vivien Leigh, Suzanne Farrington's mothe F1=0.077 EM=0
  aram             London                                   F1=1.000 EM=0
  ispread          Lower Zeals                              F1=0.000 EM=0
  iaram            The place of death of Suzanne Farrington F1=0.062 EM=0
[30/200] dev_229 (62.0s)
  spread           Circus Beely                             F1=1.000 EM=1
  aram             Circus Beely                             F1=1.000 EM=1
  ispread          Circus Beely (also known as Circus) is d F1=0.091 EM=0
  iaram            Circus Beely 

Rob Walker was born in 19 F1=0.133 EM=0
[40/200] dev_239 (76.9s)
  spread           From the context, Augustus William's fat F1=0.000 EM=0
  aram             The father of Augustus William, Duke of  F1=0.000 EM=0
  ispread          The father of Augustus William, Duke of  F1=0.059 EM=0
  iaram            Ernest Ferdinand, Duke of Brunswick-Lüne F1=0.067 EM=0
[50/200] dev_249 (51.1s)
  spread           No, Graduate University of Advanced Tech F1=0.050 EM=0
  aram             No, they are not located in the same cou F1=0.043 EM=0
  ispread          No, they are not located in the same cou F1=0.043 EM=0
  iaram            No, the Graduate University of Advanced  F1=0.053 EM=0
[60/200] dev_259 (61.5s)
  spread           Cunigunda of France                      F1=0.333 EM=0
  aram             Cunigunda of France                      F1=0.333 EM=0
  ispread          The paternal grandmother of Louis, Count F1=0.056 EM=0
  iaram            Cunigunda of France                      F1=0.333 EM=0
[70/200] dev_269 (50.9s)
  spread           Rasual Butler                            F1=1.000 EM=1
  aram             Rasual Butler                            F1=1.000 EM=1
  ispread          Rasual Butler                            F1=1.000 EM=1
  iaram            Rasual Butler                            F1=1.000 EM=1
[80/200] dev_279 (46.8s)
  spread           No, Arnold Palmer Regional Airport and L F1=0.000 EM=0
  aram             No                                       F1=0.000 EM=0
  ispread          No, Arnold Palmer Regional Airport and L F1=0.000 EM=0
  iaram            No                                       F1=0.000 EM=0
[90/200] dev_289 (60.9s)
  spread           No, the directors of The Swordsman (Wuer F1=0.071 EM=0
  aram             No, the directors of The Swordsman (Upco F1=0.059 EM=0
  ispread          No, the directors of The Swordsman (Wuer F1=0.071 EM=0
  iaram            No, the directors of The Swordsman (Upco F1=0.067 EM=0
[100/200] dev_299 (46.2s)
  spread           Boot Hill Bandits                        F1=1.000 EM=1
  aram             Boot Hill Bandits                        F1=1.000 EM=1
  ispread          Boot Hill Bandits                        F1=1.000 EM=1
  iaram            Boot Hill Bandits                        F1=1.000 EM=1
[110/200] dev_309 (90.2s)
  spread           Unknown                                  F1=0.000 EM=0
  aram             Unknown                                  F1=0.000 EM=0
  ispread          The place of birth of Consort Liang's hu F1=0.000 EM=0
  iaram            The place of birth of Consort Liang's hu F1=0.000 EM=0
[120/200] dev_319 (67.5s)
  spread           The place of burial of Ælfgar, Earl of M F1=0.000 EM=0
  aram             The place of burial of Ælfgar, Earl of M F1=0.000 EM=0
  ispread          Æthelburh of Wilton, Ælfgar, Earl of Mer F1=0.000 EM=0
  iaram            The place of burial of Ælfgar, Earl of M F1=0.000 EM=0
[130/200] dev_329 (49.7s)
  spread           Under The Lantern                        F1=1.000 EM=1
  aram             Under The Lantern                        F1=1.000 EM=1
  ispread          Under The Lantern                        F1=1.000 EM=1
  iaram            Under The Lantern                        F1=1.000 EM=1
[140/200] dev_339 (28.4s)
  spread           Five Million Look For An Heir            F1=1.000 EM=1
  aram             Five Million Look For An Heir            F1=1.000 EM=1
  ispread          Five Million Look For An Heir            F1=1.000 EM=1
  iaram            Five Million Look For An Heir            F1=1.000 EM=1
[150/200] dev_349 (84.7s)
  spread           The paternal grandfather of John II of B F1=0.200 EM=0
  aram             The paternal grandfather of John II of B F1=0.200 EM=0
  ispread          The paternal grandfather of John II of B F1=0.200 EM=0
  iaram            Margrave Jacob I of Baden-Baden, the fat F1=0.210 EM=0
[160/200] dev_359 (62.8s)
  spread           Ulises Estrella, director of the film Es F1=0.000 EM=0
  aram             The director of the film Escándalo De Es F1=0.000 EM=0
  ispread          Ulises Estrella, director of the film Es F1=0.000 EM=0
  iaram            The director of the film Escándalo De Es F1=0.000 EM=0
[170/200] dev_369 (83.2s)
  spread           Don Juan In A Girls' School              F1=1.000 EM=1
  aram             Stella'S Oorlog                          F1=0.000 EM=0
  ispread          Stella's Oorlog was born in 1917, Don Ju F1=0.333 EM=0
  iaram            Stella'S Oorlog (1937). The director, Wi F1=0.100 EM=0
[180/200] dev_379 (67.2s)
  spread           Wanderley Oliveira (October 11, 1988, Al F1=0.222 EM=0
  aram             Wanderley Oliveira                       F1=1.000 EM=1
  ispread          Wanderley Oliveira was born in 1988, whi F1=0.154 EM=0
  iaram            Wanderley Oliveira was born first in 198 F1=0.154 EM=0
[190/200] dev_389 (47.8s)
  spread           Aami                                     F1=1.000 EM=1
  aram             Aami                                     F1=1.000 EM=1
  ispread          Aami                                     F1=1.000 EM=1
  iaram            Aami                                     F1=1.000 EM=1
[200/200] dev_399 (94.1s)
  spread           Boris Karloff                            F1=0.000 EM=0
  aram             Boris Karloff                            F1=0.000 EM=0
  ispread          The spouse of the director of the film " F1=0.000 EM=0
  iaram            Sheila Bromley.

Explanation: The direct F1=0.000 EM=0

Method               F1     EM  Contain
--------------------------------------
spread            0.304  0.205    0.310
aram              0.317  0.200    0.280
ispread           0.240  0.150    0.385
iaram             0.246  0.140    0.345

Total: 13734.8s (68.7s/q)
