/projects/prjs1800/venvs/arag-venv/lib/python3.10/site-packages/transformers/utils/hub.py:110: FutureWarning: Using `TRANSFORMERS_CACHE` is deprecated and will be removed in v5 of Transformers. Use `HF_HOME` instead.
  warnings.warn(
=== Baselines Runner ===
Model: llada, Dataset: 2wikimultihopqa, Rounds: 3
`torch_dtype` is deprecated! Use `dtype` instead!
Loading checkpoint shards:   0%|          | 0/6 [00:00<?, ?it/s]Loading checkpoint shards:  50%|█████     | 3/6 [00:00<00:00, 19.68it/s]Loading checkpoint shards:  83%|████████▎ | 5/6 [00:00<00:00, 18.89it/s]Loading checkpoint shards: 100%|██████████| 6/6 [00:00<00:00, 20.72it/s]
  Model loaded in 40.3s
Loaded 200 questions
Batch initial retrieval...
  Done in 477.9s
[1/200] dev_800 (80.1s)
  spread           Maud Green, daughter of Sir Thomas Green F1=0.000 EM=0
  aram             Maud Green, daughter of Sir Thomas Green F1=0.000 EM=0
  ispread          The place of birth of William Parr, 1st  F1=0.071 EM=0
  iaram            The place of birth of William Parr, 1st  F1=0.071 EM=0
[10/200] dev_809 (49.7s)
  spread           The place of death of the director of th F1=0.000 EM=0
  aram             Miami, Florida                           F1=0.000 EM=0
  ispread          The place of death of the director of fi F1=0.143 EM=0
  iaram            Miami, Florida                           F1=0.000 EM=0
[20/200] dev_819 (51.8s)
  spread           No, Yana Urqu (Q'Umirqucha) is in Bolivi F1=0.000 EM=0
  aram             No, Yana Urqu (Q'Umirqucha) is located i F1=0.000 EM=0
  ispread          No, Yana Urqu (Q'Umirqucha) is in Bolivi F1=0.000 EM=0
  iaram            No, Yana Urqu (Q'Umirqucha) is located i F1=0.000 EM=0
[30/200] dev_829 (71.7s)
  spread           Grimoald the Younger's paternal grandfat F1=0.000 EM=0
  aram             Pepin of Herstal                         F1=0.000 EM=0
  ispread          Grimoald the Younger's paternal grandfat F1=0.000 EM=0
  iaram            Grimoald the Younger's paternal grandfat F1=0.000 EM=0
[40/200] dev_839 (71.9s)
  spread           George Washington Bright.

George Washin F1=0.188 EM=0
  aram             Charles Taze Russell                     F1=1.000 EM=1
  ispread          George Washington Bright.

George Washin F1=0.188 EM=0
  iaram            Charles Taze Russell died earlier, as he F1=0.167 EM=0
[50/200] dev_849 (29.0s)
  spread           Stolen Identity                          F1=0.000 EM=0
  aram             Stolen Identity                          F1=0.000 EM=0
  ispread          Stolen Identity                          F1=0.000 EM=0
  iaram            Stolen Identity                          F1=0.000 EM=0
[60/200] dev_859 (46.4s)
  spread           Sadie Heath Cabaniss                     F1=0.000 EM=0
  aram             Sadie Heath Cabaniss                     F1=0.000 EM=0
  ispread          Sadie Heath Cabaniss                     F1=0.000 EM=0
  iaram            Sadie Heath Cabaniss                     F1=0.000 EM=0
[70/200] dev_869 (29.4s)
  spread           Antardhan                                F1=0.000 EM=0
  aram             Antardhan                                F1=0.000 EM=0
  ispread          Antardhan                                F1=0.000 EM=0
  iaram            Antardhan                                F1=0.000 EM=0
[80/200] dev_879 (76.8s)
  spread           The place of death of George of Lencastr F1=0.062 EM=0
  aram             The place of death of George of Lencastr F1=0.062 EM=0
  ispread          The place of death of George of Lencastr F1=0.062 EM=0
  iaram            The place of death of George of Lencastr F1=0.062 EM=0
[90/200] dev_889 (53.8s)
  spread           The director of the film Outlaw: The Sag F1=0.000 EM=0
  aram             The director of the film "Outlaw: The Sa F1=0.000 EM=0
  ispread          The director of Outlaw: The Saga of Gisl F1=0.000 EM=0
  iaram            The director of the film "Outlaw: The Sa F1=0.000 EM=0
[100/200] dev_899 (68.6s)
  spread           Panthéon                                 F1=0.000 EM=0
  aram             Panthéon                                 F1=0.000 EM=0
  ispread          The place of burial of Adèle Hugo's fath F1=0.000 EM=0
  iaram            Panthéon                                 F1=0.000 EM=0
[110/200] dev_909 (51.7s)
  spread           João De Aquino was born in 1924, while Y F1=0.214 EM=0
  aram             João De Aquino was born in 1924, while Y F1=0.214 EM=0
  ispread          João De Aquino was born in 1924, while Y F1=0.214 EM=0
  iaram            João De Aquino was born in 1924, while Y F1=0.214 EM=0
[120/200] dev_919 (37.8s)
  spread           The place of death of Sancha of Castile, F1=0.062 EM=0
  aram             Palencia                                 F1=1.000 EM=1
  ispread          The place of death of Sancha of Castile, F1=0.062 EM=0
  iaram            Palencia                                 F1=1.000 EM=1
[130/200] dev_929 (74.5s)
  spread           Croton                                   F1=0.000 EM=0
  aram             Croton                                   F1=0.000 EM=0
  ispread          Croton                                   F1=0.000 EM=0
  iaram            The place of birth of Damo (Philosopher) F1=0.000 EM=0
[140/200] dev_939 (73.8s)
  spread           Anne or Agnes Howard, but she is not his F1=0.000 EM=0
  aram             Eleanor Paulet (born 1479), wife of Will F1=0.000 EM=0
  ispread          William Paulet, 4th Marquess of Winchest F1=0.000 EM=0
  iaram            William Paulet, 4th Marquess of Winchest F1=0.000 EM=0
[150/200] dev_949 (49.0s)
  spread           La Soif De L'Or                          F1=0.000 EM=0
  aram             Forelsket I København                    F1=1.000 EM=1
  ispread          La Soif De L'Or                          F1=0.000 EM=0
  iaram            Forelsket I København                    F1=1.000 EM=1
[160/200] dev_959 (48.4s)
  spread           San Antonio                              F1=1.000 EM=0
  aram             San Antonio, Texas                       F1=0.667 EM=0
  ispread          San Antonio                              F1=1.000 EM=0
  iaram            San Antonio, Texas                       F1=0.667 EM=0
[170/200] dev_969 (71.7s)
  spread           Face In The Rain                         F1=1.000 EM=1
  aram             Above The Rim                            F1=0.000 EM=0
  ispread          Face In The Rain, the director David Ead F1=0.200 EM=0
  iaram            Face In The Rain's director David Eady d F1=0.133 EM=0
[180/200] dev_979 (47.8s)
  spread           A Nightmare on Elm Street 4: The Dream M F1=0.583 EM=0
  aram             A Nightmare On Elm Street 4: The Dream M F1=0.583 EM=0
  ispread          A Nightmare on Elm Street 4: The Dream M F1=0.583 EM=0
  iaram            A Nightmare On Elm Street 4: The Dream M F1=0.583 EM=0
[190/200] dev_989 (49.4s)
  spread           István Ujhelyi was born in 1975, Botir Q F1=0.100 EM=0
  aram             Botir Qoraev was born in 1974, and Istvá F1=0.091 EM=0
  ispread          István Ujhelyi was born in 1975, Botir Q F1=0.100 EM=0
  iaram            Botir Qoraev was born in 1974, and Istvá F1=0.091 EM=0
[200/200] dev_999 (49.9s)
  spread           Jack Mildren is younger, as he was born  F1=0.125 EM=0
  aram             Jack Mildren is younger, as he was born  F1=0.118 EM=0
  ispread          Jack Mildren is younger, as he was born  F1=0.125 EM=0
  iaram            Jack Mildren is younger, as he was born  F1=0.118 EM=0

Method               F1     EM  Contain
--------------------------------------
spread            0.229  0.150    0.275
aram              0.252  0.180    0.280
ispread           0.176  0.080    0.370
iaram             0.205  0.130    0.360

Total: 13538.8s (67.7s/q)
