/projects/prjs1800/venvs/arag-venv/lib/python3.10/site-packages/transformers/utils/hub.py:110: FutureWarning: Using `TRANSFORMERS_CACHE` is deprecated and will be removed in v5 of Transformers. Use `HF_HOME` instead.
  warnings.warn(
=== Baselines Runner ===
Model: llada, Dataset: 2wikimultihopqa, Rounds: 3
`torch_dtype` is deprecated! Use `dtype` instead!
Loading checkpoint shards:   0%|          | 0/6 [00:00<?, ?it/s]Loading checkpoint shards: 100%|██████████| 6/6 [00:00<00:00, 55.21it/s]Loading checkpoint shards: 100%|██████████| 6/6 [00:00<00:00, 55.07it/s]
  Model loaded in 23.7s
Loaded 200 questions
Batch initial retrieval...
  Done in 464.2s
[1/200] dev_400 (83.5s)
  spread           No, the director of the film "Jerry and  F1=0.053 EM=0
  aram             No                                       F1=1.000 EM=1
  ispread          No, the director of the film "Jerry And  F1=0.053 EM=0
  iaram            No, the director of the film "Jerry And  F1=0.053 EM=0
[10/200] dev_409 (104.2s)
  spread           Wisigard's father-in-law is Theuderich I F1=0.077 EM=0
  aram             Theuderich I                             F1=0.500 EM=0
  ispread          Theudebert I

Answer: Wisigard's father- F1=0.083 EM=0
  iaram            Wisigard's father-in-law is Theuderic I, F1=0.154 EM=0
[20/200] dev_419 (71.8s)
  spread           Engelbert, Count of Nevers's mother, Eli F1=0.214 EM=0
  aram             Engelbert, Count of Nevers's mother, Eli F1=0.214 EM=0
  ispread          Engelbert, Count of Nevers's mother, Eli F1=0.214 EM=0
  iaram            Engelbert, Count of Nevers's mother, Eli F1=0.214 EM=0
[30/200] dev_429 (85.8s)
  spread           Åsta Gudbrandsdatter                     F1=0.000 EM=0
  aram             Åsta Gudbrandsdatter                     F1=0.000 EM=0
  ispread          Åsta Gudbrandsdatter was the mother of t F1=0.000 EM=0
  iaram            Åsta Gudbrandsdatter                     F1=0.000 EM=0
[40/200] dev_439 (38.7s)
  spread           Cyclone Of The Saddle                    F1=0.000 EM=0
  aram             Blind Corner                             F1=1.000 EM=1
  ispread          Cyclone Of The Saddle                    F1=0.000 EM=0
  iaram            Blind Corner                             F1=1.000 EM=1
[50/200] dev_449 (88.7s)
  spread           František Filip, the director of the fil F1=0.000 EM=0
  aram             František Filip, the director of "Tři Ch F1=0.000 EM=0
  ispread          The place of birth of the director of th F1=0.000 EM=0
  iaram            The place of birth of the director of th F1=0.000 EM=0
[60/200] dev_459 (67.2s)
  spread           Emma Elizabeth Alicia Pennant            F1=0.000 EM=0
  aram             Emma Elizabeth Alicia Pennant, daughter  F1=0.000 EM=0
  ispread          Emma Elizabeth Alicia Pennant            F1=0.000 EM=0
  iaram            Emma Elizabeth Alicia Pennant, daughter  F1=0.000 EM=0
[70/200] dev_469 (47.7s)
  spread           Yes, Denis Villeneuve of Coteau Rouge an F1=0.059 EM=0
  aram             Yes, the director of "Coteau Rouge" and  F1=0.067 EM=0
  ispread          Yes, Denis Villeneuve of Coteau Rouge an F1=0.059 EM=0
  iaram            Yes, the director of "Coteau Rouge" and  F1=0.067 EM=0
[80/200] dev_479 (77.4s)
  spread           Uzhaikkum Karangal was released in 1991, F1=0.154 EM=0
  aram             Uzhaikkum Karangal was released in 1991, F1=0.154 EM=0
  ispread          Uzhaikkum Karangal was released in 1991, F1=0.154 EM=0
  iaram            The Cemetery Club was released in 1993,  F1=0.154 EM=0
[90/200] dev_489 (47.6s)
  spread           Ghar Ki Rani                             F1=1.000 EM=1
  aram             Ghar Ki Rani                             F1=1.000 EM=1
  ispread          Ghar Ki Rani                             F1=1.000 EM=1
  iaram            Ghar Ki Rani                             F1=1.000 EM=1
[100/200] dev_499 (70.4s)
  spread           Albert G. Simms's father-in-law is Ruth  F1=0.048 EM=0
  aram             Mit Simms                                F1=0.000 EM=0
  ispread          Albert G. Simms's father-in-law is Senat F1=0.105 EM=0
  iaram            Albert G. Simms's father-in-law is Senat F1=0.111 EM=0
[110/200] dev_509 (47.6s)
  spread           South Korea                              F1=0.000 EM=0
  aram             South Korea                              F1=0.000 EM=0
  ispread          Korean                                   F1=0.000 EM=0
  iaram            Korean                                   F1=0.000 EM=0
[120/200] dev_519 (87.3s)
  spread           The mother of Elizabeth of Denmark, Elec F1=0.000 EM=0
  aram             The mother of Elizabeth of Denmark, Elec F1=0.000 EM=0
  ispread          The mother of Elizabeth of Denmark, Elec F1=0.056 EM=0
  iaram            The mother of Elizabeth of Denmark, Elec F1=0.056 EM=0
[130/200] dev_529 (74.8s)
  spread           Pepi II's pyramid complex in Saqqara     F1=0.167 EM=0
  aram             Pepi II Neferkare, Neith's husband and O F1=0.059 EM=0
  ispread          The place of burial of Neith (Wife of Pe F1=0.056 EM=0
  iaram            Pepi II Neferkare, Neith's husband, was  F1=0.062 EM=0
[140/200] dev_539 (49.3s)
  spread           John Lyon, 4th Lord Glamis               F1=0.800 EM=0
  aram             John Lyon, 4th Lord Glamis               F1=0.800 EM=0
  ispread          John Lyon, 4th Lord Glamis               F1=0.800 EM=0
  iaram            John Lyon, 4th Lord Glamis               F1=0.800 EM=0
[150/200] dev_549 (28.6s)
  spread           To Walk with Lions                       F1=1.000 EM=1
  aram             To Walk with Lions                       F1=1.000 EM=1
  ispread          To Walk with Lions                       F1=1.000 EM=1
  iaram            To Walk with Lions                       F1=1.000 EM=1
[160/200] dev_559 (56.8s)
  spread           Princess Florestine of Monaco's paternal F1=0.000 EM=0
  aram             Maria Caroline Gibert de Lametz          F1=0.000 EM=0
  ispread          Princess Florestine of Monaco's paternal F1=0.000 EM=0
  iaram            Princess Florestine of Monaco's paternal F1=0.000 EM=0
[170/200] dev_569 (90.5s)
  spread           The director of the film "Encino Man" is F1=0.000 EM=0
  aram             Los Angeles, California                  F1=0.000 EM=0
  ispread          Albuquerque, New Mexico                  F1=0.333 EM=0
  iaram            The place of birth of the director of fi F1=0.050 EM=0
[180/200] dev_579 (77.5s)
  spread           Henri II, Duke of Nemours's paternal gra F1=0.000 EM=0
  aram             Henri II, Duke of Nemours's paternal gra F1=0.000 EM=0
  ispread          Henri II, Duke of Nemours's paternal gra F1=0.000 EM=0
  iaram            Henri II, Duke of Nemours's paternal gra F1=0.050 EM=0
[190/200] dev_589 (63.9s)
  spread           Buenos Aires                             F1=0.000 EM=0
  aram             Buenos Aires                             F1=0.000 EM=0
  ispread          The place of burial of the director of t F1=0.000 EM=0
  iaram            Buenos Aires                             F1=0.000 EM=0
[200/200] dev_599 (90.2s)
  spread           Los Angeles                              F1=0.000 EM=0
  aram             London, England                          F1=0.000 EM=0
  ispread          Arthur Schnitzler, an Austrian author an F1=0.000 EM=0
  iaram            The director of the film "The Naked Ange F1=0.000 EM=0

Method               F1     EM  Contain
--------------------------------------
spread            0.209  0.150    0.275
aram              0.265  0.195    0.265
ispread           0.187  0.110    0.335
iaram             0.217  0.140    0.340

Total: 13576.2s (67.9s/q)
