/projects/prjs1800/venvs/daes-venv/lib/python3.12/site-packages/transformers/utils/hub.py:110: FutureWarning: Using `TRANSFORMERS_CACHE` is deprecated and will be removed in v5 of Transformers. Use `HF_HOME` instead.
  warnings.warn(
Loading model from Dream-org/Dream-v0-Instruct-7B...
Loading checkpoint shards:   0%|          | 0/4 [00:00<?, ?it/s]Loading checkpoint shards:  25%|██▌       | 1/4 [00:04<00:14,  4.77s/it]Loading checkpoint shards:  50%|█████     | 2/4 [00:09<00:09,  4.76s/it]Loading checkpoint shards:  75%|███████▌  | 3/4 [00:13<00:04,  4.46s/it]Loading checkpoint shards: 100%|██████████| 4/4 [00:14<00:00,  3.10s/it]Loading checkpoint shards: 100%|██████████| 4/4 [00:14<00:00,  3.66s/it]
The following generation flags are not valid and may be ignored: ['temperature']. Set `TRANSFORMERS_VERBOSITY=info` for more details.
Loading 50 questions from musique...
[1/50] (3.6s) Q: When was the person who Messi's goals in Copa del Rey compar...
  Gold: June 1982
  Pred: 2010
[2/50] (3.2s) Q: What month did the Tripartite discussions begin between Brit...
  Gold: mid-June
  Pred: June
[3/50] (3.1s) Q: What county is Erik Hort's birthplace a part of?...
  Gold: Rockland County
  Pred: Erik Hort's birthplace is in Richland County.
[4/50] (3.1s) Q: What year did the publisher of Labyrinth end?...
  Gold: 1986
  Pred: 1996
[5/50] (3.1s) Q: When was Lady Godiva's birthplace abolished?...
  Gold: 918
  Pred: never
[6/50] (3.2s) Q: When was the region immediately north of the region where Is...
  Gold: 1930
  Pred: None
[7/50] (3.1s) Q: Where does the body of water by the city where the Southeast...
  Gold: the Mississippi River Delta
  Pred: Gulf
[8/50] (3.2s) Q: When did the explorer reach the city where the headquarters ...
  Gold: August 3, 1769
  Pred: June 10
[9/50] (3.1s) Q: When was the start of the battle of the birthplace of the pe...
  Gold: December 14, 1814
  Pred: 
[10/50] (3.1s) Q: What is the Till dom ensamma performer's birth date?...
  Gold: 11 September 1962
  Pred: Till dom ensamma performer's birth date is unknown
[11/50] (3.1s) Q: How many episodes are in season 5 of the series with The Bag...
  Gold: 12
  Pred: 13
[12/50] (3.2s) Q: How were the people from whom new coins were a proclamation ...
  Gold: The dynasty regrouped and defeated the Portuguese
  Pred: expelled
[13/50] (3.1s) Q: What is the birthplace of the person after whom São José dos...
  Gold: Nazareth
  Pred: Portugal
[14/50] (3.1s) Q: How many times did plague occur in the place where Crucifixi...
  Gold: 22
  Pred: once
[15/50] (3.2s) Q: What year did the Governor of the city where the basilica na...
  Gold: 1952
  Pred: 
[16/50] (3.1s) Q: What company succeeded the owner of Empire Sports Network?...
  Gold: Time Warner Cable
  Pred: Fox Sports
[17/50] (3.2s) Q: When was the Palau de la Generalitat constructed in the city...
  Gold: built in the 15th century
  Pred: the 19th century
[18/50] (3.1s) Q: Who married the actor from Terminator?...
  Gold: Maria Shriver
  Pred: Geena Davis
[19/50] (3.2s) Q: Who was in charge of the place where Castricum is located?...
  Gold: Johan Remkes
  Pred: Roman
[20/50] (3.1s) Q: Who is the mascot of the university related to Randy Conrads...
  Gold: Benny Beaver
  Pred: Bear
[21/50] (3.1s) Q: What does seal stand for in the U.S. military branch that op...
  Gold: Sea, Air, and Land
  Pred: navy
[22/50] (3.1s) Q: Who is the child of Chiang Hsiao-wen's father?...
  Gold: Chiang Hsiao-wu
  Pred: son
[23/50] (3.1s) Q: Where was the person who wrote about the rioting being a div...
  Gold: University of Glasgow
  Pred: England
[24/50] (3.1s) Q: Whose sister played Susie in miracle on 34th street?...
  Gold: Lana Wood
  Pred: 
[25/50] (3.2s) Q: Who is the child of the Italian navigator who explored the e...
  Gold: Sebastian Cabot
  Pred: Christopher Columbus
[26/50] (3.1s) Q: Who is the spouse of Young Man Luther's author?...
  Gold: Joan Erikson
  Pred: Marie
[27/50] (3.1s) Q: How many times did the plague occur in the city where the pa...
  Gold: 22
  Pred: twice
[28/50] (3.1s) Q: In what year was the group who performed Attics To Eden form...
  Gold: 2005
  Pred: 1999
[29/50] (3.2s) Q: Where did the arguer that the country Directive 10/2 called ...
  Gold: the Politburo
  Pred: China
[30/50] (3.1s) Q: When did military instruction start at the place where Larry...
  Gold: 1912
  Pred: 1901
[31/50] (3.2s) Q: When did the city where Greenwood Laboratory School is locat...
  Gold: 1839
  Pred: 18
[32/50] (3.1s) Q: Who is played by the director of The Good Shepherd in The Go...
  Gold: Vito Corleone
  Pred: Michael Corleone
[33/50] (3.1s) Q: How long are the council terms of the city that shares a cou...
  Gold: four-year
  Pred: four years
[34/50] (3.2s) Q: When was the region immediately north of the region that pre...
  Gold: 1930
  Pred: None
[35/50] (3.1s) Q: How did did the people fare during the reign of the abolishe...
  Gold: a long period of prosperity for the British people
  Pred: well
[36/50] (3.1s) Q: What is the position of the 1st governor general of India?...
  Gold: Governor-General of India
  Pred: Viceroy
[37/50] (3.2s) Q: Who is the child of the president who suffered a major defea...
  Gold: Jessie Woodrow Wilson
  Pred: Woodrow Wilson
[38/50] (3.2s) Q: What does dell call the feature letting the interface replac...
  Gold: PowerShare
  Pred: USB
[39/50] (3.1s) Q: Who wrote Turn Me On by the singer of Come Away with Me?...
  Gold: John D. Loudermilk
  Pred: John Mayer
[40/50] (3.2s) Q: Who was second pick in the 1999 draft of the league that has...
  Gold: Josh Beckett
  Pred: Alex Rodriguez
[41/50] (3.2s) Q: The Commission of Truth and Friendship established governmen...
  Gold: Francisco Guterres
  Pred: Cuba
[42/50] (3.1s) Q: Where is the country with ISO code ISO 3166-2:CV located?...
  Gold: central Atlantic Ocean
  Pred: in Africa
[43/50] (3.2s) Q: What was the form of the language Auctor is in, used in the ...
  Gold: Medieval Latin
  Pred: Latin
[44/50] (3.1s) Q: When did the political party that favored harsh punishment o...
  Gold: the 2010 election
  Pred: 1876
[45/50] (3.1s) Q: When did the person chosen to be president of the confederac...
  Gold: 1848
  Pred: 184
[46/50] (3.1s) Q: What city is the star of Sous les pieds des femmes from?...
  Gold: La Goulette
  Pred: Paris
[47/50] (3.2s) Q: what is meaning of the word that is a majority religion of t...
  Gold: the country of India
  Pred: Hind
[48/50] (3.1s) Q: Who stars in the video "One Last Time" by the performer of B...
  Gold: Matt Bennett
  Pred: Baby
[49/50] (3.1s) Q: When did the majority party in the House of Representatives ...
  Gold: January 2015
  Pred: 
[50/50] (3.2s) Q: How many ethnic minorities were looked at differently in the...
  Gold: two
  Pred: 1

Saved 50 predictions to /projects/prjs1800/msc-thesis/07-daes/results/mvp_musique_iter_espread.jsonl
Quick contain-acc: 0/50 = 0.0%
