/projects/prjs1800/venvs/daes-venv/lib/python3.12/site-packages/transformers/utils/hub.py:110: FutureWarning: Using `TRANSFORMERS_CACHE` is deprecated and will be removed in v5 of Transformers. Use `HF_HOME` instead.
  warnings.warn(
Loading model from Dream-org/Dream-v0-Instruct-7B...
Loading checkpoint shards:   0%|          | 0/4 [00:00<?, ?it/s]Loading checkpoint shards:  25%|██▌       | 1/4 [00:05<00:15,  5.07s/it]Loading checkpoint shards:  50%|█████     | 2/4 [00:09<00:09,  4.94s/it]Loading checkpoint shards:  75%|███████▌  | 3/4 [00:14<00:04,  4.57s/it]Loading checkpoint shards: 100%|██████████| 4/4 [00:15<00:00,  3.17s/it]Loading checkpoint shards: 100%|██████████| 4/4 [00:15<00:00,  3.77s/it]
The following generation flags are not valid and may be ignored: ['temperature']. Set `TRANSFORMERS_VERBOSITY=info` for more details.
Loading 50 questions from hotpotqa...
[1/50] (3.8s) Q: what is one of the stars of  The Newcomers known for...
  Gold: superhero roles as the Marvel Comics
  Pred: Chris Evans
[2/50] (2.2s) Q: The fictional private detective that appears in "The Adventu...
  Gold: Sir Arthur Conan Doyle
  Pred: The fictional private detective that appears in "The Adventure of the Seven Clocks" was written by A
[3/50] (4.1s) Q: The Distribution of Industry act was passed by a man who was...
  Gold: 1945 to 1951
  Pred: Clement Attlee
[4/50] (4.8s) Q: Sparking the Marian civil war, who helped the recently abdic...
  Gold: the Queen's gaoler
  Pred: her gaoler's family
[5/50] (2.2s) Q: In which county is the town in which Raymond Robertsen was b...
  Gold: Finnmark county,
  Pred: Finnmark county
[6/50] (4.4s) Q: What screenplay was worked on by both Edward Carfagno and Mi...
  Gold: Julius Caesar
  Pred: Julius Caesar (1953 film)
[7/50] (3.3s) Q: Which Walt Disney film was produced first, The Apple Dumplin...
  Gold: The Apple Dumpling Gang
  Pred: The Apple Dumpling Gang
[8/50] (4.4s) Q: Bethpage State Parkway begins with an interchange at which L...
  Gold: Southern State Parkway
  Pred: Southern State Parkway
[9/50] (2.0s) Q: Are Colocasia and Coronilla both flowering plants?...
  Gold: yes
  Pred: Yes, Colocasia and Coronilla are both flowering plants.
[10/50] (4.4s) Q: The 2000 ICC KnockOut Trophy was the debut of a Jamaican cri...
  Gold: middle order batsman
  Pred: middle order batsman
[11/50] (2.9s) Q: Bytham Castle is a castle in the civil parish of how many ho...
  Gold: 300
  Pred: Bytham Castle is a castle in the civil parish of around 300 houses.
[12/50] (3.3s) Q: Which is located in Cornwall, Southwell Minster or Truro Cat...
  Gold: The Cathedral of the Blessed Virgin Mary, Truro
  Pred: Truro Cathedral is located in Cornwall.
[13/50] (3.6s) Q: How do the Peter Laufer books Forbidden Creatures and No Ani...
  Gold: his own opinions changed
  Pred: Forbidden Creatures focuses on the world of animal-smuggling and exotic pets, with a strong focus on
[14/50] (3.6s) Q: Who is a winner of the 2013 6 Hours of Silverstone a co-comm...
  Gold: BBC Formula One
  Pred: BBC Formula One coverage
[15/50] (3.3s) Q: Which 2009 animated film is from Japan, Summer Wars or The S...
  Gold: Summer Wars
  Pred: Summer Wars
[16/50] (2.8s) Q: Are Steve Perry and Leslie West both singers?...
  Gold: yes
  Pred: Yes, Steve Perry and Leslie West are both singers.
[17/50] (4.4s) Q: In what year was the Golden State NBA player, who was part o...
  Gold: 2015
  Pred: 2015
[18/50] (3.3s) Q: What is the name of the actor who wrote the memoir Without y...
  Gold: Anthony Rapp
  Pred: Anthony Rapp
[19/50] (3.3s) Q: One Raffles Place is one of the tallest skyscrapers in the c...
  Gold: Hong Kong
  Pred: Bank of China Tower
[20/50] (3.1s) Q: Where is the ice hockey team based that Zdeno Chára currentl...
  Gold: Boston, Massachusetts
  Pred: Boston, Massachusetts
[21/50] (3.6s) Q: Sand Mountainis part of the southern tip of a mountain chain...
  Gold: eastern North America
  Pred: Appalachian Mountains
[22/50] (3.8s) Q: At what intersection was the former home of the wooden rolle...
  Gold: North Avenue and First Avenue
  Pred: the corner of North Avenue and First Avenue in Melrose Park, Illinois
[23/50] (2.9s) Q: "Heartbreak Hurricane" was recorded by which country artist,...
  Gold: Rickie Lee Skaggs
  Pred: American country music artist Ricky Skaggs
[24/50] (3.9s) Q: The View from the Bottom is the fifth studio album by an Ame...
  Gold: My Own Worst Enemy
  Pred: The View from the Bottom is the fifth studio album by the American rock band Lit, best known for the
[25/50] (4.4s) Q: This Experts Network sports analysts was inducted into the P...
  Gold: 13 seasons
  Pred: Howie Long
[26/50] (4.5s) Q: In between  Polytechnic University of the Philippines and Ca...
  Gold: California Polytechnic State University
  Pred: California Polytechnic State University
[27/50] (3.3s) Q: Are Giuseppe Verdi and Ambroise Thomas both Opera composers ...
  Gold: yes
  Pred: Yes, Giuseppe Verdi and Ambroise Thomas are both opera composers.
[28/50] (3.2s) Q: Which historical drama filmed in the Winter Palace of the Ru...
  Gold: Russian Ark
  Pred: Russian Ark
[29/50] (2.9s) Q: Who was born first, Karen Joy Fowler or Bruce Chatwin?...
  Gold: Bruce Chatwin
  Pred: Karen Joy Fowler
[30/50] (3.6s) Q: What WikiLeaks using whistleblower is notable for having a h...
  Gold: Jeremy Hammond
  Pred: Jeremy Hammond
[31/50] (3.3s) Q: Egremont Castle is located in what market town, civil parish...
  Gold: Egremont
  Pred: Egremont, Cumbria
[32/50] (2.9s) Q: Which opera has more acts, La jolie fille de Perth or Mitrid...
  Gold: La jolie fille de Perth "(The Fair Maid of Perth)" is an opera in four acts
  Pred: La jolie fille de Perth has more acts than Mitridate, re di Ponto.
[33/50] (3.2s) Q: What subsidiary of the largest airline of the Republic of Ch...
  Gold: Mandarin Airlines
  Pred: Mandarin Airlines
[34/50] (3.7s) Q: What is the name of the former MGM Grand Garden Special Even...
  Gold: MGM Grand Garden Arena
  Pred: MGM Grand Garden Arena
[35/50] (4.4s) Q: Who created the NBC sitcom that Johnny Pemberton appears in ...
  Gold: Justin Spitzer
  Pred: Justin Spitzer
[36/50] (3.3s) Q: Which aircraft engine powers a General Dynamics aircraft of ...
  Gold: Pratt & Whitney F100
  Pred: Pratt & Whitney F100
[37/50] (3.9s) Q: Which British racing driver has raced for 7 different teams ...
  Gold: Johnny Herbert
  Pred: Johnny Herbert
[38/50] (3.3s) Q: In what city can a person find both the Nusretiye Clock Towe...
  Gold: Istanbul, Turkey
  Pred: Istanbul, Turkey
[39/50] (4.5s) Q: Which English musician is known for both the songs "See Your...
  Gold: George Harrison
  Pred: George Harrison
[40/50] (2.2s) Q: Who has written more than 300 papers, Semyon Aranovich Gersh...
  Gold: Pavel Sergeyevich Alexandrov
  Pred: Pavel Alexandrov
[41/50] (3.6s) Q: Which software application was originally made for the compa...
  Gold: DeskMate
  Pred: DeskMate
[42/50] (5.4s) Q: Who wrote Bring Me Sunshine and where did they write it?...
  Gold: Bring Me Sunshine (1994) was originally a three-part retrospective in tribute to Eric Morecambe
  Pred: Sylvia Dee, an American lyricist and novelist, wrote the lyrics to "Bring Me Sunshine". She was born
[43/50] (2.2s) Q: What American professional Hawaiian surfer born 18 October 1...
  Gold: John John Florence
  Pred: John John Florence
[44/50] (3.1s) Q: Bill Nelson flew as a Payload Specialist on a Space Shuttle ...
  Gold: 1981
  Pred: 1981
[45/50] (3.9s) Q: The actress and singer Heather Morris is best known for her ...
  Gold: Glee
  Pred: Heather Morris is best known for her role in the series "Glee", becoming a regular character in the 
[46/50] (4.2s) Q: What age was Georgia Middleman when she started singing in t...
  Gold: ten
  Pred: 10
[47/50] (4.1s) Q: Stockely Webster has paintings hanging in what home (that se...
  Gold: Gracie Mansion
  Pred: Gracie Mansion
[48/50] (3.2s) Q: What composer with an Italian libretto was born 4 March 1678...
  Gold: Antonio Lucio Vivaldi
  Pred: Antonio Vivaldi
[49/50] (3.3s) Q: Ellie Parker is a 2005 American drama-comedy film whose titl...
  Gold: For Love Alone
  Pred: For Love Alone
[50/50] (3.8s) Q: A scam involving a male calling small town fast-food restaur...
  Gold: Compliance
  Pred: Compliance

Saved 50 predictions to /projects/prjs1800/msc-thesis/07-daes/results/mvp_hotpotqa_infill.jsonl
Quick contain-acc: 33/50 = 66.0%
