/projects/prjs1800/venvs/arag-venv/lib/python3.10/site-packages/transformers/utils/hub.py:110: FutureWarning: Using `TRANSFORMERS_CACHE` is deprecated and will be removed in v5 of Transformers. Use `HF_HOME` instead.
  warnings.warn(
Loading index from /projects/prjs1800/external/arag/data/musique/index_e5_base_v2/sentence_index.pkl...
Loading embedding model intfloat/e5-base-v2...
Index loaded: 50767 sentences, 1354 chunks
Loading Dream-7B from Dream-org/Dream-v0-Instruct-7B...
Loading checkpoint shards:   0%|          | 0/4 [00:00<?, ?it/s]Loading checkpoint shards:  25%|██▌       | 1/4 [00:04<00:14,  4.77s/it]Loading checkpoint shards:  50%|█████     | 2/4 [00:09<00:09,  4.76s/it]Loading checkpoint shards:  75%|███████▌  | 3/4 [00:13<00:04,  4.42s/it]Loading checkpoint shards: 100%|██████████| 4/4 [00:14<00:00,  3.08s/it]Loading checkpoint shards: 100%|██████████| 4/4 [00:14<00:00,  3.64s/it]
The following generation flags are not valid and may be ignored: ['temperature']. Set `TRANSFORMERS_VERBOSITY=info` for more details.
Loading 50 questions from musique...
[1/50] (8.1s) F1=0.00 contain=False Q: When was the person who Messi's goals in Copa del Rey c...
  Gold: June 1982
  Pred: 33  3  3  3 3  3  3  3  3  3  3  3  3  3  3 3  3  3 3  3  3  3  3  3 3  3  3  3  3, 3  3 3  3  3  3  3 3 the person who 
[2/50] (7.0s) F1=0.00 contain=False Q: What month did the Tripartite discussions begin between...
  Gold: mid-June
  Pred: the the the the the the the the the the the the the the the the the the the the the the the the the the mid - the the th
[3/50] (7.1s) F1=0.00 contain=False Q: What county is Erik Hort's birthplace a part of?...
  Gold: Rockland County
  Pred: denmark
[4/50] (7.0s) F1=0.00 contain=False Q: What year did the publisher of Labyrinth end?...
  Gold: 1986
  Pred: The relevant information from the the passage is: "the attic entertainment software gmbh was a german video game develop
[5/50] (7.0s) F1=0.00 contain=False Q: When was Lady Godiva's birthplace abolished?...
  Gold: 918
  Pred: 88,,,,,,,,,.
[6/50] (7.0s) F1=0.00 contain=False Q: When was the region immediately north of the region whe...
  Gold: 1930
  Pred: country is situated in the middle east at the southeastern shore of the the the the the the the the the the the mediterr
[7/50] (7.0s) F1=0.00 contain=False Q: Where does the body of water by the city where the Sout...
  Gold: the Mississippi River Delta
  Pred: the the the the the the the the the the the the the the the, the the the, the the, the the the the the the the the the t
[8/50] (7.3s) F1=0.00 contain=False Q: When did the explorer reach the city where the headquar...
  Gold: August 3, 1769
  Pred: the the the the the the the the the the the the the the the the the the the the the the the the the the the the the the 
[9/50] (7.2s) F1=0.00 contain=False Q: When was the start of the battle of the birthplace of t...
  Gold: December 14, 1814
  Pred: The the the the the the the of the the the the the of the birthplace of the the the the the the the the the the the of t
[10/50] (7.0s) F1=0.00 contain=False Q: What is the Till dom ensamma performer's birth date?...
  Gold: 11 September 1962
  Pred: 5 april, 1948,,,,,,,
[11/50] (7.3s) F1=0.05 contain=True Q: How many episodes are in season 5 of the series with Th...
  Gold: 12
  Pred: 16 episodes. To answer the question, we should know that:: the bag or the bat the bag or the bat 1 (  01 - 1 (  01 - 01 
[12/50] (7.3s) F1=0.00 contain=False Q: How were the people from whom new coins were a proclama...
  Gold: The dynasty regrouped and defeated the Portuguese
  Pred: of the of of the of of the of the of the of the of the of the of of the of the of the of the of the of the of the of the
[13/50] (7.3s) F1=0.00 contain=False Q: What is the birthplace of the person after whom São Jos...
  Gold: Nazareth
  Pred: ,,,,,,,,,,,,,,,,,,,,,,,,,,,,,,,,,,,,,,,,,,,,,,, the city of union, the united states.
[14/50] (6.9s) F1=0.00 contain=False Q: How many times did plague occur in the place where Cruc...
  Gold: 22
  Pred: the, the, the, the, the, the, the, the, the, the, the, the, the, the,, the the, the, the, the, the, the, the, the, the, 
[15/50] (7.3s) F1=0.00 contain=False Q: What year did the Governor of the city where the basili...
  Gold: 1952
  Pred: the cathedral cathedral cathedral cathedral cathedral cathedral cathedral cathedral cathedral cathedral cathedral cathed
[16/50] (7.0s) F1=0.00 contain=False Q: What company succeeded the owner of Empire Sports Netwo...
  Gold: Time Warner Cable
  Pred: Answer:
[17/50] (7.1s) F1=0.00 contain=False Q: When was the Palau de la Generalitat constructed in the...
  Gold: built in the 15th century
  Pred: the the the the the the the the the the the the the the the the the the the the the the the the the the the the the the 
[18/50] (7.1s) F1=0.00 contain=False Q: Who married the actor from Terminator?...
  Gold: Maria Shriver
  Pred: Alexxa doig
[19/50] (7.4s) F1=0.00 contain=False Q: Who was in charge of the place where Castricum is locat...
  Gold: Johan Remkes
  Pred: none
[20/50] (6.7s) F1=0.00 contain=False Q: Who is the mascot of the university related to Randy Co...
  Gold: Benny Beaver
  Pred: The Oregon
[21/50] (4.1s) F1=0.00 contain=False Q: What does seal stand for in the U.S. military branch th...
  Gold: Sea, Air, and Land
  Pred: the the the the the the the the the the the the the the the the the the the the the the the the the the the the destroye
[22/50] (4.0s) F1=0.00 contain=False Q: Who is the child of Chiang Hsiao-wen's father?...
  Gold: Chiang Hsiao-wu
  Pred: , the,, the, the the, the, of, the, the, the, the, the, the, the the,,, 1989,, the, the,, the, the, the,  the,, the, the
[23/50] (7.0s) F1=0.00 contain=False Q: Where was the person who wrote about the rioting being ...
  Gold: University of Glasgow
  Pred: The the the the the the the the the the the the the the the the the the the the the the the the the the the the the the 
[24/50] (7.4s) F1=0.50 contain=False Q: Whose sister played Susie in miracle on 34th street?...
  Gold: Lana Wood
  Pred: natalie wood
[25/50] (7.3s) F1=0.00 contain=False Q: Who is the child of the Italian navigator who explored ...
  Gold: Sebastian Cabot
  Pred: the the the the the the the the the the the the the the the the the the the the the the the the the the the the the the 
[26/50] (7.3s) F1=0.50 contain=False Q: Who is the spouse of Young Man Luther's author?...
  Gold: Joan Erikson
  Pred: joan,, the author,,.
[27/50] (7.0s) F1=0.00 contain=False Q: How many times did the plague occur in the city where t...
  Gold: 22
  Pred: The number of times the plague occurred in the city of Paris, from the time the city was founded to the end of the city,
[28/50] (6.9s) F1=0.03 contain=True Q: In what year was the group who performed Attics To Eden...
  Gold: 2005
  Pred: Some stream of consciousness: To answer the above question, the relevant sentence is: "madina lake is an american altern
[29/50] (6.9s) F1=0.00 contain=False Q: Where did the arguer that the country Directive 10/2 ca...
  Gold: the Politburo
  Pred: the the the the the the the the the the the the the the the the the the the the the the the the the the the the the the 
[30/50] (7.2s) F1=0.00 contain=False Q: When did military instruction start at the place where ...
  Gold: 1912
  Pred: ippippippippippippippippippippippippippippippippippippippippippippippippippippipp constabularyippippippippippippippippip
[31/50] (7.2s) F1=0.00 contain=False Q: When did the city where Greenwood Laboratory School is ...
  Gold: 1839
  Pred: ,  ,  1   1  1  1   1  1  1,  1  1,  1  1   1  1  1,  1,  1   1  1  1,  1,  ,,  the capital,  the,,  the capital,  the c
[32/50] (7.3s) F1=0.00 contain=False Q: Who is played by the director of The Good Shepherd in T...
  Gold: Vito Corleone
  Pred: As the director of The Good Good Good in the Godfather, the, the Holland Holland Czale appeared as an American actor. th
[33/50] (7.0s) F1=0.00 contain=False Q: How long are the council terms of the city that shares ...
  Gold: four-year
  Pred: four years,,,
[34/50] (7.0s) F1=0.00 contain=False Q: When was the region immediately north of the region tha...
  Gold: 1930
  Pred: the the the the the the the the the the the the the the the the the the the the the the the the the the the the the the 
[35/50] (7.3s) F1=0.00 contain=False Q: How did did the people fare during the reign of the abo...
  Gold: a long period of prosperity for the British people
  Pred: the the the the the the the the the the the the the the the the the the the the the the the the the the the the the the 
[36/50] (7.2s) F1=0.00 contain=False Q: What is the position of the 1st governor general of Ind...
  Gold: Governor-General of India
  Pred: the the the the the the the the the the the the the the the the the the the the the the the the the the the the the the 
[37/50] (7.4s) F1=0.00 contain=False Q: Who is the child of the president who suffered a major ...
  Gold: Jessie Woodrow Wilson
  Pred: the the united states the united states the united states the united states the united states the united states the unit
[38/50] (6.5s) F1=0.00 contain=False Q: What does dell call the feature letting the interface r...
  Gold: PowerShare
  Pred: the the the the the the the the the the the the the the the the the the the the the the the the the the the the the the 
[39/50] (6.9s) F1=0.00 contain=False Q: Who wrote Turn Me On by the singer of Come Away with Me...
  Gold: John D. Loudermilk
  Pred: The important part for answering this question is: " turn me on " is is a song by american country music artist carrie u
[40/50] (8.6s) F1=0.00 contain=False Q: Who was second pick in the 1999 draft of the league tha...
  Gold: Josh Beckett
  Pred: Jason Thompson the the the the the the the the the the the the the the the
[41/50] (7.3s) F1=0.00 contain=False Q: The Commission of Truth and Friendship established gove...
  Gold: Francisco Guterres
  Pred: Hassan Gouled Aptidon eventually wound up as Djibouti's first president from 1977 to  1991, which is Djibouti.9 presiden
[42/50] (2.8s) F1=0.00 contain=False Q: Where is the country with ISO code ISO 3166-2:CV locate...
  Gold: central Atlantic Ocean
  Pred: The country with ISO code ISO 3166-2:CV is located in Africa, Cape Verde.
[43/50] (7.0s) F1=0.00 contain=False Q: What was the form of the language Auctor is in, used in...
  Gold: Medieval Latin
  Pred: the the the the the the the the the the the the the the the the the the the the the the the the the the the the the the 
[44/50] (7.0s) F1=0.00 contain=False Q: When did the political party that favored harsh punishm...
  Gold: the 2010 election
  Pred: the the the the the the the the the the the the the the the the the the the the the the the the the the the the the the 
[45/50] (7.4s) F1=0.03 contain=True Q: When did the person chosen to be president of the confe...
  Gold: 1848
  Pred: Re information from the passage: jefferson davis ( 1808 - 1888 ) was a graduate of the u. s. military academy on the hud
[46/50] (7.0s) F1=0.00 contain=False Q: What city is the star of Sous les pieds des femmes from...
  Gold: La Goulette
  Pred: paris
[47/50] (6.9s) F1=0.24 contain=False Q: what is meaning of the word that is a majority religion...
  Gold: the country of India
  Pred: the the the the the the the the the the the the the the the the the the the the the the the the the the the the the the 
[48/50] (6.8s) F1=0.40 contain=False Q: Who stars in the video "One Last Time" by the performer...
  Gold: Matt Bennett
  Pred: Answer: Matt Benett,,,,,,,,,,,,,,,,,,,,,,,
[49/50] (7.0s) F1=0.00 contain=False Q: When did the majority party in the House of Representat...
  Gold: January 2015
  Pred: the the the the the the the the the the the the the the the the the the the the the the the the the the the the the the 
[50/50] (7.4s) F1=1.00 contain=True Q: How many ethnic minorities were looked at differently i...
  Gold: two
  Pred: two,,,,,,,,,

============================================================
RAG + espread | Dataset: musique | N=50 | top_k=5
  F1:        5.5%
  Precision: 5.1%
  Recall:    12.3%
  Contain:   4/50 = 8.0%
============================================================
