/projects/prjs1800/venvs/arag-venv/lib/python3.10/site-packages/transformers/utils/hub.py:110: FutureWarning: Using `TRANSFORMERS_CACHE` is deprecated and will be removed in v5 of Transformers. Use `HF_HOME` instead.
  warnings.warn(
Loading index from /projects/prjs1800/external/arag/data/musique/index_e5_base_v2/sentence_index.pkl...
Loading embedding model intfloat/e5-base-v2...
Index loaded: 50767 sentences, 1354 chunks
Loading Dream-7B from Dream-org/Dream-v0-Instruct-7B...
Loading checkpoint shards:   0%|          | 0/4 [00:00<?, ?it/s]Loading checkpoint shards:  25%|██▌       | 1/4 [00:04<00:13,  4.58s/it]Loading checkpoint shards:  50%|█████     | 2/4 [00:09<00:09,  4.65s/it]Loading checkpoint shards:  75%|███████▌  | 3/4 [00:13<00:04,  4.37s/it]Loading checkpoint shards: 100%|██████████| 4/4 [00:14<00:00,  3.04s/it]Loading checkpoint shards: 100%|██████████| 4/4 [00:14<00:00,  3.58s/it]
The following generation flags are not valid and may be ignored: ['temperature']. Set `TRANSFORMERS_VERBOSITY=info` for more details.
Loading 50 questions from musique...
[1/50] (7.8s) F1=0.00 contain=False Q: When was the person who Messi's goals in Copa del Rey c...
  Gold: June 1982
  Pred: There is no such information available in the passage.2.
[2/50] (6.9s) F1=0.00 contain=False Q: What month did the Tripartite discussions begin between...
  Gold: mid-June
  Pred: the the the the the the the the the the the the the the the the the the the the the the the the the the the the the the 
[3/50] (7.0s) F1=0.00 contain=False Q: What county is Erik Hort's birthplace a part of?...
  Gold: Rockland County
  Pred: none
[4/50] (6.8s) F1=0.00 contain=False Q: What year did the publisher of Labyrinth end?...
  Gold: 1986
  Pred: end of the year
[5/50] (6.9s) F1=0.00 contain=False Q: When was Lady Godiva's birthplace abolished?...
  Gold: 918
  Pred: passage 1 passage passage passage passage 1, the buckingham palace.
[6/50] (6.8s) F1=0.00 contain=False Q: When was the region immediately north of the region whe...
  Gold: 1930
  Pred: the the the the the the the the the the the the the the the the the the the the the the the the and and the the the the 
[7/50] (6.9s) F1=0.00 contain=False Q: Where does the body of water by the city where the Sout...
  Gold: the Mississippi River Delta
  Pred: the the the the the the the the the the the the the the the the the the the the the the the the.
[8/50] (7.1s) F1=0.00 contain=False Q: When did the explorer reach the city where the headquar...
  Gold: August 3, 1769
  Pred: The the the the the the the the the the the the the the the the the the the the the the the the the the the the the the 
[9/50] (7.1s) F1=0.00 contain=False Q: When was the start of the battle of the birthplace of t...
  Gold: December 14, 1814
  Pred: never9.
[10/50] (6.9s) F1=0.00 contain=False Q: What is the Till dom ensamma performer's birth date?...
  Gold: 11 September 1962
  Pred: ,,,,,,,,,,,,,,, April 14, 1948,,,,,,.,,,,,,,,,,,,April 14, 1948,,,,,,,,,,,,,,,.
[11/50] (7.1s) F1=0.00 contain=False Q: How many episodes are in season 5 of the series with Th...
  Gold: 12
  Pred: The bag or the season 5 of the the,
[12/50] (7.1s) F1=0.00 contain=False Q: How were the people from whom new coins were a proclama...
  Gold: The dynasty regrouped and defeated the Portuguese
  Pred: no the the the the the the the the the the the the the the the the the the the the the the the the the the the.
[13/50] (7.1s) F1=0.00 contain=False Q: What is the birthplace of the person after whom São Jos...
  Gold: Nazareth
  Pred: São..
[14/50] (6.8s) F1=0.00 contain=False Q: How many times did plague occur in the place where Cruc...
  Gold: 22
  Pred: According to the passage, the the crucifixion is a life sized painting by titian, completed in 1558.,,,,,,,,.
[15/50] (7.1s) F1=0.00 contain=False Q: What year did the Governor of the city where the basili...
  Gold: 1952
  Pred: the the the the the the the the the the the the the the the the the the the the the the the the the the the the the the 
[16/50] (6.9s) F1=0.00 contain=False Q: What company succeeded the owner of Empire Sports Netwo...
  Gold: Time Warner Cable
  Pred: Empire Sports Network was succeeded by Cablevision Communications, Inc. sports,,,,,,network was succeeded by cablevision
[17/50] (6.9s) F1=0.29 contain=False Q: When was the Palau de la Generalitat constructed in the...
  Gold: built in the 15th century
  Pred: the the the the the the the passage the the the the the the the the the the the the the the the the the the the the the 
[18/50] (6.9s) F1=0.00 contain=False Q: Who married the actor from Terminator?...
  Gold: Maria Shriver
  Pred: Pam Belluck, a journalist and author, is health and science writer of " the New York Times " and the of the acclaimed no
[19/50] (7.3s) F1=0.00 contain=False Q: Who was in charge of the place where Castricum is locat...
  Gold: Johan Remkes
  Pred: Castricum is in the is, of the, of the, of the, of the, of the, of the, of the, of the, of the, of the, of the, netherla
[20/50] (6.6s) F1=0.00 contain=False Q: Who is the mascot of the university related to Randy Co...
  Gold: Benny Beaver
  Pred: The mascot of of the university related to Randy is the the of of the university commonly known as the the of of the uni
[21/50] (4.0s) F1=0.00 contain=False Q: What does seal stand for in the U.S. military branch th...
  Gold: Sea, Air, and Land
  Pred: the the the the the the the the the the the the the the the the the the the the the the the the the the the the the the 
[22/50] (3.9s) F1=0.03 contain=False Q: Who is the child of Chiang Hsiao-wen's father?...
  Gold: Chiang Hsiao-wu
  Pred: Chiang Hsiao-wen is the eldest son of Chang Ching - kuo, the president of the republic of China in taiwan from 1978 to 1
[23/50] (6.9s) F1=0.21 contain=False Q: Where was the person who wrote about the rioting being ...
  Gold: University of Glasgow
  Pred: The person who wrote about the rioting being a dividing factor in Birmingham was educated at the the the the the the the
[24/50] (7.2s) F1=0.00 contain=False Q: Whose sister played Susie in miracle on 34th street?...
  Gold: Lana Wood
  Pred: 4, ,  4, 4,  4, 4, ,,  4,,  4, 4,4,4,4,4, 4,4,4,4, 4,4,4,4,4,4, 4, ,4, 4,4,4,4, 4,4,4,4,4,4,4,4,4,4,4,4,4,4,4, 4, 4,4,,,
[25/50] (7.1s) F1=0.50 contain=False Q: Who is the child of the Italian navigator who explored ...
  Gold: Sebastian Cabot
  Pred: John Cabot the the the the the the the the the the the the the the the the the the the the the the the the the the the t
[26/50] (7.2s) F1=0.00 contain=False Q: Who is the spouse of Young Man Luther's author?...
  Gold: Joan Erikson
  Pred: Based on the passages, the spouse of the author of Young Man Man Luther Man Luther is is not..
[27/50] (6.9s) F1=0.00 contain=False Q: How many times did the plague occur in the city where t...
  Gold: 22
  Pred: The plague occurred the the the in the city of the in the city of the plague occurred the the in the city of the the, ac
[28/50] (6.8s) F1=0.00 contain=True Q: In what year was the group who performed Attics To Eden...
  Gold: 2005
  Pred: 200520202020 the the the is in2020.
[29/50] (6.8s) F1=0.00 contain=False Q: Where did the arguer that the country Directive 10/2 ca...
  Gold: the Politburo
  Pred: the the the the the the the the the the the the the the the the the the the the the the the the the the the the the the 
[30/50] (7.1s) F1=0.03 contain=True Q: When did military instruction start at the place where ...
  Gold: 1912
  Pred: The relevant sentence in the passage is:: rotc in the philippines began in 1912 when the philippine constabulary commenc
[31/50] (7.1s) F1=0.00 contain=False Q: When did the city where Greenwood Laboratory School is ...
  Gold: 1839
  Pred: Based on the passages, the city where Greenwood Laboratory School School School School School capital of the state where
[32/50] (7.2s) F1=0.00 contain=False Q: Who is played by the director of The Good Shepherd in T...
  Gold: Vito Corleone
  Pred: The relevant information here is is shepherd is a 2006 spy film produced and directed by robert de niro and starring mat
[33/50] (6.9s) F1=0.00 contain=False Q: How long are the council terms of the city that shares ...
  Gold: four-year
  Pred: The the the the the the the the the the the the the the the the the the the the the the the the the the the the the the 
[34/50] (6.8s) F1=0.00 contain=False Q: When was the region immediately north of the region tha...
  Gold: 1930
  Pred: The region immediately north of the the region the the region that the the the the the the the the the the the the the t
[35/50] (7.1s) F1=0.00 contain=False Q: How did did the people fare during the reign of the abo...
  Gold: a long period of prosperity for the British people
  Pred: the the the the the the the the the the the the the the the the the the, the the the the the the the the the the the the
[36/50] (7.1s) F1=0.29 contain=False Q: What is the position of the 1st governor general of Ind...
  Gold: Governor-General of India
  Pred: the the the the the the of the passage the the of the the the the the the the the the the the the the the the the the th
[37/50] (7.3s) F1=0.00 contain=False Q: Who is the child of the president who suffered a major ...
  Gold: Jessie Woodrow Wilson
  Pred: the the the the the the the the the the the the the the the the the the the the the the the the the the the the the the 
[38/50] (6.4s) F1=0.00 contain=False Q: What does dell call the feature letting the interface r...
  Gold: PowerShare
  Pred: the the of the the the of the the of the the of the the the of the usb ports to remain powered when the computer is off.
[39/50] (6.8s) F1=0.00 contain=False Q: Who wrote Turn Me On by the singer of Come Away with Me...
  Gold: John D. Loudermilk
  Pred: To answer this question, we should consider the following information: "Come On is a song recorded by singer norah jones
[40/50] (8.5s) F1=0.00 contain=False Q: Who was second pick in the 1999 draft of the league tha...
  Gold: Josh Beckett
  Pred: Texas the passages for the purpose of answering the following question.
[41/50] (7.2s) F1=0.00 contain=False Q: The Commission of Truth and Friendship established gove...
  Gold: Francisco Guterres
  Pred: The Commission of Truth Bustami established the governments Bustami's birth country, Djjibouti, and second country, Djib
[42/50] (2.8s) F1=0.15 contain=True Q: Where is the country with ISO code ISO 3166-2:CV locate...
  Gold: central Atlantic Ocean
  Pred: The country with ISO code ISO3166-2:CV, the Republic of Cape Verde, is located an island country spanning an archipelago
[43/50] (6.9s) F1=0.00 contain=False Q: What was the form of the language Auctor is in, used in...
  Gold: Medieval Latin
  Pred: the the the the the the the the the the the the the the the the the the the the the the the the the the the the the the 
[44/50] (6.9s) F1=0.00 contain=False Q: When did the political party that favored harsh punishm...
  Gold: the 2010 election
  Pred: The  the the the the party was the party that favored harsh punishment of southern states after the civil war. the the t
[45/50] (7.3s) F1=0.00 contain=False Q: When did the person chosen to be president of the confe...
  Gold: 1848
  Pred: Jefferson Davis was named provisional president on february 9th, 1861. the president of the confederacy the, jefferson d
[46/50] (6.9s) F1=0.00 contain=False Q: What city is the star of Sous les pieds des femmes from...
  Gold: La Goulette
  Pred: paris.
[47/50] (6.8s) F1=0.00 contain=False Q: what is meaning of the word that is a majority religion...
  Gold: the country of India
  Pred: the the the the the the the the the the the the the the the the the the the the the the the the the the the the the the 
[48/50] (6.7s) F1=0.00 contain=False Q: Who stars in the video "One Last Time" by the performer...
  Gold: Matt Bennett
  Pred: The relevant sentence in the passage is the the music video directed directed by nigel Dick.
[49/50] (6.9s) F1=0.00 contain=False Q: When did the majority party in the House of Representat...
  Gold: January 2015
  Pred: the the the the the the the the the the the the the the the the the the the the the the the the the the the the the the 
[50/50] (7.3s) F1=0.00 contain=False Q: How many ethnic minorities were looked at differently i...
  Gold: two
  Pred: the the the the the the the the the the the the the the the the the the, the the the the the the the the the the the the

============================================================
RAG + spread | Dataset: musique | N=50 | top_k=5
  F1:        3.0%
  Precision: 2.6%
  Recall:    8.5%
  Contain:   3/50 = 6.0%
============================================================
