/projects/prjs1800/venvs/arag-venv/lib/python3.10/site-packages/transformers/utils/hub.py:110: FutureWarning: Using `TRANSFORMERS_CACHE` is deprecated and will be removed in v5 of Transformers. Use `HF_HOME` instead.
  warnings.warn(
Loading index from /projects/prjs1800/external/arag/data/musique/index_e5_base_v2/sentence_index.pkl...
Loading embedding model intfloat/e5-base-v2...
Index loaded: 50767 sentences, 1354 chunks
Loading Dream-7B from Dream-org/Dream-v0-Instruct-7B...
Loading checkpoint shards:   0%|          | 0/4 [00:00<?, ?it/s]Loading checkpoint shards:  25%|██▌       | 1/4 [00:01<00:05,  1.73s/it]Loading checkpoint shards:  50%|█████     | 2/4 [00:03<00:03,  1.79s/it]Loading checkpoint shards:  75%|███████▌  | 3/4 [00:05<00:01,  1.69s/it]Loading checkpoint shards: 100%|██████████| 4/4 [00:05<00:00,  1.18s/it]Loading checkpoint shards: 100%|██████████| 4/4 [00:05<00:00,  1.38s/it]
The following generation flags are not valid and may be ignored: ['temperature']. Set `TRANSFORMERS_VERBOSITY=info` for more details.
Loading 50 questions from musique...
[1/50] (7.5s) F1=0.00 contain=False Q: When was the person who Messi's goals in Copa del Rey c...
  Gold: June 1982
  Pred: The person the holds the record that Messi's goals in Copa del Rey compared to is Lionel Messii, who also holds the reco
[2/50] (6.9s) F1=0.00 contain=False Q: What month did the Tripartite discussions begin between...
  Gold: mid-June
  Pred: The month the question refers to when the Tripartite discussions began between Britain, France, and the country where, d
[3/50] (6.9s) F1=0.00 contain=False Q: What county is Erik Hort's birthplace a part of?...
  Gold: Rockland County
  Pred: romland
[4/50] (6.9s) F1=0.00 contain=False Q: What year did the publisher of Labyrinth end?...
  Gold: 1986
  Pred: The answer is not.
[5/50] (6.9s) F1=0.00 contain=False Q: When was Lady Godiva's birthplace abolished?...
  Gold: 918
  Pred: The location of Lady Godiva's birthplace was abolished in 1898.
[6/50] (6.9s) F1=0.00 contain=False Q: When was the region immediately north of the region whe...
  Gold: 1930
  Pred: The relevant information is: the arabs were able the in 1916 hussein bin ali, sharif of mecca, established the kingdom o
[7/50] (6.9s) F1=0.04 contain=False Q: Where does the body of water by the city where the Sout...
  Gold: the Mississippi River Delta
  Pred: The body of water by the city where the Southeast Library designer died empties into the Gulf of Mexico through the Gulf
[8/50] (7.1s) F1=0.00 contain=False Q: When did the explorer reach the city where the headquar...
  Gold: August 3, 1769
  Pred: The explorer did not reach the city where the headquarters of the only group larger than Vilaiyaadu Mankatha's record la
[9/50] (7.1s) F1=0.00 contain=False Q: When was the start of the battle of the birthplace of t...
  Gold: December 14, 1814
  Pred: The birthplace of the performer of III is Ahoskie, North Carolina.. The performer was born in ahoskie, north carolina, t
[10/50] (6.9s) F1=0.00 contain=False Q: What is the Till dom ensamma performer's birth date?...
  Gold: 11 September 1962
  Pred: Theill dom ensamma performer, jus durouro, was born on march 20, 1987.

Theill dom ensamma performer, Maria Durouro, was
[11/50] (7.2s) F1=0.00 contain=False Q: How many episodes are in season 5 of the series with Th...
  Gold: 12
  Pred: The fifth season of the series with The Bag or the Bat has 8 episodes.
[12/50] (7.1s) F1=0.05 contain=False Q: How were the people from whom new coins were a proclama...
  Gold: The dynasty regrouped and defeated the Portuguese
  Pred: The Somali Muslim Ajuran Empire was the theocratic state of the somali muslim ajuran empire. the new coins were a procla
[13/50] (7.1s) F1=0.00 contain=False Q: What is the birthplace of the person after whom São Jos...
  Gold: Nazareth
  Pred: São Paulo,.
[14/50] (6.8s) F1=0.03 contain=True Q: How many times did plague occur in the place where Cruc...
  Gold: 22
  Pred: The plague occurred in venice 22 times between 1361 and 1528. Justification of reasoning: The passage mentions that the 
[15/50] (7.1s) F1=0.02 contain=True Q: What year did the Governor of the city where the basili...
  Gold: 1952
  Pred: The Governor of the cityica where the cathedral cathedral cathedral cathedral cathedral cathedral cathedral cathedral ca
[16/50] (6.9s) F1=0.00 contain=False Q: What company succeeded the owner of Empire Sports Netwo...
  Gold: Time Warner Cable
  Pred: The company that succeeded the owner of Empire Sports Network is Foxus..
[17/50] (6.9s) F1=0.08 contain=False Q: When was the Palau de la Generalitat constructed in the...
  Gold: built in the 15th century
  Pred: The Palau de la Generalitat was constructed in the 15th century in the city of Barcelona, Spain. Barcelona is located in
[18/50] (6.9s) F1=0.00 contain=False Q: Who married the actor from Terminator?...
  Gold: Maria Shriver
  Pred: pam Bellig
[19/50] (7.3s) F1=0.00 contain=False Q: Who was in charge of the place where Castricum is locat...
  Gold: Johan Remkes
  Pred: Castricum is located in the city of North Netherlands.
[20/50] (6.6s) F1=0.00 contain=False Q: Who is the mascot of the university related to Randy Co...
  Gold: Benny Beaver
  Pred: The university the passage refers to as related to Randy Con Conrads is likely Oregon State University, as Randy Con Ran
[21/50] (4.0s) F1=0.09 contain=True Q: What does seal stand for in the U.S. military branch th...
  Gold: Sea, Air, and Land
  Pred: Seal stands for Sea, Air,  and Land in the U.S. military branch that operates destroyers, as well as the USS Edsall. The
[22/50] (3.9s) F1=0.06 contain=False Q: Who is the child of Chiang Hsiao-wen's father?...
  Gold: Chiang Hsiao-wu
  Pred: Chiang Hsiao-wen's father is Chiang Ching - kuo who children Hsiaoiao, Hsiaoiao, Hsiaoiao, Hsiaoiao, Hsiaoiao, Hsiaoiao,
[23/50] (6.9s) F1=0.04 contain=False Q: Where was the person who wrote about the rioting being ...
  Gold: University of Glasgow
  Pred: The person who wrote about the rioting being a dividing factor in Birmingham is James Howard Meredith. He is an African 
[24/50] (7.2s) F1=0.40 contain=False Q: Whose sister played Susie in miracle on 34th street?...
  Gold: Lana Wood
  Pred: latal Wood Wood.
[25/50] (7.2s) F1=0.03 contain=False Q: Who is the child of the Italian navigator who explored ...
  Gold: Sebastian Cabot
  Pred: John Cabot is the Italian navigator who explored the eastern coast of the continent César Gaytan was born in for the Eng
[26/50] (7.2s) F1=0.06 contain=True Q: Who is the spouse of Young Man Luther's author?...
  Gold: Joan Erikson
  Pred: Based on the given passages, the author of "Young Man Luther" is erik erikson. erik erikson is married to joan erikson. 
[27/50] (6.8s) F1=0.03 contain=True Q: How many times did the plague occur in the city where t...
  Gold: 22
  Pred: The city the painter the Bac died in of thealians Andrians.. The plague occurred in this city 22 times between 1361 and 
[28/50] (6.8s) F1=0.03 contain=True Q: In what year was the group who performed Attics To Eden...
  Gold: 2005
  Pred: madina lake is an american alternative rock band formed in chicago in 2005. madina lake released their debut album " fro
[29/50] (6.8s) F1=0.00 contain=False Q: Where did the arguer that the country Directive 10/2 ca...
  Gold: the Politburo
  Pred: The arguer that the country Directive 10/2 called for actions against had become an imperialist power declared that he w
[30/50] (7.1s) F1=0.02 contain=True Q: When did military instruction start at the place where ...
  Gold: 1912
  Pred: The answer to the question is: "rotc in the philippines began in 1912 when the philippine constabulary commenced with mi
[31/50] (7.1s) F1=0.03 contain=True Q: When did the city where Greenwood Laboratory School is ...
  Gold: 1839
  Pred: The relevant the information in the passage is: greenwood laboratory school is a comprehensive k - 12 laboratory school 
[32/50] (7.1s) F1=0.05 contain=True Q: Who is played by the director of The Good Shepherd in T...
  Gold: Vito Corleone
  Pred: The film the director of The Good Shepherd in the Godfather is The Good Shepherd. The Good Shepherd is a 2006 spy film d
[33/50] (6.9s) F1=0.00 contain=False Q: How long are the council terms of the city that shares ...
  Gold: four-year
  Pred: The Białystok city council in Poland has council terms of four years. Białystok, like other major cities in Poland, is a
[34/50] (6.9s) F1=0.00 contain=False Q: When was the region immediately north of the region tha...
  Gold: 1930
  Pred: The region immediately north of the region that prevailed with the disgrace of Near East and the terrain feature on whic
[35/50] (7.1s) F1=0.09 contain=False Q: How did did the people fare during the reign of the abo...
  Gold: a long period of prosperity for the British people
  Pred: The passage mentions that the the government of india act 1858 let the british crown assume direct control of india in t
[36/50] (7.1s) F1=0.08 contain=True Q: What is the position of the 1st governor general of Ind...
  Gold: Governor-General of India
  Pred: Warren Hastings was the first Governor-General of India. The position of Governor-General of India, also known as Vicero
[37/50] (7.3s) F1=0.05 contain=False Q: Who is the child of the president who suffered a major ...
  Gold: Jessie Woodrow Wilson
  Pred: The child of the president who suffered a major defeat when the body which approves members of the American cabinet refu
[38/50] (6.4s) F1=0.00 contain=False Q: What does dell call the feature letting the interface r...
  Gold: PowerShare
  Pred: Dell calls the feature letting the interface replacing FireWire in later iterations of the iPod drives to remain powered
[39/50] (6.8s) F1=0.00 contain=False Q: Who wrote Turn Me On by the singer of Come Away with Me...
  Gold: John D. Loudermilk
  Pred: Who is the writer of the song.
[40/50] (8.4s) F1=0.00 contain=False Q: Who was second pick in the 1999 draft of the league tha...
  Gold: Josh Beckett
  Pred: ke dur
[41/50] (7.2s) F1=0.00 contain=False Q: The Commission of Truth and Friendship established gove...
  Gold: Francisco Guterres
  Pred: The Commission of Truth andami established governments for Bustami's birth country and a second country that had who as 
[42/50] (2.8s) F1=0.08 contain=True Q: Where is the country with ISO code ISO 3166-2:CV locate...
  Gold: central Atlantic Ocean
  Pred: The country with ISO code ISO 3166-2:CV is Cape Verde Verde (Cabo Verde), an island country spanning an archipelago of 9
[43/50] (6.8s) F1=0.00 contain=False Q: What was the form of the language Auctor is in, used in...
  Gold: Medieval Latin
  Pred: The era of the Frankish king who created the Holy Roman Empire, later known as Charlemagne, was during the Early Middle 
[44/50] (6.9s) F1=0.00 contain=False Q: When did the political party that favored harsh punishm...
  Gold: the 2010 election
  Pred: The relevant information to answer the above question is: founded in the northern states in 1854 by anti - slavery activ
[45/50] (7.3s) F1=0.03 contain=True Q: When did the person chosen to be president of the confe...
  Gold: 1848
  Pred: Thefferson davis, the president of the confederate states of america, fought in the mexican - american war from 1846 to 
[46/50] (6.9s) F1=0.00 contain=False Q: What city is the star of Sous les pieds des femmes from...
  Gold: La Goulette
  Pred: The Josephine Jobert was born on 24 April 1985 in Paris, France.
[47/50] (6.8s) F1=0.09 contain=False Q: what is meaning of the word that is a majority religion...
  Gold: the country of India
  Pred: The word that refers to the country origin of Mizraab is "Al Mizraab Mizraab" which translates to "Al Mizraab Mizrara Mi
[48/50] (6.6s) F1=0.00 contain=False Q: Who stars in the video "One Last Time" by the performer...
  Gold: Matt Bennett
  Pred: Theri the actors star in the video..
[49/50] (6.9s) F1=0.00 contain=False Q: When did the majority party in the House of Representat...
  Gold: January 2015
  Pred: The majority party in the the U. S. House of Representatives gained control of the body which approves members of the Ca
[50/50] (7.3s) F1=0.00 contain=False Q: How many ethnic minorities were looked at differently i...
  Gold: two
  Pred: Based on the passages, the headquarters of the the only group larger than Långa nätter's record label is located in Lond

============================================================
RAG + baseline | Dataset: musique | N=50 | top_k=5
  F1:        3.0%
  Precision: 1.8%
  Recall:    36.4%
  Contain:   12/50 = 24.0%
============================================================
