/projects/prjs1800/venvs/daes-venv/lib/python3.12/site-packages/transformers/utils/hub.py:110: FutureWarning: Using `TRANSFORMERS_CACHE` is deprecated and will be removed in v5 of Transformers. Use `HF_HOME` instead.
  warnings.warn(
Traceback (most recent call last):
  File "/projects/prjs1800/msc-thesis/07-daes/src/daes/mvp_rag_espread.py", line 26, in <module>
    import dllm
  File "/projects/prjs1800/msc-thesis/07-daes/dllm/dllm/__init__.py", line 1, in <module>
    from . import core, data, pipelines, utils
  File "/projects/prjs1800/msc-thesis/07-daes/dllm/dllm/pipelines/__init__.py", line 1, in <module>
    from . import a2d, bert, dream, editflow, fastdllm, llada, llada2
  File "/projects/prjs1800/msc-thesis/07-daes/dllm/dllm/pipelines/dream/__init__.py", line 6, in <module>
    from .trainer import DreamTrainer
  File "/projects/prjs1800/msc-thesis/07-daes/dllm/dllm/pipelines/dream/trainer.py", line 6, in <module>
    from dllm.core.trainers import MDLMConfig, MDLMTrainer
  File "/projects/prjs1800/msc-thesis/07-daes/dllm/dllm/core/trainers/__init__.py", line 1, in <module>
    from .bd3lm import BD3LMConfig, BD3LMTrainer
  File "/projects/prjs1800/msc-thesis/07-daes/dllm/dllm/core/trainers/bd3lm.py", line 19, in <module>
    from .mdlm import MDLMConfig, MDLMTrainer
  File "/projects/prjs1800/msc-thesis/07-daes/dllm/dllm/core/trainers/mdlm.py", line 22, in <module>
    from .utils import NLLMetric, PPLMetric, OnEvaluateMetricsCallback
  File "/projects/prjs1800/msc-thesis/07-daes/dllm/dllm/core/trainers/utils/__init__.py", line 1, in <module>
    from .meters import BaseMetricsCallback, OnEvaluateMetricsCallback
  File "/projects/prjs1800/msc-thesis/07-daes/dllm/dllm/core/trainers/utils/meters.py", line 6, in <module>
    import torchmetrics
  File "/projects/prjs1800/venvs/daes-venv/lib/python3.12/site-packages/torchmetrics/__init__.py", line 31, in <module>
    import scipy.signal
ModuleNotFoundError: No module named 'scipy.signal'
