/projects/prjs1800/venvs/arag-venv/lib/python3.10/site-packages/transformers/utils/hub.py:110: FutureWarning: Using `TRANSFORMERS_CACHE` is deprecated and will be removed in v5 of Transformers. Use `HF_HOME` instead.
  warnings.warn(
Loading index from /projects/prjs1800/external/arag/data/musique/index_e5_base_v2/sentence_index.pkl...
Loading intfloat/e5-base-v2...
Index: 50767 sentences, 1354 chunks
Loading Dream-org/Dream-v0-Instruct-7B...
Loading checkpoint shards:   0%|          | 0/4 [00:00<?, ?it/s]Loading checkpoint shards:  25%|██▌       | 1/4 [00:01<00:05,  1.77s/it]Loading checkpoint shards:  50%|█████     | 2/4 [00:03<00:03,  1.80s/it]Loading checkpoint shards:  75%|███████▌  | 3/4 [00:05<00:01,  1.66s/it]Loading checkpoint shards: 100%|██████████| 4/4 [00:05<00:00,  1.16s/it]Loading checkpoint shards: 100%|██████████| 4/4 [00:05<00:00,  1.37s/it]
The following generation flags are not valid and may be ignored: ['temperature']. Set `TRANSFORMERS_VERBOSITY=info` for more details.
Model loaded.
Loaded 50 questions.
[1/50] (14.2s) F1=0.00 P=0.00 R=0.00 contain=False words=1
  Gold: June 1982
  Pred: 2000
[2/50] (12.6s) F1=0.00 P=0.00 R=0.00 contain=False words=1
  Gold: mid-June
  Pred: September
[3/50] (13.4s) F1=0.00 P=0.00 R=0.00 contain=False words=1
  Gold: Rockland County
  Pred: denmark
[4/50] (13.2s) F1=0.00 P=0.00 R=0.00 contain=False words=1
  Gold: 1986
  Pred: 1994
[5/50] (13.1s) F1=0.00 P=0.00 R=0.00 contain=False words=1
  Gold: 918
  Pred: never
[6/50] (13.7s) F1=0.00 P=0.00 R=0.00 contain=False words=147
  Gold: 1930
  Pred: the the the the the the the the the the the the the the the the the the the the the the the the the the the the the the the the the the the the the th
[7/50] (13.3s) F1=0.00 P=0.00 R=0.00 contain=False words=2
  Gold: the Mississippi River Delta
  Pred: matagorda bay
[8/50] (13.4s) F1=0.00 P=0.00 R=0.00 contain=False words=1
  Gold: August 3, 1769
  Pred: 14
[9/50] (13.4s) F1=0.00 P=0.00 R=0.00 contain=False words=1
  Gold: December 14, 1814
  Pred: never
[10/50] (13.4s) F1=0.00 P=0.00 R=0.00 contain=False words=1
  Gold: 11 September 1962
  Pred: 1974.
[11/50] (13.8s) F1=0.00 P=0.00 R=0.00 contain=False words=1
  Gold: 12
  Pred: 1
[12/50] (13.1s) F1=0.00 P=0.00 R=0.00 contain=False words=2
  Gold: The dynasty regrouped and defeated the Portuguese
  Pred: Christian recon
[13/50] (13.3s) F1=0.00 P=0.00 R=0.00 contain=False words=1
  Gold: Nazareth
  Pred: São
[14/50] (12.9s) F1=0.00 P=0.00 R=0.00 contain=False words=439
  Gold: 22
  Pred: the the the the the the the the the the the the the the the the the the the the the the the the the the the the the the the the the the the the the th
[15/50] (13.9s) F1=0.00 P=0.00 R=0.00 contain=False words=1
  Gold: 1952
  Pred: None
[16/50] (12.7s) F1=0.00 P=0.00 R=0.00 contain=False words=1
  Gold: Time Warner Cable
  Pred: Adelphia
[17/50] (13.7s) F1=0.00 P=0.00 R=0.00 contain=False words=1
  Gold: built in the 15th century
  Pred: 1811
[18/50] (13.7s) F1=0.00 P=0.00 R=0.00 contain=False words=2
  Gold: Maria Shriver
  Pred: Pam Belluck
[19/50] (13.3s) F1=0.00 P=0.00 R=0.00 contain=False words=2
  Gold: Johan Remkes
  Pred: Castricum was
[20/50] (12.3s) F1=0.36 P=0.22 R=1.00 contain=True words=11
  Gold: Benny Beaver
  Pred: Benny beaver is the mascot of the university related to Randy
[21/50] (8.8s) F1=0.00 P=0.00 R=0.00 contain=False words=1
  Gold: Sea, Air, and Land
  Pred: Navy
[22/50] (8.9s) F1=0.17 P=0.10 R=0.50 contain=False words=11
  Gold: Chiang Hsiao-wu
  Pred: Chiang Hsiao-wen is the second son of Ch Ch Ching Kuo.
[23/50] (13.1s) F1=0.00 P=0.00 R=0.00 contain=False words=3
  Gold: University of Glasgow
  Pred: trinity college, cambridge
[24/50] (14.4s) F1=0.50 P=0.50 R=0.50 contain=False words=2
  Gold: Lana Wood
  Pred: Natalie Wood
[25/50] (13.2s) F1=1.00 P=1.00 R=1.00 contain=True words=2
  Gold: Sebastian Cabot
  Pred: Sebastian Cabot
[26/50] (13.7s) F1=0.00 P=0.00 R=0.00 contain=False words=2
  Gold: Joan Erikson
  Pred: Erik erik##ikson
[27/50] (13.7s) F1=0.00 P=0.00 R=0.00 contain=False words=1
  Gold: 22
  Pred: once,
[28/50] (13.4s) F1=0.00 P=0.00 R=0.00 contain=False words=1
  Gold: 2005
  Pred: 1989
[29/50] (12.0s) F1=0.00 P=0.00 R=0.00 contain=False words=3
  Gold: the Politburo
  Pred: Mao Zedong, China
[30/50] (12.6s) F1=0.00 P=0.00 R=0.00 contain=False words=8
  Gold: 1912
  Pred: Military instruction started at the military academy in,
[31/50] (13.1s) F1=0.00 P=0.00 R=0.00 contain=False words=1
  Gold: 1839
  Pred: 1819
[32/50] (14.3s) F1=0.00 P=0.00 R=0.00 contain=False words=1
  Gold: Vito Corleone
  Pred: fredredo
[33/50] (14.3s) F1=0.00 P=0.00 R=0.00 contain=False words=508
  Gold: four-year
  Pred: the the the the the the the a the the the the the the the the the the the the the the the the the the the the the the the the the the the the the the 
[34/50] (13.7s) F1=0.00 P=0.00 R=0.00 contain=False words=1
  Gold: 1930
  Pred: 19
[35/50] (13.1s) F1=0.00 P=0.00 R=0.00 contain=False words=217
  Gold: a long period of prosperity for the British people
  Pred: the the the the the the the the the the the the the the the the the the the the the the the the the the the the the the the the the the the the the th
[36/50] (13.3s) F1=0.40 P=0.29 R=0.67 contain=False words=9
  Gold: Governor-General of India
  Pred: The 1st governor of of India is a governor.
[37/50] (13.3s) F1=0.00 P=0.00 R=0.00 contain=False words=511
  Gold: Jessie Woodrow Wilson
  Pred: the the the the the the the the the the the the the the the the the the the the the the the the the the the the the the the the the the the the the th
[38/50] (12.0s) F1=0.00 P=0.00 R=0.00 contain=False words=2
  Gold: PowerShare
  Pred: sleep -
[39/50] (13.9s) F1=0.67 P=0.67 R=0.67 contain=True words=3
  Gold: John D. Loudermilk
  Pred: John d. loudermilkah
[40/50] (16.8s) F1=0.00 P=0.00 R=0.00 contain=False words=1
  Gold: Josh Beckett
  Pred: kobe
[41/50] (13.3s) F1=0.00 P=0.00 R=0.00 contain=False words=1
  Gold: Francisco Guterres
  Pred: dack
[42/50] (6.9s) F1=0.00 P=0.00 R=0.00 contain=False words=2
  Gold: central Atlantic Ocean
  Pred: Cabo Verde
[43/50] (13.1s) F1=0.00 P=0.00 R=0.00 contain=False words=472
  Gold: Medieval Latin
  Pred: the the the the the the the the the the the the the the the the the the the the the the the the the the the the the the the the the the the the the th
[44/50] (12.9s) F1=0.00 P=0.00 R=0.00 contain=False words=1
  Gold: the 2010 election
  Pred: 191
[45/50] (12.9s) F1=0.00 P=0.00 R=0.00 contain=False words=7
  Gold: 1848
  Pred: the the the the the the the
[46/50] (13.7s) F1=1.00 P=1.00 R=1.00 contain=True words=2
  Gold: La Goulette
  Pred: la goulette
[47/50] (13.2s) F1=0.00 P=0.00 R=0.00 contain=False words=1
  Gold: the country of India
  Pred: Hind
[48/50] (13.6s) F1=0.00 P=0.00 R=0.00 contain=False words=2
  Gold: Matt Bennett
  Pred: Ariana Grande
[49/50] (12.9s) F1=0.00 P=0.00 R=0.00 contain=False words=22
  Gold: January 2015
  Pred: The majority party in the House of Representatives gained control of the the body which approves members of the Cabinet in  1947.
[50/50] (13.9s) F1=0.00 P=0.00 R=0.00 contain=False words=1
  Gold: two
  Pred: 1

============================================================
SPREAD Reproduction | spread | musique | N=50
  F1:        8.2%
  Precision: 7.5%
  Recall:    10.7%
  Contain:   4/50 = 8.0%
  Avg words: 48
============================================================
