/projects/prjs1800/venvs/arag-venv/lib/python3.10/site-packages/transformers/utils/hub.py:110: FutureWarning: Using `TRANSFORMERS_CACHE` is deprecated and will be removed in v5 of Transformers. Use `HF_HOME` instead.
  warnings.warn(
Loading index from /projects/prjs1800/external/arag/data/musique/index_e5_base_v2/sentence_index.pkl...
Loading intfloat/e5-base-v2...
Index: 50767 sentences, 1354 chunks
Loading Dream-org/Dream-v0-Instruct-7B...
Loading checkpoint shards:   0%|          | 0/4 [00:00<?, ?it/s]Loading checkpoint shards:  25%|██▌       | 1/4 [00:04<00:14,  4.72s/it]Loading checkpoint shards:  50%|█████     | 2/4 [00:09<00:09,  4.74s/it]Loading checkpoint shards:  75%|███████▌  | 3/4 [00:13<00:04,  4.44s/it]Loading checkpoint shards: 100%|██████████| 4/4 [00:14<00:00,  3.09s/it]Loading checkpoint shards: 100%|██████████| 4/4 [00:14<00:00,  3.64s/it]
The following generation flags are not valid and may be ignored: ['temperature']. Set `TRANSFORMERS_VERBOSITY=info` for more details.
Model loaded.
Loaded 50 questions.
[1/50] (14.3s) F1=0.00 P=0.00 R=0.00 contain=False words=18
  Gold: June 1982
  Pred: The person who Messi's goals in Copa del Rey were compared to was signed by Barcelona in 2004.
[2/50] (12.6s) F1=0.00 P=0.00 R=0.00 contain=False words=12
  Gold: mid-June
  Pred: The Tripartite discussions began between Britain, France, and Poland in October 1958.
[3/50] (13.5s) F1=0.00 P=0.00 R=0.00 contain=False words=1
  Gold: Rockland County
  Pred: Aland
[4/50] (13.3s) F1=0.00 P=0.00 R=0.00 contain=False words=1
  Gold: 1986
  Pred: 1914
[5/50] (13.2s) F1=0.00 P=0.00 R=0.00 contain=False words=1
  Gold: 918
  Pred: 1006
[6/50] (13.8s) F1=0.00 P=0.00 R=0.00 contain=False words=27
  Gold: 1930
  Pred: The region immediately north of the region where Israel is located and the location of the Battle of Qurah and Umm al Maradim was created in 1932..
[7/50] (13.4s) F1=0.00 P=0.00 R=0.00 contain=False words=23
  Gold: the Mississippi River Delta
  Pred: The body of water by the city where the Southeast Library designer died empties into the Gulf of Mexico through the Florida Stra..
[8/50] (13.4s) F1=0.00 P=0.00 R=0.00 contain=False words=22
  Gold: August 3, 1769
  Pred: The explorer reached the city where the headquarters of the only group larger than Vilaiyaadu Mankatha's record label is located in 1497.
[9/50] (13.4s) F1=0.00 P=0.00 R=0.00 contain=False words=1
  Gold: December 14, 1814
  Pred: 1960
[10/50] (13.4s) F1=0.15 P=0.10 R=0.33 contain=False words=10
  Gold: 11 September 1962
  Pred: Till dom ensamma performer's birth date is 20 September 1992.
[11/50] (13.8s) F1=0.00 P=0.00 R=0.00 contain=False words=1
  Gold: 12
  Pred: 1
[12/50] (13.2s) F1=0.00 P=0.00 R=0.00 contain=False words=2
  Gold: The dynasty regrouped and defeated the Portuguese
  Pred: re recon
[13/50] (13.4s) F1=0.00 P=0.00 R=0.00 contain=False words=1
  Gold: Nazareth
  Pred: Porto,
[14/50] (12.9s) F1=0.00 P=0.00 R=0.00 contain=False words=1
  Gold: 22
  Pred: 1
[15/50] (13.9s) F1=0.00 P=0.00 R=0.00 contain=False words=1
  Gold: 1952
  Pred: 1960
[16/50] (12.7s) F1=0.00 P=0.00 R=0.00 contain=False words=3
  Gold: Time Warner Cable
  Pred: comcast sports southwest
[17/50] (13.7s) F1=0.00 P=0.00 R=0.00 contain=False words=1
  Gold: built in the 15th century
  Pred: 1988
[18/50] (13.7s) F1=0.00 P=0.00 R=0.00 contain=False words=2
  Gold: Maria Shriver
  Pred: Pam Bellig
[19/50] (13.4s) F1=0.00 P=0.00 R=0.00 contain=False words=1
  Gold: Johan Remkes
  Pred: charlem
[20/50] (12.4s) F1=1.00 P=1.00 R=1.00 contain=True words=2
  Gold: Benny Beaver
  Pred: benny beaver
[21/50] (8.8s) F1=0.00 P=0.00 R=0.00 contain=False words=1
  Gold: Sea, Air, and Land
  Pred: Navy
[22/50] (8.9s) F1=0.50 P=0.50 R=0.50 contain=False words=2
  Gold: Chiang Hsiao-wu
  Pred: Chiang Hsiang
[23/50] (13.1s) F1=0.00 P=0.00 R=0.00 contain=False words=2
  Gold: University of Glasgow
  Pred: edon college
[24/50] (14.4s) F1=0.00 P=0.00 R=0.00 contain=False words=1
  Gold: Lana Wood
  Pred: natalie
[25/50] (13.3s) F1=0.40 P=0.33 R=0.50 contain=False words=3
  Gold: Sebastian Cabot
  Pred: Se Cab Cabot
[26/50] (13.7s) F1=0.00 P=0.00 R=0.00 contain=False words=1
  Gold: Joan Erikson
  Pred: Earet
[27/50] (13.7s) F1=0.00 P=0.00 R=0.00 contain=False words=18
  Gold: 22
  Pred: The plague occurred in the city where the painter of The The Bacchanal of the And Andrians died.
[28/50] (13.4s) F1=0.00 P=0.00 R=0.00 contain=False words=1
  Gold: 2005
  Pred: 1999
[29/50] (12.0s) F1=0.00 P=0.00 R=0.00 contain=False words=1
  Gold: the Politburo
  Pred: China
[30/50] (12.5s) F1=0.00 P=0.00 R=0.00 contain=False words=1
  Gold: 1912
  Pred: 1706
[31/50] (13.2s) F1=1.00 P=1.00 R=1.00 contain=True words=1
  Gold: 1839
  Pred: 1839
[32/50] (14.3s) F1=0.50 P=0.50 R=0.50 contain=False words=2
  Gold: Vito Corleone
  Pred: fredo corleone
[33/50] (14.3s) F1=0.00 P=0.00 R=0.00 contain=False words=2
  Gold: four-year
  Pred: four years
[34/50] (13.8s) F1=0.00 P=0.00 R=0.00 contain=False words=1
  Gold: 1930
  Pred: 1994
[35/50] (13.2s) F1=0.00 P=0.00 R=0.00 contain=False words=1
  Gold: a long period of prosperity for the British people
  Pred: bad
[36/50] (13.4s) F1=0.33 P=0.22 R=0.67 contain=False words=11
  Gold: Governor-General of India
  Pred: The 1st governor general of India held the position of Viceroy..
[37/50] (13.4s) F1=0.00 P=0.00 R=0.00 contain=False words=4
  Gold: Jessie Woodrow Wilson
  Pred: chester alan arthur ii
[38/50] (12.0s) F1=0.00 P=0.00 R=0.00 contain=False words=3
  Gold: PowerShare
  Pred: sleep and charge
[39/50] (13.9s) F1=0.67 P=0.67 R=0.67 contain=False words=3
  Gold: John D. Loudermilk
  Pred: John D. Loudmilk
[40/50] (16.8s) F1=0.00 P=0.00 R=0.00 contain=False words=2
  Gold: Josh Beckett
  Pred: kevin d
[41/50] (13.4s) F1=0.00 P=0.00 R=0.00 contain=False words=2
  Gold: Francisco Guterres
  Pred: Johan Ferri
[42/50] (6.9s) F1=0.00 P=0.00 R=0.00 contain=False words=2
  Gold: central Atlantic Ocean
  Pred: cabo verde
[43/50] (13.1s) F1=0.00 P=0.00 R=0.00 contain=False words=1
  Gold: Medieval Latin
  Pred: medicalian
[44/50] (12.9s) F1=0.00 P=0.00 R=0.00 contain=False words=1
  Gold: the 2010 election
  Pred: 1974
[45/50] (12.9s) F1=0.00 P=0.00 R=0.00 contain=False words=33
  Gold: 1848
  Pred: jefferson davis was a graduate of the u. s. military academy on the hudson river at west point, new york, and colonel of a volunteer regiment during t
[46/50] (13.7s) F1=0.00 P=0.00 R=0.00 contain=False words=1
  Gold: La Goulette
  Pred: tun
[47/50] (13.2s) F1=0.00 P=0.00 R=0.00 contain=False words=1
  Gold: the country of India
  Pred: riverind
[48/50] (13.6s) F1=0.00 P=0.00 R=0.00 contain=False words=2
  Gold: Matt Bennett
  Pred: ariana Grande
[49/50] (12.9s) F1=0.00 P=0.00 R=0.00 contain=False words=24
  Gold: January 2015
  Pred: The majority party in the House of Representatives gained control of the body which approves members of the Cabinet in the 2010 midterm elections.
[50/50] (13.9s) F1=0.00 P=0.00 R=0.00 contain=False words=1
  Gold: two
  Pred: 1

============================================================
SPREAD Reproduction | baseline | musique | N=50
  F1:        9.1%
  Precision: 8.6%
  Recall:    10.3%
  Contain:   2/50 = 4.0%
  Avg words: 5
============================================================
