/projects/prjs1800/venvs/daes-venv/lib/python3.12/site-packages/transformers/utils/hub.py:110: FutureWarning: Using `TRANSFORMERS_CACHE` is deprecated and will be removed in v5 of Transformers. Use `HF_HOME` instead.
  warnings.warn(
Loading model from Dream-org/Dream-v0-Instruct-7B...
Loading checkpoint shards:   0%|          | 0/4 [00:00<?, ?it/s]Loading checkpoint shards:  25%|██▌       | 1/4 [00:04<00:14,  4.85s/it]Loading checkpoint shards:  50%|█████     | 2/4 [00:09<00:09,  4.78s/it]Loading checkpoint shards:  75%|███████▌  | 3/4 [00:13<00:04,  4.45s/it]Loading checkpoint shards: 100%|██████████| 4/4 [00:14<00:00,  3.09s/it]Loading checkpoint shards: 100%|██████████| 4/4 [00:14<00:00,  3.66s/it]
The following generation flags are not valid and may be ignored: ['temperature']. Set `TRANSFORMERS_VERBOSITY=info` for more details.
Loading 50 questions from musique...
[1/50] (4.0s) F1=0.00 Q: When was the person who Messi's goals in Copa del Rey c...
  Gold: June 1982
  Pred: No person was signed by Barcelona.
[2/50] (3.6s) F1=0.00 Q: What month did the Tripartite discussions begin between...
  Gold: mid-June
  Pred: March
[3/50] (3.5s) F1=0.50 Q: What county is Erik Hort's birthplace a part of?...
  Gold: Rockland County
  Pred: Orange County
[4/50] (3.5s) F1=0.00 Q: What year did the publisher of Labyrinth end?...
  Gold: 1986
  Pred: 1900
[5/50] (3.5s) F1=0.00 Q: When was Lady Godiva's birthplace abolished?...
  Gold: 918
  Pred: Unknown
[6/50] (3.6s) F1=0.00 Q: When was the region immediately north of the region whe...
  Gold: 1930
  Pred: None
[7/50] (3.5s) F1=0.40 Q: Where does the body of water by the city where the Sout...
  Gold: the Mississippi River Delta
  Pred: Miss River
[8/50] (3.6s) F1=0.00 Q: When did the explorer reach the city where the headquar...
  Gold: August 3, 1769
  Pred: 1912
[9/50] (3.5s) F1=0.00 Q: When was the start of the battle of the birthplace of t...
  Gold: December 14, 1814
  Pred: The start of the battle of the birthplace of the performer of III is not specified.
[10/50] (3.5s) F1=0.00 Q: What is the Till dom ensamma performer's birth date?...
  Gold: 11 September 1962
  Pred: Till dom ensamma performer's birth date is unknown.
[11/50] (3.5s) F1=0.00 Q: How many episodes are in season 5 of the series with Th...
  Gold: 12
  Pred: Season 5 of the series with the Bag or the Bat has 10 episodes.
[12/50] (3.6s) F1=0.00 Q: How were the people from whom new coins were a proclama...
  Gold: The dynasty regrouped and defeated the Portuguese
  Pred: expelled
[13/50] (3.5s) F1=0.00 Q: What is the birthplace of the person after whom São Jos...
  Gold: Nazareth
  Pred: Portugal
[14/50] (3.5s) F1=0.00 Q: How many times did plague occur in the place where Cruc...
  Gold: 22
  Pred: 3
[15/50] (3.6s) F1=0.00 Q: What year did the Governor of the city where the basili...
  Gold: 1952
  Pred: 1990
[16/50] (3.5s) F1=0.00 Q: What company succeeded the owner of Empire Sports Netwo...
  Gold: Time Warner Cable
  Pred: Fox Sports
[17/50] (3.5s) F1=0.17 Q: When was the Palau de la Generalitat constructed in the...
  Gold: built in the 15th century
  Pred: The Palau de la Generalitat was constructed in Barcelona.
[18/50] (3.5s) F1=0.00 Q: Who married the actor from Terminator?...
  Gold: Maria Shriver
  Pred: The actor from Terminator is married
[19/50] (3.5s) F1=0.00 Q: Who was in charge of the place where Castricum is locat...
  Gold: Johan Remkes
  Pred: The Roman Empire
[20/50] (3.5s) F1=0.00 Q: Who is the mascot of the university related to Randy Co...
  Gold: Benny Beaver
  Pred: 
[21/50] (3.5s) F1=0.00 Q: What does seal stand for in the U.S. military branch th...
  Gold: Sea, Air, and Land
  Pred: Unitedal
[22/50] (3.5s) F1=0.67 Q: Who is the child of Chiang Hsiao-wen's father?...
  Gold: Chiang Hsiao-wu
  Pred: Chiang
[23/50] (3.5s) F1=0.00 Q: Where was the person who wrote about the rioting being ...
  Gold: University of Glasgow
  Pred: Birmingham
[24/50] (3.5s) F1=0.00 Q: Whose sister played Susie in miracle on 34th street?...
  Gold: Lana Wood
  Pred: Demi Moore
[25/50] (3.6s) F1=0.00 Q: Who is the child of the Italian navigator who explored ...
  Gold: Sebastian Cabot
  Pred: Christopher Columbus
[26/50] (3.5s) F1=0.00 Q: Who is the spouse of Young Man Luther's author?...
  Gold: Joan Erikson
  Pred: The spouse of Young Man Luther is Young Man Luther's author.
[27/50] (3.5s) F1=0.00 Q: How many times did the plague occur in the city where t...
  Gold: 22
  Pred: Once
[28/50] (3.5s) F1=0.00 Q: In what year was the group who performed Attics To Eden...
  Gold: 2005
  Pred: 1990
[29/50] (3.6s) F1=0.00 Q: Where did the arguer that the country Directive 10/2 ca...
  Gold: the Politburo
  Pred: China
[30/50] (3.5s) F1=0.00 Q: When did military instruction start at the place where ...
  Gold: 1912
  Pred: Military instruction started before Larry arrived where he was educated.
[31/50] (3.6s) F1=0.00 Q: When did the city where Greenwood Laboratory School is ...
  Gold: 1839
  Pred: Unknown
[32/50] (3.5s) F1=0.00 Q: Who is played by the director of The Good Shepherd in T...
  Gold: Vito Corleone
  Pred: The director of The Good Shepherd is played by the director in The God
[33/50] (3.5s) F1=0.00 Q: How long are the council terms of the city that shares ...
  Gold: four-year
  Pred: The council terms of the city that shares a county with Helvetia are four years.
[34/50] (3.6s) F1=0.00 Q: When was the region immediately north of the region tha...
  Gold: 1930
  Pred: 1900
[35/50] (3.5s) F1=0.00 Q: How did did the people fare during the reign of the abo...
  Gold: a long period of prosperity for the British people
  Pred: well
[36/50] (3.5s) F1=0.00 Q: What is the position of the 1st governor general of Ind...
  Gold: Governor-General of India
  Pred: 1st Governor
[37/50] (3.6s) F1=0.80 Q: Who is the child of the president who suffered a major ...
  Gold: Jessie Woodrow Wilson
  Pred: Woodrow Wilson
[38/50] (3.6s) F1=0.00 Q: What does dell call the feature letting the interface r...
  Gold: PowerShare
  Pred: USB
[39/50] (3.5s) F1=0.00 Q: Who wrote Turn Me On by the singer of Come Away with Me...
  Gold: John D. Loudermilk
  Pred: Michael Jackson wrote Turn Me On by the by the singer
[40/50] (3.6s) F1=0.00 Q: Who was second pick in the 1999 draft of the league tha...
  Gold: Josh Beckett
  Pred: Alex Rodriguez
[41/50] (3.5s) F1=0.00 Q: The Commission of Truth and Friendship established gove...
  Gold: Francisco Guterres
  Pred: Nuba
[42/50] (3.5s) F1=0.00 Q: Where is the country with ISO code ISO 3166-2:CV locate...
  Gold: central Atlantic Ocean
  Pred: The country with ISO code ISO 3166-2:CV is located in Africa.
[43/50] (3.6s) F1=0.50 Q: What was the form of the language Auctor is in, used in...
  Gold: Medieval Latin
  Pred: Old Latin
[44/50] (3.6s) F1=0.00 Q: When did the political party that favored harsh punishm...
  Gold: the 2010 election
  Pred: 1876
[45/50] (3.5s) F1=0.00 Q: When did the person chosen to be president of the confe...
  Gold: 1848
  Pred: June 1
[46/50] (3.5s) F1=0.00 Q: What city is the star of Sous les pieds des femmes from...
  Gold: La Goulette
  Pred: Paris
[47/50] (3.6s) F1=0.00 Q: what is meaning of the word that is a majority religion...
  Gold: the country of India
  Pred: Islam
[48/50] (3.5s) F1=0.00 Q: Who stars in the video "One Last Time" by the performer...
  Gold: Matt Bennett
  Pred: Baby I
[49/50] (3.5s) F1=0.00 Q: When did the majority party in the House of Representat...
  Gold: January 2015
  Pred: The majority party in the House of Representatives gained control of the body which approves members of the Cabinet.
[50/50] (3.6s) F1=0.00 Q: How many ethnic minorities were looked at differently i...
  Gold: two
  Pred: 1

============================================================
Dataset: musique  Mode: spread  N=50
  F1:        6.1%
  Precision: 7.2%
  Recall:    5.5%
  Contain:   0/50 = 0.0%
============================================================
