/projects/prjs1800/venvs/daes-venv/lib/python3.12/site-packages/transformers/utils/hub.py:110: FutureWarning: Using `TRANSFORMERS_CACHE` is deprecated and will be removed in v5 of Transformers. Use `HF_HOME` instead.
  warnings.warn(
Loading model from Dream-org/Dream-v0-Instruct-7B...
Loading checkpoint shards:   0%|          | 0/4 [00:00<?, ?it/s]Loading checkpoint shards:  25%|██▌       | 1/4 [00:01<00:05,  1.69s/it]Loading checkpoint shards:  50%|█████     | 2/4 [00:03<00:03,  1.73s/it]Loading checkpoint shards:  75%|███████▌  | 3/4 [00:04<00:01,  1.61s/it]Loading checkpoint shards: 100%|██████████| 4/4 [00:05<00:00,  1.12s/it]Loading checkpoint shards: 100%|██████████| 4/4 [00:05<00:00,  1.32s/it]
The following generation flags are not valid and may be ignored: ['temperature']. Set `TRANSFORMERS_VERBOSITY=info` for more details.
Loading 50 questions from musique...
[1/50] (3.9s) F1=0.00 Q: When was the person who Messi's goals in Copa del Rey c...
  Gold: June 1982
  Pred: The person who Messi's goals in Copa del Rey compared to got signed by Barcelona in 2003.
[2/50] (3.6s) F1=0.00 Q: What month did the Tripartite discussions begin between...
  Gold: mid-June
  Pred: The Tripartite discussions began in May.
[3/50] (3.5s) F1=0.17 Q: What county is Erik Hort's birthplace a part of?...
  Gold: Rockland County
  Pred: Erik Hort's birthplace is, which is a part of Cook County.
[4/50] (3.5s) F1=0.00 Q: What year did the publisher of Labyrinth end?...
  Gold: 1986
  Pred: The publisher of Labyrinth ended in the year 0.
[5/50] (3.5s) F1=0.00 Q: When was Lady Godiva's birthplace abolished?...
  Gold: 918
  Pred: Lady Godiva's birthplace was abolished in the year 9th.
[6/50] (3.6s) F1=0.00 Q: When was the region immediately north of the region whe...
  Gold: 1930
  Pred: The region immediately north of the region where Israel is located and the location of the Battle of Qurah and Umm al Ma
[7/50] (3.5s) F1=0.19 Q: Where does the body of water by the city where the Sout...
  Gold: the Mississippi River Delta
  Pred: The body of water by the city where the Southeast Library designer died empties into the Gulf of Mexico through the Miss
[8/50] (3.6s) F1=0.00 Q: When did the explorer reach the city where the headquar...
  Gold: August 3, 1769
  Pred: The explorer reached the city where the headquarters of the only group larger than Vilaiyaadu Mankatha's record label is
[9/50] (3.5s) F1=0.00 Q: When was the start of the battle of the birthplace of t...
  Gold: December 14, 1814
  Pred: The start of the battle of the birthplace of the performer of III was in 1812.
[10/50] (3.5s) F1=0.00 Q: What is the Till dom ensamma performer's birth date?...
  Gold: 11 September 1962
  Pred: The Till dom ensamma performer's birth date is 19 October 1972.
[11/50] (3.5s) F1=0.00 Q: How many episodes are in season 5 of the series with Th...
  Gold: 12
  Pred: Season 5 of the series has 1 Bag or Bat.
[12/50] (3.6s) F1=0.00 Q: How were the people from whom new coins were a proclama...
  Gold: The dynasty regrouped and defeated the Portuguese
  Pred: expelled
[13/50] (3.5s) F1=0.00 Q: What is the birthplace of the person after whom São Jos...
  Gold: Nazareth
  Pred: São José dos Campos
[14/50] (3.5s) F1=0.00 Q: How many times did plague occur in the place where Cruc...
  Gold: 22
  Pred: Plague occurred once in the place where Crucifixion's creator died.
[15/50] (3.6s) F1=0.00 Q: What year did the Governor of the city where the basili...
  Gold: 1952
  Pred: The Governor of the city where the basilica named after the same saint as the one that Mantua Cathedral is dedicated to 
[16/50] (3.5s) F1=0.00 Q: What company succeeded the owner of Empire Sports Netwo...
  Gold: Time Warner Cable
  Pred: The company that succeeded the owner of Empire Sports Network is Fox Sports.
[17/50] (3.6s) F1=0.10 Q: When was the Palau de la Generalitat constructed in the...
  Gold: built in the 15th century
  Pred: The Palau de la Generalitat was constructed in the city where Martin from the region where Perdiguera located died.
[18/50] (3.5s) F1=0.00 Q: Who married the actor from Terminator?...
  Gold: Maria Shriver
  Pred: Linda Hamilton married married the actor from Terminator.
[19/50] (3.5s) F1=0.00 Q: Who was in charge of the place where Castricum is locat...
  Gold: Johan Remkes
  Pred: The Roman Empire was in charge of the place of Castricum.
[20/50] (3.5s) F1=0.00 Q: Who is the mascot of the university related to Randy Co...
  Gold: Benny Beaver
  Pred: The mascot of the university closely related to Randy Conrads is the Goldencat.
[21/50] (3.6s) F1=0.00 Q: What does seal stand for in the U.S. military branch th...
  Gold: Sea, Air, and Land
  Pred: Seal stands for the States
[22/50] (3.5s) F1=0.20 Q: Who is the child of Chiang Hsiao-wen's father?...
  Gold: Chiang Hsiao-wu
  Pred: The child of Chiang Xiao-w's father is Chiang H-w.
[23/50] (3.5s) F1=0.22 Q: Where was the person who wrote about the rioting being ...
  Gold: University of Glasgow
  Pred: The person who wrote about the rioting being a dividing factor in Birmingham was educated at the University of.
[24/50] (3.5s) F1=0.00 Q: Whose sister played Susie in miracle on 34th street?...
  Gold: Lana Wood
  Pred: Susie was played by Billie Jean's sister
[25/50] (3.6s) F1=0.00 Q: Who is the child of the Italian navigator who explored ...
  Gold: Sebastian Cabot
  Pred: The child of the Italian navigator who explored the eastern coast of the continent César Gaytan was born in for the Engl
[26/50] (3.5s) F1=0.00 Q: Who is the spouse of Young Man Luther's author?...
  Gold: Joan Erikson
  Pred: The spouse of Young Man Luther's author is Elizabeth unknown.
[27/50] (3.5s) F1=0.00 Q: How many times did the plague occur in the city where t...
  Gold: 22
  Pred: The plague occurred in the times where the painter of The Bacchanal of the And And Andrians died.
[28/50] (3.5s) F1=0.00 Q: In what year was the group who performed Attics To Eden...
  Gold: 2005
  Pred: The group who performed Attics To Eden was formed in 1999.
[29/50] (3.6s) F1=0.00 Q: Where did the arguer that the country Directive 10/2 ca...
  Gold: the Politburo
  Pred: The arguer declared he would intervene in the Korean conflict in the.
[30/50] (3.5s) F1=0.00 Q: When did military instruction start at the place where ...
  Gold: 1912
  Pred: Military instruction started at the place where Larry Alcala was educated in 1842.
[31/50] (3.6s) F1=0.00 Q: When did the city where Greenwood Laboratory School is ...
  Gold: 1839
  Pred: The city where Greenwood Laboratory School is located became the capital of the state where the screenwriter of The Poor
[32/50] (3.5s) F1=0.00 Q: Who is played by the director of The Good Shepherd in T...
  Gold: Vito Corleone
  Pred: The director of The Good Shepherd, Peter Yates, played Tomny in in The Godfather.
[33/50] (3.5s) F1=0.00 Q: How long are the council terms of the city that shares ...
  Gold: four-year
  Pred: The council terms of the city that shares a county with Helvetia are 4 years..
[34/50] (3.6s) F1=0.00 Q: When was the region immediately north of the region tha...
  Gold: 1930
  Pred: The region immediately north of the region that prevailed with the disgrace of Near East and the terrain feature on whic
[35/50] (3.5s) F1=0.20 Q: How did did the people fare during the reign of the abo...
  Gold: a long period of prosperity for the British people
  Pred: The people fared well
[36/50] (3.5s) F1=0.31 Q: What is the position of the 1st governor general of Ind...
  Gold: Governor-General of India
  Pred: The 1st governor general of India held the position of Lord Cornwallive
[37/50] (3.6s) F1=0.20 Q: Who is the child of the president who suffered a major ...
  Gold: Jessie Woodrow Wilson
  Pred: The child of the president who suffered a major defeat when the Senate refused to ratify the Versailles Treaty is Woodro
[38/50] (3.6s) F1=0.00 Q: What does dell call the feature letting the interface r...
  Gold: PowerShare
  Pred: Power-
[39/50] (3.5s) F1=0.50 Q: Who wrote Turn Me On by the singer of Come Away with Me...
  Gold: John D. Loudermilk
  Pred: John
[40/50] (3.6s) F1=0.00 Q: Who was second pick in the 1999 draft of the league tha...
  Gold: Josh Beckett
  Pred: The second pick in the 1999 draft of the MLB was Alex J..
[41/50] (3.6s) F1=0.00 Q: The Commission of Truth and Friendship established gove...
  Gold: Francisco Guterres
  Pred: The Commission of Truth and Friendship
[42/50] (3.5s) F1=0.00 Q: Where is the country with ISO code ISO 3166-2:CV locate...
  Gold: central Atlantic Ocean
  Pred: The country with ISO code ISO 3166-2:CV is located in Africa.
[43/50] (3.6s) F1=0.40 Q: What was the form of the language Auctor is in, used in...
  Gold: Medieval Latin
  Pred: Late Latin Latin
[44/50] (3.5s) F1=0.00 Q: When did the political party that favored harsh punishm...
  Gold: the 2010 election
  Pred: The political party that favored harsh punishment of southern states after the Civil War, gained control of the House in
[45/50] (3.6s) F1=0.12 Q: When did the person chosen to be president of the confe...
  Gold: 1848
  Pred: The person chosen to be president of the confederacy ended his fight in the Mexican-American war in 1848.
[46/50] (3.5s) F1=0.00 Q: What city is the star of Sous les pieds des femmes from...
  Gold: La Goulette
  Pred: The star of Sous les pieds des femmes is from Paris.
[47/50] (3.6s) F1=0.00 Q: what is meaning of the word that is a majority religion...
  Gold: the country of India
  Pred: Hind
[48/50] (3.5s) F1=0.00 Q: Who stars in the video "One Last Time" by the performer...
  Gold: Matt Bennett
  Pred: Kney
[49/50] (3.5s) F1=0.00 Q: When did the majority party in the House of Representat...
  Gold: January 2015
  Pred: The majority party in the House of Representatives gained control of the body which approves members of the Cabinet in 2
[50/50] (3.6s) F1=0.00 Q: How many ethnic minorities were looked at differently i...
  Gold: two
  Pred: 1

============================================================
Dataset: musique  Mode: baseline  N=50
  F1:        5.2%
  Precision: 5.2%
  Recall:    11.8%
  Contain:   1/50 = 2.0%
============================================================
