/projects/prjs1800/venvs/daes-venv/lib/python3.12/site-packages/transformers/utils/hub.py:110: FutureWarning: Using `TRANSFORMERS_CACHE` is deprecated and will be removed in v5 of Transformers. Use `HF_HOME` instead.
  warnings.warn(
Loading model from Dream-org/Dream-v0-Instruct-7B...
Loading checkpoint shards:   0%|          | 0/4 [00:00<?, ?it/s]Loading checkpoint shards:  25%|██▌       | 1/4 [00:01<00:05,  1.97s/it]Loading checkpoint shards:  50%|█████     | 2/4 [00:03<00:03,  2.00s/it]Loading checkpoint shards:  75%|███████▌  | 3/4 [00:05<00:01,  1.85s/it]Loading checkpoint shards: 100%|██████████| 4/4 [00:06<00:00,  1.28s/it]Loading checkpoint shards: 100%|██████████| 4/4 [00:06<00:00,  1.52s/it]
The following generation flags are not valid and may be ignored: ['temperature']. Set `TRANSFORMERS_VERBOSITY=info` for more details.
Loading 50 questions from musique...
[1/50] (7.5s) F1=0.00 Q: When was the person who Messi's goals in Copa del Rey c...
  Gold: June 1982
  Pred: Unknown
[2/50] (7.3s) F1=0.00 Q: What month did the Tripartite discussions begin between...
  Gold: mid-June
  Pred: March
[3/50] (7.0s) F1=0.20 Q: What county is Erik Hort's birthplace a part of?...
  Gold: Rockland County
  Pred: Erik Hort's birthplace is a part of Lake County.
[4/50] (7.0s) F1=0.00 Q: What year did the publisher of Labyrinth end?...
  Gold: 1986
  Pred: 2000
[5/50] (7.0s) F1=0.00 Q: When was Lady Godiva's birthplace abolished?...
  Gold: 918
  Pred: Lady Godiva's birthplace was abolished in medieval times.
[6/50] (7.2s) F1=0.00 Q: When was the region immediately north of the region whe...
  Gold: 1930
  Pred: None
[7/50] (7.2s) F1=0.40 Q: Where does the body of water by the city where the Sout...
  Gold: the Mississippi River Delta
  Pred: Red River
[8/50] (7.2s) F1=0.00 Q: When did the explorer reach the city where the headquar...
  Gold: August 3, 1769
  Pred: Unknown
[9/50] (7.1s) F1=0.00 Q: When was the start of the battle of the birthplace of t...
  Gold: December 14, 1814
  Pred: The start of the battle of the birthplace of the performer of III was in 1941.
[10/50] (7.0s) F1=0.00 Q: What is the Till dom ensamma performer's birth date?...
  Gold: 11 September 1962
  Pred: 15 February 1969
[11/50] (7.1s) F1=0.00 Q: How many episodes are in season 5 of the series with Th...
  Gold: 12
  Pred: Season 5 of the series with The Bag or the Bat has 6 episodes.
[12/50] (7.2s) F1=0.00 Q: How were the people from whom new coins were a proclama...
  Gold: The dynasty regrouped and defeated the Portuguese
  Pred: expelled
[13/50] (7.1s) F1=0.00 Q: What is the birthplace of the person after whom São Jos...
  Gold: Nazareth
  Pred: Portugal
[14/50] (7.1s) F1=0.00 Q: How many times did plague occur in the place where Cruc...
  Gold: 22
  Pred: 1
[15/50] (7.2s) F1=0.00 Q: What year did the Governor of the city where the basili...
  Gold: 1952
  Pred: 1871
[16/50] (7.0s) F1=0.00 Q: What company succeeded the owner of Empire Sports Netwo...
  Gold: Time Warner Cable
  Pred: Fox Sports
[17/50] (7.2s) F1=0.00 Q: When was the Palau de la Generalitat constructed in the...
  Gold: built in the 15th century
  Pred: 1890
[18/50] (7.0s) F1=0.00 Q: Who married the actor from Terminator?...
  Gold: Maria Shriver
  Pred: The actor is not married
[19/50] (7.1s) F1=0.00 Q: Who was in charge of the place where Castricum is locat...
  Gold: Johan Remkes
  Pred: The Romans
[20/50] (7.1s) F1=0.00 Q: Who is the mascot of the university related to Randy Co...
  Gold: Benny Beaver
  Pred: Randy Randy Conrads
[21/50] (7.2s) F1=0.00 Q: What does seal stand for in the U.S. military branch th...
  Gold: Sea, Air, and Land
  Pred: seal
[22/50] (7.1s) F1=0.50 Q: Who is the child of Chiang Hsiao-wen's father?...
  Gold: Chiang Hsiao-wu
  Pred: Chiang Hsin
[23/50] (7.1s) F1=0.00 Q: Where was the person who wrote about the rioting being ...
  Gold: University of Glasgow
  Pred: Birmingham1971 riot
[24/50] (7.1s) F1=0.00 Q: Whose sister played Susie in miracle on 34th street?...
  Gold: Lana Wood
  Pred: 
[25/50] (7.2s) F1=0.00 Q: Who is the child of the Italian navigator who explored ...
  Gold: Sebastian Cabot
  Pred: Christopher Columbus
[26/50] (7.0s) F1=0.00 Q: Who is the spouse of Young Man Luther's author?...
  Gold: Joan Erikson
  Pred: The spouse of Young Man Luther's author is not unknown.
[27/50] (7.1s) F1=0.00 Q: How many times did the plague occur in the city where t...
  Gold: 22
  Pred: Once
[28/50] (7.1s) F1=0.00 Q: In what year was the group who performed Attics To Eden...
  Gold: 2005
  Pred: 199
[29/50] (7.3s) F1=0.00 Q: Where did the arguer that the country Directive 10/2 ca...
  Gold: the Politburo
  Pred: China
[30/50] (7.1s) F1=0.00 Q: When did military instruction start at the place where ...
  Gold: 1912
  Pred: Military instruction started in 1940.
[31/50] (7.2s) F1=0.00 Q: When did the city where Greenwood Laboratory School is ...
  Gold: 1839
  Pred: 181
[32/50] (7.1s) F1=0.00 Q: Who is played by the director of The Good Shepherd in T...
  Gold: Vito Corleone
  Pred: The director of Good Shepherd played by
[33/50] (7.1s) F1=0.00 Q: How long are the council terms of the city that shares ...
  Gold: four-year
  Pred: The council terms of the city that shares a county with Helvetia are 4 years..
[34/50] (7.2s) F1=0.00 Q: When was the region immediately north of the region tha...
  Gold: 1930
  Pred: 1948
[35/50] (7.1s) F1=0.00 Q: How did did the people fare during the reign of the abo...
  Gold: a long period of prosperity for the British people
  Pred: well
[36/50] (7.1s) F1=0.40 Q: What is the position of the 1st governor general of Ind...
  Gold: Governor-General of India
  Pred: Governor India
[37/50] (7.2s) F1=0.80 Q: Who is the child of the president who suffered a major ...
  Gold: Jessie Woodrow Wilson
  Pred: Woodrow Wilson
[38/50] (7.2s) F1=0.00 Q: What does dell call the feature letting the interface r...
  Gold: PowerShare
  Pred: USB-C
[39/50] (7.1s) F1=0.40 Q: Who wrote Turn Me On by the singer of Come Away with Me...
  Gold: John D. Loudermilk
  Pred: John Lennon
[40/50] (7.2s) F1=0.00 Q: Who was second pick in the 1999 draft of the league tha...
  Gold: Josh Beckett
  Pred: Alex Rodriguez
[41/50] (7.2s) F1=0.00 Q: The Commission of Truth and Friendship established gove...
  Gold: Francisco Guterres
  Pred: France
[42/50] (7.1s) F1=0.00 Q: Where is the country with ISO code ISO 3166-2:CV locate...
  Gold: central Atlantic Ocean
  Pred: The country with ISO code ISO 3166-2:CV is located in Africa.
[43/50] (7.2s) F1=0.40 Q: What was the form of the language Auctor is in, used in...
  Gold: Medieval Latin
  Pred: Late Latin Latin
[44/50] (7.2s) F1=0.00 Q: When did the political party that favored harsh punishm...
  Gold: the 2010 election
  Pred: 18
[45/50] (7.1s) F1=0.00 Q: When did the person chosen to be president of the confe...
  Gold: 1848
  Pred: 
[46/50] (7.1s) F1=0.00 Q: What city is the star of Sous les pieds des femmes from...
  Gold: La Goulette
  Pred: Paris
[47/50] (7.2s) F1=0.00 Q: what is meaning of the word that is a majority religion...
  Gold: the country of India
  Pred: Hind
[48/50] (7.1s) F1=0.00 Q: Who stars in the video "One Last Time" by the performer...
  Gold: Matt Bennett
  Pred: Baby I
[49/50] (7.1s) F1=0.00 Q: When did the majority party in the House of Representat...
  Gold: January 2015
  Pred: The majority party in the House of Representatives gained control of the Senate, which body approves members of the Cabi
[50/50] (7.2s) F1=0.00 Q: How many ethnic minorities were looked at differently i...
  Gold: two
  Pred: 1

============================================================
Dataset: musique  Mode: iter_espread  N=50
  F1:        6.2%
  Precision: 6.9%
  Recall:    6.3%
  Contain:   0/50 = 0.0%
============================================================
