==========================================
Day 5: Reranker + CoT Baseline
Job ID: 19319101
Node: gcn23
Start time: Sat Feb 7 10:42:34 CET 2026
==========================================
============================================================================================== 
Warning! Mixing Conda and module environments may lead to corruption of the
user environment. 
We do not recommend users mixing those two environments unless absolutely
necessary. Note that 
SURF does not provide any support for Conda environment.
For more information, please refer to our software policy page:
https://servicedesk.surf.nl/wiki/display/WIKI/Software+policy+Snellius#SoftwarepolicySnellius-UseofAnacondaandMinicondaenvironmentsonSnellius 

Remember that many packages have already been installed on the system and can
be loaded using 
the 'module load <package__name>' command. If you are uncertain if a package is
already available 
on the system, please use 'module avail' or 'module spider' to search for it.
============================================================================================== 
GPU Info:
name, memory.total [MiB], memory.free [MiB]
NVIDIA A100-SXM4-40GB, 40960 MiB, 40442 MiB

==========================================
Running Reranker + CoT on HotpotQA
Start: Sat Feb 7 10:42:35 CET 2026
==========================================
/projects/prjs1800/venvs/FlashRAG-venv/lib/python3.10/site-packages/transformers/utils/hub.py:110: FutureWarning: Using `TRANSFORMERS_CACHE` is deprecated and will be removed in v5 of Transformers. Use `HF_HOME` instead.
  warnings.warn(
Loading config from configs/flashrag/reranker_cot_qwen25_hotpotqa.yaml
Traceback (most recent call last):
  File "/gpfs/work5/0/prjs1800/msc-thesis/scripts/run_reranker_cot_rag.py", line 197, in <module>
    main()
  File "/gpfs/work5/0/prjs1800/msc-thesis/scripts/run_reranker_cot_rag.py", line 90, in main
    print(f"Dataset: {config[dataset_name]}, Split: {config[split]}")
NameError: name 'dataset_name' is not defined
Reranker+CoT HotpotQA completed: Sat Feb 7 10:43:33 CET 2026
==========================================
Running Reranker + CoT on MuSiQue
Start: Sat Feb 7 10:43:33 CET 2026
==========================================
/projects/prjs1800/venvs/FlashRAG-venv/lib/python3.10/site-packages/transformers/utils/hub.py:110: FutureWarning: Using `TRANSFORMERS_CACHE` is deprecated and will be removed in v5 of Transformers. Use `HF_HOME` instead.
  warnings.warn(
Loading config from configs/flashrag/reranker_cot_qwen25_musique.yaml
Traceback (most recent call last):
  File "/gpfs/work5/0/prjs1800/msc-thesis/scripts/run_reranker_cot_rag.py", line 197, in <module>
    main()
  File "/gpfs/work5/0/prjs1800/msc-thesis/scripts/run_reranker_cot_rag.py", line 90, in main
    print(f"Dataset: {config[dataset_name]}, Split: {config[split]}")
NameError: name 'dataset_name' is not defined
Reranker+CoT MuSiQue completed: Sat Feb 7 10:43:39 CET 2026
==========================================
Day 5 Reranker+CoT complete
End time: Sat Feb 7 10:43:39 CET 2026
==========================================
