/projects/prjs1800/venvs/arag-venv/lib/python3.10/site-packages/transformers/utils/hub.py:110: FutureWarning: Using `TRANSFORMERS_CACHE` is deprecated and will be removed in v5 of Transformers. Use `HF_HOME` instead.
  warnings.warn(
=== Baselines Runner ===
Model: llada, Dataset: hotpotqa, Rounds: 3
`torch_dtype` is deprecated! Use `dtype` instead!
Loading checkpoint shards:   0%|          | 0/6 [00:00<?, ?it/s]Loading checkpoint shards:  50%|█████     | 3/6 [00:00<00:00, 18.23it/s]Loading checkpoint shards: 100%|██████████| 6/6 [00:00<00:00, 20.87it/s]Loading checkpoint shards: 100%|██████████| 6/6 [00:00<00:00, 20.41it/s]
  Model loaded in 41.1s
Loaded 200 questions
Batch initial retrieval...
  Done in 475.6s
[1/200] dev_600 (29.0s)
  spread           Kenny Young                              F1=1.000 EM=1
  aram             Kenny Young                              F1=1.000 EM=1
  ispread          Kenny Young                              F1=1.000 EM=1
  iaram            Kenny Young                              F1=1.000 EM=1
[10/200] dev_609 (47.3s)
  spread           Andrew Johnson was older, as he was born F1=0.118 EM=0
  aram             George Atzerodt                          F1=0.000 EM=0
  ispread          Andrew Johnson was older, as he was born F1=0.118 EM=0
  iaram            George Atzerodt                          F1=0.000 EM=0
[20/200] dev_619 (50.9s)
  spread           Glam-style funk metal                    F1=0.333 EM=0
  aram             Glam metal                               F1=1.000 EM=1
  ispread          Glam metal                               F1=1.000 EM=1
  iaram            Glam metal                               F1=1.000 EM=1
[30/200] dev_629 (106.4s)
  spread           Theo Stevenson                           F1=0.000 EM=0
  aram             Theo Stevenson                           F1=0.000 EM=0
  ispread          Ray Stevenson was one of the stars who p F1=0.000 EM=0
  iaram            One of the stars who played the two olde F1=0.000 EM=0
[40/200] dev_639 (83.9s)
  spread           Walk Like An Egyptian                    F1=1.000 EM=0
  aram             Walk Like An Egyptian                    F1=1.000 EM=0
  ispread          Michael Steele is responsible for the nu F1=0.167 EM=0
  iaram            Michael Steele is responsible for the nu F1=0.167 EM=0
[50/200] dev_649 (28.7s)
  spread           MIT Technology Review                    F1=0.000 EM=0
  aram             MIT Technology Review                    F1=0.000 EM=0
  ispread          MIT Technology Review                    F1=0.000 EM=0
  iaram            MIT Technology Review                    F1=0.000 EM=0
[60/200] dev_659 (79.5s)
  spread           The seven-time World and Olympic medalis F1=0.188 EM=0
  aram             The seven-time World and Olympic medalis F1=0.188 EM=0
  ispread          The seven-time World and Olympic medalis F1=0.188 EM=0
  iaram            The seven-time World and Olympic medalis F1=0.188 EM=0
[70/200] dev_669 (80.7s)
  spread           sailors                                  F1=0.000 EM=0
  aram             directors                                F1=0.000 EM=0
  ispread          Diplomat and tennis player.

Direct Answ F1=0.158 EM=0
  iaram            ustralians                               F1=0.000 EM=0
[80/200] dev_679 (27.6s)
  spread           American                                 F1=1.000 EM=1
  aram             American                                 F1=1.000 EM=1
  ispread          American                                 F1=1.000 EM=1
  iaram            American                                 F1=1.000 EM=1
[90/200] dev_689 (83.6s)
  spread           Windigo                                  F1=0.000 EM=0
  aram             Windigo                                  F1=0.000 EM=0
  ispread          The legend that lends its name to a mode F1=0.000 EM=0
  iaram            Wendigo                                  F1=1.000 EM=1
[100/200] dev_699 (47.5s)
  spread           Howard Fast                              F1=1.000 EM=0
  aram             Laura Esquivel                           F1=0.000 EM=0
  ispread          Howard Fast                              F1=1.000 EM=0
  iaram            Laura Esquivel                           F1=0.000 EM=0
[110/200] dev_709 (77.4s)
  spread           Toronto                                  F1=0.000 EM=0
  aram             Toronto                                  F1=0.000 EM=0
  ispread          Toronto                                  F1=0.000 EM=0
  iaram            Toronto                                  F1=0.000 EM=0
[120/200] dev_719 (49.0s)
  spread           Football League                          F1=0.000 EM=0
  aram             Football League                          F1=0.000 EM=0
  ispread          Football League                          F1=0.000 EM=0
  iaram            Football League                          F1=0.000 EM=0
[130/200] dev_729 (50.0s)
  spread           Alexi Laiho                              F1=0.000 EM=0
  aram             Alexi Laiho                              F1=0.000 EM=0
  ispread          Alexi Laiho                              F1=0.000 EM=0
  iaram            Alexi Laiho                              F1=0.000 EM=0
[140/200] dev_739 (50.4s)
  spread           No                                       F1=0.000 EM=0
  aram             No                                       F1=0.000 EM=0
  ispread          No                                       F1=0.000 EM=0
  iaram            No                                       F1=0.000 EM=0
[150/200] dev_749 (29.6s)
  spread           Tulsa                                    F1=0.000 EM=0
  aram             Tulsa                                    F1=0.000 EM=0
  ispread          Tulsa                                    F1=0.000 EM=0
  iaram            Tulsa                                    F1=0.000 EM=0
[160/200] dev_759 (71.0s)
  spread           No, Halldór Laxness and Timothy Leary we F1=0.056 EM=0
  aram             No, Halldór Laxness and Timothy Leary we F1=0.056 EM=0
  ispread          No, Halldór Laxness and Timothy Leary we F1=0.056 EM=0
  iaram            No, Halldór Laxness and Timothy Leary we F1=0.056 EM=0
[170/200] dev_769 (60.3s)
  spread           The Climb                                F1=0.000 EM=0
  aram             The Climb                                F1=0.000 EM=0
  ispread          The Climb (1999 film) was released first F1=0.176 EM=0
  iaram            The Climb was released first. It was rel F1=0.176 EM=0
[180/200] dev_779 (29.3s)
  spread           Bourbon County                           F1=1.000 EM=1
  aram             Bourbon County                           F1=1.000 EM=1
  ispread          Bourbon County                           F1=1.000 EM=1
  iaram            Bourbon County                           F1=1.000 EM=1
[190/200] dev_789 (54.1s)
  spread           Chloë Agnew                              F1=1.000 EM=0
  aram             Chloë Agnew                              F1=1.000 EM=0
  ispread          Chloë Agnew                              F1=1.000 EM=0
  iaram            Chloë Agnew                              F1=1.000 EM=0
[200/200] dev_799 (53.5s)
  spread           No                                       F1=1.000 EM=1
  aram             No                                       F1=1.000 EM=1
  ispread          No, Waste Land and Shikashika are not ty F1=0.053 EM=0
  iaram            No                                       F1=1.000 EM=1

Method               F1     EM  Contain
--------------------------------------
spread            0.397  0.250    0.400
aram              0.416  0.270    0.365
ispread           0.361  0.230    0.455
iaram             0.383  0.250    0.430

Total: 12258.0s (61.3s/q)
