/projects/prjs1800/venvs/arag-venv/lib/python3.10/site-packages/transformers/utils/hub.py:110: FutureWarning: Using `TRANSFORMERS_CACHE` is deprecated and will be removed in v5 of Transformers. Use `HF_HOME` instead.
  warnings.warn(
=== Baselines Runner ===
Model: llada, Dataset: hotpotqa, Rounds: 3
`torch_dtype` is deprecated! Use `dtype` instead!
Loading checkpoint shards:   0%|          | 0/6 [00:00<?, ?it/s]Loading checkpoint shards:  33%|███▎      | 2/6 [00:00<00:00, 18.97it/s]Loading checkpoint shards:  67%|██████▋   | 4/6 [00:00<00:00, 13.40it/s]Loading checkpoint shards: 100%|██████████| 6/6 [00:00<00:00, 15.28it/s]Loading checkpoint shards: 100%|██████████| 6/6 [00:00<00:00, 15.20it/s]
  Model loaded in 41.9s
Loaded 200 questions
Batch initial retrieval...
  Done in 476.7s
[1/200] dev_200 (51.0s)
  spread           Crackle                                  F1=1.000 EM=1
  aram             Crackle                                  F1=1.000 EM=1
  ispread          Crackle                                  F1=1.000 EM=1
  iaram            Crackle                                  F1=1.000 EM=1
[10/200] dev_209 (69.4s)
  spread           Margot Robbie                            F1=0.000 EM=0
  aram             Margot Robbie                            F1=0.000 EM=0
  ispread          Margot Robbie is the post DC Extended Un F1=0.000 EM=0
  iaram            Margot Robbie is the post-DC Extended Un F1=0.000 EM=0
[20/200] dev_219 (64.5s)
  spread           India                                    F1=0.000 EM=0
  aram             India                                    F1=0.000 EM=0
  ispread          The Falkland Islands tied Canada for #20 F1=0.000 EM=0
  iaram            India                                    F1=0.000 EM=0
[30/200] dev_229 (47.1s)
  spread           Brabejum                                 F1=0.000 EM=0
  aram             Marsilea                                 F1=1.000 EM=1
  ispread          Brabejum                                 F1=0.000 EM=0
  iaram            Marsilea                                 F1=1.000 EM=1
[40/200] dev_239 (94.8s)
  spread           Ehretia                                  F1=1.000 EM=1
  aram             Ehretia                                  F1=1.000 EM=1
  ispread          Xanthoceras has 1 species (Xanthoceras s F1=0.077 EM=0
  iaram            Xanthoceras has only one species, Xantho F1=0.071 EM=0
[50/200] dev_249 (29.7s)
  spread           Taylor Swift                             F1=1.000 EM=1
  aram             Taylor Swift                             F1=1.000 EM=1
  ispread          Taylor Swift                             F1=1.000 EM=1
  iaram            Taylor Swift                             F1=1.000 EM=1
[60/200] dev_259 (69.3s)
  spread           Asante Traditional Buildings             F1=0.000 EM=0
  aram             Asante Traditional Buildings             F1=0.000 EM=0
  ispread          Asante Traditional Buildings             F1=0.000 EM=0
  iaram            Gulangyu                                 F1=1.000 EM=1
[70/200] dev_269 (49.2s)
  spread           Anna Clyne                               F1=1.000 EM=1
  aram             Anna Clyne                               F1=1.000 EM=1
  ispread          Anna Clyne                               F1=1.000 EM=1
  iaram            Anna Clyne                               F1=1.000 EM=1
[80/200] dev_279 (70.9s)
  spread           Eugene Habecker is the chairman of Chris F1=0.050 EM=0
  aram             Christianity Today                       F1=0.000 EM=0
  ispread          Eugene Habecker is the chairman of Chris F1=0.050 EM=0
  iaram            Eugene Habecker is the chairman of Chris F1=0.176 EM=0
[90/200] dev_289 (49.2s)
  spread           "Hey Pa! There's a Goat on the Roof" (19 F1=0.667 EM=0
  aram             "Hey Pa! There's a Goat on the Roof" (19 F1=0.667 EM=0
  ispread          "Hey Pa! There's a Goat on the Roof" (19 F1=0.667 EM=0
  iaram            "Hey Pa! There's a Goat on the Roof" (19 F1=0.667 EM=0
[100/200] dev_299 (55.3s)
  spread           The rock band that sang "All Join Hands" F1=0.000 EM=0
  aram             1984                                     F1=0.000 EM=0
  ispread          Slade, the band that sang "All Join Hand F1=0.118 EM=0
  iaram            The rock band that sang "All Join Hands" F1=0.111 EM=0
[110/200] dev_309 (45.6s)
  spread           Yes                                      F1=1.000 EM=1
  aram             Yes                                      F1=1.000 EM=1
  ispread          Yes                                      F1=1.000 EM=1
  iaram            Yes                                      F1=1.000 EM=1
[120/200] dev_319 (56.8s)
  spread           B*Witched                                F1=0.000 EM=0
  aram             B*Witched                                F1=0.000 EM=0
  ispread          Two positions were filled in The Voice o F1=0.000 EM=0
  iaram            B*Witched                                F1=0.000 EM=0
[130/200] dev_329 (88.6s)
  spread           Kunming                                  F1=0.000 EM=0
  aram             Kunming                                  F1=0.000 EM=0
  ispread          The city that contains the Yunnan Provin F1=0.105 EM=0
  iaram            The city that contains the Yunnan Provin F1=0.095 EM=0
[140/200] dev_339 (49.5s)
  spread           40,793                                   F1=0.000 EM=0
  aram             40,793                                   F1=0.000 EM=0
  ispread          Arrowhead Stadium, designed by Charles D F1=0.067 EM=0
  iaram            Arrowhead Stadium, other than Kauffman S F1=0.067 EM=0
[150/200] dev_349 (30.3s)
  spread           2009                                     F1=1.000 EM=1
  aram             2009                                     F1=1.000 EM=1
  ispread          2009                                     F1=1.000 EM=1
  iaram            2009                                     F1=1.000 EM=1
[160/200] dev_359 (94.4s)
  spread           The producers of "The WitWits," where Ch F1=0.056 EM=0
  aram             The producers of the show for which Chri F1=0.048 EM=0
  ispread          The producers of the show for which Chri F1=0.048 EM=0
  iaram            The producers of the show for which Chri F1=0.050 EM=0
[170/200] dev_369 (77.1s)
  spread           James Packer                             F1=1.000 EM=1
  aram             James Packer                             F1=1.000 EM=1
  ispread          James Packer                             F1=1.000 EM=1
  iaram            James Packer                             F1=1.000 EM=1
[180/200] dev_379 (47.0s)
  spread           It is the first domed structure of its s F1=0.045 EM=0
  aram             The Houston Astrodome is called the Eigh F1=0.095 EM=0
  ispread          It is the first domed structure of its s F1=0.045 EM=0
  iaram            The Houston Astrodome is called the Eigh F1=0.095 EM=0
[190/200] dev_389 (50.8s)
  spread           Soha Ali Khan                            F1=1.000 EM=1
  aram             Soha Ali Khan                            F1=1.000 EM=1
  ispread          Avantika Khatri, a lead actress in War C F1=0.000 EM=0
  iaram            Avantika Khatri, the lead actress in War F1=0.000 EM=0
[200/200] dev_399 (96.2s)
  spread           Pro Bono Australia                       F1=0.000 EM=0
  aram             BBC.                                     F1=0.000 EM=0
  ispread          Wendy Ayche was featured in 2016 in an a F1=0.000 EM=0
  iaram            Wendy Ayche was featured in 2016 in an a F1=0.000 EM=0

Method               F1     EM  Contain
--------------------------------------
spread            0.411  0.280    0.360
aram              0.431  0.295    0.335
ispread           0.334  0.220    0.440
iaram             0.388  0.250    0.435

Total: 12283.3s (61.4s/q)
