/projects/prjs1800/venvs/arag-venv/lib/python3.10/site-packages/transformers/utils/hub.py:110: FutureWarning: Using `TRANSFORMERS_CACHE` is deprecated and will be removed in v5 of Transformers. Use `HF_HOME` instead.
  warnings.warn(
=== Baselines Runner ===
Model: llada, Dataset: hotpotqa, Rounds: 3
`torch_dtype` is deprecated! Use `dtype` instead!
Loading checkpoint shards:   0%|          | 0/6 [00:00<?, ?it/s]Loading checkpoint shards:  50%|█████     | 3/6 [00:00<00:00, 18.17it/s]Loading checkpoint shards: 100%|██████████| 6/6 [00:00<00:00, 20.84it/s]Loading checkpoint shards: 100%|██████████| 6/6 [00:00<00:00, 20.37it/s]
  Model loaded in 41.1s
Loaded 200 questions
Batch initial retrieval...
  Done in 475.9s
[1/200] dev_800 (28.8s)
  spread           portraits                                F1=0.000 EM=0
  aram             portraits                                F1=0.000 EM=0
  ispread          portraits                                F1=0.000 EM=0
  iaram            portraits                                F1=0.000 EM=0
[10/200] dev_809 (30.3s)
  spread           Carnatic music                           F1=1.000 EM=1
  aram             Carnatic music                           F1=1.000 EM=1
  ispread          Carnatic music                           F1=1.000 EM=1
  iaram            Carnatic music                           F1=1.000 EM=1
[20/200] dev_819 (27.6s)
  spread           GE Appliances                            F1=1.000 EM=1
  aram             GE Appliances                            F1=1.000 EM=1
  ispread          GE Appliances                            F1=1.000 EM=1
  iaram            GE Appliances                            F1=1.000 EM=1
[30/200] dev_829 (52.1s)
  spread           Australia                                F1=0.000 EM=0
  aram             Australia                                F1=0.000 EM=0
  ispread          Australia                                F1=0.000 EM=0
  iaram            Australia                                F1=0.000 EM=0
[40/200] dev_839 (64.7s)
  spread           English Heritage                         F1=0.000 EM=0
  aram             English Heritage                         F1=0.000 EM=0
  ispread          Isabella Kelly was born at Cairnburgh Ca F1=0.000 EM=0
  iaram            Isabella Kelly was born at a ruined cast F1=0.000 EM=0
[50/200] dev_849 (49.6s)
  spread           William Vere Reeve King-Fane resigned fr F1=0.000 EM=0
  aram             William Vere Reeve King-Fane resigned fr F1=0.000 EM=0
  ispread          William Vere Reeve King-Fane resigned fr F1=0.000 EM=0
  iaram            William Vere Reeve King-Fane resigned fr F1=0.000 EM=0
[60/200] dev_859 (48.1s)
  spread           The members of the von Trapp musical gro F1=0.158 EM=0
  aram             The members of the von Trapp musical gro F1=0.158 EM=0
  ispread          The members of the von Trapp musical gro F1=0.158 EM=0
  iaram            The members of the von Trapp musical gro F1=0.158 EM=0
[70/200] dev_869 (41.5s)
  spread           Jordan Peele and Alex Rubens             F1=0.400 EM=0
  aram             Keanu is a 2016 American action comedy f F1=0.105 EM=0
  ispread          Jordan Peele and Alex Rubens             F1=0.400 EM=0
  iaram            Keanu is a 2016 American action comedy f F1=0.105 EM=0
[80/200] dev_879 (80.1s)
  spread           Minister Pool is not mentioned in the pr F1=0.000 EM=0
  aram             Minister Pool is important to Black Coun F1=0.000 EM=0
  ispread          Minister Pool is important to Black Coun F1=0.040 EM=0
  iaram            Minster Pool is important to the Black C F1=0.130 EM=0
[90/200] dev_889 (106.6s)
  spread           pizza                                    F1=0.000 EM=0
  aram             Pizza                                    F1=0.000 EM=0
  ispread          One of Daniel Greene's subjects, Wendy's F1=0.000 EM=0
  iaram            One of Daniel Greene's subjects' restaur F1=0.000 EM=0
[100/200] dev_899 (47.3s)
  spread           Yes                                      F1=0.000 EM=0
  aram             Yes                                      F1=0.000 EM=0
  ispread          Yes                                      F1=0.000 EM=0
  iaram            Yes                                      F1=0.000 EM=0
[110/200] dev_909 (47.9s)
  spread           No, Delmer Daves is not mentioned in the F1=0.000 EM=0
  aram             No                                       F1=0.000 EM=0
  ispread          No, Delmer Daves is not mentioned in the F1=0.000 EM=0
  iaram            No                                       F1=0.000 EM=0
[120/200] dev_919 (53.7s)
  spread           Father Dougal McGuire                    F1=1.000 EM=1
  aram             Father Dougal McGuire                    F1=1.000 EM=1
  ispread          Father Dougal McGuire                    F1=1.000 EM=1
  iaram            Father Dougal McGuire                    F1=1.000 EM=1
[130/200] dev_929 (62.6s)
  spread           Daniel Patrick Moynihan                  F1=1.000 EM=0
  aram             Daniel Patrick Moynihan                  F1=1.000 EM=0
  ispread          Daniel Patrick Moynihan was elected mult F1=0.136 EM=0
  iaram            Daniel Patrick Moynihan was elected six  F1=0.136 EM=0
[140/200] dev_939 (54.4s)
  spread           1814                                     F1=0.000 EM=0
  aram             1914                                     F1=0.000 EM=0
  ispread          1614                                     F1=1.000 EM=1
  iaram            1614                                     F1=1.000 EM=1
[150/200] dev_949 (29.5s)
  spread           Haddo House                              F1=0.000 EM=0
  aram             Haddo House                              F1=0.000 EM=0
  ispread          Haddo House                              F1=0.000 EM=0
  iaram            Haddo House                              F1=0.000 EM=0
[160/200] dev_959 (87.3s)
  spread           Go into Your Dance                       F1=0.000 EM=0
  aram             Go into Your Dance                       F1=0.000 EM=0
  ispread          The tap dancing soloist in My Feet Keep  F1=0.000 EM=0
  iaram            The tap dancing soloist in My Feet Keep  F1=0.000 EM=0
[170/200] dev_969 (27.3s)
  spread           Spam                                     F1=1.000 EM=1
  aram             Spam                                     F1=1.000 EM=1
  ispread          Spam                                     F1=1.000 EM=1
  iaram            Spam                                     F1=1.000 EM=1
[180/200] dev_979 (60.2s)
  spread           Arthur Lubin was born first in 1899, whi F1=0.071 EM=0
  aram             Aleksandr Ivanovsky was born first, in 1 F1=0.143 EM=0
  ispread          Aleksandr Ivanovsky (1896-1960) and Arth F1=0.222 EM=0
  iaram            Aleksandr Ivanovsky was born first, in 1 F1=0.143 EM=0
[190/200] dev_989 (28.5s)
  spread           Heavyweights                             F1=1.000 EM=1
  aram             Heavyweights                             F1=1.000 EM=1
  ispread          Heavyweights                             F1=1.000 EM=1
  iaram            Heavyweights                             F1=1.000 EM=1
[200/200] dev_999 (57.7s)
  spread           Resonator                                F1=0.000 EM=0
  aram             Strumming                                F1=0.000 EM=0
  ispread          Ndebele music and Musical bow share the  F1=0.000 EM=0
  iaram            Strumming                                F1=0.000 EM=0

Method               F1     EM  Contain
--------------------------------------
spread            0.377  0.265    0.340
aram              0.412  0.290    0.355
ispread           0.342  0.255    0.420
iaram             0.389  0.295    0.415

Total: 12246.6s (61.2s/q)
