/projects/prjs1800/venvs/arag-venv/lib/python3.10/site-packages/transformers/utils/hub.py:110: FutureWarning: Using `TRANSFORMERS_CACHE` is deprecated and will be removed in v5 of Transformers. Use `HF_HOME` instead.
  warnings.warn(
=== Baselines Runner ===
Model: llada, Dataset: hotpotqa, Rounds: 3
`torch_dtype` is deprecated! Use `dtype` instead!
Loading checkpoint shards:   0%|          | 0/6 [00:00<?, ?it/s]Loading checkpoint shards:  33%|███▎      | 2/6 [00:00<00:00, 19.16it/s]Loading checkpoint shards:  67%|██████▋   | 4/6 [00:00<00:00, 13.44it/s]Loading checkpoint shards: 100%|██████████| 6/6 [00:00<00:00, 15.31it/s]Loading checkpoint shards: 100%|██████████| 6/6 [00:00<00:00, 15.24it/s]
  Model loaded in 41.9s
Loaded 200 questions
Batch initial retrieval...
  Done in 476.7s
[1/200] dev_0 (82.5s)
  spread           No                                       F1=0.000 EM=0
  aram             No                                       F1=0.000 EM=0
  ispread          No, Scott Derrickson and Ed Wood were no F1=0.000 EM=0
  iaram            No, Scott Derrickson and Ed Wood were no F1=0.000 EM=0
[10/200] dev_9 (48.9s)
  spread           Yes                                      F1=1.000 EM=1
  aram             Yes                                      F1=1.000 EM=1
  ispread          Yes                                      F1=1.000 EM=1
  iaram            Yes                                      F1=1.000 EM=1
[20/200] dev_19 (50.1s)
  spread           Robert Erskine Childers                  F1=1.000 EM=0
  aram             Robert Erskine Childers                  F1=1.000 EM=0
  ispread          Robert Erskine Childers                  F1=1.000 EM=0
  iaram            Robert Erskine Childers                  F1=1.000 EM=0
[30/200] dev_29 (48.4s)
  spread           Starfaring                               F1=0.000 EM=0
  aram             Starfaring                               F1=0.000 EM=0
  ispread          Starfaring                               F1=0.000 EM=0
  iaram            Starfaring                               F1=0.000 EM=0
[40/200] dev_39 (50.3s)
  spread           New York                                 F1=1.000 EM=0
  aram             New York                                 F1=1.000 EM=0
  ispread          New York                                 F1=1.000 EM=0
  iaram            New York                                 F1=1.000 EM=0
[50/200] dev_49 (98.0s)
  spread           English Electric Canberra                F1=1.000 EM=1
  aram             English Electric Canberra                F1=1.000 EM=1
  ispread          The British first-generation jet-powered F1=0.000 EM=0
  iaram            The British first-generation jet-powered F1=0.143 EM=0
[60/200] dev_59 (87.4s)
  spread           No                                       F1=1.000 EM=1
  aram             No                                       F1=1.000 EM=1
  ispread          No, Cypress is a genus within the family F1=0.056 EM=0
  iaram            Yes, Cypress and Ajuga are both genera.  F1=0.000 EM=0
[70/200] dev_69 (50.8s)
  spread           EFL Cup                                  F1=0.500 EM=0
  aram             EFL Cup                                  F1=0.500 EM=0
  ispread          EFL Cup                                  F1=0.500 EM=0
  iaram            EFL Cup                                  F1=0.500 EM=0
[80/200] dev_79 (80.0s)
  spread           1895                                     F1=0.000 EM=0
  aram             1895                                     F1=0.000 EM=0
  ispread          The King who made the 1925 Birthday Hono F1=0.000 EM=0
  iaram            The King who made the 1925 Birthday Hono F1=0.000 EM=0
[90/200] dev_89 (51.4s)
  spread           Cinematographers                         F1=0.000 EM=0
  aram             Film directors                           F1=0.000 EM=0
  ispread          Cinematographers                         F1=0.000 EM=0
  iaram            Cinematographers                         F1=0.000 EM=0
[100/200] dev_99 (69.6s)
  spread           No, Yingkou and Fuding are different, Yi F1=0.067 EM=0
  aram             No, Yingkou and Fuding are different lev F1=0.062 EM=0
  ispread          No, they are not the same level of city. F1=0.059 EM=0
  iaram            No, Yingkou and Fuding are different lev F1=0.067 EM=0
[110/200] dev_109 (92.5s)
  spread           B-47 Stratojet                           F1=0.000 EM=0
  aram             B-47                                     F1=0.000 EM=0
  ispread          The base, that the 514th Flight Test Squ F1=0.000 EM=0
  iaram            The base that the 514th Flight Test Squa F1=0.000 EM=0
[120/200] dev_119 (46.6s)
  spread           Yes                                      F1=1.000 EM=1
  aram             Yes                                      F1=1.000 EM=1
  ispread          Yes                                      F1=1.000 EM=1
  iaram            Yes                                      F1=1.000 EM=1
[130/200] dev_129 (55.3s)
  spread           KFC Yum! Center                          F1=0.000 EM=0
  aram             KFC Yum! Center                          F1=0.000 EM=0
  ispread          The January 2, 2012 game featured the Un F1=0.000 EM=0
  iaram            The January 2, 2012 game featured the Un F1=0.000 EM=0
[140/200] dev_139 (54.2s)
  spread           2005                                     F1=0.000 EM=0
  aram             2005                                     F1=0.000 EM=0
  ispread          The film that starred the composer for " F1=0.000 EM=0
  iaram            The film that starred the composer for " F1=0.000 EM=0
[150/200] dev_149 (29.3s)
  spread           Chattahoochee                            F1=0.000 EM=0
  aram             Chattahoochee                            F1=0.000 EM=0
  ispread          Chattahoochee                            F1=0.000 EM=0
  iaram            Chattahoochee                            F1=0.000 EM=0
[160/200] dev_159 (66.6s)
  spread           1964                                     F1=0.000 EM=0
  aram             1964                                     F1=0.000 EM=0
  ispread          The song "Chim Chim Cher-ee" can be hear F1=0.000 EM=0
  iaram            2005                                     F1=0.000 EM=0
[170/200] dev_169 (87.0s)
  spread           Roman                                    F1=1.000 EM=1
  aram             Catuvellauni                             F1=0.000 EM=0
  ispread          The Celtic ruler who was born in AD 43 w F1=0.050 EM=0
  iaram            The Celtic ruler of the Catuvellauni, wh F1=0.053 EM=0
[180/200] dev_179 (28.7s)
  spread           Scotland                                 F1=1.000 EM=1
  aram             Scotland                                 F1=1.000 EM=1
  ispread          Scotland                                 F1=1.000 EM=1
  iaram            Scotland                                 F1=1.000 EM=1
[190/200] dev_189 (61.1s)
  spread           Tefik Selim Mborja was part of the Alban F1=0.000 EM=0
  aram             Tefik Selim Mborja was a part of the Alb F1=0.000 EM=0
  ispread          Tefik Selim Mborja was a part of the Alb F1=0.000 EM=0
  iaram            Tefik Selim Mborja was part of the Alban F1=0.000 EM=0
[200/200] dev_199 (50.3s)
  spread           Cyclone Gonu                             F1=0.500 EM=0
  aram             Cyclone Gonu                             F1=0.500 EM=0
  ispread          Cyclone Gonu                             F1=0.500 EM=0
  iaram            Cyclone Gonu                             F1=0.500 EM=0

Method               F1     EM  Contain
--------------------------------------
spread            0.402  0.295    0.375
aram              0.421  0.305    0.355
ispread           0.324  0.215    0.430
iaram             0.362  0.245    0.405

Total: 12632.0s (63.2s/q)
