/projects/prjs1800/venvs/arag-venv/lib/python3.10/site-packages/transformers/utils/hub.py:110: FutureWarning: Using `TRANSFORMERS_CACHE` is deprecated and will be removed in v5 of Transformers. Use `HF_HOME` instead.
  warnings.warn(
=== Baselines Runner ===
Model: llada, Dataset: hotpotqa, Rounds: 3
`torch_dtype` is deprecated! Use `dtype` instead!
Loading checkpoint shards:   0%|          | 0/6 [00:00<?, ?it/s]Loading checkpoint shards:  50%|█████     | 3/6 [00:00<00:00, 14.76it/s]Loading checkpoint shards:  83%|████████▎ | 5/6 [00:00<00:00, 14.45it/s]Loading checkpoint shards: 100%|██████████| 6/6 [00:00<00:00, 15.53it/s]
  Model loaded in 41.9s
Loaded 200 questions
Batch initial retrieval...
  Done in 475.7s
[1/200] dev_400 (67.8s)
  spread           John MacGregor, Baron MacGregor of Pulha F1=0.000 EM=0
  aram             Pope Benedict XIII                       F1=0.000 EM=0
  ispread          John MacGregor, Baron MacGregor of Pulha F1=0.000 EM=0
  iaram            John MacGregor, Baron MacGregor of Pulha F1=0.000 EM=0
[10/200] dev_409 (85.0s)
  spread           Black Milk and Danny Brown               F1=0.200 EM=0
  aram             Black Milk and Danny Brown               F1=0.200 EM=0
  ispread          The names of the members of the Detroit- F1=0.050 EM=0
  iaram            The names of the members of the Detroit- F1=0.053 EM=0
[20/200] dev_419 (49.2s)
  spread           The 2010 population of the city 2.1 mile F1=0.000 EM=0
  aram             The 2010 population of the city 2.1 mile F1=0.000 EM=0
  ispread          The 2010 population of the city 2.1 mile F1=0.000 EM=0
  iaram            The 2010 population of the city 2.1 mile F1=0.000 EM=0
[30/200] dev_429 (49.0s)
  spread           Wes Archer                               F1=1.000 EM=1
  aram             Wes Archer                               F1=1.000 EM=1
  ispread          Wes Archer                               F1=1.000 EM=1
  iaram            Wes Archer                               F1=1.000 EM=1
[40/200] dev_439 (45.9s)
  spread           Sydney                                   F1=0.000 EM=0
  aram             Sydney                                   F1=0.000 EM=0
  ispread          Sydney                                   F1=0.000 EM=0
  iaram            Sydney                                   F1=0.000 EM=0
[50/200] dev_449 (49.3s)
  spread           Peshwa                                   F1=1.000 EM=0
  aram             Peshwa                                   F1=1.000 EM=0
  ispread          Peshwa                                   F1=1.000 EM=0
  iaram            Peshwa                                   F1=1.000 EM=0
[60/200] dev_459 (75.8s)
  spread           William Pery served as Captain of the Ye F1=0.000 EM=0
  aram             Prime Minister                           F1=0.000 EM=0
  ispread          William Pery served as Captain of the Ye F1=0.000 EM=0
  iaram            Prime Minister                           F1=0.000 EM=0
[70/200] dev_469 (54.1s)
  spread           Sully.                                   F1=0.000 EM=0
  aram             The Interview                            F1=0.000 EM=0
  ispread          The film "X-Men: Apocalypse" stars Xavie F1=0.000 EM=0
  iaram            The film "X-Men: Apocalypse" stars Xavie F1=0.000 EM=0
[80/200] dev_479 (80.2s)
  spread           Kathleen O'Brien                         F1=1.000 EM=1
  aram             Kathleen O'Brien                         F1=1.000 EM=1
  ispread          Kathleen O'Brien of Shepardson Microsyst F1=0.118 EM=0
  iaram            Kathleen O'Brien programmed a cartridge- F1=0.125 EM=0
[90/200] dev_489 (48.4s)
  spread           34                                       F1=0.000 EM=0
  aram             34                                       F1=0.000 EM=0
  ispread          34                                       F1=0.000 EM=0
  iaram            34                                       F1=0.000 EM=0
[100/200] dev_499 (47.3s)
  spread           Documentary                              F1=1.000 EM=1
  aram             Documentary                              F1=1.000 EM=1
  ispread          Documentary                              F1=1.000 EM=1
  iaram            Documentary                              F1=1.000 EM=1
[110/200] dev_509 (74.4s)
  spread           Eminem                                   F1=1.000 EM=1
  aram             Eminem                                   F1=1.000 EM=1
  ispread          Eminem collaborated with Rihanna, who pr F1=0.059 EM=0
  iaram            Eminem                                   F1=1.000 EM=1
[120/200] dev_519 (59.5s)
  spread           Lord Chancellor                          F1=1.000 EM=0
  aram             Prime Minister                           F1=0.000 EM=0
  ispread          James Spedding was chiefly known as the  F1=0.043 EM=0
  iaram            Lord Chancellor                          F1=1.000 EM=0
[130/200] dev_529 (48.0s)
  spread           8 December                               F1=0.500 EM=0
  aram             8 December                               F1=0.500 EM=0
  ispread          8 December                               F1=0.500 EM=0
  iaram            8 December                               F1=0.500 EM=0
[140/200] dev_539 (84.3s)
  spread           Casey Fields                             F1=0.000 EM=0
  aram             Casey Fields                             F1=0.000 EM=0
  ispread          The sports complex at which Will Brodie  F1=0.000 EM=0
  iaram            The sports complex at which Will Brodie  F1=0.000 EM=0
[150/200] dev_549 (54.7s)
  spread           Hernando                                 F1=0.000 EM=0
  aram             Hernando                                 F1=0.000 EM=0
  ispread          Hernando                                 F1=0.000 EM=0
  iaram            Hernando                                 F1=0.000 EM=0
[160/200] dev_559 (89.8s)
  spread           Gay Hendricks                            F1=0.000 EM=0
  aram             Gay Hendricks                            F1=0.000 EM=0
  ispread          The psychologist who wrote about the dis F1=0.000 EM=0
  iaram            The psychologist who wrote about the dis F1=0.000 EM=0
[170/200] dev_569 (69.5s)
  spread           Evangelical Christian                    F1=1.000 EM=1
  aram             Evangelical Christian                    F1=1.000 EM=1
  ispread          Evangelical Christian                    F1=1.000 EM=1
  iaram            Evangelical Christian                    F1=1.000 EM=1
[180/200] dev_579 (69.1s)
  spread           Coyote Ugly                              F1=1.000 EM=1
  aram             Coyote Ugly                              F1=1.000 EM=1
  ispread          The album "The Best of LeAnn Rimes" cont F1=0.118 EM=0
  iaram            The album "The Best of LeAnn Rimes" cont F1=0.000 EM=0
[190/200] dev_589 (47.5s)
  spread           Violin Sonata No. 4                      F1=0.250 EM=0
  aram             Violin Sonata No. 4 in A minor, Op. 23 a F1=0.062 EM=0
  ispread          Violin Sonata No. 4                      F1=0.250 EM=0
  iaram            Violin Sonata No. 4 in A minor, Op. 23 a F1=0.062 EM=0
[200/200] dev_599 (73.3s)
  spread           The American actor, film director which  F1=0.000 EM=0
  aram             The American actor, film director which  F1=0.000 EM=0
  ispread          The American actor, film director which  F1=0.000 EM=0
  iaram            Dana Brunetti, the American actor and fi F1=0.000 EM=0

Method               F1     EM  Contain
--------------------------------------
spread            0.450  0.315    0.405
aram              0.445  0.310    0.390
ispread           0.329  0.205    0.455
iaram             0.358  0.220    0.415

Total: 12768.4s (63.8s/q)
