==========================================
Day 6: Bootstrap CIs for Days 1-5
Job ID: 19355154
Node: gcn14
Start time: Tue Feb 10 10:52:39 CET 2026
==========================================
============================================================================================== 
Warning! Mixing Conda and module environments may lead to corruption of the
user environment. 
We do not recommend users mixing those two environments unless absolutely
necessary. Note that 
SURF does not provide any support for Conda environment.
For more information, please refer to our software policy page:
https://servicedesk.surf.nl/wiki/display/WIKI/Software+policy+Snellius#SoftwarepolicySnellius-UseofAnacondaandMinicondaenvironmentsonSnellius 

Remember that many packages have already been installed on the system and can
be loaded using 
the 'module load <package__name>' command. If you are uncertain if a package is
already available 
on the system, please use 'module avail' or 'module spider' to search for it.
============================================================================================== 
=== Building experiment registry ===
  Found day4_ircot_hotpotqa: /projects/prjs1800/results/day4/hotpotqa_2026_02_07_00_20_ircot_qwen25_hotpotqa
  Found day4_ircot_musique: /projects/prjs1800/results/day4/musique_2026_02_07_00_20_ircot_qwen25_musique

=== Loading scores for 7 experiments ===

Loading day1_standard_rag_hotpotqa (Standard RAG on hotpotqa)...
  Loaded 7405 items

Loading day1_standard_rag_musique (Standard RAG on musique)...
  Loaded 2417 items

Loading day2_reranker_hotpotqa (Reranker on hotpotqa)...
  Loaded 7405 items

Loading day2_reranker_musique (Reranker on musique)...
  Loaded 2417 items

Loading day5_reranker_cot_short_hotpotqa (Reranker+CoT on hotpotqa)...
  Loaded 7405 items

Loading day4_ircot_hotpotqa (IRCoT on hotpotqa)...
  Loaded 7405 items

Loading day4_ircot_musique (IRCoT on musique)...
  Loaded 2417 items

=== Computing Bootstrap CIs (n_bootstrap=1000) ===
  day1_standard_rag_hotpotqa:
    EM: 31.64% [30.63, 32.71]
    F1: 42.01% [41.03, 43.04]
    By question type:
      bridge (n=5918): F1=36.97% [35.85, 38.07]
      comparison (n=1487): F1=62.07% [59.89, 64.31]
  day1_standard_rag_musique:
    EM: 6.33% [5.38, 7.36]
    F1: 13.03% [11.94, 14.18]
    By number of hops:
      2-hop (n=1252): F1=17.24% [15.52, 19.06]
      3-hop (n=760): F1=8.79% [7.30, 10.36]
      4-hop (n=405): F1=7.98% [6.01, 10.03]
  day2_reranker_hotpotqa:
    EM: 36.41% [35.35, 37.52]
    F1: 47.42% [46.39, 48.43]
    By question type:
      bridge (n=5918): F1=42.44% [41.31, 43.63]
      comparison (n=1487): F1=67.24% [65.03, 69.33]
  day2_reranker_musique:
    EM: 7.70% [6.66, 8.90]
    F1: 15.52% [14.29, 16.77]
    By number of hops:
      2-hop (n=1252): F1=20.01% [18.27, 22.01]
      3-hop (n=760): F1=11.75% [10.05, 13.63]
      4-hop (n=405): F1=8.73% [6.60, 10.81]
  day5_reranker_cot_short_hotpotqa:
    EM: 34.40% [33.40, 35.53]
    F1: 45.56% [44.58, 46.68]
    By question type:
      bridge (n=5918): F1=39.42% [38.29, 40.58]
      comparison (n=1487): F1=70.01% [67.96, 72.03]
  day4_ircot_hotpotqa:
    EM: 30.64% [29.66, 31.64]
    F1: 42.61% [41.62, 43.64]
    By question type:
      bridge (n=5918): F1=38.77% [37.62, 39.92]
      comparison (n=1487): F1=57.86% [55.59, 60.10]
  day4_ircot_musique:
    EM: 7.24% [6.25, 8.36]
    F1: 14.29% [13.25, 15.48]
    By number of hops:
      2-hop (n=1252): F1=19.70% [17.85, 21.73]
      3-hop (n=760): F1=8.58% [6.98, 10.08]
      4-hop (n=405): F1=8.30% [6.18, 10.41]

Bootstrap CIs computed in 2.6s
Saved bootstrap results to /projects/prjs1800/analysis/day6/bootstrap_results_days1to5.json

=== Done ===
==========================================
Bootstrap Days 1-5 complete
End time: Tue Feb 10 10:52:54 CET 2026
==========================================
