/projects/prjs1800/venvs/arag-venv/lib/python3.10/site-packages/transformers/utils/hub.py:110: FutureWarning: Using `TRANSFORMERS_CACHE` is deprecated and will be removed in v5 of Transformers. Use `HF_HOME` instead.
  warnings.warn(
=== iDNMR Pilot ===
Model: llada, Rounds: 3, Steps: 32
`torch_dtype` is deprecated! Use `dtype` instead!
Loading checkpoint shards:   0%|          | 0/6 [00:00<?, ?it/s]Loading checkpoint shards: 100%|██████████| 6/6 [00:00<00:00, 144.79it/s]
  Model loaded in 9.9s
Loaded 200 questions
Batch initial retrieval...
  Done in 468.1s
[1/200] dev_400 (135.4s)
  baseline         No, director of film Jerry And Tom (Phil F1=0.043 EM=0
  pool             No, Jerry and Tom (William Hanna and Jos F1=0.050 EM=0
  ipool            No, the director of the film "Jerry And  F1=0.053 EM=0
  idnmr            No, the director of the film "Jerry And  F1=0.053 EM=0
  idnmr_2round     No, the director of the film "Jerry and  F1=0.053 EM=0
[10/200] dev_409 (176.2s)
  baseline         Theuderich I                             F1=0.500 EM=0
  pool             Wisigard's father-in-law is Theuderich I F1=0.077 EM=0
  ipool            Wisigard's father-in-law is Theuderic I, F1=0.154 EM=0
  idnmr            Wisigard's father-in-law is Theuderich I F1=0.077 EM=0
  idnmr_2round     Wisigard's father-in-law is Theuderich I F1=0.077 EM=0
[20/200] dev_419 (101.5s)
  baseline         Engelbert, Count of Nevers's mother, Eli F1=0.214 EM=0
  pool             Engelbert, Count of Nevers's mother, Eli F1=0.214 EM=0
  ipool            Engelbert, Count of Nevers's mother, Eli F1=0.214 EM=0
  idnmr            Engelbert, Count of Nevers's mother, Eli F1=0.214 EM=0
  idnmr_2round     Engelbert, Count of Nevers's mother, Eli F1=0.214 EM=0
[30/200] dev_429 (124.5s)
  baseline         Åsta Gudbrandsdatter                     F1=0.000 EM=0
  pool             Åsta Gudbrandsdatter                     F1=0.000 EM=0
  ipool            Åsta Gudbrandsdatter                     F1=0.000 EM=0
  idnmr            Åsta Gudbrandsdatter                     F1=0.000 EM=0
  idnmr_2round     Åsta Gudbrandsdatter                     F1=0.000 EM=0
[40/200] dev_439 (59.4s)
  baseline         Cyclone Of The Saddle                    F1=0.000 EM=0
  pool             Cyclone Of The Saddle                    F1=0.000 EM=0
  ipool            Cyclone Of The Saddle                    F1=0.000 EM=0
  idnmr            Cyclone Of The Saddle                    F1=0.000 EM=0
  idnmr_2round     Cyclone Of The Saddle                    F1=0.000 EM=0
[50/200] dev_449 (148.7s)
  baseline         František Filip, the director of the fil F1=0.000 EM=0
  pool             The place of birth of the director of fi F1=0.000 EM=0
  ipool            The place of birth of the director of fi F1=0.000 EM=0
  idnmr            The place of birth of the director of fi F1=0.000 EM=0
  idnmr_2round     The place of birth of the director of fi F1=0.000 EM=0
[60/200] dev_459 (98.4s)
  baseline         Emma Elizabeth Alicia Pennant, daughter  F1=0.000 EM=0
  pool             Emma Elizabeth Alicia Pennant, daughter  F1=0.000 EM=0
  ipool            Emma Elizabeth Alicia Pennant, daughter  F1=0.000 EM=0
  idnmr            Emma Elizabeth Alicia Pennant, daughter  F1=0.000 EM=0
  idnmr_2round     Emma Elizabeth Alicia Pennant, daughter  F1=0.000 EM=0
[70/200] dev_469 (99.4s)
  baseline         Yes, the director of the film Coteau Rou F1=0.059 EM=0
  pool             Yes, the director of the film Coteau Rou F1=0.059 EM=0
  ipool            Yes, the director of the film Coteau Rou F1=0.059 EM=0
  idnmr            Yes, the director of the film Coteau Rou F1=0.059 EM=0
  idnmr_2round     Yes, the director of the film Coteau Rou F1=0.059 EM=0
[80/200] dev_479 (121.8s)
  baseline         Uzhaikkum Karangal was released in 1991, F1=0.154 EM=0
  pool             Uzhaikkum Karangal was released first, r F1=0.167 EM=0
  ipool            Uzhaikkum Karangal was released in 1965, F1=0.154 EM=0
  idnmr            Uzhaikkum Karangal was released first, r F1=0.167 EM=0
  idnmr_2round     Uzhaikkum Karangal was released first, r F1=0.167 EM=0
[90/200] dev_489 (99.4s)
  baseline         Ghar Ki Rani was released on 9 February  F1=0.176 EM=0
  pool             Ghar Ki Rani was released on 9 February  F1=0.176 EM=0
  ipool            Ghar Ki Rani was released on 9 February  F1=0.176 EM=0
  idnmr            Ghar Ki Rani was released on 9 February  F1=0.176 EM=0
  idnmr_2round     Ghar Ki Rani was released on 9 February  F1=0.176 EM=0
[100/200] dev_499 (111.7s)
  baseline         Albert G. Simms's father-in-law is Ruth  F1=0.053 EM=0
  pool             Albert G. Simms's father-in-law is Senat F1=0.100 EM=0
  ipool            Albert G. Simms's father-in-law is Senat F1=0.100 EM=0
  idnmr            Albert G. Simms's father-in-law is Senat F1=0.100 EM=0
  idnmr_2round     Albert G. Simms's father-in-law is Senat F1=0.100 EM=0
[110/200] dev_509 (98.6s)
  baseline         South Korea                              F1=0.000 EM=0
  pool             Korean                                   F1=0.000 EM=0
  ipool            Korean                                   F1=0.000 EM=0
  idnmr            Korean                                   F1=0.000 EM=0
  idnmr_2round     Korean                                   F1=0.000 EM=0
[120/200] dev_519 (150.6s)
  baseline         The mother of Elizabeth of Denmark, Elec F1=0.000 EM=0
  pool             The mother of Elizabeth of Denmark, Elec F1=0.000 EM=0
  ipool            The mother of Elizabeth of Denmark, Elec F1=0.056 EM=0
  idnmr            The mother of Elizabeth of Denmark, Elec F1=0.056 EM=0
  idnmr_2round     The mother of Elizabeth of Denmark, Elec F1=0.056 EM=0
[130/200] dev_529 (121.3s)
  baseline         Pepi II Neferkare, Neith wife of Pepi II F1=0.059 EM=0
  pool             The place of burial of Neith (Wife of Pe F1=0.056 EM=0
  ipool            The place of burial of Neith (Wife of Pe F1=0.056 EM=0
  idnmr            The place of burial of Neith (Wife of Pe F1=0.056 EM=0
  idnmr_2round     The place of burial of Neith (Wife of Pe F1=0.056 EM=0
[140/200] dev_539 (106.1s)
  baseline         John Lyon, 4th Lord Glamis               F1=0.800 EM=0
  pool             John Lyon, 7th Lord Glamis (1558) is the F1=0.267 EM=0
  ipool            John Lyon, 4th Lord Glamis               F1=0.800 EM=0
  idnmr            John Lyon, 7th Lord Glamis (1558) is the F1=0.267 EM=0
  idnmr_2round     John Lyon, 7th Lord Glamis (1558) is the F1=0.267 EM=0
[150/200] dev_549 (59.1s)
  baseline         To Walk with Lions                       F1=1.000 EM=1
  pool             To Walk with Lions                       F1=1.000 EM=1
  ipool            To Walk with Lions                       F1=1.000 EM=1
  idnmr            To Walk with Lions                       F1=1.000 EM=1
  idnmr_2round     To Walk with Lions                       F1=1.000 EM=1
[160/200] dev_559 (109.7s)
  baseline         Princess Florestine of Monaco's paternal F1=0.000 EM=0
  pool             Princess Florestine of Monaco's paternal F1=0.000 EM=0
  ipool            Princess Florestine of Monaco's paternal F1=0.000 EM=0
  idnmr            Princess Florestine of Monaco's paternal F1=0.000 EM=0
  idnmr_2round     Princess Florestine of Monaco's paternal F1=0.000 EM=0
[170/200] dev_569 (145.1s)
  baseline         The director of the film "Encino Man" is F1=0.000 EM=0
  pool             The place of birth of the director of th F1=0.050 EM=0
  ipool            The place of birth of the director of th F1=0.050 EM=0
  idnmr            Albuquerque, New Mexico                  F1=0.333 EM=0
  idnmr_2round     The place of birth of the director of th F1=0.050 EM=0
[2026-04-01T03:13:48.041] error: *** JOB 21417622 ON gcn29 CANCELLED AT 2026-04-01T03:13:48 DUE TO TIME LIMIT ***
