/projects/prjs1800/venvs/arag-venv/lib/python3.10/site-packages/transformers/utils/hub.py:110: FutureWarning: Using `TRANSFORMERS_CACHE` is deprecated and will be removed in v5 of Transformers. Use `HF_HOME` instead.
  warnings.warn(
=== iDNMR Pilot ===
Model: llada, Rounds: 3, Steps: 16
`torch_dtype` is deprecated! Use `dtype` instead!
Loading checkpoint shards:   0%|          | 0/6 [00:00<?, ?it/s]Loading checkpoint shards: 100%|██████████| 6/6 [00:00<00:00, 145.48it/s]
  Model loaded in 11.6s
Loaded 200 questions
Batch initial retrieval...
  Done in 445.7s
[1/200] dev_800 (82.4s)
  baseline         Broughton and Greens Norton              F1=0.000 EM=0
  pool             Northamptonshire.                        F1=1.000 EM=0
  ipool            Northamptonshire.                        F1=1.000 EM=0
  idnmr            Northamptonshire.                        F1=1.000 EM=0
  idnmr_2round     Northamptonshire.                        F1=1.000 EM=0
[5/200] dev_804 (55.6s)
  baseline         Two Mules for Sister Sara                F1=0.000 EM=0
  pool             Two Mules for Sister Sara                F1=0.000 EM=0
  ipool            Two Mules for Sister Sara                F1=0.000 EM=0
  idnmr            Two Mules for Sister Sara                F1=0.000 EM=0
  idnmr_2round     Two Mules for Sister Sara                F1=0.000 EM=0
[10/200] dev_809 (82.3s)
  baseline         Answer: Miami, Florida.                  F1=0.000 EM=0
  pool             Anatoly Eiramdzhan                       F1=0.000 EM=0
  ipool            Tbilisi, Georgian SSR                    F1=0.000 EM=0
  idnmr            Santa Barbara Cottage Hospital, Californ F1=0.600 EM=0
  idnmr_2round     Santa Barbara Cottage Hospital, Californ F1=0.600 EM=0
[15/200] dev_814 (74.9s)
  baseline         Buenos Aires, Argentina.                 F1=0.000 EM=0
  pool             Buenos Aires, Argentina.                 F1=0.000 EM=0
  ipool            Buenos Aires, Argentina.                 F1=0.000 EM=0
  idnmr            Buenos Aires, Argentina.                 F1=0.000 EM=0
  idnmr_2round     Buenos Aires, Argentina.                 F1=0.000 EM=0
[20/200] dev_819 (74.6s)
  baseline         No, Bolivia and Peru.                    F1=0.000 EM=0
  pool             No, Bolivia and Peru.                    F1=0.000 EM=0
  ipool            No, Bolivia and Peru.                    F1=0.000 EM=0
  idnmr            No, Bolivia and Peru.                    F1=0.000 EM=0
  idnmr_2round     No, Bolivia and Peru.                    F1=0.000 EM=0
[25/200] dev_824 (51.3s)
  baseline         "Legend of the Mountain"                 F1=0.000 EM=0
  pool             "Legend of the Mountain"                 F1=0.000 EM=0
  ipool            "Legend of the Mountain"                 F1=0.000 EM=0
  idnmr            "Legend of the Mountain"                 F1=0.000 EM=0
  idnmr_2round     "Legend of the Mountain"                 F1=0.000 EM=0
[30/200] dev_829 (69.6s)
  baseline         Pepin of Herstal                         F1=0.000 EM=0
  pool             Pepin of Herstal                         F1=0.000 EM=0
  ipool            Pepin of Herstal                         F1=0.000 EM=0
  idnmr            Pepin of Herstal                         F1=0.000 EM=0
  idnmr_2round     Pepin of Herstal                         F1=0.000 EM=0
[35/200] dev_834 (89.8s)
  baseline         Wolverhampton, England.                  F1=0.000 EM=0
  pool             Liverpool during an air-raid             F1=0.333 EM=0
  ipool            Liverpool during an air-raid             F1=0.333 EM=0
  idnmr            Liverpool during an air-raid             F1=0.333 EM=0
  idnmr_2round     Liverpool during an air-raid             F1=0.333 EM=0
[40/200] dev_839 (89.5s)
  baseline         Nelson H. Barbour                        F1=0.000 EM=0
  pool             Charles Taze Russell died earlier        F1=0.600 EM=0
  ipool            Charles Taze Russell died earlier        F1=0.600 EM=0
  idnmr            Charles Taze Russell died earlier        F1=0.600 EM=0
  idnmr_2round     Charles Taze Russell died earlier        F1=0.600 EM=0
[45/200] dev_844 (56.5s)
  baseline         Short Answer: Mercadet                   F1=0.000 EM=0
  pool             Short Answer: Mercadet                   F1=0.000 EM=0
  ipool            Short Answer: Mercadet                   F1=0.000 EM=0
  idnmr            Short Answer: Mercadet                   F1=0.000 EM=0
  idnmr_2round     Short Answer: Mercadet                   F1=0.000 EM=0
[50/200] dev_849 (61.8s)
  baseline         Stolen Identity, Them!                   F1=0.333 EM=0
  pool             Stolen Identity, Them!                   F1=0.333 EM=0
  ipool            Stolen Identity, Them!                   F1=0.333 EM=0
  idnmr            Stolen Identity, Them!                   F1=0.333 EM=0
  idnmr_2round     Stolen Identity, Them!                   F1=0.333 EM=0
[55/200] dev_854 (73.7s)
  baseline         Sasaram, Bihar.                          F1=0.500 EM=0
  pool             Sasaram, Bihar.                          F1=0.500 EM=0
  ipool            Farid Khān, Afghanistan                  F1=0.000 EM=0
  idnmr            Narnaul Pargana                          F1=0.000 EM=0
  idnmr_2round     Sasaram, Bihar.                          F1=0.500 EM=0
[60/200] dev_859 (70.9s)
  baseline         Sadie Heath Cabaniss                     F1=0.000 EM=0
  pool             Sadie Heath Cabaniss                     F1=0.000 EM=0
  ipool            Sadie Heath Cabaniss                     F1=0.000 EM=0
  idnmr            Sadie Heath Cabaniss                     F1=0.000 EM=0
  idnmr_2round     Sadie Heath Cabaniss                     F1=0.000 EM=0
[65/200] dev_864 (90.6s)
  baseline         John Reynolds (musician)                 F1=0.000 EM=0
  pool             Aja Volkman.                             F1=0.000 EM=0
  ipool            Michelle (Cummings)                      F1=0.000 EM=0
  idnmr            Masahiro Tanaka.                         F1=0.000 EM=0
  idnmr_2round     Rebecca Harrell Tickell.                 F1=0.000 EM=0
[70/200] dev_869 (62.3s)
  baseline         Dasari Narayana Rao                      F1=0.000 EM=0
  pool             Dasari Narayana Rao                      F1=0.000 EM=0
  ipool            Dasari Narayana Rao                      F1=0.000 EM=0
  idnmr            Dasari Narayana Rao                      F1=0.000 EM=0
  idnmr_2round     Dasari Narayana Rao                      F1=0.000 EM=0
[75/200] dev_874 (100.8s)
  baseline         Magdalena of Bavaria                     F1=0.333 EM=0
  pool             Elisabeth of Hesse                       F1=0.333 EM=0
  ipool            Elisabeth of Hesse                       F1=0.333 EM=0
  idnmr            Elisabeth of Hesse                       F1=0.333 EM=0
  idnmr_2round     Elisabeth of Hesse                       F1=0.333 EM=0
[80/200] dev_879 (73.2s)
  baseline         - Coimbra, Portugal                      F1=0.500 EM=0
  pool             - Coimbra, Portugal                      F1=0.500 EM=0
  ipool            - Coimbra, Portugal                      F1=0.500 EM=0
  idnmr            - Coimbra, Portugal                      F1=0.500 EM=0
  idnmr_2round     - Coimbra, Portugal                      F1=0.500 EM=0
[85/200] dev_884 (62.0s)
  baseline         Not mentioned in the context.            F1=0.000 EM=0
  pool             Not mentioned in the context.            F1=0.000 EM=0
  ipool            Forest Lawn-Hollywood Hills Cemetery     F1=0.000 EM=0
  idnmr            Not mentioned in the context.            F1=0.000 EM=0
  idnmr_2round     Not mentioned in the context.            F1=0.000 EM=0
[90/200] dev_889 (62.9s)
  baseline         Reykjavík                                F1=0.000 EM=0
  pool             Reykjavík                                F1=0.000 EM=0
  ipool            Reykjavík                                F1=0.000 EM=0
  idnmr            Reykjavík                                F1=0.000 EM=0
  idnmr_2round     Reykjavík                                F1=0.000 EM=0
[95/200] dev_894 (77.5s)
  baseline         Best Female R&B Vocal Performance        F1=0.200 EM=0
  pool             Best Female R&B Vocal Performance        F1=0.200 EM=0
  ipool            Best Female R&B Vocal Performance        F1=0.200 EM=0
  idnmr            Best Female R&B Vocal Performance        F1=0.200 EM=0
  idnmr_2round     Best Female R&B Vocal Performance        F1=0.200 EM=0
[100/200] dev_899 (62.9s)
  baseline         Panthéon, Paris                          F1=0.000 EM=0
  pool             Panthéon, Paris                          F1=0.000 EM=0
  ipool            Panthéon, Paris                          F1=0.000 EM=0
  idnmr            Panthéon, Paris                          F1=0.000 EM=0
  idnmr_2round     Panthéon, Paris                          F1=0.000 EM=0
[105/200] dev_904 (56.4s)
  baseline         George Grenfell-Baines                   F1=0.500 EM=0
  pool             George Grenfell-Baines                   F1=0.500 EM=0
  ipool            George Grenfell-Baines                   F1=0.500 EM=0
  idnmr            George Grenfell-Baines                   F1=0.500 EM=0
  idnmr_2round     George Grenfell-Baines                   F1=0.500 EM=0
[110/200] dev_909 (78.7s)
  baseline         Yacine Slatni                            F1=0.000 EM=0
  pool             Yacine Slatni                            F1=0.000 EM=0
  ipool            Yacine Slatni                            F1=0.000 EM=0
  idnmr            Yacine Slatni                            F1=0.000 EM=0
  idnmr_2round     Yacine Slatni                            F1=0.000 EM=0
[115/200] dev_914 (63.7s)
  baseline         Waleran de Beaumont                      F1=0.000 EM=0
  pool             Waleran de Beaumont                      F1=0.000 EM=0
  ipool            Waleran de Beaumont                      F1=0.000 EM=0
  idnmr            Waleran de Beaumont                      F1=0.000 EM=0
  idnmr_2round     Waleran de Beaumont                      F1=0.000 EM=0
[120/200] dev_919 (36.8s)
  baseline         Palencia                                 F1=1.000 EM=1
  pool             Palencia                                 F1=1.000 EM=1
  ipool            Palencia                                 F1=1.000 EM=1
  idnmr            Palencia                                 F1=1.000 EM=1
  idnmr_2round     Palencia                                 F1=1.000 EM=1
[125/200] dev_924 (76.1s)
  baseline         The Last Company director born later     F1=0.000 EM=0
  pool             The Last Company director born later     F1=0.000 EM=0
  ipool            The Last Company director born later     F1=0.000 EM=0
  idnmr            The Last Company director born later     F1=0.000 EM=0
  idnmr_2round     The Last Company director born later     F1=0.000 EM=0
[130/200] dev_929 (78.5s)
  baseline         Pythagoras, Italy                        F1=0.000 EM=0
  pool             Samos, Ionian Greek                      F1=0.333 EM=0
  ipool            Croton (modern Italy)                    F1=0.000 EM=0
  idnmr            Samos (island)                           F1=0.500 EM=0
  idnmr_2round     Samos (island)                           F1=0.500 EM=0
[135/200] dev_934 (55.8s)
  baseline         Sunday's director born later.            F1=0.250 EM=0
  pool             Sunday's director born later.            F1=0.250 EM=0
  ipool            Sunday's director born later.            F1=0.250 EM=0
  idnmr            Sunday's director born later.            F1=0.250 EM=0
  idnmr_2round     Sunday's director born later.            F1=0.250 EM=0
[140/200] dev_939 (63.4s)
  baseline         Eleanor Paulet's mother                  F1=0.000 EM=0
  pool             Agnes or Anne Howard.                    F1=0.000 EM=0
  ipool            Eleanor Paulet's mother                  F1=0.000 EM=0
  idnmr            Agnes or Anne Howard.                    F1=0.000 EM=0
  idnmr_2round     Agnes or Anne Howard.                    F1=0.000 EM=0
[145/200] dev_944 (56.4s)
  baseline         Turkey (Ottoman Empire)                  F1=0.333 EM=0
  pool             Turkey (Ottoman Empire)                  F1=0.333 EM=0
  ipool            Turkey (Ottoman Empire)                  F1=0.333 EM=0
  idnmr            Turkey (Ottoman Empire)                  F1=0.333 EM=0
  idnmr_2round     Turkey (Ottoman Empire)                  F1=0.333 EM=0
[150/200] dev_949 (81.1s)
  baseline         La Sophie De L'Or                        F1=0.000 EM=0
  pool             La Sophie de l'Or                        F1=0.000 EM=0
  ipool            La Sophie de l'Or                        F1=0.000 EM=0
  idnmr            La Sophie de l'Or                        F1=0.000 EM=0
  idnmr_2round     La Sophie de l'Or                        F1=0.000 EM=0
[155/200] dev_954 (74.0s)
  baseline         No, they are different.                  F1=0.000 EM=0
  pool             No, they are different.                  F1=0.000 EM=0
  ipool            No, they are different.                  F1=0.000 EM=0
  idnmr            No, they are different.                  F1=0.000 EM=0
  idnmr_2round     No, they are different.                  F1=0.000 EM=0
[160/200] dev_959 (61.6s)
  baseline         In San Antonio, Texas.                   F1=0.500 EM=0
  pool             In San Antonio, Texas.                   F1=0.500 EM=0
  ipool            In San Antonio, Texas.                   F1=0.500 EM=0
  idnmr            In San Antonio, Texas.                   F1=0.500 EM=0
  idnmr_2round     In San Antonio, Texas.                   F1=0.500 EM=0
[165/200] dev_964 (64.9s)
  baseline         Paolo Marcellini.                        F1=0.000 EM=0
  pool             Paolo Marcellini.                        F1=0.000 EM=0
  ipool            Paolo Marcellini.                        F1=0.000 EM=0
  idnmr            Paolo Marcellini.                        F1=0.000 EM=0
  idnmr_2round     Paolo Marcellini.                        F1=0.000 EM=0
[170/200] dev_969 (70.2s)
  baseline         "Face In The Rain"                       F1=1.000 EM=0
  pool             "Face In The Rain"                       F1=1.000 EM=0
  ipool            Snails in the Rain.                      F1=0.667 EM=0
  idnmr            "Face In The Rain"                       F1=1.000 EM=0
  idnmr_2round     "Face In The Rain"                       F1=1.000 EM=0
[175/200] dev_974 (61.0s)
  baseline         Swansea, England.                        F1=0.500 EM=0
  pool             Swansea, England.                        F1=0.500 EM=0
  ipool            Swansea, England.                        F1=0.500 EM=0
  idnmr            Swansea, England.                        F1=0.500 EM=0
  idnmr_2round     Swansea, England.                        F1=0.500 EM=0
[180/200] dev_979 (55.9s)
  baseline         A Nightmare on Elm Street.               F1=1.000 EM=0
  pool             A Nightmare on Elm Street.               F1=1.000 EM=0
  ipool            A Nightmare on Elm Street.               F1=1.000 EM=0
  idnmr            A Nightmare on Elm Street.               F1=1.000 EM=0
  idnmr_2round     A Nightmare on Elm Street.               F1=1.000 EM=0
[185/200] dev_984 (74.0s)
  baseline         Graphotism was published first           F1=0.000 EM=0
  pool             Graphotism was published first           F1=0.000 EM=0
  ipool            . info (magazine)                        F1=0.000 EM=0
  idnmr            Amiga World was first.                   F1=0.500 EM=0
  idnmr_2round     ".info (magazine)"                       F1=0.000 EM=0
[190/200] dev_989 (56.9s)
  baseline         Botir Qoraev.                            F1=0.000 EM=0
  pool             Botir Qoraev.                            F1=0.000 EM=0
  ipool            Botir Qoraev.                            F1=0.000 EM=0
  idnmr            Botir Qoraev.                            F1=0.000 EM=0
  idnmr_2round     Botir Qoraev.                            F1=0.000 EM=0
[195/200] dev_994 (69.3s)
  baseline         Charleston, South Carolina.              F1=0.000 EM=0
  pool             Charleston, South Carolina.              F1=0.000 EM=0
  ipool            Charleston, South Carolina.              F1=0.000 EM=0
  idnmr            Charleston, South Carolina.              F1=0.000 EM=0
  idnmr_2round     Charleston, South Carolina.              F1=0.000 EM=0
[200/200] dev_999 (61.8s)
  baseline         Alf Hellevik.                            F1=0.000 EM=0
  pool             Alf Hellevik.                            F1=0.000 EM=0
  ipool            Alf Hellevik.                            F1=0.000 EM=0
  idnmr            Alf Hellevik.                            F1=0.000 EM=0
  idnmr_2round     Alf Hellevik.                            F1=0.000 EM=0

Method               F1     EM  Contain
--------------------------------------
baseline          0.249  0.055    0.215
pool              0.283  0.055    0.235
ipool             0.270  0.055    0.220
idnmr             0.302  0.055    0.245
idnmr_2round      0.295  0.055    0.240

Total: 15062.3s (75.3s/q)
