/projects/prjs1800/venvs/arag-venv/lib/python3.10/site-packages/transformers/utils/hub.py:110: FutureWarning: Using `TRANSFORMERS_CACHE` is deprecated and will be removed in v5 of Transformers. Use `HF_HOME` instead.
  warnings.warn(
=== iDNMR Pilot ===
Model: llada, Rounds: 3, Steps: 32
`torch_dtype` is deprecated! Use `dtype` instead!
Loading checkpoint shards:   0%|          | 0/6 [00:00<?, ?it/s]Loading checkpoint shards: 100%|██████████| 6/6 [00:00<00:00, 58.41it/s]Loading checkpoint shards: 100%|██████████| 6/6 [00:00<00:00, 58.26it/s]
  Model loaded in 23.6s
Loaded 200 questions
Batch initial retrieval...
  Done in 465.9s
[1/200] dev_800 (131.5s)
  baseline         The place of birth of William Parr, 1st  F1=0.000 EM=0
  pool             The place of birth of William Parr, 1st  F1=0.071 EM=0
  ipool            The place of birth of William Parr, 1st  F1=0.000 EM=0
  idnmr            The place of birth of William Parr, 1st  F1=0.071 EM=0
  idnmr_2round     The place of birth of William Parr, 1st  F1=0.071 EM=0
[10/200] dev_809 (133.0s)
  baseline         The place of death of the director of th F1=0.000 EM=0
  pool             The place of death of the director of th F1=0.000 EM=0
  ipool            The place of death of the director of th F1=0.150 EM=0
  idnmr            The director of the film A Man, a Woman, F1=0.158 EM=0
  idnmr_2round     The place of death of the director of fi F1=0.143 EM=0
[20/200] dev_819 (97.4s)
  baseline         No, they are not. Yana Urqu (Q'Umirqucha F1=0.000 EM=0
  pool             No, they are not. Yana Urqu (Q'Umirqucha F1=0.000 EM=0
  ipool            No, they are not. Yana Urqu (Q'Umirqucha F1=0.000 EM=0
  idnmr            No, they are not. Yana Urqu (Q'Umirqucha F1=0.000 EM=0
  idnmr_2round     No, they are not. Yana Urqu (Q'Umirqucha F1=0.000 EM=0
[30/200] dev_829 (115.2s)
  baseline         Grimoald the Younger's paternal grandfat F1=0.000 EM=0
  pool             Grimoald the Younger's paternal grandfat F1=0.000 EM=0
  ipool            Grimoald the Younger's paternal grandfat F1=0.000 EM=0
  idnmr            Grimoald the Younger's paternal grandfat F1=0.000 EM=0
  idnmr_2round     Grimoald the Younger's paternal grandfat F1=0.000 EM=0
[40/200] dev_839 (103.6s)
  baseline         George Washington Bright died earlier on F1=0.188 EM=0
  pool             George Washington Bright died earlier, a F1=0.167 EM=0
  ipool            George Washington Bright died earlier, a F1=0.167 EM=0
  idnmr            George Washington Bright died earlier, a F1=0.167 EM=0
  idnmr_2round     George Washington Bright died earlier, a F1=0.167 EM=0
[50/200] dev_849 (87.4s)
  baseline         Stolen Identity                          F1=0.000 EM=0
  pool             Stolen Identity                          F1=0.000 EM=0
  ipool            Stolen Identity                          F1=0.000 EM=0
  idnmr            Stolen Identity                          F1=0.000 EM=0
  idnmr_2round     Stolen Identity                          F1=0.000 EM=0
[60/200] dev_859 (88.2s)
  baseline         Sadie Heath Cabaniss died in 1921, while F1=0.154 EM=0
  pool             Sadie Heath Cabaniss died in 1921, while F1=0.154 EM=0
  ipool            Sadie Heath Cabaniss died in 1921, while F1=0.154 EM=0
  idnmr            Sadie Heath Cabaniss died in 1921, while F1=0.154 EM=0
  idnmr_2round     Sadie Heath Cabaniss died in 1921, while F1=0.154 EM=0
[70/200] dev_869 (54.6s)
  baseline         Antardhan                                F1=0.000 EM=0
  pool             Antardhan                                F1=0.000 EM=0
  ipool            Antardhan                                F1=0.000 EM=0
  idnmr            Antardhan                                F1=0.000 EM=0
  idnmr_2round     Antardhan                                F1=0.000 EM=0
[80/200] dev_879 (124.1s)
  baseline         The place of death of George of Lencastr F1=0.062 EM=0
  pool             The place of death of George of Lencastr F1=0.062 EM=0
  ipool            The place of death of George of Lencastr F1=0.062 EM=0
  idnmr            The place of death of George of Lencastr F1=0.062 EM=0
  idnmr_2round     The place of death of George of Lencastr F1=0.062 EM=0
[90/200] dev_889 (103.6s)
  baseline         The director of the film Outlaw: The Sag F1=0.000 EM=0
  pool             The director of the film Outlaw: The Sag F1=0.000 EM=0
  ipool            The director of the film Outlaw: The Sag F1=0.000 EM=0
  idnmr            The director of the film Outlaw: The Sag F1=0.000 EM=0
  idnmr_2round     The director of the film Outlaw: The Sag F1=0.000 EM=0
[100/200] dev_899 (100.9s)
  baseline         Panthéon                                 F1=0.000 EM=0
  pool             Adèle Hugo's father, Victor Hugo, was bu F1=0.000 EM=0
  ipool            Adèle Hugo's father, Victor Hugo, was bu F1=0.000 EM=0
  idnmr            Adèle Hugo's father, Victor Hugo, was bu F1=0.000 EM=0
  idnmr_2round     Adèle Hugo's father, Victor Hugo, was bu F1=0.000 EM=0
[110/200] dev_909 (96.0s)
  baseline         João De Aquino was born in 1924, while Y F1=0.214 EM=0
  pool             João De Aquino was born in 1924, while Y F1=0.214 EM=0
  ipool            João De Aquino was born in 1924, while Y F1=0.214 EM=0
  idnmr            João De Aquino was born in 1924, while Y F1=0.214 EM=0
  idnmr_2round     João De Aquino was born in 1924, while Y F1=0.214 EM=0
[120/200] dev_919 (61.5s)
  baseline         Palencia                                 F1=1.000 EM=1
  pool             Palencia                                 F1=1.000 EM=1
  ipool            Palencia                                 F1=1.000 EM=1
  idnmr            Palencia                                 F1=1.000 EM=1
  idnmr_2round     Palencia                                 F1=1.000 EM=1
[130/200] dev_929 (151.8s)
  baseline         Croton                                   F1=0.000 EM=0
  pool             Pythagoras of Samos appears to have been F1=0.062 EM=0
  ipool            Pythagoras of Samos appears to have been F1=0.062 EM=0
  idnmr            The place of birth of Damo (Philosopher) F1=0.071 EM=0
  idnmr_2round     Pythagoras, Damo (Philosopher)'s father, F1=0.077 EM=0
[140/200] dev_939 (117.9s)
  baseline         Eleanor Paulet (born 1479), wife of Will F1=0.000 EM=0
  pool             William Paulet, 4th Marquess of Winchest F1=0.000 EM=0
  ipool            William Paulet, 4th Marquess of Winchest F1=0.000 EM=0
  idnmr            William Paulet, 4th Marquess of Winchest F1=0.000 EM=0
  idnmr_2round     William Paulet, 4th Marquess of Winchest F1=0.000 EM=0
[150/200] dev_949 (106.4s)
  baseline         Forelsket I København (director Knud Lei F1=0.273 EM=0
  pool             Forelsket I København                    F1=1.000 EM=1
  ipool            Forelsket I København. The director is J F1=0.250 EM=0
  idnmr            Forelsket I København                    F1=1.000 EM=1
  idnmr_2round     Forelsket I København                    F1=1.000 EM=1
[160/200] dev_959 (100.7s)
  baseline         San Antonio                              F1=1.000 EM=0
  pool             San Antonio                              F1=1.000 EM=0
  ipool            San Antonio                              F1=1.000 EM=0
  idnmr            San Antonio                              F1=1.000 EM=0
  idnmr_2round     San Antonio                              F1=1.000 EM=0
[2026-04-01T03:13:48.042] error: *** JOB 21417624 ON gcn35 CANCELLED AT 2026-04-01T03:13:48 DUE TO TIME LIMIT ***
