/projects/prjs1800/venvs/arag-venv/lib/python3.10/site-packages/transformers/utils/hub.py:110: FutureWarning: Using `TRANSFORMERS_CACHE` is deprecated and will be removed in v5 of Transformers. Use `HF_HOME` instead.
  warnings.warn(
=== iDNMR Pilot ===
Model: llada, Rounds: 3, Steps: 16
`torch_dtype` is deprecated! Use `dtype` instead!
Loading checkpoint shards:   0%|          | 0/6 [00:00<?, ?it/s]Loading checkpoint shards: 100%|██████████| 6/6 [00:00<00:00, 147.54it/s]
  Model loaded in 11.6s
Loaded 200 questions
Batch initial retrieval...
  Done in 444.0s
[1/200] dev_400 (85.9s)
  baseline         William Hanna and Joseph Barbera         F1=0.000 EM=0
  pool             No, they do not.                         F1=0.250 EM=0
  ipool            No, they do not.                         F1=0.250 EM=0
  idnmr            No, they do not.                         F1=0.250 EM=0
  idnmr_2round     No, they do not.                         F1=0.250 EM=0
[5/200] dev_404 (78.4s)
  baseline         Theodora Komnene                         F1=0.000 EM=0
  pool             Theodora Komnene                         F1=0.000 EM=0
  ipool            Theodora Komnene                         F1=0.000 EM=0
  idnmr            Theodora Komnene                         F1=0.000 EM=0
  idnmr_2round     Theodora Komnene                         F1=0.000 EM=0
[10/200] dev_409 (90.5s)
  baseline         King Theuderich I.                       F1=0.333 EM=0
  pool             King Theudebert I.                       F1=0.333 EM=0
  ipool            son of Theuderic I                       F1=0.500 EM=0
  idnmr            Wacho's father-in-law                    F1=0.000 EM=0
  idnmr_2round     Wacho's father-in-law                    F1=0.000 EM=0
[15/200] dev_414 (94.3s)
  baseline         Abeti Masikini cancer                    F1=0.000 EM=0
  pool             Abeti Masikini.                          F1=0.000 EM=0
  ipool            Died of a drug overdose                  F1=0.000 EM=0
  idnmr            Not mentioned in the context.            F1=0.000 EM=0
  idnmr_2round     Died of a drug overdose                  F1=0.000 EM=0
[20/200] dev_419 (56.9s)
  baseline         June 1483                                F1=1.000 EM=0
  pool             June 1483                                F1=1.000 EM=0
  ipool            June 1483                                F1=1.000 EM=0
  idnmr            June 1483                                F1=1.000 EM=0
  idnmr_2round     June 1483                                F1=1.000 EM=0
[25/200] dev_424 (71.1s)
  baseline         Cooee And The Echo                       F1=0.000 EM=0
  pool             Cooee And The Echo                       F1=0.000 EM=0
  ipool            Cooee And The Echo                       F1=0.000 EM=0
  idnmr            Cooee And The Echo                       F1=0.000 EM=0
  idnmr_2round     Cooee And The Echo                       F1=0.000 EM=0
[30/200] dev_429 (69.7s)
  baseline         Gudbrandsdatter                          F1=0.000 EM=0
  pool             Gudbrandsdatter                          F1=0.000 EM=0
  ipool            Gudbrandsdatter                          F1=0.000 EM=0
  idnmr            Gudbrandsdatter                          F1=0.000 EM=0
  idnmr_2round     Gudbrandsdatter                          F1=0.000 EM=0
[35/200] dev_434 (78.5s)
  baseline         Laura Bayley died later.                 F1=0.000 EM=0
  pool             Laura Bayley died later.                 F1=0.000 EM=0
  ipool            The Death Kiss died later.               F1=0.000 EM=0
  idnmr            Edwin L. Marin.                          F1=0.000 EM=0
  idnmr_2round     Edwin L. Marin.                          F1=0.000 EM=0
[40/200] dev_439 (61.1s)
  baseline         Cyclone Of The Saddle.                   F1=0.000 EM=0
  pool             Cyclone Of The Saddle.                   F1=0.000 EM=0
  ipool            Cyclone Of The Saddle.                   F1=0.000 EM=0
  idnmr            Cyclone Of The Saddle.                   F1=0.000 EM=0
  idnmr_2round     Cyclone Of The Saddle.                   F1=0.000 EM=0
[45/200] dev_444 (91.8s)
  baseline         Okinawa, Japan.                          F1=0.000 EM=0
  pool             Okinawa, Japan.                          F1=0.000 EM=0
  ipool            Okinawa, Japan.                          F1=0.000 EM=0
  idnmr            Okinawa, Japan.                          F1=0.000 EM=0
  idnmr_2round     Okinawa, Japan.                          F1=0.000 EM=0
[50/200] dev_449 (83.3s)
  baseline         Trnava, Czech Republic                   F1=0.000 EM=0
  pool             Debenice, Czech Republic                 F1=0.000 EM=0
  ipool            Prague, Czech Republic.                  F1=0.000 EM=0
  idnmr            Prague, Czech Republic.                  F1=0.000 EM=0
  idnmr_2round     Prague, Czech Republic.                  F1=0.000 EM=0
[55/200] dev_454 (93.7s)
  baseline         Florence, Italy.                         F1=0.000 EM=0
  pool             Mario Sclaniza                           F1=0.000 EM=0
  ipool            Santarcangelo di Romagna                 F1=0.000 EM=0
  idnmr            Modena, Italy, Italy                     F1=0.000 EM=0
  idnmr_2round     Mario Sclaniza                           F1=0.000 EM=0
[60/200] dev_459 (59.2s)
  baseline         Emma Dawkins-Pennant                     F1=0.000 EM=0
  pool             Emma Dawkins-Pennant                     F1=0.000 EM=0
  ipool            Emma Dawkins-Pennant                     F1=0.000 EM=0
  idnmr            Emma Dawkins-Pennant                     F1=0.000 EM=0
  idnmr_2round     Emma Dawkins-Pennant                     F1=0.000 EM=0
[65/200] dev_464 (77.0s)
  baseline         Polish-Lithuanian Commonwealth           F1=0.000 EM=0
  pool             Polish-Lithuanian Commonwealth           F1=0.000 EM=0
  ipool            Polish-Lithuanian Commonwealth           F1=0.000 EM=0
  idnmr            Polish-Lithuanian Commonwealth           F1=0.000 EM=0
  idnmr_2round     Polish-Lithuanian Commonwealth           F1=0.000 EM=0
[70/200] dev_469 (56.3s)
  baseline         Yes, both are Canadian.                  F1=0.250 EM=0
  pool             Yes, both are Canadian.                  F1=0.250 EM=0
  ipool            Yes, both are Canadian.                  F1=0.250 EM=0
  idnmr            Yes, both are Canadian.                  F1=0.250 EM=0
  idnmr_2round     Yes, both are Canadian.                  F1=0.250 EM=0
[75/200] dev_474 (64.1s)
  baseline         John II's father's father                F1=0.000 EM=0
  pool             Albert II, John's father                 F1=0.500 EM=0
  ipool            Albert II, John's father                 F1=0.500 EM=0
  idnmr            Albert II, John's father                 F1=0.500 EM=0
  idnmr_2round     Albert II, John's father                 F1=0.500 EM=0
[80/200] dev_479 (81.4s)
  baseline         Kizhakku Karai                           F1=0.000 EM=0
  pool             Kizhakku Karai                           F1=0.000 EM=0
  ipool            Kizhakku Karai                           F1=0.000 EM=0
  idnmr            Kizhakku Karai                           F1=0.000 EM=0
  idnmr_2round     Kizhakku Karai                           F1=0.000 EM=0
[85/200] dev_484 (69.0s)
  baseline         Faílbe Flann                             F1=0.000 EM=0
  pool             Faílbe Flann                             F1=0.000 EM=0
  ipool            Faílbe Flann                             F1=0.000 EM=0
  idnmr            Faílbe Flann                             F1=0.000 EM=0
  idnmr_2round     Faílbe Flann                             F1=0.000 EM=0
[90/200] dev_489 (69.3s)
  baseline         Ghar Ki Rani.                            F1=1.000 EM=0
  pool             Ghar Ki Rani.                            F1=1.000 EM=0
  ipool            Ghar Ki Rani.                            F1=1.000 EM=0
  idnmr            Ghar Ki Rani.                            F1=1.000 EM=0
  idnmr_2round     Ghar Ki Rani.                            F1=1.000 EM=0
[95/200] dev_494 (94.8s)
  baseline         Tbilisi, Georgia.                        F1=0.000 EM=0
  pool             Mtatsminda Pantheon                      F1=0.000 EM=0
  ipool            Mtatsminda Pantheon                      F1=0.000 EM=0
  idnmr            Mtatsminda Pantheon                      F1=0.000 EM=0
  idnmr_2round     Mtatsminda Pantheon                      F1=0.000 EM=0
[100/200] dev_499 (61.1s)
  baseline         John Hanna McCormick, Sr.                F1=0.250 EM=0
  pool             Senator Joseph Medill McCormick.         F1=0.000 EM=0
  ipool            Senator Joseph Medill McCormick.         F1=0.000 EM=0
  idnmr            Senator Joseph Medill McCormick.         F1=0.000 EM=0
  idnmr_2round     Senator Joseph Medill McCormick.         F1=0.000 EM=0
[105/200] dev_504 (76.8s)
  baseline         French (or Franks)                       F1=0.000 EM=0
  pool             King of the Franks.                      F1=0.333 EM=0
  ipool            French (or Frankish)                     F1=0.000 EM=0
  idnmr            French (or Frankish)                     F1=0.000 EM=0
  idnmr_2round     French (or Frankish)                     F1=0.000 EM=0
[110/200] dev_509 (63.1s)
  baseline         South Korea (Michael Kang)               F1=0.000 EM=0
  pool             Michael Kang is from Korea.              F1=0.000 EM=0
  ipool            Michael Kang is from Korea.              F1=0.000 EM=0
  idnmr            Michael Kang is from Korea.              F1=0.000 EM=0
  idnmr_2round     Michael Kang is from Korea.              F1=0.000 EM=0
[115/200] dev_514 (109.3s)
  baseline         Krymsk, Ukraine                          F1=0.000 EM=0
  pool             Artemovsk, Eastern Ukraine               F1=0.000 EM=0
  ipool            Artemovsk, Eastern Ukraine               F1=0.000 EM=0
  idnmr            Artemovsk, Eastern Ukraine               F1=0.000 EM=0
  idnmr_2round     Artemovsk, Eastern Ukraine               F1=0.000 EM=0
[120/200] dev_519 (81.7s)
  baseline         Elisabeth of Brandenburg                 F1=0.000 EM=0
  pool             Dresden, Saxony                          F1=0.000 EM=0
  ipool            Halle (Saale)                            F1=0.000 EM=0
  idnmr            Torgau, Saxony                           F1=0.500 EM=0
  idnmr_2round     Torgau, Saxony                           F1=0.500 EM=0
[125/200] dev_524 (75.2s)
  baseline         In West Branch, Iowa.                    F1=0.500 EM=0
  pool             West Branch, Iowa, USA                   F1=0.500 EM=0
  ipool            West Branch, Iowa, USA                   F1=0.500 EM=0
  idnmr            West Branch, Iowa, USA                   F1=0.500 EM=0
  idnmr_2round     West Branch, Iowa, USA                   F1=0.500 EM=0
[130/200] dev_529 (65.7s)
  baseline         Pyramid complex in Saqqara               F1=0.250 EM=0
  pool             Pyramid of Pepi II                       F1=0.000 EM=0
  ipool            Pyramid of Pepi II                       F1=0.000 EM=0
  idnmr            Pyramid of Pepi II                       F1=0.000 EM=0
  idnmr_2round     Pyramid of Pepi II                       F1=0.000 EM=0
[135/200] dev_534 (70.3s)
  baseline         Augustenborg, Denmark.                   F1=0.000 EM=0
  pool             Augustenborg, Denmark.                   F1=0.000 EM=0
  ipool            Augustenborg, Denmark.                   F1=0.000 EM=0
  idnmr            Augustenborg, Denmark.                   F1=0.000 EM=0
  idnmr_2round     Augustenborg, Denmark.                   F1=0.000 EM=0
[140/200] dev_539 (59.3s)
  baseline         John Lyon, Lord Glamis                   F1=1.000 EM=0
  pool             John Lyon, Lord Glamis                   F1=1.000 EM=0
  ipool            John Lyon, Lord Glamis                   F1=1.000 EM=0
  idnmr            John Lyon, Lord Glamis                   F1=1.000 EM=0
  idnmr_2round     John Lyon, Lord Glamis                   F1=1.000 EM=0
[145/200] dev_544 (72.8s)
  baseline         Tharlo Tharlo                            F1=0.000 EM=0
  pool             Tharlo Tharlo                            F1=0.000 EM=0
  ipool            Tharlo Tharlo                            F1=0.000 EM=0
  idnmr            Tharlo Tharlo                            F1=0.000 EM=0
  idnmr_2round     Tharlo Tharlo                            F1=0.000 EM=0
[150/200] dev_549 (60.8s)
  baseline         King of the Grizzlies.                   F1=0.000 EM=0
  pool             King of the Grizzlies.                   F1=0.000 EM=0
  ipool            King of the Grizzlies.                   F1=0.000 EM=0
  idnmr            King of the Grizzlies.                   F1=0.000 EM=0
  idnmr_2round     King of the Grizzlies.                   F1=0.000 EM=0
[155/200] dev_554 (63.5s)
  baseline         Mouloud Feraoun                          F1=1.000 EM=1
  pool             Mouloud Feraoun                          F1=1.000 EM=1
  ipool            Mouloud Feraoun                          F1=1.000 EM=1
  idnmr            Mouloud Feraoun                          F1=1.000 EM=1
  idnmr_2round     Mouloud Feraoun                          F1=1.000 EM=1
[160/200] dev_559 (67.8s)
  baseline         Florestan I of Monaco                    F1=0.000 EM=0
  pool             Charles-Thomas Gibert                    F1=0.000 EM=0
  ipool            Charles-Thomas Gibert                    F1=0.000 EM=0
  idnmr            Charles-Thomas Gibert                    F1=0.000 EM=0
  idnmr_2round     Charles-Thomas Gibert                    F1=0.000 EM=0
[165/200] dev_564 (56.2s)
  baseline         Weird Woman's director.                  F1=0.000 EM=0
  pool             Secret Strings director born first.      F1=0.400 EM=0
  ipool            Reginald Le Borg.                        F1=0.000 EM=0
  idnmr            Secret Strings director born first.      F1=0.400 EM=0
  idnmr_2round     Secret Strings director born first.      F1=0.400 EM=0
[170/200] dev_569 (77.4s)
  baseline         Born in East L.A.                        F1=0.000 EM=0
  pool             Albuquerque, New Mexico                  F1=0.333 EM=0
  ipool            Albuquerque, New Mexico                  F1=0.333 EM=0
  idnmr            Albuquerque, New Mexico                  F1=0.333 EM=0
  idnmr_2round     Albuquerque, New Mexico                  F1=0.333 EM=0
[175/200] dev_574 (78.8s)
  baseline         Świidnica                                F1=0.000 EM=0
  pool             Krzeszów, Poland                         F1=0.000 EM=0
  ipool            Krzeszów, Poland                         F1=0.000 EM=0
  idnmr            Krzeszów, Poland                         F1=0.000 EM=0
  idnmr_2round     Krzeszów, Poland                         F1=0.000 EM=0
[180/200] dev_579 (66.0s)
  baseline         Jacques of Savoy.                        F1=0.333 EM=0
  pool             Henri de Savoie                          F1=0.000 EM=0
  ipool            Jacques I of Savoy                       F1=0.250 EM=0
  idnmr            Henri de Savoie                          F1=0.000 EM=0
  idnmr_2round     Henri de Savoie                          F1=0.000 EM=0
[185/200] dev_584 (69.4s)
  baseline         Ava (Inwa)                               F1=0.000 EM=0
  pool             Ava (Inwa)                               F1=0.000 EM=0
  ipool            At the outskirts of Prome                F1=0.000 EM=0
  idnmr            Ava (Inwa)                               F1=0.000 EM=0
  idnmr_2round     Ava (Inwa)                               F1=0.000 EM=0
[190/200] dev_589 (60.5s)
  baseline         Buenos Aires, Argentina.                 F1=0.000 EM=0
  pool             Buenos Aires, Argentina.                 F1=0.000 EM=0
  ipool            Buenos Aires, Argentina.                 F1=0.000 EM=0
  idnmr            Buenos Aires, Argentina.                 F1=0.000 EM=0
  idnmr_2round     Buenos Aires, Argentina.                 F1=0.000 EM=0
[195/200] dev_594 (56.4s)
  baseline         84 Charing Cross Road                    F1=0.000 EM=0
  pool             84 Charing Cross Road                    F1=0.000 EM=0
  ipool            84 Charing Cross Road                    F1=0.000 EM=0
  idnmr            84 Charing Cross Road                    F1=0.000 EM=0
  idnmr_2round     84 Charing Cross Road                    F1=0.000 EM=0
[200/200] dev_599 (92.9s)
  baseline         Detroit, Michigan, USA.                  F1=0.000 EM=0
  pool             Belfast, Ireland.                        F1=0.000 EM=0
  ipool            Belfast, Northern Ireland                F1=0.000 EM=0
  idnmr            Belfast, Northern Ireland                F1=0.000 EM=0
  idnmr_2round     Belfast, Northern Ireland                F1=0.000 EM=0

Method               F1     EM  Contain
--------------------------------------
baseline          0.188  0.030    0.180
pool              0.192  0.040    0.180
ipool             0.198  0.025    0.210
idnmr             0.206  0.040    0.205
idnmr_2round      0.200  0.040    0.200

Total: 14841.9s (74.2s/q)
