/projects/prjs1800/venvs/arag-venv/lib/python3.10/site-packages/transformers/utils/hub.py:110: FutureWarning: Using `TRANSFORMERS_CACHE` is deprecated and will be removed in v5 of Transformers. Use `HF_HOME` instead.
  warnings.warn(
=== iDNMR Pilot ===
Model: llada, Rounds: 3, Steps: 16
`torch_dtype` is deprecated! Use `dtype` instead!
Loading checkpoint shards:   0%|          | 0/6 [00:00<?, ?it/s]Loading checkpoint shards: 100%|██████████| 6/6 [00:00<00:00, 146.31it/s]
  Model loaded in 9.5s
Loaded 200 questions
Batch initial retrieval...
  Done in 441.9s
[1/200] dev_600 (66.4s)
  baseline         Assault On Dome 4                        F1=0.000 EM=0
  pool             Assault On Dome 4                        F1=0.000 EM=0
  ipool            Assault On Dome 4                        F1=0.000 EM=0
  idnmr            Assault On Dome 4                        F1=0.000 EM=0
  idnmr_2round     Assault On Dome 4                        F1=0.000 EM=0
[5/200] dev_604 (61.4s)
  baseline         USA (or United States)                   F1=0.000 EM=0
  pool             USA (or United States)                   F1=0.000 EM=0
  ipool            USA (or United States)                   F1=0.000 EM=0
  idnmr            USA (or United States)                   F1=0.000 EM=0
  idnmr_2round     USA (or United States)                   F1=0.000 EM=0
[10/200] dev_609 (78.3s)
  baseline         Tallahassee, Florida.                    F1=0.000 EM=0
  pool             Tallahassee, Florida.                    F1=0.000 EM=0
  ipool            Tallahassee, Florida.                    F1=0.000 EM=0
  idnmr            Muskogee, Oklahoma.                      F1=0.000 EM=0
  idnmr_2round     Tallahassee, Florida.                    F1=0.000 EM=0
[15/200] dev_614 (61.3s)
  baseline         - Montevideo, Uruguay                    F1=0.000 EM=0
  pool             Montevideo, Uruguay.                     F1=0.000 EM=0
  ipool            - Montevideo, Uruguay                    F1=0.000 EM=0
  idnmr            - Montevideo, Uruguay                    F1=0.000 EM=0
  idnmr_2round     Montevideo, Uruguay.                     F1=0.000 EM=0
[20/200] dev_619 (79.8s)
  baseline         Dessau, Germany.                         F1=0.000 EM=0
  pool             Dessau, Schwarzburg                      F1=0.000 EM=0
  ipool            Dresden, Saxony                          F1=0.000 EM=0
  idnmr            In Großharthau                           F1=0.000 EM=0
  idnmr_2round     Prince Sizzo of Schwarzburg              F1=0.000 EM=0
[25/200] dev_624 (61.1s)
  baseline         Cast Up By The Sea.                      F1=1.000 EM=0
  pool             Cast Up By The Sea.                      F1=1.000 EM=0
  ipool            Cast Up By The Sea.                      F1=1.000 EM=0
  idnmr            Cast Up By The Sea.                      F1=1.000 EM=0
  idnmr_2round     Cast Up By The Sea.                      F1=1.000 EM=0
[30/200] dev_629 (84.3s)
  baseline         Margaret Tudor and King Henry VII        F1=0.000 EM=0
  pool             Margaret Tudor (Margaret Douglas)        F1=0.000 EM=0
  ipool            Margaret Tudor, King Henry VII           F1=0.000 EM=0
  idnmr            Margaret Tudor (Margaret Douglas)        F1=0.000 EM=0
  idnmr_2round     Margaret Tudor (Margaret Douglas)        F1=0.000 EM=0
[35/200] dev_634 (62.4s)
  baseline         Jean-François Richet                     F1=0.000 EM=0
  pool             Jean-François Richet                     F1=0.000 EM=0
  ipool            Jean-François Richet                     F1=0.000 EM=0
  idnmr            Jean-François Richet                     F1=0.000 EM=0
  idnmr_2round     Jean-François Richet                     F1=0.000 EM=0
[40/200] dev_639 (92.5s)
  baseline         Marc Burrows was born later              F1=0.400 EM=0
  pool             Marc Burrows was born later              F1=0.400 EM=0
  ipool            Marc Burrows was born later              F1=0.400 EM=0
  idnmr            Marc Burrows was born later              F1=0.400 EM=0
  idnmr_2round     Marc Burrows was born later              F1=0.400 EM=0
[45/200] dev_644 (75.7s)
  baseline         Mons in present-day Belgium              F1=0.000 EM=0
  pool             Mons in present-day Belgium              F1=0.000 EM=0
  ipool            Mons in present-day Belgium              F1=0.000 EM=0
  idnmr            Mons in present-day Belgium              F1=0.000 EM=0
  idnmr_2round     Mons in present-day Belgium              F1=0.000 EM=0
[50/200] dev_649 (64.8s)
  baseline         Sol Niger Within came first.             F1=0.600 EM=0
  pool             Sol Niger Within came first.             F1=0.600 EM=0
  ipool            Sol Niger Within came first.             F1=0.600 EM=0
  idnmr            Sol Niger Within came first.             F1=0.600 EM=0
  idnmr_2round     Sol Niger Within came first.             F1=0.600 EM=0
[55/200] dev_654 (74.0s)
  baseline         Answer: Women In The Wind                F1=0.000 EM=0
  pool             Scum of the Earth!                       F1=0.667 EM=0
  ipool            I, the Worst of All                      F1=0.500 EM=0
  idnmr            I, the Worst of All                      F1=0.500 EM=0
  idnmr_2round     I, the Worst of All                      F1=0.500 EM=0
[60/200] dev_659 (68.5s)
  baseline         Fernán Ruiz de Castro                    F1=0.250 EM=0
  pool             Fernán Ruiz de Castro                    F1=0.250 EM=0
  ipool            Pedro Fernández de Castro                F1=0.250 EM=0
  idnmr            Fernán Ruiz de Castro                    F1=0.250 EM=0
  idnmr_2round     Fernán Ruiz de Castro                    F1=0.250 EM=0
[65/200] dev_664 (73.7s)
  baseline         Gianni Agnelli                           F1=0.000 EM=0
  pool             Cristiana Agnelli                        F1=0.000 EM=0
  ipool            Cristiana Agnelli                        F1=0.000 EM=0
  idnmr            Aniceta Frisetti                         F1=0.000 EM=0
  idnmr_2round     Aniceta Frisetti                         F1=0.000 EM=0
[70/200] dev_669 (95.3s)
  baseline         King Leopold I of Belgium                F1=0.200 EM=0
  pool             King Leopold II of Belgium               F1=0.200 EM=0
  ipool            King Leopold II of Belgium               F1=0.200 EM=0
  idnmr            King Leopold II of Belgium               F1=0.200 EM=0
  idnmr_2round     King Leopold II of Belgium               F1=0.200 EM=0
[75/200] dev_674 (55.8s)
  baseline         Anglo-German co-production               F1=0.000 EM=0
  pool             Anglo-German co-production               F1=0.000 EM=0
  ipool            Anglo-German co-production               F1=0.000 EM=0
  idnmr            Anglo-German co-production               F1=0.000 EM=0
  idnmr_2round     Anglo-German co-production               F1=0.000 EM=0
[80/200] dev_679 (66.2s)
  baseline         New York City, USA.                      F1=0.000 EM=0
  pool             Swarthmore, Pennsylvania.                F1=0.000 EM=0
  ipool            Swarthmore, Pennsylvania.                F1=0.000 EM=0
  idnmr            Swarthmore, Pennsylvania.                F1=0.000 EM=0
  idnmr_2round     Swarthmore, Pennsylvania.                F1=0.000 EM=0
[85/200] dev_684 (70.3s)
  baseline         Tony Kaye, American.                     F1=0.000 EM=0
  pool             Tony Kaye, American.                     F1=0.000 EM=0
  ipool            Tony Kaye, American.                     F1=0.000 EM=0
  idnmr            Tony Kaye, American.                     F1=0.000 EM=0
  idnmr_2round     Tony Kaye, American.                     F1=0.000 EM=0
[90/200] dev_689 (92.5s)
  baseline         June 1801                                F1=1.000 EM=0
  pool             June 1801                                F1=1.000 EM=0
  ipool            June 1801                                F1=1.000 EM=0
  idnmr            June 1801                                F1=1.000 EM=0
  idnmr_2round     June 1801                                F1=1.000 EM=0
[95/200] dev_694 (51.9s)
  baseline         Eleanor of Lancaster                     F1=1.000 EM=1
  pool             Eleanor of Lancaster                     F1=1.000 EM=1
  ipool            Eleanor of Lancaster                     F1=1.000 EM=1
  idnmr            Eleanor of Lancaster                     F1=1.000 EM=1
  idnmr_2round     Eleanor of Lancaster                     F1=1.000 EM=1
[100/200] dev_699 (73.9s)
  baseline         Answer: Elizabeth Annesley               F1=0.000 EM=0
  pool             Hon. Catherine Annesley                  F1=0.000 EM=0
  ipool            Hon. Catherine Annesley                  F1=0.000 EM=0
  idnmr            Hon. Elizabeth Annesley                  F1=0.000 EM=0
  idnmr_2round     Hon. Elizabeth Annesley                  F1=0.000 EM=0
[105/200] dev_704 (96.6s)
  baseline         Loreto College, Kolkata                  F1=0.000 EM=0
  pool             Loreto College, Kolkata                  F1=0.000 EM=0
  ipool            Loreto College, Kolkata                  F1=0.000 EM=0
  idnmr            Loreto College, Kolkata                  F1=0.000 EM=0
  idnmr_2round     Loreto College, Kolkata                  F1=0.000 EM=0
[110/200] dev_709 (65.9s)
  baseline         monumental red granite hall              F1=0.000 EM=0
  pool             Osorkon II's tomb                        F1=0.000 EM=0
  ipool            Mparo, Hoima                             F1=0.000 EM=0
  idnmr            Osorkon II's tomb                        F1=0.000 EM=0
  idnmr_2round     Osorkon II's tomb                        F1=0.000 EM=0
[115/200] dev_714 (65.9s)
  baseline         The Man Who Murdered.                    F1=0.000 EM=0
  pool             The Man Who Murdered.                    F1=0.000 EM=0
  ipool            The Man Who Murdered.                    F1=0.000 EM=0
  idnmr            The Man Who Murdered.                    F1=0.000 EM=0
  idnmr_2round     The Man Who Murdered.                    F1=0.000 EM=0
[120/200] dev_719 (61.1s)
  baseline         Juan René Serrano                        F1=0.000 EM=0
  pool             Juan René Serrano                        F1=0.000 EM=0
  ipool            Juan René Serrano                        F1=0.000 EM=0
  idnmr            Juan René Serrano                        F1=0.000 EM=0
  idnmr_2round     Juan René Serrano                        F1=0.000 EM=0
[125/200] dev_724 (56.0s)
  baseline         Chiang Chung-Ling.                       F1=1.000 EM=0
  pool             Chiang Chung-Ling.                       F1=1.000 EM=0
  ipool            Chiang Chung-Ling.                       F1=1.000 EM=0
  idnmr            Chiang Chung-Ling.                       F1=1.000 EM=0
  idnmr_2round     Chiang Chung-Ling.                       F1=1.000 EM=0
[130/200] dev_729 (66.4s)
  baseline         No, Finland and Belfast.                 F1=0.000 EM=0
  pool             No, Finland and Belfast.                 F1=0.000 EM=0
  ipool            No, Finland and Belfast.                 F1=0.000 EM=0
  idnmr            No, Finland and Belfast.                 F1=0.000 EM=0
  idnmr_2round     No, Finland and Belfast.                 F1=0.000 EM=0
[135/200] dev_734 (55.8s)
  baseline         Whispers in the Shadow.                  F1=0.000 EM=0
  pool             Whispers in the Shadow.                  F1=0.000 EM=0
  ipool            Whispers in the Shadow.                  F1=0.000 EM=0
  idnmr            Whispers in the Shadow.                  F1=0.000 EM=0
  idnmr_2round     Whispers in the Shadow.                  F1=0.000 EM=0
[140/200] dev_739 (73.4s)
  baseline         Kizhakku Karai                           F1=0.000 EM=0
  pool             Ganges: River to Heaven                  F1=0.250 EM=0
  ipool            Kizhakku Karai                           F1=0.000 EM=0
  idnmr            Kizhakku Karai                           F1=0.000 EM=0
  idnmr_2round     Kizhakku Karai                           F1=0.000 EM=0
[145/200] dev_744 (58.2s)
  baseline         April 1644                               F1=0.000 EM=0
  pool             April 1644                               F1=0.000 EM=0
  ipool            April 1644                               F1=0.000 EM=0
  idnmr            April 1644                               F1=0.000 EM=0
  idnmr_2round     April 1644                               F1=0.000 EM=0
[150/200] dev_749 (80.9s)
  baseline         In Leningrad, Russia                     F1=0.000 EM=0
  pool             Rēzekne, Latvia                          F1=0.500 EM=0
  ipool            Rēzekne, Latvia                          F1=0.500 EM=0
  idnmr            Rēzekne, Latvia                          F1=0.500 EM=0
  idnmr_2round     Rēzekne, Latvia                          F1=0.500 EM=0
[155/200] dev_754 (73.5s)
  baseline         Rust Epique, American                    F1=0.000 EM=0
  pool             Rust Epique, American                    F1=0.000 EM=0
  ipool            Rust Epique, American                    F1=0.000 EM=0
  idnmr            Rust Epique, American                    F1=0.000 EM=0
  idnmr_2round     Rust Epique, American                    F1=0.000 EM=0
[160/200] dev_759 (73.9s)
  baseline         No, British and American.                F1=0.000 EM=0
  pool             No, they are not.                        F1=0.000 EM=0
  ipool            No, they are not.                        F1=0.000 EM=0
  idnmr            No, they are not.                        F1=0.000 EM=0
  idnmr_2round     No, they are not.                        F1=0.000 EM=0
[165/200] dev_764 (61.9s)
  baseline         No, Denmark and Norway.                  F1=0.000 EM=0
  pool             No, Denmark and Norway.                  F1=0.000 EM=0
  ipool            No, Denmark and Norway.                  F1=0.000 EM=0
  idnmr            No, Denmark and Norway.                  F1=0.000 EM=0
  idnmr_2round     No, Denmark and Norway.                  F1=0.000 EM=0
[170/200] dev_769 (62.0s)
  baseline         No, Bolivia and Peru.                    F1=0.000 EM=0
  pool             No, Bolivia and Peru.                    F1=0.000 EM=0
  ipool            No, Bolivia and Peru.                    F1=0.000 EM=0
  idnmr            No, Bolivia and Peru.                    F1=0.000 EM=0
  idnmr_2round     No, Bolivia and Peru.                    F1=0.000 EM=0
[175/200] dev_774 (81.4s)
  baseline         Roger Miret born first.                  F1=0.000 EM=0
  pool             Roger Miret was born first               F1=0.000 EM=0
  ipool            Roger Miret was born first               F1=0.000 EM=0
  idnmr            Roger Miret was born first               F1=0.000 EM=0
  idnmr_2round     Roger Miret was born first               F1=0.000 EM=0
[180/200] dev_779 (59.2s)
  baseline         Ravello, Italy.                          F1=0.000 EM=0
  pool             Ravello, Italy.                          F1=0.000 EM=0
  ipool            Ravello, Italy.                          F1=0.000 EM=0
  idnmr            Ravello, Italy.                          F1=0.000 EM=0
  idnmr_2round     Ravello, Italy.                          F1=0.000 EM=0
[185/200] dev_784 (73.5s)
  baseline         Burbank, California.                     F1=0.000 EM=0
  pool             Burbank, California.                     F1=0.000 EM=0
  ipool            Burbank, California.                     F1=0.000 EM=0
  idnmr            Burbank, California.                     F1=0.000 EM=0
  idnmr_2round     Burbank, California.                     F1=0.000 EM=0
[190/200] dev_789 (61.0s)
  baseline         Answer: Penang Free School               F1=0.750 EM=0
  pool             Answer: Penang Free School               F1=0.750 EM=0
  ipool            Answer: Penang Free School               F1=0.750 EM=0
  idnmr            Answer: Penang Free School               F1=0.750 EM=0
  idnmr_2round     Answer: Penang Free School               F1=0.750 EM=0
[195/200] dev_794 (65.3s)
  baseline         Florence, Italy.                         F1=0.000 EM=0
  pool             San Ferdinando di Puglia                 F1=1.000 EM=1
  ipool            Frosinone, Italy                         F1=0.000 EM=0
  idnmr            San Ferdinando di Puglia                 F1=1.000 EM=1
  idnmr_2round     San Ferdinando di Puglia                 F1=1.000 EM=1
[200/200] dev_799 (58.8s)
  baseline         A Soldier's Oath.                        F1=1.000 EM=0
  pool             A Soldier's Oath.                        F1=1.000 EM=0
  ipool            A Soldier's Oath.                        F1=1.000 EM=0
  idnmr            A Soldier's Oath.                        F1=1.000 EM=0
  idnmr_2round     A Soldier's Oath.                        F1=1.000 EM=0

Method               F1     EM  Contain
--------------------------------------
baseline          0.166  0.040    0.155
pool              0.207  0.055    0.180
ipool             0.185  0.040    0.185
idnmr             0.199  0.055    0.175
idnmr_2round      0.200  0.055    0.175

Total: 15204.6s (76.0s/q)
