/projects/prjs1800/venvs/arag-venv/lib/python3.10/site-packages/transformers/utils/hub.py:110: FutureWarning: Using `TRANSFORMERS_CACHE` is deprecated and will be removed in v5 of Transformers. Use `HF_HOME` instead.
  warnings.warn(
=== iDNMR Pilot ===
Model: llada, Rounds: 3, Steps: 16
`torch_dtype` is deprecated! Use `dtype` instead!
Loading checkpoint shards:   0%|          | 0/6 [00:00<?, ?it/s]Loading checkpoint shards:  17%|█▋        | 1/6 [00:00<00:01,  4.67it/s]Loading checkpoint shards:  33%|███▎      | 2/6 [00:00<00:00,  5.43it/s]Loading checkpoint shards:  50%|█████     | 3/6 [00:01<00:01,  1.63it/s]Loading checkpoint shards:  67%|██████▋   | 4/6 [00:02<00:01,  1.67it/s]Loading checkpoint shards:  83%|████████▎ | 5/6 [00:02<00:00,  2.19it/s]Loading checkpoint shards: 100%|██████████| 6/6 [00:02<00:00,  2.77it/s]Loading checkpoint shards: 100%|██████████| 6/6 [00:02<00:00,  2.44it/s]
  Model loaded in 29.7s
Loaded 200 questions
Batch initial retrieval...
  Done in 461.4s
[1/200] dev_0 (73.0s)
  baseline         Malgorzata Braunek                       F1=0.500 EM=0
  pool             Małgorzata Braun                         F1=0.500 EM=0
  ipool            Małgorzata Braun                         F1=0.500 EM=0
  idnmr            Małgorzata Braun                         F1=0.500 EM=0
  idnmr_2round     Małgorzata Braun                         F1=0.500 EM=0
[5/200] dev_4 (85.1s)
  baseline         Napa County, California.                 F1=0.000 EM=0
  pool             Napa County, California.                 F1=0.000 EM=0
  ipool            Napa County, California.                 F1=0.000 EM=0
  idnmr            Answer: Missoula, Montana                F1=0.333 EM=0
  idnmr_2round     Answer: Missoula, Montana                F1=0.333 EM=0
[10/200] dev_9 (66.7s)
  baseline         Antiochus VII Sidetes                    F1=0.000 EM=0
  pool             Antiochus VII Sidetes                    F1=0.000 EM=0
  ipool            Antiochus VII Sidetes                    F1=0.000 EM=0
  idnmr            Antiochus VII Sidetes                    F1=0.000 EM=0
  idnmr_2round     Antiochus VII Sidetes                    F1=0.000 EM=0
[15/200] dev_14 (77.9s)
  baseline         She had a heart attack.                  F1=0.000 EM=0
  pool             She had a heart attack.                  F1=0.000 EM=0
  ipool            She had a heart attack.                  F1=0.000 EM=0
  idnmr            She had a heart attack.                  F1=0.000 EM=0
  idnmr_2round     She had a heart attack.                  F1=0.000 EM=0
[20/200] dev_19 (88.1s)
  baseline         The Daltons' Women                       F1=0.000 EM=0
  pool             The Daltons' Women                       F1=0.000 EM=0
  ipool            The Daltons' Women                       F1=0.000 EM=0
  idnmr            The Daltons' Women                       F1=0.000 EM=0
  idnmr_2round     The Daltons' Women                       F1=0.000 EM=0
[25/200] dev_24 (64.3s)
  baseline         Rupert, King of Germany                  F1=1.000 EM=1
  pool             Rupert, King of Germany                  F1=1.000 EM=1
  ipool            Rupert, King of Germany                  F1=1.000 EM=1
  idnmr            Rupert, King of Germany                  F1=1.000 EM=1
  idnmr_2round     Rupert, King of Germany                  F1=1.000 EM=1
[30/200] dev_29 (63.5s)
  baseline         No, they are not.                        F1=0.000 EM=0
  pool             Yes, both South Korean.                  F1=0.250 EM=0
  ipool            Yes, both South Korean.                  F1=0.250 EM=0
  idnmr            Yes, both South Korean.                  F1=0.250 EM=0
  idnmr_2round     Yes, both South Korean.                  F1=0.250 EM=0
[35/200] dev_34 (67.9s)
  baseline         Due to a broken heart.                   F1=0.000 EM=0
  pool             Due to a broken heart.                   F1=0.000 EM=0
  ipool            Due to a broken heart.                   F1=0.000 EM=0
  idnmr            His mother contracted pulmonary tubercul F1=0.000 EM=0
  idnmr_2round     His mother contracted pulmonary tubercul F1=0.000 EM=0
[40/200] dev_39 (103.2s)
  baseline         D'Arcy Coulson                           F1=1.000 EM=1
  pool             D'Arcy Coulson                           F1=1.000 EM=1
  ipool            D'Arcy Coulson                           F1=1.000 EM=1
  idnmr            D'Arcy Coulson                           F1=1.000 EM=1
  idnmr_2round     D'Arcy Coulson                           F1=1.000 EM=1
[45/200] dev_44 (89.6s)
  baseline         Gian Galeazzo, Milan                     F1=0.000 EM=0
  pool             Milan, Kingdom of Italy                  F1=0.000 EM=0
  ipool            Cassano, Lombardy                        F1=0.000 EM=0
  idnmr            Short Answer: Milan, Italy               F1=0.000 EM=0
  idnmr_2round     Milan, Milan, Italy                      F1=0.000 EM=0
[50/200] dev_49 (56.8s)
  baseline         Beatrice I of Castile                    F1=0.500 EM=0
  pool             Beatrice I of Castile                    F1=0.500 EM=0
  ipool            Beatrice I of Castile                    F1=0.500 EM=0
  idnmr            Beatrice I of Castile                    F1=0.500 EM=0
  idnmr_2round     Beatrice I of Castile                    F1=0.500 EM=0
[55/200] dev_54 (77.6s)
  baseline         1st Earl of Arran                        F1=0.000 EM=0
  pool             1st Earl of Arran                        F1=0.000 EM=0
  ipool            1st Earl of Arran                        F1=0.000 EM=0
  idnmr            1st Earl of Arran                        F1=0.000 EM=0
  idnmr_2round     1st Earl of Arran                        F1=0.000 EM=0
[60/200] dev_59 (57.8s)
  baseline         South Porcupine, Ontario                 F1=0.000 EM=0
  pool             South Porcupine, Ontario                 F1=0.000 EM=0
  ipool            South Porcupine, Ontario                 F1=0.000 EM=0
  idnmr            South Porcupine, Ontario                 F1=0.000 EM=0
  idnmr_2round     South Porcupine, Ontario                 F1=0.000 EM=0
[65/200] dev_64 (94.2s)
  baseline         Marguerite of Lorraine.                  F1=0.000 EM=0
  pool             Louise Henriette de Bourbon              F1=0.000 EM=0
  ipool            Maria Amalia of Saxony                   F1=0.000 EM=0
  idnmr            Louise Henriette de Bourbon              F1=0.000 EM=0
  idnmr_2round     Louise Henriette de Bourbon              F1=0.000 EM=0
[70/200] dev_69 (63.9s)
  baseline         Vienna, Austria- Hungary                 F1=0.000 EM=0
  pool             Vienna, Austria- Hungary                 F1=0.000 EM=0
  ipool            Vienna, Austria- Hungary                 F1=0.000 EM=0
  idnmr            Vienna, Austria- Hungary                 F1=0.000 EM=0
  idnmr_2round     Vienna, Austria- Hungary                 F1=0.000 EM=0
[75/200] dev_74 (65.9s)
  baseline         No, Canada vs. USA                       F1=0.000 EM=0
  pool             No, Canada vs. USA                       F1=0.000 EM=0
  ipool            Yes, both in Canada.                     F1=0.250 EM=0
  idnmr            No, Canada vs. USA                       F1=0.000 EM=0
  idnmr_2round     No, Canada vs. USA                       F1=0.000 EM=0
[80/200] dev_79 (66.8s)
  baseline         King of the Ostrogoths                   F1=0.000 EM=0
  pool             King of the Ostrogoths                   F1=0.000 EM=0
  ipool            King of the Ostrogoths                   F1=0.000 EM=0
  idnmr            King of the Ostrogoths                   F1=0.000 EM=0
  idnmr_2round     King of the Ostrogoths                   F1=0.000 EM=0
[85/200] dev_84 (46.4s)
  baseline         Go Ahead And Break My Heart              F1=1.000 EM=1
  pool             Go Ahead And Break My Heart              F1=1.000 EM=1
  ipool            Go Ahead And Break My Heart              F1=1.000 EM=1
  idnmr            Go Ahead And Break My Heart              F1=1.000 EM=1
  idnmr_2round     Go Ahead And Break My Heart              F1=1.000 EM=1
[90/200] dev_89 (76.3s)
  baseline         She Wore a Yellow Ribbon                 F1=1.000 EM=1
  pool             She Wore a Yellow Ribbon                 F1=1.000 EM=1
  ipool            She Wore a Yellow Ribbon                 F1=1.000 EM=1
  idnmr            She Wore a Yellow Ribbon                 F1=1.000 EM=1
  idnmr_2round     She Wore a Yellow Ribbon                 F1=1.000 EM=1
[95/200] dev_94 (66.5s)
  baseline         Oxford Street, London, England           F1=0.500 EM=0
  pool             Vincent Novello, London                  F1=0.333 EM=0
  ipool            Vincent Novello, London                  F1=0.333 EM=0
  idnmr            Vincent Novello, London                  F1=0.333 EM=0
  idnmr_2round     Vincent Novello, London                  F1=0.333 EM=0
[100/200] dev_99 (55.5s)
  baseline         Cochabamba, Bolivia                      F1=0.000 EM=0
  pool             Cochabamba, Bolivia                      F1=0.000 EM=0
  ipool            Cochabamba, Bolivia                      F1=0.000 EM=0
  idnmr            Cochabamba, Bolivia                      F1=0.000 EM=0
  idnmr_2round     Cochabamba, Bolivia                      F1=0.000 EM=0
[105/200] dev_104 (62.0s)
  baseline         August 1975                              F1=1.000 EM=0
  pool             August 1975                              F1=1.000 EM=0
  ipool            August 1975                              F1=1.000 EM=0
  idnmr            August 1975                              F1=1.000 EM=0
  idnmr_2round     August 1975                              F1=1.000 EM=0
[110/200] dev_109 (113.2s)
  baseline         Gothenburg, Sweden.                      F1=0.000 EM=0
  pool             Gothenburg, Sweden.                      F1=0.000 EM=0
  ipool            Eskilstuna, Sweden                       F1=0.000 EM=0
  idnmr            Eskilstuna, Sweden                       F1=0.000 EM=0
  idnmr_2round     Kristinehamn, Sweden                     F1=0.000 EM=0
[115/200] dev_114 (71.4s)
  baseline         Xenoa                                    F1=1.000 EM=1
  pool             Aahvaanam.                               F1=0.000 EM=0
  ipool            Xenoa                                    F1=1.000 EM=1
  idnmr            Xenoa released earlier.                  F1=0.333 EM=0
  idnmr_2round     Xenoa released earlier.                  F1=0.333 EM=0
[120/200] dev_119 (60.0s)
  baseline         No, they are not.                        F1=0.000 EM=0
  pool             No, they are not.                        F1=0.000 EM=0
  ipool            No, they are not.                        F1=0.000 EM=0
  idnmr            No, they are not.                        F1=0.000 EM=0
  idnmr_2round     No, they are not.                        F1=0.000 EM=0
[125/200] dev_124 (56.0s)
  baseline         c. 975                                   F1=0.000 EM=0
  pool             c. 975                                   F1=0.000 EM=0
  ipool            c. 975                                   F1=0.000 EM=0
  idnmr            c. 975                                   F1=0.000 EM=0
  idnmr_2round     c. 975                                   F1=0.000 EM=0
[130/200] dev_129 (78.6s)
  baseline         October 1980                             F1=0.000 EM=0
  pool             October 1980                             F1=0.000 EM=0
  ipool            November 1956                            F1=0.000 EM=0
  idnmr            In 1946                                  F1=0.000 EM=0
  idnmr_2round     In 1946                                  F1=0.000 EM=0
[135/200] dev_134 (55.7s)
  baseline         Sochi, Soviet Union.                     F1=0.333 EM=0
  pool             Sochi, Soviet Union.                     F1=0.333 EM=0
  ipool            Sochi, Soviet Union.                     F1=0.333 EM=0
  idnmr            Sochi, Soviet Union.                     F1=0.333 EM=0
  idnmr_2round     Sochi, Soviet Union.                     F1=0.333 EM=0
[140/200] dev_139 (55.5s)
  baseline         Noerr was established first.             F1=0.250 EM=0
  pool             Noerr was established first.             F1=0.250 EM=0
  ipool            Noerr was established first.             F1=0.250 EM=0
  idnmr            Noerr was established first.             F1=0.250 EM=0
  idnmr_2round     Noerr was established first.             F1=0.250 EM=0
[145/200] dev_144 (91.0s)
  baseline         Cannes Film Festival, France             F1=0.000 EM=0
  pool             Not mentioned in the context.            F1=0.000 EM=0
  ipool            French Cinémathèque                      F1=0.000 EM=0
  idnmr            Not mentioned in the context.            F1=0.000 EM=0
  idnmr_2round     Not mentioned in the context.            F1=0.000 EM=0
[150/200] dev_149 (85.0s)
  baseline         King Charles I of Sicily.                F1=0.400 EM=0
  pool             King Charles I of Sicily.                F1=0.400 EM=0
  ipool            King Charles I of Sicily.                F1=0.400 EM=0
  idnmr            King Charles I of Sicily.                F1=0.400 EM=0
  idnmr_2round     King Charles I of Sicily.                F1=0.400 EM=0
[155/200] dev_154 (61.6s)
  baseline         No, they are unrelated.                  F1=0.000 EM=0
  pool             No, they are unrelated.                  F1=0.000 EM=0
  ipool            No, they are different.                  F1=0.000 EM=0
  idnmr            No, they are unrelated.                  F1=0.000 EM=0
  idnmr_2round     No, they are unrelated.                  F1=0.000 EM=0
[160/200] dev_159 (80.1s)
  baseline         René Poupardin                           F1=0.000 EM=0
  pool             René Poupardin                           F1=0.000 EM=0
  ipool            René Poupardin                           F1=0.000 EM=0
  idnmr            René Poupardin                           F1=0.000 EM=0
  idnmr_2round     René Poupardin                           F1=0.000 EM=0
[165/200] dev_164 (79.7s)
  baseline         born 1975                                F1=0.000 EM=0
  pool             December 1969                            F1=0.500 EM=0
  ipool            December 1969                            F1=0.500 EM=0
  idnmr            December 1969                            F1=0.500 EM=0
  idnmr_2round     December 1969                            F1=0.500 EM=0
[170/200] dev_169 (95.3s)
  baseline         Forest Lawn-Hollywood Hills Cemetery     F1=0.000 EM=0
  pool             Marnes-la-Coquette                       F1=0.000 EM=0
  ipool            Short Answer: Paris, France              F1=0.000 EM=0
  idnmr            Cadogan Place, Knightsbridge             F1=0.000 EM=0
  idnmr_2round     Swansea, England.                        F1=0.000 EM=0
[175/200] dev_174 (76.9s)
  baseline         The Falcon in San Francisco.             F1=1.000 EM=0
  pool             The Falcon in San Francisco.             F1=1.000 EM=0
  ipool            The Falcon in San Francisco.             F1=1.000 EM=0
  idnmr            The Falcon in San Francisco.             F1=1.000 EM=0
  idnmr_2round     The Falcon in San Francisco.             F1=1.000 EM=0
[180/200] dev_179 (68.9s)
  baseline         Città di Castello                        F1=0.000 EM=0
  pool             Città di Castello                        F1=0.000 EM=0
  ipool            Città di Castello                        F1=0.000 EM=0
  idnmr            Città di Castello                        F1=0.000 EM=0
  idnmr_2round     Città di Castello                        F1=0.000 EM=0
[185/200] dev_184 (57.9s)
  baseline         Answer: Jesse James' Women               F1=0.000 EM=0
  pool             Jesse James' Women born later            F1=0.000 EM=0
  ipool            Answer: Jesse James' Women               F1=0.000 EM=0
  idnmr            Jesse James' Women born later            F1=0.000 EM=0
  idnmr_2round     Jesse James' Women born later            F1=0.000 EM=0
[190/200] dev_189 (87.3s)
  baseline         August 1838                              F1=0.000 EM=0
  pool             September 1770                           F1=1.000 EM=0
  ipool            September 1770                           F1=1.000 EM=0
  idnmr            September 1770                           F1=1.000 EM=0
  idnmr_2round     September 1770                           F1=1.000 EM=0
[195/200] dev_194 (78.8s)
  baseline         Amsterdam, The Netherlands.              F1=0.000 EM=0
  pool             Amsterdam, The Netherlands.              F1=0.000 EM=0
  ipool            Amsterdam, the Netherlands.              F1=0.000 EM=0
  idnmr            Amsterdam, the Netherlands.              F1=0.000 EM=0
  idnmr_2round     Amsterdam, The Netherlands.              F1=0.000 EM=0
[200/200] dev_199 (92.3s)
  baseline         Infanta Maria Theresa of Portugal        F1=0.400 EM=0
  pool             Infanta Maria Theresa of Portugal        F1=0.400 EM=0
  ipool            Infanta Maria Theresa of Portugal        F1=0.400 EM=0
  idnmr            Infanta Maria Theresa of Portugal        F1=0.400 EM=0
  idnmr_2round     Infanta Maria Theresa of Portugal        F1=0.400 EM=0

Method               F1     EM  Contain
--------------------------------------
baseline          0.237  0.065    0.220
pool              0.251  0.065    0.235
ipool             0.269  0.070    0.250
idnmr             0.260  0.065    0.250
idnmr_2round      0.258  0.065    0.255

Total: 14821.5s (74.1s/q)
