/projects/prjs1800/venvs/arag-venv/lib/python3.10/site-packages/transformers/utils/hub.py:110: FutureWarning: Using `TRANSFORMERS_CACHE` is deprecated and will be removed in v5 of Transformers. Use `HF_HOME` instead.
  warnings.warn(
=== iDNMR Pilot ===
Model: llada, Rounds: 3, Steps: 16
`torch_dtype` is deprecated! Use `dtype` instead!
Loading checkpoint shards:   0%|          | 0/6 [00:00<?, ?it/s]Loading checkpoint shards: 100%|██████████| 6/6 [00:00<00:00, 147.14it/s]
  Model loaded in 11.7s
Loaded 200 questions
Batch initial retrieval...
  Done in 444.6s
[1/200] dev_200 (55.5s)
  baseline         Answer: Light Over Russia.               F1=0.000 EM=0
  pool             Answer: Light Over Russia.               F1=0.000 EM=0
  ipool            Answer: Light Over Russia.               F1=0.000 EM=0
  idnmr            Answer: Light Over Russia.               F1=0.000 EM=0
  idnmr_2round     Answer: Light Over Russia.               F1=0.000 EM=0
[5/200] dev_204 (77.1s)
  baseline         Biswaprakash.                            F1=0.000 EM=0
  pool             Biswaprakash.                            F1=0.000 EM=0
  ipool            Biswaprakash.                            F1=0.000 EM=0
  idnmr            Jeedar's director.                       F1=0.000 EM=0
  idnmr_2round     Jeedar's director.                       F1=0.000 EM=0
[10/200] dev_209 (91.3s)
  baseline         Polish-Lithuanian Commonwealth           F1=0.000 EM=0
  pool             Polish-Lithuanian Commonwealth           F1=0.000 EM=0
  ipool            Polish-Lithuanian Commonwealth           F1=0.000 EM=0
  idnmr            Polish-Lithuanian Commonwealth           F1=0.000 EM=0
  idnmr_2round     Polish-Lithuanian Commonwealth           F1=0.000 EM=0
[15/200] dev_214 (55.1s)
  baseline         The Great Flamarion.                     F1=1.000 EM=0
  pool             The Great Flamarion.                     F1=1.000 EM=0
  ipool            The Great Flamarion.                     F1=1.000 EM=0
  idnmr            The Great Flamarion.                     F1=1.000 EM=0
  idnmr_2round     The Great Flamarion.                     F1=1.000 EM=0
[20/200] dev_219 (56.8s)
  baseline         Lower Zeals, Warminster                  F1=0.000 EM=0
  pool             Lower Zeals, Warminster                  F1=0.000 EM=0
  ipool            Manor Farm in Zeals                      F1=0.000 EM=0
  idnmr            Lower Zeals, Warminster                  F1=0.000 EM=0
  idnmr_2round     Lower Zeals, Warminster                  F1=0.000 EM=0
[25/200] dev_224 (91.6s)
  baseline         October 1914                             F1=0.000 EM=0
  pool             September 1822                           F1=0.000 EM=0
  ipool            September 1822                           F1=0.000 EM=0
  idnmr            August 1769                              F1=0.000 EM=0
  idnmr_2round     August 1769                              F1=0.000 EM=0
[30/200] dev_229 (61.4s)
  baseline         Circus (Rob Walker)                      F1=0.333 EM=0
  pool             Circus Beely 2                           F1=0.667 EM=0
  ipool            Circus Beely 2                           F1=0.667 EM=0
  idnmr            Circus Beely 2                           F1=0.667 EM=0
  idnmr_2round     Circus Beely 2                           F1=0.667 EM=0
[35/200] dev_234 (69.7s)
  baseline         Waking Sleeping Beauty                   F1=0.000 EM=0
  pool             "Waking Sleeping Beauty"                 F1=0.000 EM=0
  ipool            Waking Sleeping Beauty                   F1=0.000 EM=0
  idnmr            "Waking Sleeping Beauty"                 F1=0.000 EM=0
  idnmr_2round     "Waking Sleeping Beauty"                 F1=0.000 EM=0
[40/200] dev_239 (65.0s)
  baseline         In Braunschweig                          F1=0.000 EM=0
  pool             Osterholz, Germany                       F1=0.500 EM=0
  ipool            Osterholz, Germany                       F1=0.500 EM=0
  idnmr            Osterholz, Germany                       F1=0.500 EM=0
  idnmr_2round     Osterholz, Germany                       F1=0.500 EM=0
[45/200] dev_244 (75.4s)
  baseline         Elisabeth Heneage                        F1=0.000 EM=0
  pool             Answer: Elizabeth Heneage                F1=0.000 EM=0
  ipool            Katherine Skipwith                       F1=0.000 EM=0
  idnmr            Katherine Heneage.                       F1=0.000 EM=0
  idnmr_2round     Katherine Heneage.                       F1=0.000 EM=0
[50/200] dev_249 (59.6s)
  baseline         No, Iran vs United States                F1=0.200 EM=0
  pool             No, they are not.                        F1=0.250 EM=0
  ipool            No, they are not.                        F1=0.250 EM=0
  idnmr            No, they are not.                        F1=0.250 EM=0
  idnmr_2round     No, they are not.                        F1=0.250 EM=0
[55/200] dev_254 (67.5s)
  baseline         The Woman In The Fifth.                  F1=1.000 EM=0
  pool             Paweł Pawlikowski                        F1=0.000 EM=0
  ipool            The Woman In The Fifth.                  F1=1.000 EM=0
  idnmr            Paweł Pawlikowski                        F1=0.000 EM=0
  idnmr_2round     Paweł Pawlikowski                        F1=0.000 EM=0
[60/200] dev_259 (59.1s)
  baseline         Cunigunda of France                      F1=0.333 EM=0
  pool             Cunigunda of France                      F1=0.333 EM=0
  ipool            Cunigunda of France                      F1=0.333 EM=0
  idnmr            Cunigunda of France                      F1=0.333 EM=0
  idnmr_2round     Cunigunda of France                      F1=0.333 EM=0
[65/200] dev_264 (85.4s)
  baseline         Eleanor of Castile.                      F1=0.667 EM=0
  pool             Eleanor of Aquitaine                     F1=0.667 EM=0
  ipool            Eleanor of Castile.                      F1=0.667 EM=0
  idnmr            Eleanor of Aquitaine                     F1=0.667 EM=0
  idnmr_2round     Eleanor of Aquitaine                     F1=0.667 EM=0
[70/200] dev_269 (73.5s)
  baseline         Rasual Butler, deceased                  F1=0.667 EM=0
  pool             Rasual Butler's widow                    F1=0.333 EM=0
  ipool            Rasual Butler, deceased                  F1=0.667 EM=0
  idnmr            Rasual Butler's widow                    F1=0.333 EM=0
  idnmr_2round     Rasual Butler's widow                    F1=0.333 EM=0
[75/200] dev_274 (56.5s)
  baseline         Jessie Ware is English.                  F1=0.000 EM=0
  pool             Jessie Ware is British.                  F1=0.000 EM=0
  ipool            Jessie Ware is English.                  F1=0.000 EM=0
  idnmr            Jessie Ware is British.                  F1=0.000 EM=0
  idnmr_2round     Jessie Ware is British.                  F1=0.000 EM=0
[80/200] dev_279 (54.5s)
  baseline         No, they are not.                        F1=0.000 EM=0
  pool             No, they are not.                        F1=0.000 EM=0
  ipool            No, they are not.                        F1=0.000 EM=0
  idnmr            No, they are not.                        F1=0.000 EM=0
  idnmr_2round     No, they are not.                        F1=0.000 EM=0
[85/200] dev_284 (78.1s)
  baseline         Massimo Ceccherini                       F1=0.000 EM=0
  pool             Massimo Ceccherini                       F1=0.000 EM=0
  ipool            Massimo Ceccherini                       F1=0.000 EM=0
  idnmr            Massimo Ceccherini                       F1=0.000 EM=0
  idnmr_2round     Massimo Ceccherini                       F1=0.000 EM=0
[90/200] dev_289 (61.8s)
  baseline         No, they are not.                        F1=0.250 EM=0
  pool             No, they are not.                        F1=0.250 EM=0
  ipool            No, they are not.                        F1=0.250 EM=0
  idnmr            No, they are not.                        F1=0.250 EM=0
  idnmr_2round     No, they are not.                        F1=0.250 EM=0
[95/200] dev_294 (62.5s)
  baseline         Answer: Harald Zwart                     F1=0.000 EM=0
  pool             Dutch-Norwegian director.                F1=0.000 EM=0
  ipool            Dutch-Norwegian film director            F1=0.000 EM=0
  idnmr            Dutch-Norwegian director.                F1=0.000 EM=0
  idnmr_2round     Dutch-Norwegian director.                F1=0.000 EM=0
[100/200] dev_299 (60.6s)
  baseline         "Say It With Flowers"                    F1=0.000 EM=0
  pool             "Say It With Flowers"                    F1=0.000 EM=0
  ipool            "Say It With Flowers"                    F1=0.000 EM=0
  idnmr            "Say It With Flowers"                    F1=0.000 EM=0
  idnmr_2round     "Say It With Flowers"                    F1=0.000 EM=0
[105/200] dev_304 (76.1s)
  baseline         "Judy Berlin's"                          F1=0.000 EM=0
  pool             Judy Berlin is older.                    F1=0.000 EM=0
  ipool            Judy Berlin is older.                    F1=0.000 EM=0
  idnmr            Judy Berlin is older.                    F1=0.000 EM=0
  idnmr_2round     Judy Berlin is older.                    F1=0.000 EM=0
[110/200] dev_309 (81.7s)
  baseline         Shangjing, China.                        F1=0.000 EM=0
  pool             Zhengzhou, Henan                         F1=0.000 EM=0
  ipool            Zhengzhou, Henan                         F1=0.000 EM=0
  idnmr            Zhengzhou, Henan                         F1=0.000 EM=0
  idnmr_2round     Zhengzhou, Henan                         F1=0.000 EM=0
[115/200] dev_314 (99.8s)
  baseline         Bhishma Pitamah                          F1=0.000 EM=0
  pool             Bhishma Pitamah                          F1=0.000 EM=0
  ipool            Filmfare Best Music Album Award          F1=0.200 EM=0
  idnmr            Bhishma Pitam Award                      F1=0.333 EM=0
  idnmr_2round     25th Filmfare Award                      F1=0.333 EM=0
[120/200] dev_319 (63.9s)
  baseline         Wilton, Wiltshire.                       F1=0.000 EM=0
  pool             Wilton Abbey, Wiltshire                  F1=0.000 EM=0
  ipool            Wilton, Wiltshire.                       F1=0.000 EM=0
  idnmr            Wilton Abbey, Wiltshire                  F1=0.000 EM=0
  idnmr_2round     Wilton Abbey, Wiltshire                  F1=0.000 EM=0
[125/200] dev_324 (62.3s)
  baseline         Linköping, Sweden.                       F1=0.000 EM=0
  pool             Linköping, Sweden.                       F1=0.000 EM=0
  ipool            Linköping, Sweden.                       F1=0.000 EM=0
  idnmr            Linköping, Sweden.                       F1=0.000 EM=0
  idnmr_2round     Linköping, Sweden.                       F1=0.000 EM=0
[130/200] dev_329 (55.5s)
  baseline         Darling Of The Gods.                     F1=0.000 EM=0
  pool             Darling Of The Gods.                     F1=0.000 EM=0
  ipool            Darling Of The Gods.                     F1=0.000 EM=0
  idnmr            Darling Of The Gods.                     F1=0.000 EM=0
  idnmr_2round     Darling Of The Gods.                     F1=0.000 EM=0
[135/200] dev_334 (66.1s)
  baseline         The Story of Anastasia.                  F1=0.333 EM=0
  pool             The Story of Anastasia.                  F1=0.333 EM=0
  ipool            The Story of Anastasia.                  F1=0.333 EM=0
  idnmr            The Story of Anastasia.                  F1=0.333 EM=0
  idnmr_2round     The Story of Anastasia.                  F1=0.333 EM=0
[140/200] dev_339 (68.9s)
  baseline         Spione
Fritz Lang                        F1=0.000 EM=0
  pool             Spione
Fritz Lang                        F1=0.000 EM=0
  ipool            Spione (Fritz)                           F1=0.000 EM=0
  idnmr            Spione (Fritz)                           F1=0.000 EM=0
  idnmr_2round     Spione (Fritz)                           F1=0.000 EM=0
[145/200] dev_344 (79.7s)
  baseline         St. Louis, Missouri.                     F1=0.000 EM=0
  pool             Rochester, New York.                     F1=0.000 EM=0
  ipool            Sherman Oaks, California.                F1=0.000 EM=0
  idnmr            Rochester, New York.                     F1=0.000 EM=0
  idnmr_2round     Rochester, New York.                     F1=0.000 EM=0
[150/200] dev_349 (88.1s)
  baseline         Christoph I of Baden                     F1=0.500 EM=0
  pool             Margrave Jacob of Baden                  F1=0.500 EM=0
  ipool            Margrave Jacob of Baden                  F1=0.500 EM=0
  idnmr            Bernhard II of Baden                     F1=0.250 EM=0
  idnmr_2round     Bernhard II of Baden                     F1=0.250 EM=0
[155/200] dev_354 (88.5s)
  baseline         Philippa of Hainault                     F1=0.333 EM=0
  pool             Philippa of Hainault                     F1=0.333 EM=0
  ipool            Eleanor of Aquitaine                     F1=0.333 EM=0
  idnmr            Eleanor of Aquitaine                     F1=0.333 EM=0
  idnmr_2round     Philippa of Hainault                     F1=0.333 EM=0
[160/200] dev_359 (69.9s)
  baseline         Dec 2014                                 F1=0.000 EM=0
  pool             October 1954                             F1=0.000 EM=0
  ipool            August 2011                              F1=0.500 EM=0
  idnmr            October 1954                             F1=0.000 EM=0
  idnmr_2round     October 1954                             F1=0.000 EM=0
[165/200] dev_364 (58.6s)
  baseline         The Mysterious Monk.                     F1=0.000 EM=0
  pool             The Mysterious Monk.                     F1=0.000 EM=0
  ipool            Vladimir Zharikov                        F1=0.000 EM=0
  idnmr            The Mysterious Monk.                     F1=0.000 EM=0
  idnmr_2round     The Mysterious Monk.                     F1=0.000 EM=0
[170/200] dev_369 (79.1s)
  baseline         Stella's Oorlog                          F1=0.000 EM=0
  pool             Stella's Oorlog                          F1=0.000 EM=0
  ipool            Stella's Oorlog                          F1=0.000 EM=0
  idnmr            Stella's Oorlog                          F1=0.000 EM=0
  idnmr_2round     Stella's Oorlog                          F1=0.000 EM=0
[175/200] dev_374 (67.3s)
  baseline         Yves Allégret.                           F1=0.000 EM=0
  pool             Yves Allégret.                           F1=0.000 EM=0
  ipool            Yves Allégret.                           F1=0.000 EM=0
  idnmr            Yves Allégret.                           F1=0.000 EM=0
  idnmr_2round     Yves Allégret.                           F1=0.000 EM=0
[180/200] dev_379 (78.1s)
  baseline         Alexey Volkonsky                         F1=0.000 EM=0
  pool             Alexey Volkonsky                         F1=0.000 EM=0
  ipool            Alexey Volkonsky                         F1=0.000 EM=0
  idnmr            Alexey Volkonsky                         F1=0.000 EM=0
  idnmr_2round     Alexey Volkonsky                         F1=0.000 EM=0
[185/200] dev_384 (72.9s)
  baseline         Gloria Loring.                           F1=1.000 EM=0
  pool             Gloria Loring.                           F1=1.000 EM=0
  ipool            Gloria Loring.                           F1=1.000 EM=0
  idnmr            Gloria Loring.                           F1=1.000 EM=0
  idnmr_2round     Gloria Loring.                           F1=1.000 EM=0
[190/200] dev_389 (59.8s)
  baseline         Aami                                     F1=1.000 EM=1
  pool             Aami                                     F1=1.000 EM=1
  ipool            Aami                                     F1=1.000 EM=1
  idnmr            Aami                                     F1=1.000 EM=1
  idnmr_2round     Aami                                     F1=1.000 EM=1
[195/200] dev_394 (100.7s)
  baseline         Atıl İnaç                                F1=0.000 EM=0
  pool             Tulaysan, Iraq                           F1=0.000 EM=0
  ipool            Babylon, Iraq.                           F1=0.000 EM=0
  idnmr            Babylonia, Iraq.                         F1=0.000 EM=0
  idnmr_2round     Babylonia, Iraq.                         F1=0.000 EM=0
[200/200] dev_399 (85.1s)
  baseline         Boris Karloff's wife                     F1=0.000 EM=0
  pool             Boris Karloff's wife                     F1=0.000 EM=0
  ipool            Maureen  O'Sullivan                      F1=1.000 EM=0
  idnmr            Marianne O'Sullivan                      F1=0.500 EM=0
  idnmr_2round     Maurene O'Sullivan                       F1=0.500 EM=0

Method               F1     EM  Contain
--------------------------------------
baseline          0.241  0.055    0.185
pool              0.266  0.055    0.215
ipool             0.279  0.055    0.230
idnmr             0.263  0.055    0.220
idnmr_2round      0.258  0.055    0.215

Total: 14732.3s (73.7s/q)
