/projects/prjs1800/venvs/arag-venv/lib/python3.10/site-packages/transformers/utils/hub.py:110: FutureWarning: Using `TRANSFORMERS_CACHE` is deprecated and will be removed in v5 of Transformers. Use `HF_HOME` instead.
  warnings.warn(
=== iDNMR Pilot ===
Model: llada, Rounds: 3, Steps: 32
`torch_dtype` is deprecated! Use `dtype` instead!
Loading checkpoint shards:   0%|          | 0/6 [00:00<?, ?it/s]Loading checkpoint shards:  33%|███▎      | 2/6 [00:00<00:00, 16.18it/s]Loading checkpoint shards:  67%|██████▋   | 4/6 [00:00<00:00, 10.12it/s]Loading checkpoint shards: 100%|██████████| 6/6 [00:00<00:00, 13.06it/s]Loading checkpoint shards: 100%|██████████| 6/6 [00:00<00:00, 12.67it/s]
  Model loaded in 30.9s
Loaded 200 questions
Batch initial retrieval...
  Done in 467.4s
[1/200] dev_200 (55.1s)
  baseline         Two For Tonight                          F1=1.000 EM=1
  pool             Two For Tonight                          F1=1.000 EM=1
  ipool            Two For Tonight                          F1=1.000 EM=1
  idnmr            Two For Tonight                          F1=1.000 EM=1
  idnmr_2round     Two For Tonight                          F1=1.000 EM=1
[10/200] dev_209 (206.0s)
  baseline         Aleksandra Marianna Wiesiołowska's fathe F1=0.000 EM=0
  pool             Aleksandra Marianna Wiesiołowska's fathe F1=0.000 EM=0
  ipool            Aleksandra Marianna Wiesiołowska's fathe F1=0.000 EM=0
  idnmr            Aleksandra Marianna Wiesiołowska's fathe F1=0.000 EM=0
  idnmr_2round     Aleksandra Marianna Wiesiołowska's fathe F1=0.000 EM=0
[20/200] dev_219 (108.0s)
  baseline         Vivien Leigh, Suzanne Farrington's mothe F1=0.071 EM=0
  pool             The place of death of Suzanne Farrington F1=0.062 EM=0
  ipool            The place of death of Suzanne Farrington F1=0.062 EM=0
  idnmr            The place of death of Suzanne Farrington F1=0.062 EM=0
  idnmr_2round     The place of death of Suzanne Farrington F1=0.062 EM=0
[30/200] dev_229 (109.1s)
  baseline         Circus Beely (also known as Circus) is d F1=0.091 EM=0
  pool             Circus Beely (also known as Circus) is d F1=0.091 EM=0
  ipool            Circus Beely (also known as Circus) is d F1=0.091 EM=0
  idnmr            Circus Beely (also known as Circus) is d F1=0.091 EM=0
  idnmr_2round     Circus Beely (also known as Circus) is d F1=0.091 EM=0
[40/200] dev_239 (142.0s)
  baseline         From the context, Augustus William's fat F1=0.000 EM=0
  pool             Ernest Ferdinand, Duke of Brunswick-Lüne F1=0.067 EM=0
  ipool            Ernest Ferdinand, Duke of Brunswick-Lüne F1=0.067 EM=0
  idnmr            Ernest Ferdinand, Duke of Brunswick-Lüne F1=0.067 EM=0
  idnmr_2round     Ernest Ferdinand, Duke of Brunswick-Lüne F1=0.067 EM=0
[50/200] dev_249 (106.5s)
  baseline         No, the Graduate University of Advanced  F1=0.053 EM=0
  pool             No, the Graduate University of Advanced  F1=0.053 EM=0
  ipool            No, the Graduate University of Advanced  F1=0.053 EM=0
  idnmr            No, the Graduate University of Advanced  F1=0.053 EM=0
  idnmr_2round     No, the Graduate University of Advanced  F1=0.053 EM=0
[60/200] dev_259 (147.0s)
  baseline         Cunigunda of France                      F1=0.333 EM=0
  pool             Cunigunda of France (wife of Wigeric of  F1=0.062 EM=0
  ipool            Cunigunda of France, the wife of Ricwin, F1=0.059 EM=0
  idnmr            The paternal grandmother of Louis, Count F1=0.062 EM=0
  idnmr_2round     The paternal grandmother of Louis, Count F1=0.062 EM=0
[70/200] dev_269 (110.0s)
  baseline         Rasual Butler                            F1=1.000 EM=1
  pool             Rasual Butler                            F1=1.000 EM=1
  ipool            Rasual Butler                            F1=1.000 EM=1
  idnmr            Rasual Butler                            F1=1.000 EM=1
  idnmr_2round     Rasual Butler                            F1=1.000 EM=1
[80/200] dev_279 (108.2s)
  baseline         No, Arnold Palmer Regional Airport is lo F1=0.000 EM=0
  pool             No, Arnold Palmer Regional Airport is lo F1=0.000 EM=0
  ipool            No, Arnold Palmer Regional Airport is in F1=0.000 EM=0
  idnmr            No, Arnold Palmer Regional Airport is lo F1=0.000 EM=0
  idnmr_2round     No, Arnold Palmer Regional Airport is lo F1=0.000 EM=0
[90/200] dev_289 (135.2s)
  baseline         No, the director of The Swordsman (Upcom F1=0.067 EM=0
  pool             No, the directors of films The Swordsman F1=0.062 EM=0
  ipool            No, the directors of films The Swordsman F1=0.062 EM=0
  idnmr            No, the directors of films The Swordsman F1=0.062 EM=0
  idnmr_2round     No, the directors of films The Swordsman F1=0.062 EM=0
[100/200] dev_299 (82.8s)
  baseline         Say It With Flowers                      F1=0.000 EM=0
  pool             Say It With Flowers                      F1=0.000 EM=0
  ipool            Say It With Flowers                      F1=0.000 EM=0
  idnmr            Say It With Flowers                      F1=0.000 EM=0
  idnmr_2round     Say It With Flowers                      F1=0.000 EM=0
[110/200] dev_309 (165.1s)
  baseline         Consort Liang's husband, Emperor Zhang o F1=0.000 EM=0
  pool             Consort Liang's husband, Emperor Zhang o F1=0.000 EM=0
  ipool            The place of birth of Consort Liang's hu F1=0.000 EM=0
  idnmr            Consort Liang's husband, Emperor Zhang o F1=0.000 EM=0
  idnmr_2round     Consort Liang's husband, Emperor Zhang o F1=0.000 EM=0
[120/200] dev_319 (116.2s)
  baseline         The place of burial of Ælfgar, Earl of M F1=0.000 EM=0
  pool             The place of burial of Ælfgar, Earl of M F1=0.000 EM=0
  ipool            The place of burial of Ælfgar, Earl of M F1=0.000 EM=0
  idnmr            The place of burial of Ælfgar, Earl of M F1=0.000 EM=0
  idnmr_2round     The place of burial of Ælfgar, Earl of M F1=0.000 EM=0
[130/200] dev_329 (111.2s)
  baseline         Under The Lantern                        F1=1.000 EM=1
  pool             Under The Lantern                        F1=1.000 EM=1
  ipool            Under The Lantern                        F1=1.000 EM=1
  idnmr            Under The Lantern has the director born  F1=0.111 EM=0
  idnmr_2round     Under The Lantern has the director born  F1=0.111 EM=0
[140/200] dev_339 (53.5s)
  baseline         Five Million Look For An Heir            F1=1.000 EM=1
  pool             Five Million Look For An Heir            F1=1.000 EM=1
  ipool            Five Million Look For An Heir            F1=1.000 EM=1
  idnmr            Five Million Look For An Heir            F1=1.000 EM=1
  idnmr_2round     Five Million Look For An Heir            F1=1.000 EM=1
[150/200] dev_349 (173.9s)
  baseline         The paternal grandfather of John II of B F1=0.200 EM=0
  pool             The paternal grandfather of John II of B F1=0.200 EM=0
  ipool            The paternal grandfather of John II of B F1=0.200 EM=0
  idnmr            The paternal grandfather of John II of B F1=0.250 EM=0
  idnmr_2round     The paternal grandfather of John II of B F1=0.250 EM=0
[160/200] dev_359 (143.1s)
  baseline         The date of death of the director of the F1=0.000 EM=0
  pool             The date of death of the director of the F1=0.000 EM=0
  ipool            The date of death of the director of the F1=0.000 EM=0
  idnmr            The date of death of the director of the F1=0.000 EM=0
  idnmr_2round     The date of death of the director of the F1=0.000 EM=0
[2026-04-01T03:13:48.040] error: *** JOB 21417621 ON gcn8 CANCELLED AT 2026-04-01T03:13:48 DUE TO TIME LIMIT ***
