/projects/prjs1800/venvs/arag-venv/lib/python3.10/site-packages/transformers/utils/hub.py:110: FutureWarning: Using `TRANSFORMERS_CACHE` is deprecated and will be removed in v5 of Transformers. Use `HF_HOME` instead.
  warnings.warn(
=== iDNMR Pilot ===
Model: llada, Rounds: 3, Steps: 32
`torch_dtype` is deprecated! Use `dtype` instead!
Loading checkpoint shards:   0%|          | 0/6 [00:00<?, ?it/s]Loading checkpoint shards: 100%|██████████| 6/6 [00:00<00:00, 59.45it/s]Loading checkpoint shards: 100%|██████████| 6/6 [00:00<00:00, 59.31it/s]
  Model loaded in 23.5s
Loaded 200 questions
Batch initial retrieval...
  Done in 465.3s
[1/200] dev_0 (150.1s)
  baseline         Małgorzata Braunek                       F1=1.000 EM=1
  pool             Małgorzata Braunek is the mother of the  F1=0.167 EM=0
  ipool            Małgorzata Braunek is the mother of the  F1=0.167 EM=0
  idnmr            Małgorzata Braunek, a Polish film and st F1=0.154 EM=0
  idnmr_2round     Małgorzata Braunek, a Polish film and st F1=0.154 EM=0
[10/200] dev_9 (152.5s)
  baseline         Antiochus VII Sidetes (the father of Ant F1=0.083 EM=0
  pool             The maternal grandfather of Antiochus X  F1=0.000 EM=0
  ipool            The maternal grandfather of Antiochus X  F1=0.000 EM=0
  idnmr            The maternal grandfather of Antiochus X  F1=0.000 EM=0
  idnmr_2round     The maternal grandfather of Antiochus X  F1=0.000 EM=0
[20/200] dev_19 (136.0s)
  baseline         The Daltons' Women                       F1=0.000 EM=0
  pool             The Daltons' Women                       F1=0.000 EM=0
  ipool            The Daltons' Women, as Jay Lowi died in  F1=0.000 EM=0
  idnmr            The Daltons' Women                       F1=0.000 EM=0
  idnmr_2round     The Daltons' Women                       F1=0.000 EM=0
[30/200] dev_29 (110.8s)
  baseline         No, they are not from the same country.  F1=0.000 EM=0
  pool             Yes, both Fire in Hell and The Tiger: An F1=0.045 EM=0
  ipool            Yes, both Fire in Hell and The Tiger: An F1=0.045 EM=0
  idnmr            Yes, both Fire in Hell and The Tiger: An F1=0.045 EM=0
  idnmr_2round     Yes, both Fire in Hell and The Tiger: An F1=0.045 EM=0
[40/200] dev_39 (143.1s)
  baseline         Thomas William Adams                     F1=0.000 EM=0
  pool             D'Arcy Coulson was born later, he was bo F1=0.125 EM=0
  ipool            D'Arcy Coulson was born later, in 1926,  F1=0.133 EM=0
  idnmr            D'Arcy Coulson was born later, he was bo F1=0.125 EM=0
  idnmr_2round     D'Arcy Coulson was born later, he was bo F1=0.125 EM=0
[50/200] dev_49 (103.3s)
  baseline         Blanche of Portugal (1259–1321)'s patern F1=0.200 EM=0
  pool             Blanche of Portugal (1259–1321)'s patern F1=0.357 EM=0
  ipool            Blanche of Portugal (1259–1321)'s patern F1=0.357 EM=0
  idnmr            Blanche of Portugal (1259–1321)'s patern F1=0.357 EM=0
  idnmr_2round     Blanche of Portugal (1259–1321)'s patern F1=0.357 EM=0
[60/200] dev_59 (98.7s)
  baseline         South Porcupine, Ontario                 F1=0.000 EM=0
  pool             Beryl Fox was born in Canada, not mentio F1=0.000 EM=0
  ipool            Beryl Fox was born in Canada, not mentio F1=0.000 EM=0
  idnmr            Beryl Fox was born in Canada, not mentio F1=0.000 EM=0
  idnmr_2round     Beryl Fox was born in Canada, not mentio F1=0.000 EM=0
[70/200] dev_69 (109.4s)
  baseline         Hütteldorf, Penzing, Vienna, Austria-Hun F1=0.000 EM=0
  pool             Hütteldorf, Penzing, Vienna, Austria-Hun F1=0.000 EM=0
  ipool            Hütteldorf, Penzing, Vienna, Austria-Hun F1=0.000 EM=0
  idnmr            Hütteldorf, Penzing, Vienna, Austria-Hun F1=0.000 EM=0
  idnmr_2round     Hütteldorf, Penzing, Vienna, Austria-Hun F1=0.000 EM=0
[80/200] dev_79 (148.7s)
  baseline         Ostrogoths                               F1=0.000 EM=0
  pool             Audofleda's husband, Theoderic the Great F1=0.133 EM=0
  ipool            Audofleda's husband, Theoderic the Great F1=0.133 EM=0
  idnmr            Audofleda's husband, Theoderic the Great F1=0.133 EM=0
  idnmr_2round     Audofleda's husband, Theoderic the Great F1=0.133 EM=0
[90/200] dev_89 (134.0s)
  baseline         Repeated Absences or Seven Days' Leave ( F1=0.267 EM=0
  pool             Repeated Absences (Seven Days' Leave, 19 F1=0.286 EM=0
  ipool            She Wore a Yellow Ribbon came out first  F1=0.222 EM=0
  idnmr            Repeated Absences is mentioned as releas F1=0.235 EM=0
  idnmr_2round     She Wore a Yellow Ribbon came out first  F1=0.250 EM=0
[100/200] dev_99 (90.4s)
  baseline         The place of death of Juan Carlos Gumuci F1=0.000 EM=0
  pool             The place of death of Juan Carlos Gumuci F1=0.000 EM=0
  ipool            The place of death of Juan Carlos Gumuci F1=0.000 EM=0
  idnmr            The place of death of Juan Carlos Gumuci F1=0.000 EM=0
  idnmr_2round     The place of death of Juan Carlos Gumuci F1=0.000 EM=0
[110/200] dev_109 (240.1s)
  baseline         Stockholm, Sweden.

This answer is based F1=0.000 EM=0
  pool             The director of the film "Swedenhielms"  F1=0.000 EM=0
  ipool            The director of the film "Swedenhielms"  F1=0.000 EM=0
  idnmr            The director of the film "Swedenhielms"  F1=0.000 EM=0
  idnmr_2round     The director of the film "Swedenhielms"  F1=0.000 EM=0
[120/200] dev_119 (101.1s)
  baseline         No, The Slayer (Film) is directed by Kev F1=0.000 EM=0
  pool             No, The Slayer (Film) is directed by Kev F1=0.000 EM=0
  ipool            No, the director of The Slayer (Film) is F1=0.000 EM=0
  idnmr            No, The Slayer (Film) is directed by Kev F1=0.000 EM=0
  idnmr_2round     No, The Slayer (Film) is directed by Kev F1=0.000 EM=0
[130/200] dev_129 (149.1s)
  baseline         1946                                     F1=0.000 EM=0
  pool             The company that published American Scie F1=0.000 EM=0
  ipool            The company that published American Scie F1=0.000 EM=0
  idnmr            The company that published American Scie F1=0.000 EM=0
  idnmr_2round     The company that published American Scie F1=0.000 EM=0
[140/200] dev_139 (90.2s)
  baseline         Korn Ferry                               F1=0.000 EM=0
  pool             Korn Ferry                               F1=0.000 EM=0
  ipool            Korn Ferry                               F1=0.000 EM=0
  idnmr            Korn Ferry                               F1=0.000 EM=0
  idnmr_2round     Korn Ferry                               F1=0.000 EM=0
[150/200] dev_149 (123.8s)
  baseline         King Charles I of Sicily                 F1=0.400 EM=0
  pool             Philip of Sicily's father is King Charle F1=0.150 EM=0
  ipool            Philip of Sicily's father is Charles I o F1=0.083 EM=0
  idnmr            Philip of Sicily's father is King Charle F1=0.150 EM=0
  idnmr_2round     Philip of Sicily's father is King Charle F1=0.150 EM=0
[160/200] dev_159 (163.1s)
  baseline         René Poupardin                           F1=0.000 EM=0
  pool             René Poupardin (born in 1977, Aneta Hlad F1=0.200 EM=0
  ipool            Aneta Hladíková is younger, born 1986, R F1=0.200 EM=0
  idnmr            René Poupardin (born in 1977, Aneta Hlad F1=0.200 EM=0
  idnmr_2round     René Poupardin (born in 1977, Aneta Hlad F1=0.200 EM=0
[2026-04-01T03:13:48.040] error: *** JOB 21417620 ON gcn18 CANCELLED AT 2026-04-01T03:13:48 DUE TO TIME LIMIT ***
