/projects/prjs1800/venvs/arag-venv/lib/python3.10/site-packages/transformers/utils/hub.py:110: FutureWarning: Using `TRANSFORMERS_CACHE` is deprecated and will be removed in v5 of Transformers. Use `HF_HOME` instead.
  warnings.warn(
=== iDNMR Pilot ===
Model: llada, Rounds: 3, Steps: 32
`torch_dtype` is deprecated! Use `dtype` instead!
Loading checkpoint shards:   0%|          | 0/6 [00:00<?, ?it/s]Loading checkpoint shards: 100%|██████████| 6/6 [00:00<00:00, 59.10it/s]Loading checkpoint shards: 100%|██████████| 6/6 [00:00<00:00, 58.95it/s]
  Model loaded in 23.3s
Loaded 200 questions
Batch initial retrieval...
  Done in 466.1s
[1/200] dev_600 (106.9s)
  baseline         The Battle of the Rails was released fir F1=0.176 EM=0
  pool             The Battle of the Rails was released fir F1=0.176 EM=0
  ipool            The Battle of the Rails was released fir F1=0.176 EM=0
  idnmr            The Battle of the Rails was released fir F1=0.176 EM=0
  idnmr_2round     The Battle of the Rails was released fir F1=0.176 EM=0
[10/200] dev_609 (137.6s)
  baseline         Tallahassee, Florida                     F1=0.000 EM=0
  pool             Bakersfield, California                  F1=1.000 EM=1
  ipool            Merle Haggard, the performer and writer  F1=0.105 EM=0
  idnmr            Merle Haggard, the performer and writer  F1=0.105 EM=0
  idnmr_2round     The place of birth of the performer of t F1=0.000 EM=0
[20/200] dev_619 (154.3s)
  baseline         Dessau                                   F1=0.000 EM=0
  pool             The husband of Princess Alexandra of Anh F1=0.000 EM=0
  ipool            The husband of Princess Alexandra of Anh F1=0.000 EM=0
  idnmr            The husband of Princess Alexandra of Anh F1=0.000 EM=0
  idnmr_2round     The husband of Princess Alexandra of Anh F1=0.000 EM=0
[30/200] dev_629 (122.4s)
  baseline         Margaret Tudor                           F1=0.000 EM=0
  pool             Margaret Tudor, Matthew Stewart, 4th Ear F1=0.043 EM=0
  ipool            Margaret Tudor                           F1=0.000 EM=0
  idnmr            Margaret Tudor, Matthew Stewart, 4th Ear F1=0.043 EM=0
  idnmr_2round     Margaret Tudor, Matthew Stewart, 4th Ear F1=0.043 EM=0
[40/200] dev_639 (123.3s)
  baseline         Tsvetko Slavov was born later in 1970, w F1=0.143 EM=0
  pool             Marc Burrows was born later. Tsvetko Sla F1=0.125 EM=0
  ipool            Marc Burrows was born later than Tsvetko F1=0.133 EM=0
  idnmr            Marc Burrows was born later. Tsvetko Sla F1=0.125 EM=0
  idnmr_2round     Marc Burrows was born later. Tsvetko Sla F1=0.125 EM=0
[50/200] dev_649 (104.8s)
  baseline         Sol Niger Within                         F1=1.000 EM=1
  pool             Sol Niger Within                         F1=1.000 EM=1
  ipool            Sol Niger Within came out first. It was  F1=0.167 EM=0
  idnmr            Sol Niger Within                         F1=1.000 EM=1
  idnmr_2round     Sol Niger Within                         F1=1.000 EM=1
[60/200] dev_659 (131.2s)
  baseline         Fernando Rodríguez de Castro's paternal  F1=0.125 EM=0
  pool             Fernando Rodríguez de Castro's paternal  F1=0.125 EM=0
  ipool            Fernando Rodríguez de Castro's paternal  F1=0.125 EM=0
  idnmr            Fernando Rodríguez de Castro's paternal  F1=0.111 EM=0
  idnmr_2round     Fernando Rodríguez de Castro's paternal  F1=0.125 EM=0
[70/200] dev_669 (163.1s)
  baseline         The maternal grandfather of Princess Lou F1=0.045 EM=0
  pool             The maternal grandfather of Princess Lou F1=0.043 EM=0
  ipool            The maternal grandfather of Princess Lou F1=0.250 EM=0
  idnmr            The maternal grandfather of Princess Lou F1=0.043 EM=0
  idnmr_2round     The maternal grandfather of Princess Lou F1=0.043 EM=0
[80/200] dev_679 (106.0s)
  baseline         The director of "Martial Law (1991 film) F1=0.000 EM=0
  pool             The place of birth of the director of fi F1=0.000 EM=0
  ipool            The place of birth of the director of fi F1=0.000 EM=0
  idnmr            The place of birth of the director of fi F1=0.000 EM=0
  idnmr_2round     The place of birth of the director of fi F1=0.000 EM=0
[90/200] dev_689 (108.6s)
  baseline         Date of birth of Augustus Paulet, 15th M F1=0.214 EM=0
  pool             Date of birth of Augustus Paulet, 15th M F1=0.214 EM=0
  ipool            Date of birth of Augustus Paulet, 15th M F1=0.214 EM=0
  idnmr            Date of birth of Augustus Paulet, 15th M F1=0.214 EM=0
  idnmr_2round     Date of birth of Augustus Paulet, 15th M F1=0.214 EM=0
[100/200] dev_699 (139.8s)
  baseline         Elizabeth Annesley                       F1=0.000 EM=0
  pool             The paternal grandmother of Arthur Gore, F1=0.056 EM=0
  ipool            The paternal grandmother of Arthur Gore, F1=0.056 EM=0
  idnmr            The paternal grandmother of Arthur Gore, F1=0.056 EM=0
  idnmr_2round     The paternal grandmother of Arthur Gore, F1=0.056 EM=0
[110/200] dev_709 (130.7s)
  baseline         Osorkon II had many buildings raised dur F1=0.000 EM=0
  pool             The place of burial of Karomama I's husb F1=0.000 EM=0
  ipool            The place of burial of Karomama I's husb F1=0.000 EM=0
  idnmr            The place of burial of Karomama I's husb F1=0.000 EM=0
  idnmr_2round     The place of burial of Karomama I's husb F1=0.000 EM=0
[120/200] dev_719 (90.5s)
  baseline         Dudley Russell was born first in 1947, w F1=0.133 EM=0
  pool             Dudley Russell was born first in 1934, w F1=0.133 EM=0
  ipool            Dudley Russell was born first in 1947, w F1=0.133 EM=0
  idnmr            Dudley Russell was born first in 1934, w F1=0.133 EM=0
  idnmr_2round     Dudley Russell was born first in 1934, w F1=0.133 EM=0
[130/200] dev_729 (98.6s)
  baseline         No, Freestylers and The Nouvelles are no F1=0.000 EM=0
  pool             No, Freestylers and The Nouvelles are no F1=0.000 EM=0
  ipool            No, Freestylers and The Nouvelles are no F1=0.000 EM=0
  idnmr            No, Freestylers and The Nouvelles are no F1=0.000 EM=0
  idnmr_2round     No, Freestylers and The Nouvelles are no F1=0.000 EM=0
[140/200] dev_739 (170.1s)
  baseline         Gangai Karai Paattu (1997) released earl F1=0.429 EM=0
  pool             Gangai Karai Paattu was released earlier F1=0.071 EM=0
  ipool            Gangai Karai Paattu (1997) was released  F1=0.429 EM=0
  idnmr            Gangai Karai Paattu (1997) was released  F1=0.429 EM=0
  idnmr_2round     Gangai Karai Paattu (1997) was released  F1=0.429 EM=0
[150/200] dev_749 (148.0s)
  baseline         The director of the film "Katka's Reinet F1=0.000 EM=0
  pool             Rēzekne. The director of Katka's Reinett F1=0.083 EM=0
  ipool            The director of the film "Katka's Reinet F1=0.077 EM=0
  idnmr            The director of the film "Katka's Reinet F1=0.077 EM=0
  idnmr_2round     The director of the film "Katka's Reinet F1=0.077 EM=0
[160/200] dev_759 (158.2s)
  baseline         No, the directors are not from the same  F1=0.000 EM=0
  pool             No, the directors of the films "I Can't  F1=0.000 EM=0
  ipool            No, the directors of both films "I Can't F1=0.000 EM=0
  idnmr            No, the directors of the films "I Can't  F1=0.000 EM=0
  idnmr_2round     No, the directors of the films "I Can't  F1=0.000 EM=0
[2026-04-01T03:13:48.042] error: *** JOB 21417623 ON gcn31 CANCELLED AT 2026-04-01T03:13:48 DUE TO TIME LIMIT ***
