==========================================
Starting All Datasets Download
Job ID: 18492128
Node: gcn60
Start time: Tue Jan 20 13:11:43 CET 2026
==========================================
==========================================
Dataset 1/4: HotpotQA
==========================================
Downloading HotpotQA...
HotpotQA: 7405 examples processed
HotpotQA download complete!
==========================================
Dataset 2/4: 2WikiMultiHopQA
==========================================
Downloading 2WikiMultiHopQA...
2WikiMultiHopQA download complete!
==========================================
Dataset 3/4: TriviaQA
==========================================
Downloading TriviaQA (this may take a while)...
Processing TriviaQA train...
  Processed 10000 examples...
  Processed 20000 examples...
  Processed 30000 examples...
  Processed 40000 examples...
  Processed 50000 examples...
  Processed 60000 examples...
  Processed 70000 examples...
  Processed 80000 examples...
TriviaQA train: 87622 examples
Processing TriviaQA validation...
  Processed 10000 examples...
TriviaQA validation: 11313 examples
Processing TriviaQA test...
  Processed 10000 examples...
TriviaQA test: 10832 examples
TriviaQA download complete!
==========================================
Dataset 4/4: Natural Questions
==========================================
Downloading Natural Questions (this may take a while)...
Natural Questions download complete!
==========================================
All datasets downloaded successfully!
Summary saved to: /projects/prjs1800/datasets/DATASETS_SUMMARY.txt
==========================================
End time: Tue Jan 20 14:27:51 CET 2026
==========================================
