/projects/prjs1800/venvs/arag-venv/lib/python3.10/site-packages/transformers/utils/hub.py:110: FutureWarning: Using `TRANSFORMERS_CACHE` is deprecated and will be removed in v5 of Transformers. Use `HF_HOME` instead.
  warnings.warn(
=== CST v2 (beta=0.5, remask=0.3) ===
Loading checkpoint shards:   0%|          | 0/4 [00:00<?, ?it/s]Loading checkpoint shards:  25%|██▌       | 1/4 [00:06<00:18,  6.24s/it]Loading checkpoint shards:  50%|█████     | 2/4 [00:12<00:12,  6.25s/it]Loading checkpoint shards:  75%|███████▌  | 3/4 [00:17<00:05,  5.90s/it]Loading checkpoint shards: 100%|██████████| 4/4 [00:19<00:00,  4.14s/it]Loading checkpoint shards: 100%|██████████| 4/4 [00:19<00:00,  4.86s/it]
The following generation flags are not valid and may be ignored: ['temperature']. Set `TRANSFORMERS_VERBOSITY=info` for more details.
  Loaded in 21.1s
  Retrieved in 179.4s
[1/50] (9.9s) new=3 skl=0.025
  baseline     No                                                 F1=0.000
  cst          No                                                 F1=0.000
[5/50] (6.6s) new=0 skl=0.000
  baseline     New York City                                      F1=1.000
  cst          New York City                                      F1=1.000
[10/50] (6.6s) new=0 skl=0.000
  baseline     Yes                                                F1=1.000
  cst          Yes                                                F1=1.000
[15/50] (8.0s) new=2 skl=0.108
  baseline     1992-1993                                          F1=0.000
  cst          1992-1993                                          F1=0.000
[20/50] (7.2s) new=0 skl=0.000
  baseline     Robert Erskine Childers                            F1=1.000
  cst          Robert Erskine Childers                            F1=1.000
[25/50] (7.3s) new=0 skl=0.000
  baseline     World's Best Goalkeeper                            F1=1.000
  cst          World's Best Goalkeeper                            F1=1.000
[30/50] (7.1s) new=0 skl=0.000
  baseline     Starfaring                                         F1=0.000
  cst          Starfaring                                         F1=0.000
[35/50] (7.0s) new=0 skl=0.000
  baseline     Letters to Cleo                                    F1=1.000
  cst          Letters to Cleo                                    F1=1.000
[40/50] (8.4s) new=1 skl=0.011
  baseline     New York                                           F1=1.000
  cst          New York                                           F1=1.000
[45/50] (7.7s) new=2 skl=0.224
  baseline     Nelson Rockefeller                                 F1=1.000
  cst          Nelson Rockefeller                                 F1=1.000
[50/50] (8.4s) new=1 skl=0.002
  baseline     English Electric Canberra                          F1=1.000
  cst          English Electric Canberra                          F1=1.000

Summary
  baseline     F1=0.5172 EM=0.3600 contain=0.4200
  cst          F1=0.5172 EM=0.3600 contain=0.4200

  On baseline-wrong (32q): baseline F1=0.2457, cst F1=0.2457
Saved to results_organized/_pilots/cst/dream_hotpotqa_50q.json
Total: 550.1s
