/projects/prjs1800/venvs/arag-venv/lib/python3.10/site-packages/transformers/utils/hub.py:110: FutureWarning: Using `TRANSFORMERS_CACHE` is deprecated and will be removed in v5 of Transformers. Use `HF_HOME` instead.
  warnings.warn(
=== CST v2 (beta=0.5, remask=0.3) ===
`torch_dtype` is deprecated! Use `dtype` instead!
Loading checkpoint shards:   0%|          | 0/6 [00:00<?, ?it/s]Loading checkpoint shards:  17%|█▋        | 1/6 [00:00<00:01,  4.90it/s]Loading checkpoint shards:  33%|███▎      | 2/6 [00:00<00:00,  4.44it/s]Loading checkpoint shards:  50%|█████     | 3/6 [00:01<00:02,  1.48it/s]Loading checkpoint shards:  67%|██████▋   | 4/6 [00:02<00:01,  1.65it/s]Loading checkpoint shards:  83%|████████▎ | 5/6 [00:02<00:00,  2.13it/s]Loading checkpoint shards: 100%|██████████| 6/6 [00:02<00:00,  2.69it/s]Loading checkpoint shards: 100%|██████████| 6/6 [00:02<00:00,  2.34it/s]
  Loaded in 31.2s
  Retrieved in 179.4s
[1/50] (10.5s) new=2 skl=0.123
  baseline     No, Scott Derrickson and Ed Wood were not of the s F1=0.000
  cst          No, Scott Derrickson and Ed Wood were not of the s F1=0.000
[5/50] (7.5s) new=0 skl=0.000
  baseline     New York City                                      F1=1.000
  cst          New York City                                      F1=1.000
[10/50] (7.4s) new=0 skl=0.000
  baseline     Yes                                                F1=1.000
  cst          Yes                                                F1=1.000
[15/50] (9.5s) new=3 skl=0.851
  baseline     The football manager who recruited David Beckham,  F1=0.235
  cst          The football manager who recruited David Beckham,  F1=0.235
[20/50] (7.6s) new=0 skl=0.000
  baseline     Robert Erskine Childers                            F1=1.000
  cst          Robert Erskine Childers                            F1=1.000
[25/50] (7.6s) new=0 skl=0.000
  baseline     The father of Kasper Schmeichel was voted to be Wo F1=0.200
  cst          The father of Kasper Schmeichel was voted to be Wo F1=0.200
[30/50] (7.6s) new=0 skl=0.000
  baseline     Starfaring                                         F1=0.000
  cst          Starfaring                                         F1=0.000
[35/50] (7.6s) new=0 skl=0.000
  baseline     Screaming Trees                                    F1=0.000
  cst          Screaming Trees                                    F1=0.000
[40/50] (8.9s) new=1 skl=0.047
  baseline     New York                                           F1=1.000
  cst          New York                                           F1=1.000
[45/50] (8.9s) new=2 skl=0.180
  baseline     Alfred Balk served as the secretary of the Committ F1=0.087
  cst          Alfred Balk served as the secretary of the Committ F1=0.083
[50/50] (9.1s) new=2 skl=0.064
  baseline     The English Electric Canberra is not mentioned as  F1=0.125
  cst          The English Electric Canberra is not mentioned as  F1=0.125

Summary
  baseline     F1=0.2715 EM=0.1400 contain=0.4200
  cst          F1=0.2681 EM=0.1400 contain=0.4200

  On baseline-wrong (43q): baseline F1=0.1529, cst F1=0.1490
Saved to results_organized/_pilots/cst/llada_hotpotqa_50q.json
Total: 596.7s
