/projects/prjs1800/venvs/arag-venv/lib/python3.10/site-packages/transformers/utils/hub.py:110: FutureWarning: Using `TRANSFORMERS_CACHE` is deprecated and will be removed in v5 of Transformers. Use `HF_HOME` instead.
  warnings.warn(
=== iDNMR Pilot ===
Model: llada, Rounds: 3, Steps: 16
`torch_dtype` is deprecated! Use `dtype` instead!
Loading checkpoint shards:   0%|          | 0/6 [00:00<?, ?it/s]Loading checkpoint shards:  17%|█▋        | 1/6 [00:00<00:01,  3.18it/s]Loading checkpoint shards:  33%|███▎      | 2/6 [00:00<00:01,  3.93it/s]Loading checkpoint shards:  50%|█████     | 3/6 [00:01<00:02,  1.42it/s]Loading checkpoint shards:  67%|██████▋   | 4/6 [00:02<00:01,  1.61it/s]Loading checkpoint shards:  83%|████████▎ | 5/6 [00:02<00:00,  2.19it/s]Loading checkpoint shards: 100%|██████████| 6/6 [00:02<00:00,  2.72it/s]Loading checkpoint shards: 100%|██████████| 6/6 [00:02<00:00,  2.29it/s]
  Model loaded in 28.8s
Loaded 200 questions
Batch initial retrieval...
  Done in 479.5s
[1/200] dev_800 (61.3s)
  baseline         pastel portraits and oil paintings       F1=0.000 EM=0
  pool             pastel portraits and oil paintings       F1=0.000 EM=0
  ipool            pastel portraits and oil paintings       F1=0.000 EM=0
  idnmr            pastel portraits and oil paintings       F1=0.000 EM=0
  idnmr_2round     pastel portraits and oil paintings       F1=0.000 EM=0
[5/200] dev_804 (86.8s)
  baseline         Chapel Hill, North Carolina              F1=0.000 EM=0
  pool             Chapel Hill, North Carolina              F1=0.000 EM=0
  ipool            Chapel Hill, North Carolina              F1=0.000 EM=0
  idnmr            Chapel Hill, North Carolina              F1=0.000 EM=0
  idnmr_2round     Chapel Hill, North Carolina              F1=0.000 EM=0
[10/200] dev_809 (60.6s)
  baseline         Short Answer: Carnatic music             F1=0.500 EM=0
  pool             Short Answer: Carnatic music             F1=0.500 EM=0
  ipool            Short Answer: Carnatic music             F1=0.500 EM=0
  idnmr            Short Answer: Carnatic music             F1=0.500 EM=0
  idnmr_2round     Short Answer: Carnatic music             F1=0.500 EM=0
[15/200] dev_814 (78.5s)
  baseline         Eduardo Arellano                         F1=0.500 EM=0
  pool             Francisco Rafael Arellano                F1=1.000 EM=0
  ipool            Francisco Rafael Arellano                F1=1.000 EM=0
  idnmr            Francisco Rafael Arellano                F1=1.000 EM=0
  idnmr_2round     Francisco Rafael Arellano                F1=1.000 EM=0
[20/200] dev_819 (46.2s)
  baseline         GE Appliances                            F1=1.000 EM=1
  pool             GE Appliances                            F1=1.000 EM=1
  ipool            GE Appliances                            F1=1.000 EM=1
  idnmr            GE Appliances                            F1=1.000 EM=1
  idnmr_2round     GE Appliances                            F1=1.000 EM=1
[25/200] dev_824 (74.2s)
  baseline         born 1932                                F1=0.500 EM=0
  pool             born 1932                                F1=0.500 EM=0
  ipool            born 1932                                F1=0.500 EM=0
  idnmr            born 1932                                F1=0.500 EM=0
  idnmr_2round     born 1932                                F1=0.500 EM=0
[30/200] dev_829 (65.7s)
  baseline         Melbourne,  Australia.                   F1=0.000 EM=0
  pool             Melbourne, Victoria, Australia           F1=0.000 EM=0
  ipool            Melbourne, Victoria, Australia           F1=0.000 EM=0
  idnmr            Melbourne, Victoria, Australia           F1=0.000 EM=0
  idnmr_2round     Melbourne, Victoria, Australia           F1=0.000 EM=0
[35/200] dev_834 (62.0s)
  baseline         west of Key West, Florida                F1=0.400 EM=0
  pool             west of Key West, Florida                F1=0.400 EM=0
  ipool            west of Key West, Florida                F1=0.400 EM=0
  idnmr            west of Key West, Florida                F1=0.400 EM=0
  idnmr_2round     west of Key West, Florida                F1=0.400 EM=0
[40/200] dev_839 (68.1s)
  baseline         Cairnburgh Castle.                       F1=0.000 EM=0
  pool             Oliver Cromwell's army.                  F1=0.000 EM=0
  ipool            Oliver Cromwell's army.                  F1=0.000 EM=0
  idnmr            Mildred Darby.                           F1=0.000 EM=0
  idnmr_2round     Oliver Cromwell's New Model              F1=0.000 EM=0
[45/200] dev_844 (56.0s)
  baseline         Highwayman (song)                        F1=0.500 EM=0
  pool             Highwayman (song)                        F1=0.500 EM=0
  ipool            Highwayman (song)                        F1=0.500 EM=0
  idnmr            Highwayman (song)                        F1=0.500 EM=0
  idnmr_2round     Highwayman (song)                        F1=0.500 EM=0
[50/200] dev_849 (61.7s)
  baseline         In 1937                                  F1=0.000 EM=0
  pool             In 1937                                  F1=0.000 EM=0
  ipool            In 1937                                  F1=0.000 EM=0
  idnmr            In 1937                                  F1=0.000 EM=0
  idnmr_2round     In 1937                                  F1=0.000 EM=0
[55/200] dev_854 (62.9s)
  baseline         Sandesh Shandilya                        F1=0.000 EM=0
  pool             Hinduism and Buddhism                    F1=0.000 EM=0
  ipool            - Ilaiyaraaja                            F1=0.000 EM=0
  idnmr            Sandesh Shandilya                        F1=0.000 EM=0
  idnmr_2round     Sandesh Shandilya                        F1=0.000 EM=0
[60/200] dev_859 (55.1s)
  baseline         Maria Augusta von Trapp.                 F1=0.750 EM=0
  pool             Maria Augusta von Trapp.                 F1=0.750 EM=0
  ipool            Maria Augusta von Trapp.                 F1=0.750 EM=0
  idnmr            Maria Augusta von Trapp.                 F1=0.750 EM=0
  idnmr_2round     Maria Augusta von Trapp.                 F1=0.750 EM=0
[65/200] dev_864 (94.7s)
  baseline         George R. R. Martin                      F1=0.000 EM=0
  pool             George R. R. Martin                      F1=0.000 EM=0
  ipool            Roberta Ann MacAvoy                      F1=0.000 EM=0
  idnmr            - Haruki Murakami                        F1=0.000 EM=0
  idnmr_2round     - Haruki Murakami                        F1=0.000 EM=0
[70/200] dev_869 (61.2s)
  baseline         Peele and Alex Rubens                    F1=0.250 EM=0
  pool             Peele and Alex Rubens                    F1=0.250 EM=0
  ipool            Peele and Alex Rubens                    F1=0.250 EM=0
  idnmr            Peele and Alex Rubens                    F1=0.250 EM=0
  idnmr_2round     Peele and Alex Rubens                    F1=0.250 EM=0
[75/200] dev_874 (88.7s)
  baseline         Saint John, New Brunswick.               F1=0.000 EM=0
  pool             The Bay of Fundy.                        F1=1.000 EM=0
  ipool            Answer: Bay of Fundy                     F1=0.750 EM=0
  idnmr            Answer: Bay of Fundy                     F1=0.750 EM=0
  idnmr_2round     Answer: Bay of Fundy                     F1=0.750 EM=0
[80/200] dev_879 (66.5s)
  baseline         Not mentioned in the context.            F1=0.000 EM=0
  pool             Not mentioned in the context.            F1=0.000 EM=0
  ipool            Not mentioned in the context.            F1=0.000 EM=0
  idnmr            Not mentioned in the context.            F1=0.000 EM=0
  idnmr_2round     Not mentioned in the context.            F1=0.000 EM=0
[85/200] dev_884 (82.6s)
  baseline         Saline River                             F1=0.500 EM=0
  pool             Short Answer: Saline River               F1=0.250 EM=0
  ipool            Saline River, Kansas.                    F1=0.333 EM=0
  idnmr            Saline River, Little River               F1=0.250 EM=0
  idnmr_2round     Saline River, Little River               F1=0.250 EM=0
[90/200] dev_889 (70.5s)
  baseline         Customizable oblong-shaped pizzas        F1=0.000 EM=0
  pool             Pizza and fast casual.                   F1=0.000 EM=0
  ipool            American frozen yogurt and smoothie chai F1=0.000 EM=0
  idnmr            Pizza and fast casual.                   F1=0.000 EM=0
  idnmr_2round     Pizza and fast casual.                   F1=0.000 EM=0
[95/200] dev_894 (71.7s)
  baseline         Governor of New York Stock Exchange      F1=0.167 EM=0
  pool             Govern of the NYSE                       F1=0.000 EM=0
  ipool            Governor of New York Stock Exchange      F1=0.167 EM=0
  idnmr            Govern of the NYSE                       F1=0.000 EM=0
  idnmr_2round     Govern of the NYSE                       F1=0.000 EM=0
[100/200] dev_899 (55.7s)
  baseline         Yes, both are TV writers                 F1=0.000 EM=0
  pool             Yes, both are TV writers                 F1=0.000 EM=0
  ipool            Yes, both are TV writers                 F1=0.000 EM=0
  idnmr            Yes, both are TV writers                 F1=0.000 EM=0
  idnmr_2round     Yes, both are TV writers                 F1=0.000 EM=0
[105/200] dev_904 (79.7s)
  baseline         Secretaries of State for Scotland        F1=0.400 EM=0
  pool             Lord President of Court of Session       F1=0.333 EM=0
  ipool            Secretaries of State for Scotland        F1=0.400 EM=0
  idnmr            Secretaries of State for Scotland        F1=0.400 EM=0
  idnmr_2round     Secretaries of State for Scotland        F1=0.400 EM=0
[110/200] dev_909 (60.3s)
  baseline         No, they are not.                        F1=0.000 EM=0
  pool             No, they are not.                        F1=0.000 EM=0
  ipool            No, they are not.                        F1=0.000 EM=0
  idnmr            No, they are not.                        F1=0.000 EM=0
  idnmr_2round     No, they are not.                        F1=0.000 EM=0
[115/200] dev_914 (56.1s)
  baseline         Nashville, Tennessee, USA                F1=0.000 EM=0
  pool             Nashville, Tennessee, USA                F1=0.000 EM=0
  ipool            Nashville, Tennessee, USA                F1=0.000 EM=0
  idnmr            Nashville, Tennessee, USA                F1=0.000 EM=0
  idnmr_2round     Nashville, Tennessee, USA                F1=0.000 EM=0
[120/200] dev_919 (91.2s)
  baseline         Father Dougal McGuire.                   F1=1.000 EM=0
  pool             Father Dougal McGuire.                   F1=1.000 EM=0
  ipool            Father Dougal McGuire.                   F1=1.000 EM=0
  idnmr            Father Dougal McGuire.                   F1=1.000 EM=0
  idnmr_2round     Father Dougal McGuire.                   F1=1.000 EM=0
[125/200] dev_924 (92.6s)
  baseline         Lutheran Church–Missouri Synod           F1=0.000 EM=0
  pool             approximately 2.1 million                F1=0.667 EM=0
  ipool            Lutheran Church–Missouri Synod           F1=0.000 EM=0
  idnmr            approximately 3.5 million                F1=0.333 EM=0
  idnmr_2round     approximately 3.5 million                F1=0.333 EM=0
[130/200] dev_929 (102.2s)
  baseline         Daniel Patrick Moynihan.                 F1=1.000 EM=0
  pool             Daniel Patrick Moynihan.                 F1=1.000 EM=0
  ipool            Daniel Patrick Moynihan.                 F1=1.000 EM=0
  idnmr            Daniel Patrick Moynihan.                 F1=1.000 EM=0
  idnmr_2round     Daniel Patrick Moynihan.                 F1=1.000 EM=0
[135/200] dev_934 (57.0s)
  baseline         Commander-in-Chief, Ireland              F1=0.000 EM=0
  pool             Commander-in-Chief, Ireland              F1=0.000 EM=0
  ipool            Commander-in-Chief, Ireland              F1=0.000 EM=0
  idnmr            Commander-in-Chief, Ireland              F1=0.000 EM=0
  idnmr_2round     Commander-in-Chief, Ireland              F1=0.000 EM=0
[140/200] dev_939 (61.6s)
  baseline         Founded 1814                             F1=0.000 EM=0
  pool             1614                                     F1=1.000 EM=1
  ipool            1614                                     F1=1.000 EM=1
  idnmr            1614                                     F1=1.000 EM=1
  idnmr_2round     1614                                     F1=1.000 EM=1
[145/200] dev_944 (64.8s)
  baseline         Yes, both were connected.                F1=0.250 EM=0
  pool             Yes, both were connected.                F1=0.250 EM=0
  ipool            Yes, both were connected.                F1=0.250 EM=0
  idnmr            Yes, both were connected.                F1=0.250 EM=0
  idnmr_2round     Yes, both were connected.                F1=0.250 EM=0
[150/200] dev_949 (63.8s)
  baseline         Haddo House, Scotland                    F1=0.000 EM=0
  pool             Haddo House, Scotland                    F1=0.000 EM=0
  ipool            Heritage Centre, Macclesfield            F1=0.000 EM=0
  idnmr            Haddo House, Scotland                    F1=0.000 EM=0
  idnmr_2round     Haddo House, Scotland                    F1=0.000 EM=0
[155/200] dev_954 (85.0s)
  baseline         The Lord's Resistance Army.              F1=0.333 EM=0
  pool             The Lord's Resistance Movement.          F1=0.000 EM=0
  ipool            The Lord's Resistance Movement.          F1=0.000 EM=0
  idnmr            The Lord's Resistance Movement.          F1=0.000 EM=0
  idnmr_2round     The Lord's Resistance Movement.          F1=0.000 EM=0
[160/200] dev_959 (77.9s)
  baseline         "Go into Your Dance"                     F1=0.000 EM=0
  pool             "Go into Your Dance"                     F1=0.000 EM=0
  ipool            1935 Scandals                            F1=0.000 EM=0
  idnmr            "Go into Your Dance"                     F1=0.000 EM=0
  idnmr_2round     "Go into Your Dance"                     F1=0.000 EM=0
[165/200] dev_964 (56.6s)
  baseline         Frederick T. Reynolds                    F1=0.333 EM=0
  pool             Frederick T. Reynolds                    F1=0.333 EM=0
  ipool            Frederick T. Reynolds                    F1=0.333 EM=0
  idnmr            Frederick T. Reynolds                    F1=0.333 EM=0
  idnmr_2round     Frederick T. Reynolds                    F1=0.333 EM=0
[170/200] dev_969 (52.2s)
  baseline         Spam                                     F1=1.000 EM=1
  pool             Spam                                     F1=1.000 EM=1
  ipool            Spam                                     F1=1.000 EM=1
  idnmr            Spam                                     F1=1.000 EM=1
  idnmr_2round     Spam                                     F1=1.000 EM=1
[175/200] dev_974 (55.0s)
  baseline         Directed by Nicolas Vanier.              F1=0.500 EM=0
  pool             Directed by Nicolas Vanier.              F1=0.500 EM=0
  ipool            Directed by Nicolas Vanier.              F1=0.500 EM=0
  idnmr            Directed by Nicolas Vanier.              F1=0.500 EM=0
  idnmr_2round     Directed by Nicolas Vanier.              F1=0.500 EM=0
[180/200] dev_979 (84.5s)
  baseline         Aleksandr Ivanovsky                      F1=1.000 EM=1
  pool             Aleksandr Ivanovsky                      F1=1.000 EM=1
  ipool            Aleksandr Ivanovsky                      F1=1.000 EM=1
  idnmr            Aleksandr Ivanovsky                      F1=1.000 EM=1
  idnmr_2round     Aleksandr Ivanovsky                      F1=1.000 EM=1
[185/200] dev_984 (64.4s)
  baseline         David Dunn                               F1=1.000 EM=1
  pool             David Dunn                               F1=1.000 EM=1
  ipool            David Dunn                               F1=1.000 EM=1
  idnmr            David Dunn                               F1=1.000 EM=1
  idnmr_2round     David Dunn                               F1=1.000 EM=1
[190/200] dev_989 (54.9s)
  baseline         The Apple Dumpling Gang.                 F1=0.000 EM=0
  pool             The Apple Dumpling Gang.                 F1=0.000 EM=0
  ipool            The Apple Dumpling Gang.                 F1=0.000 EM=0
  idnmr            The Apple Dumpling Gang.                 F1=0.000 EM=0
  idnmr_2round     The Apple Dumpling Gang.                 F1=0.000 EM=0
[195/200] dev_994 (65.7s)
  baseline         Related to Christian Yelich              F1=0.000 EM=0
  pool             He is the great-grandfather              F1=0.333 EM=0
  ipool            He is his great-grandfather              F1=0.250 EM=0
  idnmr            He is the great-grandfather              F1=0.333 EM=0
  idnmr_2round     He is the great-grandfather              F1=0.333 EM=0
[200/200] dev_999 (64.5s)
  baseline         Resonator and fundamental notes          F1=0.000 EM=0
  pool             A resonator and fundamental notes        F1=0.000 EM=0
  ipool            A resonator and fundamental notes        F1=0.000 EM=0
  idnmr            A resonator and fundamental notes        F1=0.000 EM=0
  idnmr_2round     A resonator and fundamental notes        F1=0.000 EM=0

Method               F1     EM  Contain
--------------------------------------
baseline          0.324  0.090    0.315
pool              0.383  0.125    0.400
ipool             0.378  0.105    0.400
idnmr             0.395  0.125    0.410
idnmr_2round      0.383  0.125    0.400

Total: 14270.8s (71.4s/q)
