/projects/prjs1800/venvs/arag-venv/lib/python3.10/site-packages/transformers/utils/hub.py:110: FutureWarning: Using `TRANSFORMERS_CACHE` is deprecated and will be removed in v5 of Transformers. Use `HF_HOME` instead.
  warnings.warn(
=== iDNMR Pilot ===
Model: llada, Rounds: 3, Steps: 16
`torch_dtype` is deprecated! Use `dtype` instead!
Loading checkpoint shards:   0%|          | 0/6 [00:00<?, ?it/s]Loading checkpoint shards:  83%|████████▎ | 5/6 [00:00<00:00, 46.28it/s]Loading checkpoint shards: 100%|██████████| 6/6 [00:00<00:00, 50.51it/s]
  Model loaded in 24.5s
Loaded 200 questions
Batch initial retrieval...
  Done in 459.4s
[1/200] dev_400 (69.4s)
  baseline         Pope Antipope Benedict XIII              F1=0.000 EM=0
  pool             Pope Antipope Benedict XIII              F1=0.000 EM=0
  ipool            Pope Antipope Benedict XIII              F1=0.000 EM=0
  idnmr            Pope Antipope Benedict XIII              F1=0.000 EM=0
  idnmr_2round     Pope Antipope Benedict XIII              F1=0.000 EM=0
[5/200] dev_404 (59.2s)
  baseline         the popular Jeep Wagoneer                F1=0.000 EM=0
  pool             the popular Jeep Wagoneer                F1=0.000 EM=0
  ipool            Jeep Wagoneer.                           F1=0.000 EM=0
  idnmr            the popular Jeep Wagoneer                F1=0.000 EM=0
  idnmr_2round     the popular Jeep Wagoneer                F1=0.000 EM=0
[10/200] dev_409 (66.3s)
  baseline         Black Milk and Danny Brown.              F1=0.200 EM=0
  pool             Black Milk and Illa J                    F1=0.200 EM=0
  ipool            Illa J and Danny Brown                   F1=0.200 EM=0
  idnmr            Black Milk and Illa J                    F1=0.200 EM=0
  idnmr_2round     Black Milk and Illa J                    F1=0.200 EM=0
[15/200] dev_414 (94.7s)
  baseline         Gillermo del Toro.                       F1=0.000 EM=0
  pool             Giorgia Mangini.                         F1=0.000 EM=0
  ipool            Ferzan Özpetek                           F1=0.000 EM=0
  idnmr            Ferzan Özpetek                           F1=0.000 EM=0
  idnmr_2round     Ferzan Özpetek                           F1=0.000 EM=0
[20/200] dev_419 (57.5s)
  baseline         56,579                                   F1=0.000 EM=0
  pool             56,579                                   F1=0.000 EM=0
  ipool            56,579                                   F1=0.000 EM=0
  idnmr            56,579                                   F1=0.000 EM=0
  idnmr_2round     56,579                                   F1=0.000 EM=0
[25/200] dev_424 (63.7s)
  baseline         Not mentioned in the context.            F1=0.000 EM=0
  pool             Not mentioned in the context.            F1=0.000 EM=0
  ipool            Not mentioned in the context.            F1=0.000 EM=0
  idnmr            Not mentioned in the context.            F1=0.000 EM=0
  idnmr_2round     Not mentioned in the context.            F1=0.000 EM=0
[30/200] dev_429 (56.8s)
  baseline         Wes Archer                               F1=1.000 EM=1
  pool             Wes Archer                               F1=1.000 EM=1
  ipool            Wes Archer                               F1=1.000 EM=1
  idnmr            Wes Archer                               F1=1.000 EM=1
  idnmr_2round     Wes Archer                               F1=1.000 EM=1
[35/200] dev_434 (56.1s)
  baseline         Walt Disney Productions                  F1=1.000 EM=1
  pool             Walt Disney Productions                  F1=1.000 EM=1
  ipool            Walt Disney Productions                  F1=1.000 EM=1
  idnmr            Walt Disney Productions                  F1=1.000 EM=1
  idnmr_2round     Walt Disney Productions                  F1=1.000 EM=1
[40/200] dev_439 (72.7s)
  baseline         Surry Hills, Sydney.                     F1=0.000 EM=0
  pool             Surry Hills, Sydney.                     F1=0.000 EM=0
  ipool            Surry Hills, Sydney.                     F1=0.000 EM=0
  idnmr            Surry Hills, Sydney.                     F1=0.000 EM=0
  idnmr_2round     Surry Hills, Sydney.                     F1=0.000 EM=0
[45/200] dev_444 (36.3s)
  baseline         Bedknobs and broomsticks                 F1=1.000 EM=1
  pool             Bedknobs and broomsticks                 F1=1.000 EM=1
  ipool            Bedknobs and broomsticks                 F1=1.000 EM=1
  idnmr            Bedknobs and broomsticks                 F1=1.000 EM=1
  idnmr_2round     Bedknobs and broomsticks                 F1=1.000 EM=1
[50/200] dev_449 (62.6s)
  baseline         Short Answer: Peshwa                     F1=0.333 EM=0
  pool             Short Answer: Peshwa                     F1=0.333 EM=0
  ipool            Short Answer: Peshwa                     F1=0.333 EM=0
  idnmr            Short Answer: Peshwa                     F1=0.333 EM=0
  idnmr_2round     Short Answer: Peshwa                     F1=0.333 EM=0
[55/200] dev_454 (57.3s)
  baseline         No, they are not.                        F1=0.250 EM=0
  pool             No, they are not.                        F1=0.250 EM=0
  ipool            No, they are not.                        F1=0.250 EM=0
  idnmr            No, they are not.                        F1=0.250 EM=0
  idnmr_2round     No, they are not.                        F1=0.250 EM=0
[60/200] dev_459 (80.4s)
  baseline         Father of the House of Lords             F1=0.000 EM=0
  pool             Father of the House of Lords             F1=0.000 EM=0
  ipool            Chamberlain of the Treasury              F1=0.000 EM=0
  idnmr            a Lord-in-waiting                        F1=0.000 EM=0
  idnmr_2round     Father of the House of Lords             F1=0.000 EM=0
[65/200] dev_464 (56.4s)
  baseline         Arlo, Apatosaurus                        F1=0.500 EM=0
  pool             Arlo the Apatosaurus                     F1=0.500 EM=0
  ipool            Arlo, Apatosaurus                        F1=0.500 EM=0
  idnmr            Arlo the Apatosaurus                     F1=0.500 EM=0
  idnmr_2round     Arlo the Apatosaurus                     F1=0.500 EM=0
[70/200] dev_469 (81.4s)
  baseline         "Vampire Academy"                        F1=0.000 EM=0
  pool             "X-Men: Apocalypse"                      F1=0.000 EM=0
  ipool            "X-Men: Apocalypse"                      F1=0.000 EM=0
  idnmr            "X-Men: Apocalypse"                      F1=0.000 EM=0
  idnmr_2round     "X-Men: Apocalypse"                      F1=0.000 EM=0
[75/200] dev_474 (72.7s)
  baseline         Paterson, New Jersey.                    F1=0.000 EM=0
  pool             Paterson, New Jersey.                    F1=0.000 EM=0
  ipool            In Paterson, New Jersey                  F1=0.000 EM=0
  idnmr            Paterson, New Jersey.                    F1=0.000 EM=0
  idnmr_2round     Paterson, New Jersey.                    F1=0.000 EM=0
[80/200] dev_479 (81.3s)
  baseline         Kathleen O'Brien.                        F1=1.000 EM=0
  pool             Kathleen O'Brien.                        F1=1.000 EM=0
  ipool            Kathleen O'Brien.                        F1=1.000 EM=0
  idnmr            Kathleen O'Brien.                        F1=1.000 EM=0
  idnmr_2round     Kathleen O'Brien.                        F1=1.000 EM=0
[85/200] dev_484 (57.4s)
  baseline         28 years in federal prison               F1=0.200 EM=0
  pool             28 years in federal prison               F1=0.200 EM=0
  ipool            28 years in federal prison               F1=0.200 EM=0
  idnmr            28 years in federal prison               F1=0.200 EM=0
  idnmr_2round     perjury and obstruction of justice       F1=0.000 EM=0
[90/200] dev_489 (69.0s)
  baseline         34 and 33                                F1=0.333 EM=0
  pool             34 Senate seats contested.               F1=0.000 EM=0
  ipool            34 seats will be contested               F1=0.000 EM=0
  idnmr            34 Senate seats contested.               F1=0.000 EM=0
  idnmr_2round     34 Senate seats contested.               F1=0.000 EM=0
[95/200] dev_494 (72.4s)
  baseline         2002                                     F1=1.000 EM=1
  pool             In 2002                                  F1=0.500 EM=0
  ipool            In 2002                                  F1=0.500 EM=0
  idnmr            In 2002                                  F1=0.500 EM=0
  idnmr_2round     In 2002                                  F1=0.500 EM=0
[100/200] dev_499 (59.5s)
  baseline         Both are independent documentary films.  F1=0.200 EM=0
  pool             Both are independent documentary films.  F1=0.200 EM=0
  ipool            Both are independent documentary films.  F1=0.200 EM=0
  idnmr            Both are independent documentary films.  F1=0.200 EM=0
  idnmr_2round     Both are independent documentary films.  F1=0.200 EM=0
[105/200] dev_504 (86.4s)
  baseline         Plymouth Barracuda                       F1=0.000 EM=0
  pool             Plymouth Barracuda                       F1=0.000 EM=0
  ipool            Plymouth Barracuda                       F1=0.000 EM=0
  idnmr            Plymouth Barracuda                       F1=0.000 EM=0
  idnmr_2round     Plymouth Barracuda                       F1=0.000 EM=0
[110/200] dev_509 (75.0s)
  baseline         Eminem and Usher                         F1=0.333 EM=0
  pool             Eminem, Kanye West                       F1=0.333 EM=0
  ipool            Eminem and Kanye West                    F1=0.250 EM=0
  idnmr            Eminem and Kanye West                    F1=0.250 EM=0
  idnmr_2round     Eminem and Kanye West                    F1=0.250 EM=0
[115/200] dev_514 (85.3s)
  baseline         "W.A.S.P."                               F1=0.000 EM=0
  pool             "Inside the Electric Circus"             F1=0.000 EM=0
  ipool            "W.A.S.P."                               F1=0.000 EM=0
  idnmr            "Inside the Electric Circus"             F1=0.000 EM=0
  idnmr_2round     "W.A.S.P."                               F1=0.000 EM=0
[120/200] dev_519 (63.0s)
  baseline         ancellor of the Exchequer                F1=0.333 EM=0
  pool             philosopher and statesman                F1=0.000 EM=0
  ipool            philosopher and statesman                F1=0.000 EM=0
  idnmr            philosopher and statesman                F1=0.000 EM=0
  idnmr_2round     philosopher and statesman                F1=0.000 EM=0
[125/200] dev_524 (61.4s)
  baseline         Nobel Prize in Literature.               F1=1.000 EM=0
  pool             Nobel Prize in Literature.               F1=1.000 EM=0
  ipool            Nobel Prize in Literature.               F1=1.000 EM=0
  idnmr            Nobel Prize in Literature.               F1=1.000 EM=0
  idnmr_2round     Nobel Prize in Literature.               F1=1.000 EM=0
[130/200] dev_529 (61.5s)
  baseline         December 2015                            F1=0.500 EM=0
  pool             December 2015                            F1=0.500 EM=0
  ipool            December 2015                            F1=0.500 EM=0
  idnmr            December 2015                            F1=0.500 EM=0
  idnmr_2round     December 2015                            F1=0.500 EM=0
[135/200] dev_534 (62.0s)
  baseline         - 2015                                   F1=0.000 EM=0
  pool             - 2015                                   F1=0.000 EM=0
  ipool            - 2015                                   F1=0.000 EM=0
  idnmr            - 2015                                   F1=0.000 EM=0
  idnmr_2round     - 2015                                   F1=0.000 EM=0
[140/200] dev_539 (79.1s)
  baseline         Subiaco, Western Australia               F1=0.000 EM=0
  pool             Cranbourne East, Melbourne               F1=0.000 EM=0
  ipool            Cranbourne East, Victoria                F1=0.000 EM=0
  idnmr            Cranbourne East, Victoria                F1=0.000 EM=0
  idnmr_2round     Cranbourne East, Victoria                F1=0.000 EM=0
[145/200] dev_544 (85.1s)
  baseline         Potato green stinkbug.                   F1=0.000 EM=0
  pool             Potato beetle and stinkbug               F1=0.000 EM=0
  ipool            Pink-spotted hawkmoth                    F1=0.000 EM=0
  idnmr            Brown marmorated stink bug               F1=0.000 EM=0
  idnmr_2round     Brown marmorated stink bug               F1=0.000 EM=0
[150/200] dev_549 (87.6s)
  baseline         Hernando, Mississippi.                   F1=0.500 EM=0
  pool             Hernando, Mississippi.                   F1=0.500 EM=0
  ipool            Hernando, Mississippi.                   F1=0.500 EM=0
  idnmr            Hernando, Mississippi.                   F1=0.500 EM=0
  idnmr_2round     Hernando, Mississippi.                   F1=0.500 EM=0
[155/200] dev_554 (61.6s)
  baseline         Women's and lifestyle magazines.         F1=0.000 EM=0
  pool             Women's and lifestyle magazines.         F1=0.000 EM=0
  ipool            Women's and lifestyle magazines.         F1=0.000 EM=0
  idnmr            Women's and lifestyle magazines.         F1=0.000 EM=0
  idnmr_2round     Women's and lifestyle magazines.         F1=0.000 EM=0
[160/200] dev_559 (79.1s)
  baseline         John Selby, psychologist.                F1=0.000 EM=0
  pool             John Selby, Eileen Simpson               F1=0.000 EM=0
  ipool            Dr. Riley W. Gardner                     F1=0.000 EM=0
  idnmr            John Selby, Eileen Simpson               F1=0.000 EM=0
  idnmr_2round     John Selby, Eileen Simpson               F1=0.000 EM=0
[165/200] dev_564 (80.0s)
  baseline         Madge Winifred Ryan                      F1=0.000 EM=0
  pool             Henrik Ibsen.                            F1=0.000 EM=0
  ipool            Henrik Ibsen.                            F1=0.000 EM=0
  idnmr            Henrik Ibsen.                            F1=0.000 EM=0
  idnmr_2round     Henrik Ibsen.                            F1=0.000 EM=0
[170/200] dev_569 (62.9s)
  baseline         Evangelical Christian university.        F1=0.667 EM=0
  pool             Evangelical Christian university.        F1=0.667 EM=0
  ipool            Evangelical Christian university.        F1=0.667 EM=0
  idnmr            Evangelical Christian university.        F1=0.667 EM=0
  idnmr_2round     Evangelical Christian university.        F1=0.667 EM=0
[175/200] dev_574 (77.4s)
  baseline         Giotto and his followers                 F1=0.250 EM=0
  pool             Mariotto di Nardo                        F1=0.000 EM=0
  ipool            Mariotto di Nardo                        F1=0.000 EM=0
  idnmr            Mariotto di Nardo                        F1=0.000 EM=0
  idnmr_2round     Mariotto di Nardo                        F1=0.000 EM=0
[180/200] dev_579 (68.0s)
  baseline         "coyote Ugly"                            F1=1.000 EM=0
  pool             ""Coyote Ugly"                           F1=1.000 EM=0
  ipool            ""Coyote Ugly"                           F1=1.000 EM=0
  idnmr            ""Coyote Ugly"                           F1=1.000 EM=0
  idnmr_2round     ""Coyote Ugly"                           F1=1.000 EM=0
[185/200] dev_584 (87.7s)
  baseline         Eadred Lulisc                            F1=0.000 EM=0
  pool             Eadred Lulisc                            F1=0.000 EM=0
  ipool            Eadred Lulisc                            F1=0.000 EM=0
  idnmr            Eadred Lulisc                            F1=0.000 EM=0
  idnmr_2round     Eadred Lulisc                            F1=0.000 EM=0
[190/200] dev_589 (56.2s)
  baseline         Sonata No. 4                             F1=0.333 EM=0
  pool             Sonata No. 4                             F1=0.333 EM=0
  ipool            Sonata No. 4                             F1=0.333 EM=0
  idnmr            Sonata No. 4                             F1=0.333 EM=0
  idnmr_2round     Sonata No. 4                             F1=0.333 EM=0
[195/200] dev_594 (87.3s)
  baseline         Rolls-Royce Olympus                      F1=0.500 EM=0
  pool             Rolls-Royce Olympus                      F1=0.500 EM=0
  ipool            Rolls-Royce Olympus                      F1=0.500 EM=0
  idnmr            Rolls-Royce Olympus                      F1=0.500 EM=0
  idnmr_2round     Rolls-Royce Olympus                      F1=0.500 EM=0
[200/200] dev_599 (61.0s)
  baseline         June 1973                                F1=0.000 EM=0
  pool             June 1973                                F1=0.000 EM=0
  ipool            June 1973                                F1=0.000 EM=0
  idnmr            June 1973                                F1=0.000 EM=0
  idnmr_2round     June 1973                                F1=0.000 EM=0

Method               F1     EM  Contain
--------------------------------------
baseline          0.311  0.085    0.290
pool              0.349  0.070    0.325
ipool             0.321  0.065    0.305
idnmr             0.353  0.070    0.335
idnmr_2round      0.344  0.070    0.325

Total: 14674.8s (73.4s/q)
