/projects/prjs1800/venvs/arag-venv/lib/python3.10/site-packages/transformers/utils/hub.py:110: FutureWarning: Using `TRANSFORMERS_CACHE` is deprecated and will be removed in v5 of Transformers. Use `HF_HOME` instead.
  warnings.warn(
=== iDNMR Pilot ===
Model: llada, Rounds: 3, Steps: 32
`torch_dtype` is deprecated! Use `dtype` instead!
Loading checkpoint shards:   0%|          | 0/6 [00:00<?, ?it/s]Loading checkpoint shards: 100%|██████████| 6/6 [00:00<00:00, 57.04it/s]Loading checkpoint shards: 100%|██████████| 6/6 [00:00<00:00, 56.91it/s]
  Model loaded in 23.3s
Loaded 200 questions
Batch initial retrieval...
  Done in 464.6s
[1/200] dev_800 (60.3s)
  baseline         portraits                                F1=0.000 EM=0
  pool             portraits                                F1=0.000 EM=0
  ipool            portraits                                F1=0.000 EM=0
  idnmr            portraits                                F1=0.000 EM=0
  idnmr_2round     portraits                                F1=0.000 EM=0
[10/200] dev_809 (61.1s)
  baseline         Carnatic music                           F1=1.000 EM=1
  pool             Carnatic music                           F1=1.000 EM=1
  ipool            Carnatic music                           F1=1.000 EM=1
  idnmr            Carnatic music                           F1=1.000 EM=1
  idnmr_2round     Carnatic music                           F1=1.000 EM=1
[20/200] dev_819 (57.8s)
  baseline         GE Appliances                            F1=1.000 EM=1
  pool             GE Appliances                            F1=1.000 EM=1
  ipool            GE Appliances                            F1=1.000 EM=1
  idnmr            GE Appliances                            F1=1.000 EM=1
  idnmr_2round     GE Appliances                            F1=1.000 EM=1
[30/200] dev_829 (107.4s)
  baseline         Australia                                F1=0.000 EM=0
  pool             The actor Chris Hemsworth, one of the st F1=0.000 EM=0
  ipool            Australia                                F1=0.000 EM=0
  idnmr            The actor Chris Hemsworth, one of the st F1=0.000 EM=0
  idnmr_2round     The actor Chris Hemsworth, one of the st F1=0.000 EM=0
[40/200] dev_839 (125.4s)
  baseline         English Heritage                         F1=0.000 EM=0
  pool             Isabella Kelly was born at Cairnburgh Ca F1=0.048 EM=0
  ipool            Isabella Kelly was born at Cairnburgh Ca F1=0.000 EM=0
  idnmr            Isabella Kelly was born at Cairnburgh Ca F1=0.048 EM=0
  idnmr_2round     Isabella Kelly was born at Cairnburgh Ca F1=0.000 EM=0
[50/200] dev_849 (102.6s)
  baseline         William Vere Reeve King-Fane resigned fr F1=0.000 EM=0
  pool             William Vere Reeve King-Fane resigned fr F1=0.000 EM=0
  ipool            William Vere Reeve King-Fane resigned fr F1=0.000 EM=0
  idnmr            William Vere Reeve King-Fane resigned fr F1=0.000 EM=0
  idnmr_2round     William Vere Reeve King-Fane resigned fr F1=0.000 EM=0
[60/200] dev_859 (99.0s)
  baseline         The members of the von Trapp musical gro F1=0.158 EM=0
  pool             The members of the von Trapp musical gro F1=0.158 EM=0
  ipool            The members of the von Trapp musical gro F1=0.158 EM=0
  idnmr            The members of the von Trapp musical gro F1=0.158 EM=0
  idnmr_2round     The members of the von Trapp musical gro F1=0.158 EM=0
[70/200] dev_869 (101.7s)
  baseline         Keanu is a 2016 American action comedy f F1=0.105 EM=0
  pool             Keanu is a 2016 American action comedy f F1=0.105 EM=0
  ipool            Keanu is a 2016 American action comedy f F1=0.105 EM=0
  idnmr            Keanu is a 2016 American action comedy f F1=0.105 EM=0
  idnmr_2round     Keanu is a 2016 American action comedy f F1=0.105 EM=0
[80/200] dev_879 (119.9s)
  baseline         Minister Pool is not mentioned in the pr F1=0.000 EM=0
  pool             Minister Pool is important to Black Coun F1=0.000 EM=0
  ipool            Minister Pool is important to Black Coun F1=0.000 EM=0
  idnmr            Minister Pool is important to Black Coun F1=0.040 EM=0
  idnmr_2round     Minister Pool is important to Black Coun F1=0.040 EM=0
[90/200] dev_889 (130.9s)
  baseline         pizza                                    F1=0.000 EM=0
  pool             Pizza                                    F1=0.000 EM=0
  ipool            One of Daniel Greene's subjects, Wendy's F1=0.000 EM=0
  idnmr            Pizza                                    F1=0.000 EM=0
  idnmr_2round     Pizza                                    F1=0.000 EM=0
[100/200] dev_899 (100.6s)
  baseline         Yes, William Kronick and Jon Turteltaub  F1=0.000 EM=0
  pool             Yes, William Kronick and Jon Turteltaub  F1=0.000 EM=0
  ipool            Yes, William Kronick and Jon Turteltaub  F1=0.000 EM=0
  idnmr            Yes, William Kronick and Jon Turteltaub  F1=0.000 EM=0
  idnmr_2round     Yes, William Kronick and Jon Turteltaub  F1=0.000 EM=0
[110/200] dev_909 (103.9s)
  baseline         No, Delmer Daves is not mentioned in the F1=0.000 EM=0
  pool             No, Delmer Daves is not mentioned in the F1=0.000 EM=0
  ipool            No, Delmer Daves is not mentioned in the F1=0.000 EM=0
  idnmr            No, Delmer Daves is not mentioned in the F1=0.000 EM=0
  idnmr_2round     No, Delmer Daves is not mentioned in the F1=0.000 EM=0
[120/200] dev_919 (103.1s)
  baseline         Father Dougal McGuire                    F1=1.000 EM=1
  pool             Father Dougal McGuire                    F1=1.000 EM=1
  ipool            Father Dougal McGuire in Father Ted was  F1=0.143 EM=0
  idnmr            Father Dougal McGuire                    F1=1.000 EM=1
  idnmr_2round     Father Dougal McGuire                    F1=1.000 EM=1
[130/200] dev_929 (112.3s)
  baseline         Daniel Patrick Moynihan was elected mult F1=0.143 EM=0
  pool             Daniel Patrick Moynihan was elected mult F1=0.143 EM=0
  ipool            Daniel Patrick Moynihan was elected 0 ti F1=0.158 EM=0
  idnmr            Daniel Patrick Moynihan was elected mult F1=0.143 EM=0
  idnmr_2round     Daniel Patrick Moynihan was elected mult F1=0.143 EM=0
[140/200] dev_939 (110.4s)
  baseline         1814                                     F1=0.000 EM=0
  pool             1614                                     F1=1.000 EM=1
  ipool            1614                                     F1=1.000 EM=1
  idnmr            1614                                     F1=1.000 EM=1
  idnmr_2round     1614                                     F1=1.000 EM=1
[150/200] dev_949 (59.8s)
  baseline         Haddo House                              F1=0.000 EM=0
  pool             Haddo House                              F1=0.000 EM=0
  ipool            Haddo House                              F1=0.000 EM=0
  idnmr            Haddo House                              F1=0.000 EM=0
  idnmr_2round     Haddo House                              F1=0.000 EM=0
[160/200] dev_959 (143.7s)
  baseline         Go into Your Dance                       F1=0.000 EM=0
  pool             The tap dancing soloist in My Feet Keep  F1=0.000 EM=0
  ipool            The tap dancing soloist in My Feet Keep  F1=0.000 EM=0
  idnmr            The tap dancing soloist in My Feet Keep  F1=0.000 EM=0
  idnmr_2round     The tap dancing soloist in My Feet Keep  F1=0.000 EM=0
[170/200] dev_969 (92.0s)
  baseline         Spam                                     F1=1.000 EM=1
  pool             Spam                                     F1=1.000 EM=1
  ipool            Spam                                     F1=1.000 EM=1
  idnmr            Spam                                     F1=1.000 EM=1
  idnmr_2round     Spam                                     F1=1.000 EM=1
[180/200] dev_979 (109.4s)
  baseline         Arthur Lubin was born first in 1899, whi F1=0.071 EM=0
  pool             Aleksandr Ivanovsky was born first, in 1 F1=0.143 EM=0
  ipool            Aleksandr Ivanovsky was born first, in 1 F1=0.143 EM=0
  idnmr            Aleksandr Ivanovsky was born first, in 1 F1=0.143 EM=0
  idnmr_2round     Aleksandr Ivanovsky was born first, in 1 F1=0.143 EM=0
[2026-04-01T03:13:48.045] error: *** JOB 21417629 ON gcn47 CANCELLED AT 2026-04-01T03:13:48 DUE TO TIME LIMIT ***
