/projects/prjs1800/venvs/arag-venv/lib/python3.10/site-packages/transformers/utils/hub.py:110: FutureWarning: Using `TRANSFORMERS_CACHE` is deprecated and will be removed in v5 of Transformers. Use `HF_HOME` instead.
  warnings.warn(
=== iDNMR Pilot ===
Model: llada, Rounds: 3, Steps: 32
`torch_dtype` is deprecated! Use `dtype` instead!
Loading checkpoint shards:   0%|          | 0/6 [00:00<?, ?it/s]Loading checkpoint shards: 100%|██████████| 6/6 [00:00<00:00, 55.91it/s]Loading checkpoint shards: 100%|██████████| 6/6 [00:00<00:00, 55.77it/s]
  Model loaded in 24.9s
Loaded 200 questions
Batch initial retrieval...
  Done in 465.3s
[1/200] dev_0 (158.3s)
  baseline         No, Scott Derrickson and Ed Wood were no F1=0.000 EM=0
  pool             No, Scott Derrickson and Ed Wood were no F1=0.000 EM=0
  ipool            No, Scott Derrickson and Ed Wood were no F1=0.000 EM=0
  idnmr            No, Scott Derrickson and Ed Wood were no F1=0.000 EM=0
  idnmr_2round     No, Scott Derrickson and Ed Wood were no F1=0.000 EM=0
[10/200] dev_9 (131.4s)
  baseline         Yes                                      F1=1.000 EM=1
  pool             Yes, both Local H and For Against are fr F1=0.042 EM=0
  ipool            Yes, both Local H and For Against are fr F1=0.042 EM=0
  idnmr            Yes, both Local H and For Against are fr F1=0.042 EM=0
  idnmr_2round     Yes, both Local H and For Against are fr F1=0.042 EM=0
[20/200] dev_19 (68.1s)
  baseline         Robert Erskine Childers                  F1=1.000 EM=0
  pool             Robert Erskine Childers                  F1=1.000 EM=0
  ipool            Robert Erskine Childers                  F1=1.000 EM=0
  idnmr            Robert Erskine Childers                  F1=1.000 EM=0
  idnmr_2round     Robert Erskine Childers                  F1=1.000 EM=0
[30/200] dev_29 (103.3s)
  baseline         Starfaring                               F1=0.000 EM=0
  pool             The name for the adventure in "Tunnels a F1=0.000 EM=0
  ipool            Starfaring                               F1=0.000 EM=0
  idnmr            The name for the adventure in "Tunnels a F1=0.000 EM=0
  idnmr_2round     The name for the adventure in "Tunnels a F1=0.000 EM=0
[40/200] dev_39 (117.9s)
  baseline         New York                                 F1=1.000 EM=0
  pool             Ralph Hefferline was a psychology profes F1=0.150 EM=0
  ipool            Ralph Hefferline was a psychology profes F1=0.150 EM=0
  idnmr            Ralph Hefferline was a psychology profes F1=0.150 EM=0
  idnmr_2round     Ralph Hefferline was a psychology profes F1=0.150 EM=0
[50/200] dev_49 (158.2s)
  baseline         The English Electric Canberra is not men F1=0.125 EM=0
  pool             The British first-generation jet-powered F1=0.143 EM=0
  ipool            The De Havilland Mosquito was the Britis F1=0.000 EM=0
  idnmr            The British first-generation jet-powered F1=0.000 EM=0
  idnmr_2round     The British first-generation jet-powered F1=0.000 EM=0
[60/200] dev_59 (159.9s)
  baseline         No                                       F1=1.000 EM=1
  pool             Yes, Cypress and Ajuga are both genera.  F1=0.000 EM=0
  ipool            No, Cypress is a family (Cupressaceae) a F1=0.071 EM=0
  idnmr            Yes, Cypress and Ajuga are both genera.  F1=0.000 EM=0
  idnmr_2round     Yes, Cypress and Ajuga are both genera.  F1=0.000 EM=0
[70/200] dev_69 (103.3s)
  baseline         The 2017–18 Wigan Athletic F.C. season's F1=0.067 EM=0
  pool             The 2017–18 Wigan Athletic F.C. season's F1=0.067 EM=0
  ipool            The 2017–18 Wigan Athletic F.C. season's F1=0.067 EM=0
  idnmr            The 2017–18 Wigan Athletic F.C. season's F1=0.067 EM=0
  idnmr_2round     The 2017–18 Wigan Athletic F.C. season's F1=0.067 EM=0
[80/200] dev_79 (164.9s)
  baseline         1895                                     F1=0.000 EM=0
  pool             The King who made the 1925 Birthday Hono F1=0.000 EM=0
  ipool            The King who made the 1925 Birthday Hono F1=0.000 EM=0
  idnmr            The King who made the 1925 Birthday Hono F1=0.000 EM=0
  idnmr_2round     The King who made the 1925 Birthday Hono F1=0.000 EM=0
[90/200] dev_89 (104.4s)
  baseline         Cinematographers                         F1=0.000 EM=0
  pool             Cinematographers                         F1=0.000 EM=0
  ipool            Cinematographers                         F1=0.000 EM=0
  idnmr            Cinematographers                         F1=0.000 EM=0
  idnmr_2round     Cinematographers                         F1=0.000 EM=0
[100/200] dev_99 (123.3s)
  baseline         No, Yingkou is a higher-level city. Fudi F1=0.071 EM=0
  pool             No, Yingkou is a prefecture-level city ( F1=0.067 EM=0
  ipool            No, Yingkou is a higher-level city. Fudi F1=0.071 EM=0
  idnmr            No, they are not the same level of city. F1=0.059 EM=0
  idnmr_2round     No, they are not the same level of city. F1=0.059 EM=0
[110/200] dev_109 (192.8s)
  baseline         B-47 Stratojet                           F1=0.000 EM=0
  pool             The base where the 514th Flight Test Squ F1=0.000 EM=0
  ipool            The base that 514th Flight Test Squadron F1=0.000 EM=0
  idnmr            The base of the 514th Flight Test Squadr F1=0.000 EM=0
  idnmr_2round     The base, that the 514th Flight Test Squ F1=0.000 EM=0
[120/200] dev_119 (98.0s)
  baseline         Yes                                      F1=1.000 EM=1
  pool             Yes                                      F1=1.000 EM=1
  ipool            Yes                                      F1=1.000 EM=1
  idnmr            Yes                                      F1=1.000 EM=1
  idnmr_2round     Yes                                      F1=1.000 EM=1
[130/200] dev_129 (122.4s)
  baseline         KFC Yum! Center                          F1=0.000 EM=0
  pool             The January 2, 2012 game featured the Un F1=0.000 EM=0
  ipool            The January 2, 2012 game featured the Un F1=0.000 EM=0
  idnmr            The January 2, 2012 game featured the Un F1=0.000 EM=0
  idnmr_2round     The January 2, 2012 game featured the Un F1=0.000 EM=0
[140/200] dev_139 (124.2s)
  baseline         2005                                     F1=0.000 EM=0
  pool             The film that starred the composer for " F1=0.000 EM=0
  ipool            The film that starred the composer for " F1=0.000 EM=0
  idnmr            The film that starred the composer for " F1=0.000 EM=0
  idnmr_2round     The film that starred the composer for " F1=0.000 EM=0
[150/200] dev_149 (53.1s)
  baseline         Chattahoochee                            F1=0.000 EM=0
  pool             Chattahoochee                            F1=0.000 EM=0
  ipool            Chattahoochee                            F1=0.000 EM=0
  idnmr            Chattahoochee                            F1=0.000 EM=0
  idnmr_2round     Chattahoochee                            F1=0.000 EM=0
[160/200] dev_159 (137.3s)
  baseline         Question: What year did Chim Chim Cher-e F1=0.000 EM=0
  pool             Magical: Disney's New Nighttime Spectacu F1=0.000 EM=0
  ipool            The song "Chim Chim Cher-ee" can be hear F1=0.000 EM=0
  idnmr            The song "Chim Chim Cher-ee" can be hear F1=0.000 EM=0
  idnmr_2round     The song "Chim Chim Cher-ee" can be hear F1=0.000 EM=0
[170/200] dev_169 (108.3s)
  baseline         Catuvellauni                             F1=0.000 EM=0
  pool             The Catuvellauni, led by Cassius Dio bor F1=0.056 EM=0
  ipool            The Celtic ruler who was born in AD 43 w F1=0.050 EM=0
  idnmr            The Catuvellauni, led by Cassius Dio bor F1=0.056 EM=0
  idnmr_2round     The Catuvellauni, led by Cassius Dio bor F1=0.056 EM=0
[180/200] dev_179 (53.3s)
  baseline         Scotland                                 F1=1.000 EM=1
  pool             Scotland                                 F1=1.000 EM=1
  ipool            Scotland                                 F1=1.000 EM=1
  idnmr            Scotland                                 F1=1.000 EM=1
  idnmr_2round     Scotland                                 F1=1.000 EM=1
[2026-04-01T03:13:48.043] error: *** JOB 21417625 ON gcn72 CANCELLED AT 2026-04-01T03:13:48 DUE TO TIME LIMIT ***
