/projects/prjs1800/venvs/arag-venv/lib/python3.10/site-packages/transformers/utils/hub.py:110: FutureWarning: Using `TRANSFORMERS_CACHE` is deprecated and will be removed in v5 of Transformers. Use `HF_HOME` instead.
  warnings.warn(
=== iDNMR Pilot ===
Model: llada, Rounds: 3, Steps: 32
`torch_dtype` is deprecated! Use `dtype` instead!
Loading checkpoint shards:   0%|          | 0/6 [00:00<?, ?it/s]Loading checkpoint shards:  50%|█████     | 3/6 [00:00<00:00, 19.92it/s]Loading checkpoint shards: 100%|██████████| 6/6 [00:00<00:00, 23.54it/s]Loading checkpoint shards: 100%|██████████| 6/6 [00:00<00:00, 22.90it/s]
  Model loaded in 39.6s
Loaded 200 questions
Batch initial retrieval...
  Done in 475.4s
[1/200] dev_600 (54.0s)
  baseline         Kenny Young                              F1=1.000 EM=1
  pool             Kenny Young                              F1=1.000 EM=1
  ipool            Kenny Young                              F1=1.000 EM=1
  idnmr            Kenny Young                              F1=1.000 EM=1
  idnmr_2round     Kenny Young                              F1=1.000 EM=1
[10/200] dev_609 (89.2s)
  baseline         Andrew Johnson was older, as he was born F1=0.118 EM=0
  pool             Andrew Johnson was older, as he was born F1=0.118 EM=0
  ipool            Andrew Johnson was older, as he was born F1=0.118 EM=0
  idnmr            Andrew Johnson was older, as he was born F1=0.118 EM=0
  idnmr_2round     Andrew Johnson was older, as he was born F1=0.118 EM=0
[20/200] dev_619 (120.9s)
  baseline         Glam-style funk metal                    F1=0.333 EM=0
  pool             Funk metal                               F1=0.500 EM=0
  ipool            Glam metal                               F1=1.000 EM=1
  idnmr            Funk metal                               F1=0.500 EM=0
  idnmr_2round     Funk metal                               F1=0.500 EM=0
[30/200] dev_629 (199.0s)
  baseline         Theo Stevenson                           F1=0.000 EM=0
  pool             Kimberley Walsh played the two oldest ch F1=0.000 EM=0
  ipool            Ray Stevenson was one of the stars who p F1=0.000 EM=0
  idnmr            Lauren Graham was one of the stars who p F1=0.000 EM=0
  idnmr_2round     Lauren Graham was one of the stars who p F1=0.000 EM=0
[40/200] dev_639 (140.5s)
  baseline         Walk Like An Egyptian                    F1=1.000 EM=0
  pool             Michael Steele is responsible for the nu F1=0.167 EM=0
  ipool            Michael Steele is responsible for the nu F1=0.150 EM=0
  idnmr            Michael Steele is responsible for "Walk  F1=0.176 EM=0
  idnmr_2round     Michael Steele is responsible for "Walk  F1=0.176 EM=0
[50/200] dev_649 (53.2s)
  baseline         MIT Technology Review                    F1=0.000 EM=0
  pool             MIT Technology Review                    F1=0.000 EM=0
  ipool            MIT Technology Review                    F1=0.000 EM=0
  idnmr            MIT Technology Review                    F1=0.000 EM=0
  idnmr_2round     MIT Technology Review                    F1=0.000 EM=0
[60/200] dev_659 (111.5s)
  baseline         The seven-time World and Olympic medalis F1=0.188 EM=0
  pool             The seven-time World and Olympic medalis F1=0.188 EM=0
  ipool            The seven-time World and Olympic medalis F1=0.188 EM=0
  idnmr            The seven-time World and Olympic medalis F1=0.188 EM=0
  idnmr_2round     The seven-time World and Olympic medalis F1=0.188 EM=0
[70/200] dev_669 (136.4s)
  baseline         Diplomat                                 F1=0.000 EM=0
  pool             Peter Curtis is a diplomat, Chris Draper F1=0.000 EM=0
  ipool            Diplomat and tennis player.

Direct Answ F1=0.158 EM=0
  idnmr            Peter Curtis is a diplomat, and Chris Dr F1=0.000 EM=0
  idnmr_2round     Peter Curtis is a diplomat, and Chris Dr F1=0.000 EM=0
[80/200] dev_679 (59.0s)
  baseline         American                                 F1=1.000 EM=1
  pool             American                                 F1=1.000 EM=1
  ipool            American                                 F1=1.000 EM=1
  idnmr            American                                 F1=1.000 EM=1
  idnmr_2round     American                                 F1=1.000 EM=1
[90/200] dev_689 (119.8s)
  baseline         Windigo                                  F1=0.000 EM=0
  pool             Wendigo                                  F1=1.000 EM=1
  ipool            The legend that lends its name to a mode F1=0.000 EM=0
  idnmr            Wendigo                                  F1=1.000 EM=1
  idnmr_2round     Wendigo                                  F1=1.000 EM=1
[100/200] dev_699 (99.5s)
  baseline         Howard Fast                              F1=1.000 EM=0
  pool             Howard Fast                              F1=1.000 EM=0
  ipool            Howard Fast                              F1=1.000 EM=0
  idnmr            Howard Fast                              F1=1.000 EM=0
  idnmr_2round     Howard Fast                              F1=1.000 EM=0
[110/200] dev_709 (125.7s)
  baseline         Toronto                                  F1=0.000 EM=0
  pool             Roden Brothers were taken over in 1953 b F1=0.050 EM=0
  ipool            Toronto                                  F1=0.000 EM=0
  idnmr            Roden Brothers were taken over in 1953 b F1=0.050 EM=0
  idnmr_2round     Roden Brothers were taken over in 1953 b F1=0.050 EM=0
[120/200] dev_719 (122.9s)
  baseline         Football League                          F1=0.000 EM=0
  pool             Not mentioned during John Moncur's time, F1=0.053 EM=0
  ipool            Football League                          F1=0.000 EM=0
  idnmr            John Moncur played in the Football Leagu F1=0.000 EM=0
  idnmr_2round     Not specified during John Moncur's time, F1=0.053 EM=0
[130/200] dev_729 (92.9s)
  baseline         Alexi Laiho is older as he was born in 1 F1=0.118 EM=0
  pool             Alexi Laiho is older as he was born in 1 F1=0.118 EM=0
  ipool            Alexi Laiho is older as he was born in 1 F1=0.118 EM=0
  idnmr            Alexi Laiho is older as he was born in 1 F1=0.118 EM=0
  idnmr_2round     Alexi Laiho is older as he was born in 1 F1=0.118 EM=0
[140/200] dev_739 (134.6s)
  baseline         No, Pterostyrax is native to Australia,  F1=0.000 EM=0
  pool             No, Pterostyrax is native to Australia,  F1=0.000 EM=0
  ipool            No                                       F1=0.000 EM=0
  idnmr            No, Pterostyrax is native to Australia,  F1=0.000 EM=0
  idnmr_2round     No, Pterostyrax is native to Australia,  F1=0.000 EM=0
[150/200] dev_749 (130.8s)
  baseline         Tulsa                                    F1=0.000 EM=0
  pool             Tulsa                                    F1=0.000 EM=0
  ipool            Tulsa                                    F1=0.000 EM=0
  idnmr            Dougherty                                F1=0.000 EM=0
  idnmr_2round     Dougherty                                F1=0.000 EM=0
[160/200] dev_759 (128.7s)
  baseline         No, Halldór Laxness and Timothy Leary we F1=0.056 EM=0
  pool             No, Halldór Laxness and Timothy Leary we F1=0.056 EM=0
  ipool            No, Halldór Laxness and Timothy Leary we F1=0.056 EM=0
  idnmr            No, Halldór Laxness and Timothy Leary we F1=0.056 EM=0
  idnmr_2round     No, Halldór Laxness and Timothy Leary we F1=0.056 EM=0
[170/200] dev_769 (125.2s)
  baseline         The Climb (song) was released first, in  F1=0.200 EM=0
  pool             The Climb (1999 film) was released first F1=0.176 EM=0
  ipool            The Climb (1999 film) was released first F1=0.158 EM=0
  idnmr            The Climb was released first, with one v F1=0.176 EM=0
  idnmr_2round     The Climb was released first, with one v F1=0.176 EM=0
[180/200] dev_779 (60.2s)
  baseline         Bourbon County                           F1=1.000 EM=1
  pool             Bourbon County                           F1=1.000 EM=1
  ipool            Bourbon County                           F1=1.000 EM=1
  idnmr            Bourbon County                           F1=1.000 EM=1
  idnmr_2round     Bourbon County                           F1=1.000 EM=1
[2026-04-01T03:13:48.044] error: *** JOB 21417628 ON gcn41 CANCELLED AT 2026-04-01T03:13:48 DUE TO TIME LIMIT ***
