/projects/prjs1800/venvs/arag-venv/lib/python3.10/site-packages/transformers/utils/hub.py:110: FutureWarning: Using `TRANSFORMERS_CACHE` is deprecated and will be removed in v5 of Transformers. Use `HF_HOME` instead.
  warnings.warn(
=== iDNMR Pilot ===
Model: llada, Rounds: 3, Steps: 32
`torch_dtype` is deprecated! Use `dtype` instead!
Loading checkpoint shards:   0%|          | 0/6 [00:00<?, ?it/s]Loading checkpoint shards:  50%|█████     | 3/6 [00:00<00:00, 23.81it/s]Loading checkpoint shards: 100%|██████████| 6/6 [00:00<00:00, 30.23it/s]
  Model loaded in 23.5s
Loaded 200 questions
Batch initial retrieval...
  Done in 459.7s
[1/200] dev_200 (109.5s)
  baseline         Crackle                                  F1=1.000 EM=1
  pool             Crackle                                  F1=1.000 EM=1
  ipool            Crackle                                  F1=1.000 EM=1
  idnmr            Crackle                                  F1=1.000 EM=1
  idnmr_2round     Crackle                                  F1=1.000 EM=1
[10/200] dev_209 (112.8s)
  baseline         Margot Robbie                            F1=0.000 EM=0
  pool             Margot Robbie will also play a role in " F1=0.000 EM=0
  ipool            Margot Robbie is the post DC Extended Un F1=0.000 EM=0
  idnmr            Margot Robbie will also play a role in " F1=0.000 EM=0
  idnmr_2round     Margot Robbie will also play a role in " F1=0.000 EM=0
[20/200] dev_219 (156.6s)
  baseline         India                                    F1=0.000 EM=0
  pool             The Falkland Islands' team lost to India F1=0.000 EM=0
  ipool            The Falkland Islands tied for #20 (last  F1=0.000 EM=0
  idnmr            The Falkland Islands did not beat any co F1=0.000 EM=0
  idnmr_2round     The Falkland Islands did not beat any co F1=0.000 EM=0
[30/200] dev_229 (98.8s)
  baseline         Marsilea                                 F1=1.000 EM=1
  pool             Marsilea                                 F1=1.000 EM=1
  ipool            Marsilea                                 F1=1.000 EM=1
  idnmr            Marsilea                                 F1=1.000 EM=1
  idnmr_2round     Marsilea                                 F1=1.000 EM=1
[40/200] dev_239 (144.5s)
  baseline         Ehretia                                  F1=1.000 EM=1
  pool             Xanthoceras has only one species, Xantho F1=0.071 EM=0
  ipool            Xanthoceras has only one species, Xantho F1=0.071 EM=0
  idnmr            Xanthoceras has only one species, Xantho F1=0.071 EM=0
  idnmr_2round     Xanthoceras has only one species, Xantho F1=0.071 EM=0
[50/200] dev_249 (95.0s)
  baseline         Taylor Swift                             F1=1.000 EM=1
  pool             Taylor Swift                             F1=1.000 EM=1
  ipool            Taylor Swift                             F1=1.000 EM=1
  idnmr            Taylor Swift                             F1=1.000 EM=1
  idnmr_2round     Taylor Swift                             F1=1.000 EM=1
[60/200] dev_259 (116.7s)
  baseline         Asante Traditional Buildings             F1=0.000 EM=0
  pool             Asante Traditional Buildings is larger,  F1=0.053 EM=0
  ipool            Gulangyu is larger, as it covers an area F1=0.053 EM=0
  idnmr            Asante Traditional Buildings is larger,  F1=0.053 EM=0
  idnmr_2round     Asante Traditional Buildings is larger,  F1=0.053 EM=0
[70/200] dev_269 (104.1s)
  baseline         Anna Clyne                               F1=1.000 EM=1
  pool             Anna Clyne                               F1=1.000 EM=1
  ipool            Anna Clyne                               F1=1.000 EM=1
  idnmr            Anna Clyne                               F1=1.000 EM=1
  idnmr_2round     Anna Clyne                               F1=1.000 EM=1
[80/200] dev_279 (117.7s)
  baseline         Eugene Habecker is the chairman of Chris F1=0.050 EM=0
  pool             Eugene Habecker is the chairman of Chris F1=0.050 EM=0
  ipool            Eugene Habecker is the chairman of Chris F1=0.158 EM=0
  idnmr            Eugene Habecker is the chairman of Chris F1=0.050 EM=0
  idnmr_2round     Eugene Habecker is the chairman of Chris F1=0.050 EM=0
[90/200] dev_289 (84.1s)
  baseline         "Hey Pa! There's a Goat on the Roof" (19 F1=0.667 EM=0
  pool             "Hey Pa! There's a Goat on the Roof" (19 F1=0.667 EM=0
  ipool            "Hey Pa! There's a Goat on the Roof" (19 F1=0.667 EM=0
  idnmr            "Hey Pa! There's a Goat on the Roof" (19 F1=0.667 EM=0
  idnmr_2round     "Hey Pa! There's a Goat on the Roof" (19 F1=0.667 EM=0
[100/200] dev_299 (123.4s)
  baseline         The rock band that sang "All Join Hands" F1=0.000 EM=0
  pool             The rock band that sang "All Join Hands" F1=0.000 EM=0
  ipool            The rock band that sang "All Join Hands" F1=0.111 EM=0
  idnmr            The rock band that sang "All Join Hands" F1=0.000 EM=0
  idnmr_2round     The rock band that sang "All Join Hands" F1=0.000 EM=0
[110/200] dev_309 (87.1s)
  baseline         Yes                                      F1=1.000 EM=1
  pool             Yes                                      F1=1.000 EM=1
  ipool            Yes                                      F1=1.000 EM=1
  idnmr            Yes                                      F1=1.000 EM=1
  idnmr_2round     Yes                                      F1=1.000 EM=1
[120/200] dev_319 (146.1s)
  baseline         B*Witched                                F1=0.000 EM=0
  pool             The Saturdays                            F1=1.000 EM=1
  ipool            Two positions were filled in The Voice o F1=0.000 EM=0
  idnmr            The Saturdays, a British-Irish girl grou F1=0.050 EM=0
  idnmr_2round     The Saturdays, a British-Irish girl grou F1=0.050 EM=0
[130/200] dev_329 (151.5s)
  baseline         Kunming                                  F1=0.000 EM=0
  pool             Kunming                                  F1=0.000 EM=0
  ipool            The city that contains the Yunnan Provin F1=0.105 EM=0
  idnmr            The city that contains the Yunnan Provin F1=0.105 EM=0
  idnmr_2round     The city that contains the Yunnan Provin F1=0.100 EM=0
[140/200] dev_339 (114.6s)
  baseline         Arrowhead Stadium, other than Kauffman S F1=0.000 EM=0
  pool             Arrowhead Stadium, designed by Charles D F1=0.067 EM=0
  ipool            Arrowhead Stadium, designed by Charles D F1=0.067 EM=0
  idnmr            Arrowhead Stadium, designed by Charles D F1=0.067 EM=0
  idnmr_2round     Arrowhead Stadium, designed by Charles D F1=0.067 EM=0
[150/200] dev_349 (61.3s)
  baseline         2009                                     F1=1.000 EM=1
  pool             2009                                     F1=1.000 EM=1
  ipool            2009                                     F1=1.000 EM=1
  idnmr            2009                                     F1=1.000 EM=1
  idnmr_2round     2009                                     F1=1.000 EM=1
[160/200] dev_359 (159.0s)
  baseline         The producers of "The WitWits," where Ch F1=0.056 EM=0
  pool             The producers of "The WitWits" for which F1=0.053 EM=0
  ipool            The producers of the show for which Chri F1=0.053 EM=0
  idnmr            The producers of the show for which Chri F1=0.043 EM=0
  idnmr_2round     The producers of the show for which Chri F1=0.048 EM=0
[170/200] dev_369 (138.1s)
  baseline         James Packer                             F1=1.000 EM=1
  pool             James Packer                             F1=1.000 EM=1
  ipool            James Packer                             F1=1.000 EM=1
  idnmr            Erica Packer was the second wife of Jame F1=0.118 EM=0
  idnmr_2round     Erica Packer was the second wife of Jame F1=0.118 EM=0
[180/200] dev_379 (88.5s)
  baseline         The Houston Astrodome is called the Eigh F1=0.095 EM=0
  pool             The Houston Astrodome is called the Eigh F1=0.095 EM=0
  ipool            The Houston Astrodome is called the Eigh F1=0.095 EM=0
  idnmr            The Houston Astrodome is called the Eigh F1=0.095 EM=0
  idnmr_2round     The Houston Astrodome is called the Eigh F1=0.095 EM=0
[2026-04-01T03:13:48.046] error: *** JOB 21417626 ON gcn37 CANCELLED AT 2026-04-01T03:13:48 DUE TO TIME LIMIT ***
