/projects/prjs1800/venvs/arag-venv/lib/python3.10/site-packages/transformers/utils/hub.py:110: FutureWarning: Using `TRANSFORMERS_CACHE` is deprecated and will be removed in v5 of Transformers. Use `HF_HOME` instead.
  warnings.warn(
=== iDNMR Pilot ===
Model: llada, Rounds: 3, Steps: 16
`torch_dtype` is deprecated! Use `dtype` instead!
Loading checkpoint shards:   0%|          | 0/6 [00:00<?, ?it/s]Loading checkpoint shards: 100%|██████████| 6/6 [00:00<00:00, 56.00it/s]Loading checkpoint shards: 100%|██████████| 6/6 [00:00<00:00, 55.87it/s]
  Model loaded in 23.5s
Loaded 200 questions
Batch initial retrieval...
  Done in 456.2s
[1/200] dev_200 (67.7s)
  baseline         Crackle and also AMC                     F1=0.250 EM=0
  pool             Crackle Sony Crackle                     F1=0.333 EM=0
  ipool            Crackle (Sony)                           F1=0.500 EM=0
  idnmr            Crackle Sony Crackle                     F1=0.333 EM=0
  idnmr_2round     Crackle Sony Crackle                     F1=0.333 EM=0
[5/200] dev_204 (73.9s)
  baseline         Short Answer: Kevin Spacey               F1=0.500 EM=0
  pool             Mena Suvari.                             F1=0.000 EM=0
  ipool            Billie Dove/Billy Dove                   F1=0.000 EM=0
  idnmr            Mena Suvari.                             F1=0.000 EM=0
  idnmr_2round     Mena Suvari.                             F1=0.000 EM=0
[10/200] dev_209 (80.1s)
  baseline         Djimon Hounsou                           F1=0.000 EM=0
  pool             Djimon Hounsou                           F1=0.000 EM=0
  ipool            Djimon Hounsou                           F1=0.000 EM=0
  idnmr            Djimon Hounsou                           F1=0.000 EM=0
  idnmr_2round     Djimon Hounsou                           F1=0.000 EM=0
[15/200] dev_214 (65.0s)
  baseline         Arthur Conan Doyle                       F1=1.000 EM=0
  pool             Arthur Conan Doyle was born first        F1=0.500 EM=0
  ipool            Arthur Conan Doyle                       F1=1.000 EM=0
  idnmr            Arthur Conan Doyle was born first        F1=0.500 EM=0
  idnmr_2round     Arthur Conan Doyle was born first        F1=0.500 EM=0
[20/200] dev_219 (69.3s)
  baseline         India has eleven administrative division F1=0.000 EM=0
  pool             India in the Quarterfinals               F1=0.000 EM=0
  ipool            India in the Quarterfinals               F1=0.000 EM=0
  idnmr            India in the Quarterfinals               F1=0.000 EM=0
  idnmr_2round     India in the Quarterfinals               F1=0.000 EM=0
[25/200] dev_224 (75.0s)
  baseline         Master Harold...and the Boys             F1=0.000 EM=0
  pool             Master Harold...and the Boys             F1=0.000 EM=0
  ipool            Master Harold...and the Boys             F1=0.000 EM=0
  idnmr            Master Harold...and the Boys             F1=0.000 EM=0
  idnmr_2round     Master Harold...and the Boys             F1=0.000 EM=0
[30/200] dev_229 (55.5s)
  baseline         Marsilea has more species                F1=0.250 EM=0
  pool             Marsilea has more species                F1=0.250 EM=0
  ipool            Marsilea has more species                F1=0.250 EM=0
  idnmr            Marsilea has more species                F1=0.250 EM=0
  idnmr_2round     Marsilea has more species                F1=0.250 EM=0
[35/200] dev_234 (73.8s)
  baseline         "Bangor, Maine"                          F1=0.000 EM=0
  pool             "Bangor, Maine"                          F1=0.000 EM=0
  ipool            "Bangor, Maine"                          F1=0.000 EM=0
  idnmr            "Bangor Waterfront Pavilion"             F1=0.000 EM=0
  idnmr_2round     "Bangor, Maine"                          F1=0.000 EM=0
[40/200] dev_239 (68.7s)
  baseline         Ehretia has more species                 F1=0.250 EM=0
  pool             Ehretia has more species                 F1=0.250 EM=0
  ipool            Ehretia has more species                 F1=0.250 EM=0
  idnmr            Ehretia has more species                 F1=0.250 EM=0
  idnmr_2round     Ehretia has more species                 F1=0.250 EM=0
[45/200] dev_244 (68.6s)
  baseline         Indian classical sarod player.           F1=0.000 EM=0
  pool             an Indian classical sarod player         F1=0.000 EM=0
  ipool            an Indian classical sarod player         F1=0.000 EM=0
  idnmr            an Indian classical sarod player         F1=0.000 EM=0
  idnmr_2round     an Indian classical sarod player         F1=0.000 EM=0
[50/200] dev_249 (56.6s)
  baseline         Taylor Swift's Back to December          F1=0.200 EM=0
  pool             Taylor Swift's Back to December          F1=0.200 EM=0
  ipool            Taylor Swift's Back to December          F1=0.200 EM=0
  idnmr            Taylor Swift's Back to December          F1=0.200 EM=0
  idnmr_2round     Taylor Swift's Back to December          F1=0.200 EM=0
[55/200] dev_254 (61.1s)
  baseline         Over 600 stores                          F1=1.000 EM=1
  pool             Over 600 stores                          F1=1.000 EM=1
  ipool            Over 600 stores                          F1=1.000 EM=1
  idnmr            Over 600 stores                          F1=1.000 EM=1
  idnmr_2round     Over 600 stores                          F1=1.000 EM=1
[60/200] dev_259 (74.8s)
  baseline         Gulangyu Subdistrict                     F1=0.500 EM=0
  pool             Gulangyu Subdistrict                     F1=0.500 EM=0
  ipool            Gulangyu Subdistrict                     F1=0.500 EM=0
  idnmr            Gulangyu is larger                       F1=0.333 EM=0
  idnmr_2round     Gulangyu Subdistrict                     F1=0.500 EM=0
[65/200] dev_264 (55.0s)
  baseline         "Flowers of Romance"                     F1=0.000 EM=0
  pool             "Flowers of Romance"                     F1=0.000 EM=0
  ipool            "Flowers of Romance"                     F1=0.000 EM=0
  idnmr            "Flowers of Romance"                     F1=0.000 EM=0
  idnmr_2round     "Flowers of Romance"                     F1=0.000 EM=0
[70/200] dev_269 (70.1s)
  baseline         Anna Clyne                               F1=1.000 EM=1
  pool             Short Answer: Anna Clyne                 F1=0.500 EM=0
  ipool            Anna Clyne                               F1=1.000 EM=1
  idnmr            Short Answer: Anna Clyne                 F1=0.500 EM=0
  idnmr_2round     Short Answer: Anna Clyne                 F1=0.500 EM=0
[75/200] dev_274 (59.6s)
  baseline         Marcia Lewis (again)                     F1=0.000 EM=0
  pool             Marcia Lewis (mentioned)                 F1=0.000 EM=0
  ipool            Marcia Lewis (mentioned)                 F1=0.000 EM=0
  idnmr            Marcia Lewis (mentioned)                 F1=0.000 EM=0
  idnmr_2round     Marcia Lewis (mentioned)                 F1=0.000 EM=0
[80/200] dev_279 (67.1s)
  baseline         Short Answer: Christianity Today.        F1=0.000 EM=0
  pool             Christianity Today (Magazine)            F1=0.000 EM=0
  ipool            Short Answer: Christianity Today.        F1=0.000 EM=0
  idnmr            Evangelical Christian periodical         F1=1.000 EM=1
  idnmr_2round     Christianity Today (Magazine)            F1=0.000 EM=0
[85/200] dev_284 (82.7s)
  baseline         Winnipeg, Alberta.                       F1=0.000 EM=0
  pool             Short Answer: Hanna, Alberta             F1=0.250 EM=0
  ipool            Hanna, Alberta, Canada                   F1=0.333 EM=0
  idnmr            Hanna                                    F1=1.000 EM=1
  idnmr_2round     Hanna                                    F1=1.000 EM=1
[90/200] dev_289 (61.3s)
  baseline         "Poleconomy"                             F1=0.000 EM=0
  pool             "Poleconomy"                             F1=0.000 EM=0
  ipool            "Poleconomy"                             F1=0.000 EM=0
  idnmr            "Poleconomy"                             F1=0.000 EM=0
  idnmr_2round     "Poleconomy"                             F1=0.000 EM=0
[95/200] dev_294 (36.2s)
  baseline         Janet Jackson                            F1=1.000 EM=0
  pool             Janet Jackson                            F1=1.000 EM=0
  ipool            Janet Jackson                            F1=1.000 EM=0
  idnmr            Janet Jackson                            F1=1.000 EM=0
  idnmr_2round     Janet Jackson                            F1=1.000 EM=0
[100/200] dev_299 (81.3s)
  baseline         In 1984                                  F1=0.000 EM=0
  pool             April 1984                               F1=0.000 EM=0
  ipool            In 1984                                  F1=0.000 EM=0
  idnmr            In 1984                                  F1=0.000 EM=0
  idnmr_2round     January 1964                             F1=0.000 EM=0
[105/200] dev_304 (70.3s)
  baseline         Yes, both are magazines.                 F1=0.000 EM=0
  pool             Yes, both are magazines.                 F1=0.000 EM=0
  ipool            Yes, both are magazines.                 F1=0.000 EM=0
  idnmr            Yes, both are magazines.                 F1=0.000 EM=0
  idnmr_2round     Yes, both are magazines.                 F1=0.000 EM=0
[110/200] dev_309 (50.5s)
  baseline         Yes, both are documentaries.             F1=0.250 EM=0
  pool             Yes, both are documentaries.             F1=0.250 EM=0
  ipool            Yes, both are documentaries.             F1=0.250 EM=0
  idnmr            Yes, both are documentaries.             F1=0.250 EM=0
  idnmr_2round     Yes, both are documentaries.             F1=0.250 EM=0
[115/200] dev_314 (83.1s)
  baseline         10 days on sale.                         F1=0.000 EM=0
  pool             10-17 days                               F1=0.000 EM=0
  ipool            After ten days on sale.                  F1=0.000 EM=0
  idnmr            10 days on sale.                         F1=0.000 EM=0
  idnmr_2round     10 days on sale.                         F1=0.000 EM=0
[120/200] dev_319 (88.1s)
  baseline         B*Witched, London                        F1=0.000 EM=0
  pool             The Saturdays B*Witched                  F1=0.500 EM=0
  ipool            B*Witched, Ireland                       F1=0.000 EM=0
  idnmr            The Saturdays and B*witched              F1=0.333 EM=0
  idnmr_2round     The Saturdays and B*witched              F1=0.333 EM=0
[125/200] dev_324 (63.9s)
  baseline         Oedipus Rex.                             F1=1.000 EM=0
  pool             Oedipus Rex.                             F1=1.000 EM=0
  ipool            Oedipus Rex.                             F1=1.000 EM=0
  idnmr            Oedipus Rex.                             F1=1.000 EM=0
  idnmr_2round     Oedipus Rex.                             F1=1.000 EM=0
[130/200] dev_329 (77.0s)
  baseline         Throat of Yunnan                         F1=0.000 EM=0
  pool             Kunming, Spring city                     F1=0.667 EM=0
  ipool            Spring City due to its weather           F1=0.333 EM=0
  idnmr            Spring city due to its weather           F1=0.333 EM=0
  idnmr_2round     Spring city due to its weather           F1=0.333 EM=0
[135/200] dev_334 (55.1s)
  baseline         Selle v. Gibb                            F1=0.000 EM=0
  pool             Selle v. Gibb                            F1=0.000 EM=0
  ipool            Selle v. Gibb                            F1=0.000 EM=0
  idnmr            Selle v. Gibb                            F1=0.000 EM=0
  idnmr_2round     Selle v. Gibb                            F1=0.000 EM=0
[140/200] dev_339 (68.8s)
  baseline         40,793                                   F1=0.000 EM=0
  pool             76,416                                   F1=1.000 EM=1
  ipool            76,416                                   F1=1.000 EM=1
  idnmr            76,416                                   F1=1.000 EM=1
  idnmr_2round     76,416                                   F1=1.000 EM=1
[145/200] dev_344 (65.2s)
  baseline         Royal Australian Navy, RAN               F1=0.250 EM=0
  pool             Australian Defence Force (AD)            F1=0.750 EM=0
  ipool            Royal Australian Navy, RAN               F1=0.250 EM=0
  idnmr            Australian Defence Force (AD)            F1=0.750 EM=0
  idnmr_2round     Australian Defence Force (AD)            F1=0.750 EM=0
[150/200] dev_349 (49.0s)
  baseline         2009                                     F1=1.000 EM=1
  pool             2009                                     F1=1.000 EM=1
  ipool            2009                                     F1=1.000 EM=1
  idnmr            2009                                     F1=1.000 EM=1
  idnmr_2round     2009                                     F1=1.000 EM=1
[155/200] dev_354 (62.0s)
  baseline         No, they were different.                 F1=0.250 EM=0
  pool             No, they were different.                 F1=0.250 EM=0
  ipool            No, they were different.                 F1=0.250 EM=0
  idnmr            No, they were different.                 F1=0.250 EM=0
  idnmr_2round     No, they were different.                 F1=0.250 EM=0
[160/200] dev_359 (88.3s)
  baseline         Adam McKay and Bruce Leddy               F1=0.200 EM=0
  pool             Adam McKay and Bruce Leddy               F1=0.200 EM=0
  ipool            Adam McKay and Will Ferrell              F1=0.200 EM=0
  idnmr            Kudos and Channel 4                      F1=0.250 EM=0
  idnmr_2round     Adam McKay and Will Ferrell              F1=0.200 EM=0
[165/200] dev_364 (76.3s)
  baseline         Not mentioned in the context.            F1=0.000 EM=0
  pool             Edmund Sharpe Cambridge University       F1=0.500 EM=0
  ipool            Edmund Sharpe, Cambridge                 F1=0.333 EM=0
  idnmr            Edmund Sharpe Cambridge University       F1=0.500 EM=0
  idnmr_2round     Edmund Sharpe Cambridge University       F1=0.500 EM=0
[170/200] dev_369 (95.2s)
  baseline         James Packer                             F1=1.000 EM=1
  pool             James Packer                             F1=1.000 EM=1
  ipool            Short Answer: James Packer               F1=0.500 EM=0
  idnmr            Short Answer: James Packer               F1=0.500 EM=0
  idnmr_2round     Short Answer: James Packer               F1=0.500 EM=0
[175/200] dev_374 (90.5s)
  baseline         2017                                     F1=1.000 EM=1
  pool             July 2017                                F1=0.500 EM=0
  ipool            July 2017                                F1=0.500 EM=0
  idnmr            July 2017                                F1=0.500 EM=0
  idnmr_2round     July 2017                                F1=0.500 EM=0
[180/200] dev_379 (70.5s)
  baseline         First indoor domed sports stadium        F1=0.000 EM=0
  pool             First indoor domed sports stadium        F1=0.000 EM=0
  ipool            First indoor domed sports stadium        F1=0.000 EM=0
  idnmr            First indoor domed sports stadium        F1=0.000 EM=0
  idnmr_2round     First indoor domed sports stadium        F1=0.000 EM=0
[185/200] dev_384 (62.2s)
  baseline         Philip K. Dick alone.                    F1=0.750 EM=0
  pool             Answer: Philip K. Dick                   F1=0.750 EM=0
  ipool            Answer: Philip K. Dick                   F1=0.750 EM=0
  idnmr            Answer: Philip K. Dick                   F1=0.750 EM=0
  idnmr_2round     Answer: Philip K. Dick                   F1=0.750 EM=0
[190/200] dev_389 (61.7s)
  baseline         Avantika Khatri                          F1=0.000 EM=0
  pool             Avantika Khatri                          F1=0.000 EM=0
  ipool            Avantika Khatri                          F1=0.000 EM=0
  idnmr            Avantika Khatri                          F1=0.000 EM=0
  idnmr_2round     Avantika Khatri                          F1=0.000 EM=0
[195/200] dev_394 (82.1s)
  baseline         Aldous Huxley                            F1=0.000 EM=0
  pool             John Whiting and Ken Russell             F1=0.000 EM=0
  ipool            John Whiting, Ken Russell                F1=0.000 EM=0
  idnmr            John Whiting, Ken Russell                F1=0.000 EM=0
  idnmr_2round     John Whiting, Ken Russell                F1=0.000 EM=0
[200/200] dev_399 (102.8s)
  baseline         YouTube and Pro Bono Australia           F1=0.000 EM=0
  pool             Australian Film Institute (AI)           F1=0.000 EM=0
  ipool            YouTube Rewind Portal A Interactive      F1=0.500 EM=0
  idnmr            Australian Film Institute (AVI)          F1=0.000 EM=0
  idnmr_2round     Australian Film Institute (AVI)          F1=0.000 EM=0

Method               F1     EM  Contain
--------------------------------------
baseline          0.302  0.060    0.330
pool              0.341  0.055    0.420
ipool             0.352  0.055    0.415
idnmr             0.340  0.060    0.410
idnmr_2round      0.337  0.055    0.415

Total: 14376.1s (71.9s/q)
