/projects/prjs1800/venvs/arag-venv/lib/python3.10/site-packages/transformers/utils/hub.py:110: FutureWarning: Using `TRANSFORMERS_CACHE` is deprecated and will be removed in v5 of Transformers. Use `HF_HOME` instead.
  warnings.warn(
=== iDNMR Pilot ===
Model: llada, Rounds: 3, Steps: 16
`torch_dtype` is deprecated! Use `dtype` instead!
Loading checkpoint shards:   0%|          | 0/6 [00:00<?, ?it/s]Loading checkpoint shards: 100%|██████████| 6/6 [00:00<00:00, 146.29it/s]
  Model loaded in 10.3s
Loaded 200 questions
Batch initial retrieval...
  Done in 443.0s
[1/200] dev_600 (33.5s)
  baseline         Kenny Young                              F1=1.000 EM=1
  pool             Kenny Young                              F1=1.000 EM=1
  ipool            Kenny Young                              F1=1.000 EM=1
  idnmr            Kenny Young                              F1=1.000 EM=1
  idnmr_2round     Kenny Young                              F1=1.000 EM=1
[5/200] dev_604 (84.0s)
  baseline         fastest three from each heat             F1=0.000 EM=0
  pool             The first 8 lanes.                       F1=0.000 EM=0
  ipool            fastest three from each heat             F1=0.000 EM=0
  idnmr            10-12 runners                            F1=0.000 EM=0
  idnmr_2round     10-12 runners                            F1=0.000 EM=0
[10/200] dev_609 (67.1s)
  baseline         George Atzerodt.                         F1=0.000 EM=0
  pool             George Atzerodt.                         F1=0.000 EM=0
  ipool            George Atzerodt.                         F1=0.000 EM=0
  idnmr            George Atzerodt.                         F1=0.000 EM=0
  idnmr_2round     George Atzerodt.                         F1=0.000 EM=0
[15/200] dev_614 (69.6s)
  baseline         Lenox Avenue and Plymouth Street         F1=0.400 EM=0
  pool             Lenox Avenue and Plymouth Street         F1=0.400 EM=0
  ipool            Lenox Avenue and Plymouth Street         F1=0.400 EM=0
  idnmr            Lenox Avenue and Plymouth Street         F1=0.400 EM=0
  idnmr_2round     Lenox Avenue and Plymouth Street         F1=0.400 EM=0
[20/200] dev_619 (63.6s)
  baseline         Glam-style funk metal.                   F1=0.333 EM=0
  pool             Glam-style funk metal.                   F1=0.333 EM=0
  ipool            Glam-style funk metal.                   F1=0.333 EM=0
  idnmr            Glam-style funk metal.                   F1=0.333 EM=0
  idnmr_2round     Glam-style funk metal.                   F1=0.333 EM=0
[25/200] dev_624 (62.0s)
  baseline         Jean-Loup Chrétien                       F1=1.000 EM=0
  pool             Jean-Loup Chrétien                       F1=1.000 EM=0
  ipool            Jean-Loup Chrétien                       F1=1.000 EM=0
  idnmr            Jean-Loup Chrétien                       F1=1.000 EM=0
  idnmr_2round     Jean-Loup Chrétien                       F1=1.000 EM=0
[30/200] dev_629 (94.9s)
  baseline         Lucas Cruikshank                         F1=0.000 EM=0
  pool             Lucas Cruikshank                         F1=0.000 EM=0
  ipool            Lucas Cruikshank                         F1=0.000 EM=0
  idnmr            Lucas Cruikshank                         F1=0.000 EM=0
  idnmr_2round     Lucas Cruikshank                         F1=0.000 EM=0
[35/200] dev_634 (69.7s)
  baseline         Ampley Cherry-Garrard                    F1=0.500 EM=0
  pool             Ampley Cherry-Garrard                    F1=0.500 EM=0
  ipool            Ampley Cherry-Garrard                    F1=0.500 EM=0
  idnmr            Ampley Cherry-Garrard                    F1=0.500 EM=0
  idnmr_2round     Ampley Cherry-Garrard                    F1=0.500 EM=0
[40/200] dev_639 (70.2s)
  baseline         "Walk Like An Egyptian"                  F1=1.000 EM=1
  pool             "Walk Like an Egyptian"                  F1=1.000 EM=1
  ipool            "Walk Like an Egyptian"                  F1=1.000 EM=1
  idnmr            "Walk Like an Egyptian"                  F1=1.000 EM=1
  idnmr_2round     "Walk Like an Egyptian"                  F1=1.000 EM=1
[45/200] dev_644 (56.4s)
  baseline         Tom's of Maine personal-care             F1=0.000 EM=0
  pool             Tom's of Maine personal-care             F1=0.000 EM=0
  ipool            Tom's of Maine personal-care             F1=0.000 EM=0
  idnmr            Tom's of Maine personal-care             F1=0.000 EM=0
  idnmr_2round     Tom's of Maine personal-care             F1=0.000 EM=0
[50/200] dev_649 (60.0s)
  baseline         Liberty and MIT Technology Review.       F1=0.200 EM=0
  pool             Liberty and MIT Technology Review.       F1=0.200 EM=0
  ipool            Fortune/CNET Tech Review                 F1=0.000 EM=0
  idnmr            Liberty and MIT Technology Review.       F1=0.200 EM=0
  idnmr_2round     Liberty and MIT Technology Review.       F1=0.200 EM=0
[55/200] dev_654 (35.7s)
  baseline         Dundee Canal                             F1=1.000 EM=1
  pool             Dundee Canal                             F1=1.000 EM=1
  ipool            Dundee Canal                             F1=1.000 EM=1
  idnmr            Dundee Canal                             F1=1.000 EM=1
  idnmr_2round     Dundee Canal                             F1=1.000 EM=1
[60/200] dev_659 (88.2s)
  baseline         June 1959                                F1=1.000 EM=0
  pool             June 1959                                F1=1.000 EM=0
  ipool            June 1959                                F1=1.000 EM=0
  idnmr            June 1959                                F1=1.000 EM=0
  idnmr_2round     June 1959                                F1=1.000 EM=0
[65/200] dev_664 (88.0s)
  baseline         - 2005                                   F1=0.000 EM=0
  pool             - 2005                                   F1=0.000 EM=0
  ipool            - 2005                                   F1=0.000 EM=0
  idnmr            September 2005                           F1=0.000 EM=0
  idnmr_2round     September 2005                           F1=0.000 EM=0
[70/200] dev_669 (68.9s)
  baseline         Diplomat and Sailor                      F1=0.000 EM=0
  pool             Diplomats and sailors                    F1=0.000 EM=0
  ipool            Diplomats and sailors                    F1=0.000 EM=0
  idnmr            Diplomats and sailors                    F1=0.000 EM=0
  idnmr_2round     Diplomats and sailors                    F1=0.000 EM=0
[75/200] dev_674 (83.3s)
  baseline         Individuals, corporations, and trusts    F1=0.250 EM=0
  pool             Personal, business, capital gains        F1=1.000 EM=0
  ipool            personal, business, capital gains        F1=1.000 EM=0
  idnmr            Ordinary, statutory, capital             F1=0.333 EM=0
  idnmr_2round     Ordinary, statutory, capital             F1=0.333 EM=0
[80/200] dev_679 (60.0s)
  baseline         Short Answer: United States.             F1=0.000 EM=0
  pool             Short Answer: United States.             F1=0.000 EM=0
  ipool            Short Answer: United States.             F1=0.000 EM=0
  idnmr            Short Answer: United States.             F1=0.000 EM=0
  idnmr_2round     Short Answer: United States.             F1=0.000 EM=0
[85/200] dev_684 (90.7s)
  baseline         Not specified in the context.            F1=0.000 EM=0
  pool             3 (Blind Faith)                          F1=0.000 EM=0
  ipool            At least 3 people.                       F1=0.000 EM=0
  idnmr            1: Eric Clapton                          F1=0.000 EM=0
  idnmr_2round     4 (Blind Faith)                          F1=0.000 EM=0
[90/200] dev_689 (68.0s)
  baseline         Windigo legend of North America          F1=0.000 EM=0
  pool             Windigo legend of North America          F1=0.000 EM=0
  ipool            Windigo legend of North America          F1=0.000 EM=0
  idnmr            Windigo legend of North America          F1=0.000 EM=0
  idnmr_2round     Windigo legend of North America          F1=0.000 EM=0
[95/200] dev_694 (75.2s)
  baseline         Frederick Mors.                          F1=0.000 EM=0
  pool             Frederick Mors.                          F1=0.000 EM=0
  ipool            Swango and Frederick Mors                F1=0.250 EM=0
  idnmr            Swango and Frederick Mors                F1=0.250 EM=0
  idnmr_2round     Swango and Frederick Mors                F1=0.250 EM=0
[100/200] dev_699 (60.2s)
  baseline         Howard Fast                              F1=1.000 EM=0
  pool             Howard Fast                              F1=1.000 EM=0
  ipool            Howard Fast                              F1=1.000 EM=0
  idnmr            Howard Fast                              F1=1.000 EM=0
  idnmr_2round     Howard Fast                              F1=1.000 EM=0
[105/200] dev_704 (73.8s)
  baseline         Around 1900                              F1=0.000 EM=0
  pool             June 10th Movement                       F1=0.000 EM=0
  ipool            Around 1900                              F1=0.000 EM=0
  idnmr            June 10th Movement                       F1=0.000 EM=0
  idnmr_2round     June 10th Movement                       F1=0.000 EM=0
[110/200] dev_709 (86.0s)
  baseline         Henry Birks and Sons Toronto             F1=0.000 EM=0
  pool             Montreal                                 F1=1.000 EM=1
  ipool            Birks Group, Toronto                     F1=0.000 EM=0
  idnmr            Montreal                                 F1=1.000 EM=1
  idnmr_2round     Montreal                                 F1=1.000 EM=1
[115/200] dev_714 (77.3s)
  baseline         Paula Patton                             F1=1.000 EM=0
  pool             Paula Patton                             F1=1.000 EM=0
  ipool            Paula Patton                             F1=1.000 EM=0
  idnmr            Paula Patton                             F1=1.000 EM=0
  idnmr_2round     Paula Patton                             F1=1.000 EM=0
[120/200] dev_719 (58.5s)
  baseline         Division Three of the Football League    F1=0.000 EM=0
  pool             Division Three of the Football League    F1=0.000 EM=0
  ipool            Division Three of the Football League    F1=0.000 EM=0
  idnmr            Division Three of the Football League    F1=0.000 EM=0
  idnmr_2round     Division Three of the Football League    F1=0.000 EM=0
[125/200] dev_724 (78.5s)
  baseline         Crvena zvezda                            F1=0.000 EM=0
  pool             Crvena zvezda                            F1=0.000 EM=0
  ipool            Crvena zvezda                            F1=0.000 EM=0
  idnmr            Crvena zvezda                            F1=0.000 EM=0
  idnmr_2round     Crvena zvezda                            F1=0.000 EM=0
[130/200] dev_729 (73.0s)
  baseline         Alexi Laiho.                             F1=0.000 EM=0
  pool             Alexi Laiho.                             F1=0.000 EM=0
  ipool            Alexi Laiho.                             F1=0.000 EM=0
  idnmr            Alexi Laiho.                             F1=0.000 EM=0
  idnmr_2round     Alexi Laiho.                             F1=0.000 EM=0
[135/200] dev_734 (92.1s)
  baseline         Olympia Brewing Company Inc.             F1=0.250 EM=0
  pool             Pabst Brewing Company.                   F1=0.333 EM=0
  ipool            Pabst Brewing Company.                   F1=0.333 EM=0
  idnmr            Pabst Brewing Company.                   F1=0.333 EM=0
  idnmr_2round     Pabst Brewing Company.                   F1=0.333 EM=0
[140/200] dev_739 (72.9s)
  baseline         No, not both native.                     F1=0.000 EM=0
  pool             No, not native to Asia                   F1=0.000 EM=0
  ipool            No, not both native.                     F1=0.000 EM=0
  idnmr            No, not native to Asia                   F1=0.000 EM=0
  idnmr_2round     No, not native to Asia                   F1=0.000 EM=0
[145/200] dev_744 (60.4s)
  baseline         10,000                                   F1=0.000 EM=0
  pool             10,000                                   F1=0.000 EM=0
  ipool            10,000                                   F1=0.000 EM=0
  idnmr            10,000                                   F1=0.000 EM=0
  idnmr_2round     10,000                                   F1=0.000 EM=0
[150/200] dev_749 (82.3s)
  baseline         Dougherty, Oklahoma.                     F1=0.500 EM=0
  pool             Dougherty, Oklahoma.                     F1=0.500 EM=0
  ipool            Okemah, Oklahoma.                        F1=0.500 EM=0
  idnmr            Dougherty, Oklahoma Kay Starr            F1=0.250 EM=0
  idnmr_2round     Dougherty, Oklahoma Kay Starr            F1=0.250 EM=0
[155/200] dev_754 (68.7s)
  baseline         Popular Science (quarterly)              F1=0.000 EM=0
  pool             Popular Science (quarterly)              F1=0.000 EM=0
  ipool            Popular Science (quarterly)              F1=0.000 EM=0
  idnmr            Popular Science (quarterly)              F1=0.000 EM=0
  idnmr_2round     Popular Science (quarterly)              F1=0.000 EM=0
[160/200] dev_759 (67.2s)
  baseline         No, Iceland and USA.                     F1=0.250 EM=0
  pool             No, Iceland and USA.                     F1=0.250 EM=0
  ipool            No, they were not.                       F1=0.250 EM=0
  idnmr            No, Iceland and USA.                     F1=0.250 EM=0
  idnmr_2round     No, Iceland and USA.                     F1=0.250 EM=0
[165/200] dev_764 (69.6s)
  baseline         Town meeting or town council.            F1=0.400 EM=0
  pool             Town meeting and town council.           F1=0.400 EM=0
  ipool            Town meeting and town council.           F1=0.400 EM=0
  idnmr            Town meeting and elected selectboard     F1=0.400 EM=0
  idnmr_2round     Town meeting and town council.           F1=0.400 EM=0
[170/200] dev_769 (76.9s)
  baseline         The Climb (song)                         F1=0.000 EM=0
  pool             The Climb (song)                         F1=0.000 EM=0
  ipool            The Climb (song)                         F1=0.000 EM=0
  idnmr            The Climb (song)                         F1=0.000 EM=0
  idnmr_2round     The Climb (song)                         F1=0.000 EM=0
[175/200] dev_774 (42.0s)
  baseline         Philip Livingston                        F1=1.000 EM=1
  pool             Philip Livingston                        F1=1.000 EM=1
  ipool            Philip Livingston and William Livingston F1=0.400 EM=0
  idnmr            Philip Livingston                        F1=1.000 EM=1
  idnmr_2round     Philip Livingston                        F1=1.000 EM=1
[180/200] dev_779 (36.2s)
  baseline         Bourbon County                           F1=1.000 EM=1
  pool             Bourbon County                           F1=1.000 EM=1
  ipool            Bourbon County                           F1=1.000 EM=1
  idnmr            Bourbon County                           F1=1.000 EM=1
  idnmr_2round     Bourbon County                           F1=1.000 EM=1
[185/200] dev_784 (77.3s)
  baseline         Counterculture/Documentary.              F1=0.000 EM=0
  pool             Short Answer: New Journalism.            F1=0.500 EM=0
  ipool            New Journalism or Hystory                F1=0.500 EM=0
  idnmr            New Journalism/Hystory.                  F1=0.500 EM=0
  idnmr_2round     New Journalism/Hystory.                  F1=0.500 EM=0
[190/200] dev_789 (60.0s)
  baseline         Chloë Agnew.                             F1=1.000 EM=0
  pool             Chloë Agnew.                             F1=1.000 EM=0
  ipool            Chloë Agnew.                             F1=1.000 EM=0
  idnmr            Chloë Agnew.                             F1=1.000 EM=0
  idnmr_2round     Chloë Agnew.                             F1=1.000 EM=0
[195/200] dev_794 (55.7s)
  baseline         "Here We Come Gathering"                 F1=0.000 EM=0
  pool             "Romeo and Juliet"                       F1=0.000 EM=0
  ipool            "Romeo and Juliet"                       F1=0.000 EM=0
  idnmr            "Romeo and Juliet"                       F1=0.000 EM=0
  idnmr_2round     "Romeo and Juliet"                       F1=0.000 EM=0
[200/200] dev_799 (57.9s)
  baseline         No, they are unrelated.                  F1=0.250 EM=0
  pool             No, they are unrelated.                  F1=0.250 EM=0
  ipool            No, they are unrelated.                  F1=0.250 EM=0
  idnmr            No, they are unrelated.                  F1=0.250 EM=0
  idnmr_2round     No, they are unrelated.                  F1=0.250 EM=0

Method               F1     EM  Contain
--------------------------------------
baseline          0.303  0.060    0.295
pool              0.324  0.065    0.325
ipool             0.323  0.055    0.320
idnmr             0.342  0.070    0.340
idnmr_2round      0.335  0.065    0.335

Total: 14424.3s (72.1s/q)
