/projects/prjs1800/venvs/arag-venv/lib/python3.10/site-packages/transformers/utils/hub.py:110: FutureWarning: Using `TRANSFORMERS_CACHE` is deprecated and will be removed in v5 of Transformers. Use `HF_HOME` instead.
  warnings.warn(
=== iDNMR Pilot ===
Model: llada, Rounds: 3, Steps: 32
`torch_dtype` is deprecated! Use `dtype` instead!
Loading checkpoint shards:   0%|          | 0/6 [00:00<?, ?it/s]Loading checkpoint shards:  50%|█████     | 3/6 [00:00<00:00, 19.96it/s]Loading checkpoint shards: 100%|██████████| 6/6 [00:00<00:00, 23.57it/s]Loading checkpoint shards: 100%|██████████| 6/6 [00:00<00:00, 22.93it/s]
  Model loaded in 39.6s
Loaded 200 questions
Batch initial retrieval...
  Done in 474.4s
[1/200] dev_400 (115.2s)
  baseline         John MacGregor, Baron MacGregor of Pulha F1=0.000 EM=0
  pool             John MacGregor, Baron MacGregor of Pulha F1=0.000 EM=0
  ipool            John MacGregor, Baron MacGregor of Pulha F1=0.000 EM=0
  idnmr            John MacGregor, Baron MacGregor of Pulha F1=0.000 EM=0
  idnmr_2round     John MacGregor, Baron MacGregor of Pulha F1=0.000 EM=0
[10/200] dev_409 (105.2s)
  baseline         The names of the members of the Detroit- F1=0.050 EM=0
  pool             The names of the members of the Detroit- F1=0.045 EM=0
  ipool            The names of the members of the Detroit- F1=0.053 EM=0
  idnmr            The names of the members of the Detroit- F1=0.045 EM=0
  idnmr_2round     The names of the members of the Detroit- F1=0.045 EM=0
[20/200] dev_419 (101.7s)
  baseline         2010 census population of the city 2.1 m F1=0.000 EM=0
  pool             2010 census population of the city 2.1 m F1=0.000 EM=0
  ipool            2010 census population of the city 2.1 m F1=0.000 EM=0
  idnmr            2010 census population of the city 2.1 m F1=0.000 EM=0
  idnmr_2round     2010 census population of the city 2.1 m F1=0.000 EM=0
[30/200] dev_429 (102.1s)
  baseline         Wes Archer                               F1=1.000 EM=1
  pool             Wes Archer                               F1=1.000 EM=1
  ipool            Wes Archer                               F1=1.000 EM=1
  idnmr            Wes Archer                               F1=1.000 EM=1
  idnmr_2round     Wes Archer                               F1=1.000 EM=1
[40/200] dev_439 (123.8s)
  baseline         Sydney                                   F1=0.000 EM=0
  pool             The town that hosts an annual media fina F1=0.000 EM=0
  ipool            Sydney                                   F1=0.000 EM=0
  idnmr            Sydney hosts an annual media finance con F1=0.000 EM=0
  idnmr_2round     Sydney hosts an annual media finance con F1=0.000 EM=0
[50/200] dev_449 (105.9s)
  baseline         Chimaji Appa was the younger brother of  F1=0.067 EM=0
  pool             Baji Rao I served as Peshwa to the fifth F1=0.062 EM=0
  ipool            Chimaji Appa was the younger brother of  F1=0.067 EM=0
  idnmr            Baji Rao I served as Peshwa to the fifth F1=0.062 EM=0
  idnmr_2round     Baji Rao I served as Peshwa to the fifth F1=0.062 EM=0
[60/200] dev_459 (148.4s)
  baseline         William Pery served as Captain of the Ye F1=0.000 EM=0
  pool             Lord Salisbury, 3rd Marquess of Salisbur F1=0.154 EM=0
  ipool            William Pery served as Captain of the Ye F1=0.000 EM=0
  idnmr            Lord Salisbury, the 3rd Marquess of Sali F1=0.000 EM=0
  idnmr_2round     Lord Salisbury, the 3rd Marquess of Sali F1=0.000 EM=0
[70/200] dev_469 (125.6s)
  baseline         Casino Royale                            F1=0.000 EM=0
  pool             "X-Men: Apocalypse" stars actor Xavier S F1=0.000 EM=0
  ipool            The film "X-Men: Apocalypse" stars Xavie F1=0.000 EM=0
  idnmr            X-Men: Apocalypse stars actor Xavier Sam F1=0.000 EM=0
  idnmr_2round     "X-Men: Apocalypse" stars Xavier Samuel  F1=0.000 EM=0
[80/200] dev_479 (113.7s)
  baseline         Kathleen O'Brien                         F1=1.000 EM=1
  pool             Kathleen O'Brien programmed the Atari As F1=0.125 EM=0
  ipool            Kathleen O'Brien programmed the Atari As F1=0.118 EM=0
  idnmr            Kathleen O'Brien programmed the Atari As F1=0.125 EM=0
  idnmr_2round     Kathleen O'Brien programmed the Atari As F1=0.125 EM=0
[90/200] dev_489 (108.8s)
  baseline         34                                       F1=0.000 EM=0
  pool             34 of the 100 Senate seats will be conte F1=0.000 EM=0
  ipool            34                                       F1=0.000 EM=0
  idnmr            34 of the 100 Senate seats will be conte F1=0.000 EM=0
  idnmr_2round     34 of the 100 Senate seats will be conte F1=0.000 EM=0
[100/200] dev_499 (122.4s)
  baseline         "500 Years Later" is a documentary film, F1=0.059 EM=0
  pool             Both "500 Years Later" and "Charles Mans F1=0.059 EM=0
  ipool            "500 Years Later" is a documentary film, F1=0.059 EM=0
  idnmr            "500 Years Later" is an independent docu F1=0.062 EM=0
  idnmr_2round     "500 Years Later" is an independent docu F1=0.062 EM=0
[110/200] dev_509 (133.1s)
  baseline         Eminem                                   F1=1.000 EM=1
  pool             Eminem collaborated with Rihanna on the  F1=0.077 EM=0
  ipool            Kanye West, Eminem, Ryon Lovett, Terry L F1=0.071 EM=0
  idnmr            Eminem                                   F1=1.000 EM=1
  idnmr_2round     Eminem                                   F1=1.000 EM=1
[120/200] dev_519 (140.8s)
  baseline         Lord Chancellor                          F1=1.000 EM=0
  pool             Lord Chancellor                          F1=1.000 EM=0
  ipool            James Spedding was chiefly known as the  F1=0.043 EM=0
  idnmr            James Spedding was chiefly known as the  F1=0.130 EM=0
  idnmr_2round     James Spedding was chiefly known as the  F1=0.125 EM=0
[130/200] dev_529 (138.8s)
  baseline         Iselin Solheim provided vocals in the so F1=0.059 EM=0
  pool             Iselin Solheim provided vocals in the so F1=0.059 EM=0
  ipool            Iselin Solheim provided vocals in the so F1=0.118 EM=0
  idnmr            Iselin Solheim provided vocals in the so F1=0.118 EM=0
  idnmr_2round     Iselin Solheim provided vocals in the so F1=0.118 EM=0
[140/200] dev_539 (135.8s)
  baseline         The sports complex at which Will Brodie  F1=0.000 EM=0
  pool             Casey Fields, where Will Brodie made his F1=0.000 EM=0
  ipool            Casey Fields, a 70 hectare multi-sports  F1=0.000 EM=0
  idnmr            The sports complex at which Will Brodie  F1=0.000 EM=0
  idnmr_2round     The sports complex at which Will Brodie  F1=0.000 EM=0
[150/200] dev_549 (105.1s)
  baseline         Hernando                                 F1=0.000 EM=0
  pool             Hernando                                 F1=0.000 EM=0
  ipool            Hernando                                 F1=0.000 EM=0
  idnmr            Hernando                                 F1=0.000 EM=0
  idnmr_2round     Hernando                                 F1=0.000 EM=0
[160/200] dev_559 (174.9s)
  baseline         Gay Hendricks                            F1=0.000 EM=0
  pool             The psychologist who wrote about the dis F1=0.000 EM=0
  ipool            The psychologist who wrote about the dis F1=0.000 EM=0
  idnmr            The psychologist who wrote about the dis F1=0.000 EM=0
  idnmr_2round     There is no information provided in the  F1=0.000 EM=0
[170/200] dev_569 (110.8s)
  baseline         Evangelical Christian                    F1=1.000 EM=1
  pool             Evangelical Christian                    F1=1.000 EM=1
  ipool            Evangelical Christian                    F1=1.000 EM=1
  idnmr            Evangelical Christian                    F1=1.000 EM=1
  idnmr_2round     Evangelical Christian                    F1=1.000 EM=1
[2026-04-01T03:13:48.044] error: *** JOB 21417627 ON gcn41 CANCELLED AT 2026-04-01T03:13:48 DUE TO TIME LIMIT ***
