/projects/prjs1800/venvs/arag-venv/lib/python3.10/site-packages/transformers/utils/hub.py:110: FutureWarning: Using `TRANSFORMERS_CACHE` is deprecated and will be removed in v5 of Transformers. Use `HF_HOME` instead.
  warnings.warn(
=== iDNMR Pilot ===
Model: llada, Rounds: 3, Steps: 16
`torch_dtype` is deprecated! Use `dtype` instead!
Loading checkpoint shards:   0%|          | 0/6 [00:00<?, ?it/s]Loading checkpoint shards: 100%|██████████| 6/6 [00:00<00:00, 148.60it/s]
  Model loaded in 11.6s
Loaded 200 questions
Batch initial retrieval...
  Done in 446.1s
[1/200] dev_0 (82.2s)
  baseline         No, they were different.                 F1=0.000 EM=0
  pool             No, they were different.                 F1=0.000 EM=0
  ipool            No, they were different.                 F1=0.000 EM=0
  idnmr            No, they were different.                 F1=0.000 EM=0
  idnmr_2round     No, they were different.                 F1=0.000 EM=0
[5/200] dev_4 (74.2s)
  baseline         Adriana Trigiani                         F1=0.000 EM=0
  pool             Adriana Trigiani                         F1=0.000 EM=0
  ipool            Adriana Trigiani                         F1=0.000 EM=0
  idnmr            Adriana Trigiani                         F1=0.000 EM=0
  idnmr_2round     Adriana Trigiani                         F1=0.000 EM=0
[10/200] dev_9 (60.5s)
  baseline         Yes, both are American.                  F1=0.250 EM=0
  pool             Yes, both are American.                  F1=0.250 EM=0
  ipool            Yes, both are American.                  F1=0.250 EM=0
  idnmr            Yes, both are American.                  F1=0.250 EM=0
  idnmr_2round     Yes, both are American.                  F1=0.250 EM=0
[15/200] dev_14 (100.1s)
  baseline         Until 1996                               F1=0.000 EM=0
  pool             1990s                                    F1=0.000 EM=0
  ipool            26 and a half years                      F1=0.000 EM=0
  idnmr            26 and a half years                      F1=0.000 EM=0
  idnmr_2round     26 and a half years                      F1=0.000 EM=0
[20/200] dev_19 (77.4s)
  baseline         Erskine Childers                         F1=1.000 EM=0
  pool             Erskine Childers                         F1=1.000 EM=0
  ipool            Erskine Childers                         F1=1.000 EM=0
  idnmr            Erskine Childers                         F1=1.000 EM=0
  idnmr_2round     Erskine Childers                         F1=1.000 EM=0
[25/200] dev_24 (70.3s)
  baseline         World's Best Goalkeeper.                 F1=1.000 EM=0
  pool             World's Best Goalkeeper.                 F1=1.000 EM=0
  ipool            World's Best Goalkeeper.                 F1=1.000 EM=0
  idnmr            World's Best Goalkeeper.                 F1=1.000 EM=0
  idnmr_2round     World's Best Goalkeeper.                 F1=1.000 EM=0
[30/200] dev_29 (68.2s)
  baseline         Tunnels & Trolls                         F1=0.000 EM=0
  pool             Tunnels and Trolls                       F1=0.000 EM=0
  ipool            Tunnels and Trolls                       F1=0.000 EM=0
  idnmr            Tunnels and Trolls                       F1=0.000 EM=0
  idnmr_2round     Tunnels and Trolls                       F1=0.000 EM=0
[35/200] dev_34 (55.4s)
  baseline         Screaming Trees had more                 F1=0.000 EM=0
  pool             Screaming Trees had more                 F1=0.000 EM=0
  ipool            Screaming Trees had more                 F1=0.000 EM=0
  idnmr            Screaming Trees had more                 F1=0.000 EM=0
  idnmr_2round     Screaming Trees had more                 F1=0.000 EM=0
[40/200] dev_39 (63.9s)
  baseline         New York City, New York                  F1=0.600 EM=0
  pool             New York City, Columbia University       F1=0.600 EM=0
  ipool            New York City, Columbia University       F1=0.600 EM=0
  idnmr            New York City, Columbia University       F1=0.600 EM=0
  idnmr_2round     New York City, Columbia University       F1=0.600 EM=0
[45/200] dev_44 (71.4s)
  baseline         Spiro T. Agnew                           F1=0.000 EM=0
  pool             Nelson A. Rockefeller.                   F1=1.000 EM=0
  ipool            Spiro T. Agnew                           F1=0.000 EM=0
  idnmr            Nelson A. Rockefeller.                   F1=1.000 EM=0
  idnmr_2round     Nelson A. Rockefeller.                   F1=1.000 EM=0
[50/200] dev_49 (85.4s)
  baseline         de Havilland Mosquito                    F1=0.000 EM=0
  pool             Kyushu J7W                               F1=0.000 EM=0
  ipool            De Havilland Mosquito                    F1=0.000 EM=0
  idnmr            Kyushu Q1W                               F1=0.000 EM=0
  idnmr_2round     Kyushu J7W                               F1=0.000 EM=0
[55/200] dev_54 (71.8s)
  baseline         Max Martin, Savan K                      F1=0.750 EM=0
  pool             Max Martin, Savan K                      F1=0.750 EM=0
  ipool            Max Martin, Savan K                      F1=0.750 EM=0
  idnmr            Max Martin, Savan K                      F1=0.750 EM=0
  idnmr_2round     Max Martin, Savan K                      F1=0.750 EM=0
[60/200] dev_59 (63.7s)
  baseline         No, only Ajuga.                          F1=0.333 EM=0
  pool             Yes, both are genera.                    F1=0.000 EM=0
  ipool            Yes, both are genera.                    F1=0.000 EM=0
  idnmr            Yes, both are genera.                    F1=0.000 EM=0
  idnmr_2round     Yes, both are genera.                    F1=0.000 EM=0
[65/200] dev_64 (82.6s)
  baseline         Halliburton, 5                           F1=0.000 EM=0
  pool             More than 70 countries                   F1=1.000 EM=1
  ipool            More than 70 countries                   F1=1.000 EM=1
  idnmr            More than 70 countries                   F1=1.000 EM=1
  idnmr_2round     More than 70 countries                   F1=1.000 EM=1
[70/200] dev_69 (57.1s)
  baseline         FA Cup, EFL Cup                          F1=0.250 EM=0
  pool             FA Cup, EFL Cup                          F1=0.250 EM=0
  ipool            FA Cup, EFL Cup                          F1=0.250 EM=0
  idnmr            FA Cup, EFL Cup                          F1=0.250 EM=0
  idnmr_2round     FA Cup, EFL Cup                          F1=0.250 EM=0
[75/200] dev_74 (71.1s)
  baseline         Bill Clinton (Arkansas)                  F1=0.333 EM=0
  pool             Bill Clinton (Arkansas)                  F1=0.333 EM=0
  ipool            Bill Clinton (Arkansas)                  F1=0.333 EM=0
  idnmr            Bill Clinton (Arkansas)                  F1=0.333 EM=0
  idnmr_2round     Bill Clinton (Arkansas)                  F1=0.333 EM=0
[80/200] dev_79 (80.7s)
  baseline         May 1895                                 F1=0.000 EM=0
  pool             June 1895                                F1=0.000 EM=0
  ipool            May 1895                                 F1=0.000 EM=0
  idnmr            June 1895                                F1=0.000 EM=0
  idnmr_2round     June 1895                                F1=0.000 EM=0
[85/200] dev_84 (73.9s)
  baseline         Monica Lewinsky                          F1=1.000 EM=1
  pool             Monica Lewinsky                          F1=1.000 EM=1
  ipool            Monica Lewinsky                          F1=1.000 EM=1
  idnmr            Monica Lewinsky                          F1=1.000 EM=1
  idnmr_2round     Monica Lewinsky                          F1=1.000 EM=1
[90/200] dev_89 (90.2s)
  baseline         Cinematographer and director             F1=0.333 EM=0
  pool             Cinematographer and director             F1=0.333 EM=0
  ipool            Cinematographer and director             F1=0.333 EM=0
  idnmr            Cinematographer and director             F1=0.333 EM=0
  idnmr_2round     Cinematographer and director             F1=0.333 EM=0
[95/200] dev_94 (58.0s)
  baseline         March and April of every year            F1=0.500 EM=0
  pool             March and April of every year            F1=0.500 EM=0
  ipool            March and April of every year            F1=0.500 EM=0
  idnmr            March and April of every year            F1=0.500 EM=0
  idnmr_2round     March and April of every year            F1=0.500 EM=0
[100/200] dev_99 (68.8s)
  baseline         No, they are different.                  F1=0.250 EM=0
  pool             No, they are different.                  F1=0.250 EM=0
  ipool            No, they are different.                  F1=0.250 EM=0
  idnmr            No, they are different.                  F1=0.250 EM=0
  idnmr_2round     No, they are different.                  F1=0.250 EM=0
[105/200] dev_104 (56.6s)
  baseline         Leo Varadkar                             F1=1.000 EM=1
  pool             Leo Varadkar                             F1=1.000 EM=1
  ipool            Leo Varadkar                             F1=1.000 EM=1
  idnmr            Leo Varadkar                             F1=1.000 EM=1
  idnmr_2round     Leo Varadkar                             F1=1.000 EM=1
[110/200] dev_109 (100.5s)
  baseline         F-16 Fighting Falcon                     F1=0.000 EM=0
  pool             Muroc Army Air Base                      F1=0.000 EM=0
  ipool            B-17 Flying Fortress                     F1=1.000 EM=0
  idnmr            A-20 Havoc                               F1=0.000 EM=0
  idnmr_2round     Bell XP-59A                              F1=0.000 EM=0
[115/200] dev_114 (83.8s)
  baseline         Short Answer: Aragonite                  F1=0.000 EM=0
  pool             Calcium hypochlorite                     F1=0.000 EM=0
  ipool            Calcium hypochlorite                     F1=0.000 EM=0
  idnmr            Calcium hypochlorite                     F1=0.000 EM=0
  idnmr_2round     Calcium hypochlorite                     F1=0.000 EM=0
[120/200] dev_119 (55.5s)
  baseline         Yes, both are musicians.                 F1=0.250 EM=0
  pool             Yes, both are musicians.                 F1=0.250 EM=0
  ipool            Yes, both are musicians.                 F1=0.250 EM=0
  idnmr            Yes, both are musicians.                 F1=0.250 EM=0
  idnmr_2round     Yes, both are musicians.                 F1=0.250 EM=0
[125/200] dev_124 (85.8s)
  baseline         The Children Act (film)                  F1=0.000 EM=0
  pool             "Mary Queen of Scots"                    F1=0.000 EM=0
  ipool            "The Bye Bye Man"                        F1=1.000 EM=0
  idnmr            "Voice from the Stone"                   F1=0.000 EM=0
  idnmr_2round     "Echoes of Silence"                      F1=0.000 EM=0
[130/200] dev_129 (71.9s)
  baseline         Papa John's Cardinal Stadium             F1=0.000 EM=0
  pool             The KFC Yum! Center                      F1=0.000 EM=0
  ipool            The KFC Yum! Center                      F1=0.000 EM=0
  idnmr            The KFC Yum! Center                      F1=0.000 EM=0
  idnmr_2round     The KFC Yum! Center                      F1=0.000 EM=0
[135/200] dev_134 (69.3s)
  baseline         The Fast and the Furious                 F1=0.000 EM=0
  pool             The Fast and the Furious                 F1=0.000 EM=0
  ipool            The Fast and the Furious                 F1=0.000 EM=0
  idnmr            The Fast and the Furious                 F1=0.000 EM=0
  idnmr_2round     The Fast and the Furious                 F1=0.000 EM=0
[140/200] dev_139 (72.7s)
  baseline         - 2005                                   F1=0.000 EM=0
  pool             June 2005                                F1=0.000 EM=0
  ipool            - 2005                                   F1=0.000 EM=0
  idnmr            June 2005                                F1=0.000 EM=0
  idnmr_2round     June 2005                                F1=0.000 EM=0
[145/200] dev_144 (58.9s)
  baseline         Mechte Navstrechu                        F1=0.000 EM=0
  pool             Mechte Navstrechu                        F1=0.000 EM=0
  ipool            Mechte Navstrechu                        F1=0.000 EM=0
  idnmr            Mechte Navstrechu                        F1=0.000 EM=0
  idnmr_2round     Mechte Navstrechu                        F1=0.000 EM=0
[150/200] dev_149 (70.1s)
  baseline         "Chattahoochee"                          F1=0.000 EM=0
  pool             "Chattahoochee"                          F1=0.000 EM=0
  ipool            "Chattahoochee"                          F1=0.000 EM=0
  idnmr            "Chattahoochee"                          F1=0.000 EM=0
  idnmr_2round     "Chattahoochee"                          F1=0.000 EM=0
[155/200] dev_154 (58.5s)
  baseline         Yes, both are orchids                    F1=0.250 EM=0
  pool             Yes, both are orchids                    F1=0.250 EM=0
  ipool            Yes, both are orchids                    F1=0.250 EM=0
  idnmr            Yes, both are orchids                    F1=0.250 EM=0
  idnmr_2round     Yes, both are orchids                    F1=0.250 EM=0
[160/200] dev_159 (64.3s)
  baseline         2001                                     F1=0.000 EM=0
  pool             2001                                     F1=0.000 EM=0
  ipool            September 2005                           F1=0.000 EM=0
  idnmr            2001                                     F1=0.000 EM=0
  idnmr_2round     2001                                     F1=0.000 EM=0
[165/200] dev_164 (92.4s)
  baseline         Anna Orszaczky                           F1=0.000 EM=0
  pool             Janet Orszaczky                          F1=0.000 EM=0
  ipool            Henrietta Treffz                         F1=0.000 EM=0
  idnmr            Henrietta Treffz                         F1=0.000 EM=0
  idnmr_2round     Janet Orszaczky                          F1=0.000 EM=0
[170/200] dev_169 (74.3s)
  baseline         Catuvellauni, Roman                      F1=0.500 EM=0
  pool             Cassivellaunus                           F1=0.000 EM=0
  ipool            Cassivellaunus                           F1=0.000 EM=0
  idnmr            Cassivellaunus                           F1=0.000 EM=0
  idnmr_2round     Cassivellaunus                           F1=0.000 EM=0
[175/200] dev_174 (57.0s)
  baseline         City of Lake Macquarie                   F1=0.500 EM=0
  pool             City of Lake Macquarie                   F1=0.500 EM=0
  ipool            City of Lake Macquarie                   F1=0.500 EM=0
  idnmr            City of Lake Macquarie                   F1=0.500 EM=0
  idnmr_2round     City of Lake Macquarie                   F1=0.500 EM=0
[180/200] dev_179 (55.2s)
  baseline         Scotland                                 F1=1.000 EM=1
  pool             Scotland                                 F1=1.000 EM=1
  ipool            Scotland                                 F1=1.000 EM=1
  idnmr            Scotland                                 F1=1.000 EM=1
  idnmr_2round     Scotland                                 F1=1.000 EM=1
[185/200] dev_184 (77.6s)
  baseline         - 1990                                   F1=0.000 EM=0
  pool             CBS 1990                                 F1=0.000 EM=0
  ipool            CBS 1990                                 F1=0.000 EM=0
  idnmr            September 1997                           F1=0.000 EM=0
  idnmr_2round     September 1997                           F1=0.000 EM=0
[190/200] dev_189 (68.4s)
  baseline         July 1992                                F1=0.000 EM=0
  pool             December 1944                            F1=0.000 EM=0
  ipool            December 1944                            F1=0.000 EM=0
  idnmr            December 1944                            F1=0.000 EM=0
  idnmr_2round     December 1944                            F1=0.000 EM=0
[195/200] dev_194 (56.7s)
  baseline         Severe Acute Respiratory Syndrome.       F1=1.000 EM=0
  pool             SARS Severe Acute Respiratory Syndrome   F1=0.800 EM=0
  ipool            SARS Severe Acute Respiratory Syndrome   F1=0.800 EM=0
  idnmr            SARS Severe Acute Respiratory Syndrome   F1=0.800 EM=0
  idnmr_2round     SARS Severe Acute Respiratory Syndrome   F1=0.800 EM=0
[200/200] dev_199 (74.9s)
  baseline         Answer: Cyclone Gonu                     F1=0.333 EM=0
  pool             Super Cyclonic Storm Gonu                F1=0.000 EM=0
  ipool            Super Cyclonic Storm Gonu                F1=0.000 EM=0
  idnmr            Super Cyclonic Storm Gonu                F1=0.000 EM=0
  idnmr_2round     Super Cyclonic Storm Gonu                F1=0.000 EM=0

Method               F1     EM  Contain
--------------------------------------
baseline          0.295  0.070    0.330
pool              0.334  0.080    0.370
ipool             0.335  0.080    0.375
idnmr             0.338  0.080    0.380
idnmr_2round      0.338  0.080    0.375

Total: 14454.1s (72.3s/q)
