/projects/prjs1800/venvs/arag-venv/lib/python3.10/site-packages/transformers/utils/hub.py:110: FutureWarning: Using `TRANSFORMERS_CACHE` is deprecated and will be removed in v5 of Transformers. Use `HF_HOME` instead.
  warnings.warn(
=== iDNMR Pilot ===
Model: dream, Rounds: 3, Steps: 32
Loading checkpoint shards:   0%|          | 0/4 [00:00<?, ?it/s]Loading checkpoint shards:  25%|██▌       | 1/4 [00:06<00:18,  6.08s/it]Loading checkpoint shards:  50%|█████     | 2/4 [00:12<00:12,  6.12s/it]Loading checkpoint shards:  75%|███████▌  | 3/4 [00:17<00:05,  5.79s/it]Loading checkpoint shards: 100%|██████████| 4/4 [00:18<00:00,  4.04s/it]Loading checkpoint shards: 100%|██████████| 4/4 [00:18<00:00,  4.74s/it]
The following generation flags are not valid and may be ignored: ['temperature']. Set `TRANSFORMERS_VERBOSITY=info` for more details.
  Model loaded in 20.3s
Loaded 200 questions
Batch initial retrieval...
  Done in 455.7s
[1/200] dev_400 (82.3s)
  baseline         King's College London                    F1=0.000 EM=0
  pool             King's College London                    F1=0.000 EM=0
  ipool            King's College London                    F1=0.000 EM=0
  idnmr            King's College London                    F1=0.000 EM=0
  idnmr_2round     King's College London                    F1=0.000 EM=0
[5/200] dev_404 (99.4s)
  baseline         The Jeep Cherokee was originally sold as F1=0.000 EM=0
  pool             The Jeep Cherokee was originally sold as F1=0.000 EM=0
  ipool            1963 to 1967                             F1=0.667 EM=0
  idnmr            Jeep Cherokee was originally sold as a v F1=0.062 EM=0
  idnmr_2round     Jeep Cherokee was originally sold as a v F1=0.062 EM=0
[10/200] dev_409 (83.0s)
  baseline         Black Milk and Danny Brown               F1=0.200 EM=0
  pool             Bertrand Cantat and Pascal Humbert       F1=0.200 EM=0
  ipool            Black Milk and Danny Brown               F1=0.200 EM=0
  idnmr            Black Milk and Danny Brown               F1=0.200 EM=0
  idnmr_2round     Black Milk and Danny Brown               F1=0.200 EM=0
[15/200] dev_414 (80.1s)
  baseline         Gilles Bourdos                           F1=0.000 EM=0
  pool             Gilles Bourdos                           F1=0.000 EM=0
  ipool            Gilles Bourdos                           F1=0.000 EM=0
  idnmr            Gilles Bourdos                           F1=0.000 EM=0
  idnmr_2round     Gilles Bourdos                           F1=0.000 EM=0
[20/200] dev_419 (72.2s)
  baseline         56,579                                   F1=0.000 EM=0
  pool             56,579                                   F1=0.000 EM=0
  ipool            56,579                                   F1=0.000 EM=0
  idnmr            56,579                                   F1=0.000 EM=0
  idnmr_2round     56,579                                   F1=0.000 EM=0
[25/200] dev_424 (75.6s)
  baseline         Jesse Hogan                              F1=0.000 EM=0
  pool             Jesse Hogan                              F1=0.000 EM=0
  ipool            Jesse Hogan                              F1=0.000 EM=0
  idnmr            Jesse Hogan                              F1=0.000 EM=0
  idnmr_2round     Jesse Hogan                              F1=0.000 EM=0
[30/200] dev_429 (68.5s)
  baseline         Wes Archer                               F1=1.000 EM=1
  pool             Wes Archer                               F1=1.000 EM=1
  ipool            Wes Archer                               F1=1.000 EM=1
  idnmr            Wes Archer                               F1=1.000 EM=1
  idnmr_2round     Wes Archer                               F1=1.000 EM=1
[35/200] dev_434 (57.8s)
  baseline         Walt Disney Productions                  F1=1.000 EM=1
  pool             Walt Disney Productions                  F1=1.000 EM=1
  ipool            Walt Disney Productions                  F1=1.000 EM=1
  idnmr            Walt Disney Productions                  F1=1.000 EM=1
  idnmr_2round     Walt Disney Productions                  F1=1.000 EM=1
[40/200] dev_439 (72.4s)
  baseline         Sydney                                   F1=0.000 EM=0
  pool             Sydney                                   F1=0.000 EM=0
  ipool            Sydney                                   F1=0.000 EM=0
  idnmr            Sydney                                   F1=0.000 EM=0
  idnmr_2round     Sydney                                   F1=0.000 EM=0
[45/200] dev_444 (39.0s)
  baseline         Bedknobs and Broomsticks                 F1=1.000 EM=1
  pool             Bedknobs and Broomsticks                 F1=1.000 EM=1
  ipool            Bedknobs and Broomsticks                 F1=1.000 EM=1
  idnmr            Bedknobs and Broomsticks                 F1=1.000 EM=1
  idnmr_2round     Bedknobs and Broomsticks                 F1=1.000 EM=1
[50/200] dev_449 (40.6s)
  baseline         Peshwa                                   F1=1.000 EM=0
  pool             Peshwa                                   F1=1.000 EM=0
  ipool            Peshwa                                   F1=1.000 EM=0
  idnmr            Peshwa                                   F1=1.000 EM=0
  idnmr_2round     Peshwa                                   F1=1.000 EM=0
[55/200] dev_454 (82.0s)
  baseline         No, essays.                              F1=0.500 EM=0
  pool             No, essays.                              F1=0.500 EM=0
  ipool            No                                       F1=1.000 EM=1
  idnmr            no                                       F1=1.000 EM=1
  idnmr_2round     no                                       F1=1.000 EM=1
[60/200] dev_459 (91.0s)
  baseline         Lord Salisbury                           F1=0.000 EM=0
  pool             Lord-in-waiting                          F1=0.000 EM=0
  ipool            Lord Salisbury                           F1=0.000 EM=0
  idnmr            Lord-in-waiting                          F1=0.000 EM=0
  idnmr_2round     Lord-in-waiting                          F1=0.000 EM=0
[65/200] dev_464 (38.7s)
  baseline         Apatosaurus                              F1=1.000 EM=1
  pool             Apatosaurus                              F1=1.000 EM=1
  ipool            Apatosaurus                              F1=1.000 EM=1
  idnmr            Apatosaurus                              F1=1.000 EM=1
  idnmr_2round     Apatosaurus                              F1=1.000 EM=1
[70/200] dev_469 (105.1s)
  baseline         The Witch                                F1=0.000 EM=0
  pool             Submergence                              F1=0.000 EM=0
  ipool            The Forest (2016 film)                   F1=0.000 EM=0
  idnmr            Submergence                              F1=0.000 EM=0
  idnmr_2round     Submergence                              F1=0.000 EM=0
[75/200] dev_474 (112.8s)
  baseline         New Jersey                               F1=0.000 EM=0
  pool             Hanna, Alberta                           F1=0.500 EM=0
  ipool            Hanna, Alberta                           F1=0.500 EM=0
  idnmr            Edmonton, Alberta                        F1=1.000 EM=1
  idnmr_2round     Hanna, Alberta                           F1=0.500 EM=0
[80/200] dev_479 (67.5s)
  baseline         Kathleen O'Brien                         F1=1.000 EM=1
  pool             Kathleen O'Brien                         F1=1.000 EM=1
  ipool            Kathleen O'Brien                         F1=1.000 EM=1
  idnmr            Kathleen O'Brien                         F1=1.000 EM=1
  idnmr_2round     Kathleen O'Brien                         F1=1.000 EM=1
[85/200] dev_484 (46.5s)
  baseline         prison                                   F1=0.000 EM=0
  pool             prison                                   F1=0.000 EM=0
  ipool            prison                                   F1=0.000 EM=0
  idnmr            prison                                   F1=0.000 EM=0
  idnmr_2round     prison                                   F1=0.000 EM=0
[90/200] dev_489 (70.3s)
  baseline         33                                       F1=1.000 EM=1
  pool             34                                       F1=0.000 EM=0
  ipool            33                                       F1=1.000 EM=1
  idnmr            34                                       F1=0.000 EM=0
  idnmr_2round     34                                       F1=0.000 EM=0
[95/200] dev_494 (80.2s)
  baseline         2002                                     F1=1.000 EM=1
  pool             2002                                     F1=1.000 EM=1
  ipool            2002                                     F1=1.000 EM=1
  idnmr            2002                                     F1=1.000 EM=1
  idnmr_2round     2002                                     F1=1.000 EM=1
[100/200] dev_499 (67.2s)
  baseline         Documentary                              F1=1.000 EM=1
  pool             documentary                              F1=1.000 EM=1
  ipool            documentary                              F1=1.000 EM=1
  idnmr            documentary                              F1=1.000 EM=1
  idnmr_2round     documentary                              F1=1.000 EM=1
[105/200] dev_504 (119.3s)
  baseline         1986 to 2006                             F1=0.333 EM=0
  pool             1964 to 1974                             F1=1.000 EM=1
  ipool            1964 to 1974                             F1=1.000 EM=1
  idnmr            1964 to 1974                             F1=1.000 EM=1
  idnmr_2round     The Plymouth Barracuda, the car featured F1=0.214 EM=0
[110/200] dev_509 (68.4s)
  baseline         Eminem                                   F1=1.000 EM=1
  pool             Eminem                                   F1=1.000 EM=1
  ipool            Eminem                                   F1=1.000 EM=1
  idnmr            Eminem                                   F1=1.000 EM=1
  idnmr_2round     Eminem                                   F1=1.000 EM=1
[115/200] dev_514 (104.3s)
  baseline         The Last Command                         F1=0.000 EM=0
  pool             1                                        F1=0.000 EM=0
  ipool            1                                        F1=0.000 EM=0
  idnmr            1                                        F1=0.000 EM=0
  idnmr_2round     1                                        F1=0.000 EM=0
[120/200] dev_519 (97.9s)
  baseline         Francis Bacon                            F1=0.000 EM=0
  pool             Lord Chancellor of England               F1=1.000 EM=1
  ipool            James Spedding was chiefly known as the  F1=0.045 EM=0
  idnmr            Lord Chancellor of England               F1=1.000 EM=1
  idnmr_2round     Lord Chancellor of England               F1=1.000 EM=1
[125/200] dev_524 (38.9s)
  baseline         Nobel Prize in Literature                F1=1.000 EM=1
  pool             Nobel Prize in Literature                F1=1.000 EM=1
  ipool            Nobel Prize in Literature                F1=1.000 EM=1
  idnmr            Nobel Prize in Literature                F1=1.000 EM=1
  idnmr_2round     Nobel Prize in Literature                F1=1.000 EM=1
[130/200] dev_529 (99.0s)
  baseline         "Faded"                                  F1=0.000 EM=0
  pool             3 December 2015                          F1=0.667 EM=0
  ipool            3 December 2015                          F1=0.667 EM=0
  idnmr            3 December 2015                          F1=0.667 EM=0
  idnmr_2round     3 December 2015                          F1=0.667 EM=0
[135/200] dev_534 (40.8s)
  baseline         2015                                     F1=0.000 EM=0
  pool             2015                                     F1=0.000 EM=0
  ipool            2015                                     F1=0.000 EM=0
  idnmr            2015                                     F1=0.000 EM=0
  idnmr_2round     2015                                     F1=0.000 EM=0
[140/200] dev_539 (89.4s)
  baseline         Whitten Oval                             F1=0.000 EM=0
  pool             Casey Fields                             F1=0.000 EM=0
  ipool            Whitten Oval                             F1=0.000 EM=0
  idnmr            Cranbourne, Victoria                     F1=0.000 EM=0
  idnmr_2round     Casey Fields                             F1=0.000 EM=0
[145/200] dev_544 (79.5s)
  baseline         Silverleaf whitefly                      F1=0.000 EM=0
  pool             Sweetpotato bug                          F1=0.000 EM=0
  ipool            Silverleaf whitefly                      F1=0.000 EM=0
  idnmr            Sweetpotato bug                          F1=0.000 EM=0
  idnmr_2round     Sweetpotato bug                          F1=0.000 EM=0
[150/200] dev_549 (82.3s)
  baseline         Hernando                                 F1=0.000 EM=0
  pool             Hernando                                 F1=0.000 EM=0
  ipool            Hernando                                 F1=0.000 EM=0
  idnmr            Hernando                                 F1=0.000 EM=0
  idnmr_2round     Hernando                                 F1=0.000 EM=0
[155/200] dev_554 (41.5s)
  baseline         Women's magazines                        F1=0.000 EM=0
  pool             Women's magazines                        F1=0.000 EM=0
  ipool            Women's magazines                        F1=0.000 EM=0
  idnmr            Women's magazines                        F1=0.000 EM=0
  idnmr_2round     Women's magazines                        F1=0.000 EM=0
[160/200] dev_559 (103.2s)
  baseline         Riley Gardner                            F1=0.000 EM=0
  pool             Eileen Simpson                           F1=0.000 EM=0
  ipool            Riley Gardner                            F1=0.000 EM=0
  idnmr            Eileen Simpson                           F1=0.000 EM=0
  idnmr_2round     Eileen Simpson                           F1=0.000 EM=0
[165/200] dev_564 (91.0s)
  baseline         Medea                                    F1=0.000 EM=0
  pool             John Fisher                              F1=0.000 EM=0
  ipool            Tracy Letts                              F1=0.000 EM=0
  idnmr            Joe Orton                                F1=0.000 EM=0
  idnmr_2round     John Fisher                              F1=0.000 EM=0
[170/200] dev_569 (49.1s)
  baseline         Evangelical Christian                    F1=1.000 EM=1
  pool             Evangelical Christian                    F1=1.000 EM=1
  ipool            Evangelical Christian                    F1=1.000 EM=1
  idnmr            Evangelical Christian                    F1=1.000 EM=1
  idnmr_2round     Evangelical Christian                    F1=1.000 EM=1
[175/200] dev_574 (78.5s)
  baseline         Giotto                                   F1=1.000 EM=1
  pool             Giotto                                   F1=1.000 EM=1
  ipool            Giotto                                   F1=1.000 EM=1
  idnmr            Giotto                                   F1=1.000 EM=1
  idnmr_2round     Giotto                                   F1=1.000 EM=1
[180/200] dev_579 (88.5s)
  baseline         Evan Almighty                            F1=0.000 EM=0
  pool             "Coyote Ugly"                            F1=1.000 EM=0
  ipool            Evan Almighty                            F1=0.000 EM=0
  idnmr            "Coyote Ugly"                            F1=1.000 EM=0
  idnmr_2round     "Coyote Ugly"                            F1=1.000 EM=0
[185/200] dev_584 (80.9s)
  baseline         Guthred                                  F1=1.000 EM=0
  pool             Guthred                                  F1=1.000 EM=0
  ipool            Guthred                                  F1=1.000 EM=0
  idnmr            Guthred                                  F1=1.000 EM=0
  idnmr_2round     Guthred                                  F1=1.000 EM=0
[190/200] dev_589 (82.9s)
  baseline         Violin Sonata No. 4 (Beethoven)          F1=0.200 EM=0
  pool             Violin Sonata No. 4 (Beethoven)          F1=0.200 EM=0
  ipool            Violin Sonata No. 4 (Beethoven)          F1=0.200 EM=0
  idnmr            Violin Sonata No. 4 (Beethoven)          F1=0.200 EM=0
  idnmr_2round     Violin Sonata No. 4 (Beethoven)          F1=0.200 EM=0
[195/200] dev_594 (88.8s)
  baseline         Rolls-Royce Olympus                      F1=0.500 EM=0
  pool             Rolls-Royce Olympus                      F1=0.500 EM=0
  ipool            Rolls-Royce Olympus                      F1=0.500 EM=0
  idnmr            Rolls-Royce Olympus                      F1=0.500 EM=0
  idnmr_2round     Rolls-Royce Olympus                      F1=0.500 EM=0
[200/200] dev_599 (101.9s)
  baseline         June 11, 1973                            F1=0.000 EM=0
  pool             July 26, 1959                            F1=1.000 EM=1
  ipool            July 26, 1959                            F1=1.000 EM=1
  idnmr            July 26, 1959                            F1=1.000 EM=1
  idnmr_2round     July 26, 1959                            F1=1.000 EM=1

Method               F1     EM  Contain
--------------------------------------
baseline          0.475  0.330    0.390
pool              0.505  0.350    0.420
ipool             0.483  0.335    0.405
idnmr             0.508  0.360    0.430
idnmr_2round      0.506  0.355    0.425

Total: 15496.6s (77.5s/q)
