/projects/prjs1800/venvs/arag-venv/lib/python3.10/site-packages/transformers/utils/hub.py:110: FutureWarning: Using `TRANSFORMERS_CACHE` is deprecated and will be removed in v5 of Transformers. Use `HF_HOME` instead.
  warnings.warn(
=== iDNMR Pilot ===
Model: dream, Rounds: 3, Steps: 32
Loading checkpoint shards:   0%|          | 0/4 [00:00<?, ?it/s]Loading checkpoint shards:  25%|██▌       | 1/4 [00:06<00:19,  6.57s/it]Loading checkpoint shards:  50%|█████     | 2/4 [00:12<00:12,  6.38s/it]Loading checkpoint shards:  75%|███████▌  | 3/4 [00:18<00:05,  5.95s/it]Loading checkpoint shards: 100%|██████████| 4/4 [00:19<00:00,  4.14s/it]Loading checkpoint shards: 100%|██████████| 4/4 [00:19<00:00,  4.91s/it]
The following generation flags are not valid and may be ignored: ['temperature']. Set `TRANSFORMERS_VERBOSITY=info` for more details.
  Model loaded in 21.1s
Loaded 200 questions
Batch initial retrieval...
  Done in 457.1s
[1/200] dev_800 (51.0s)
  baseline         Portraits                                F1=0.000 EM=0
  pool             Portraits                                F1=0.000 EM=0
  ipool            Portraits                                F1=0.000 EM=0
  idnmr            Portraits                                F1=0.000 EM=0
  idnmr_2round     Portraits                                F1=0.000 EM=0
[5/200] dev_804 (106.8s)
  baseline         Stockholm                                F1=0.000 EM=0
  pool             Stockholm                                F1=0.000 EM=0
  ipool            Stockholm                                F1=0.000 EM=0
  idnmr            Stockholm                                F1=0.000 EM=0
  idnmr_2round     Stockholm                                F1=0.000 EM=0
[10/200] dev_809 (43.0s)
  baseline         Carnatic music                           F1=1.000 EM=1
  pool             Carnatic music                           F1=1.000 EM=1
  ipool            Carnatic music                           F1=1.000 EM=1
  idnmr            Carnatic music                           F1=1.000 EM=1
  idnmr_2round     Carnatic music                           F1=1.000 EM=1
[15/200] dev_814 (103.1s)
  baseline         Benjamín Arellano Félix                  F1=0.667 EM=0
  pool             Francisco Rafael Arellano Félix          F1=1.000 EM=1
  ipool            Francisco Rafael Arellano Félix          F1=1.000 EM=1
  idnmr            Francisco Rafael Arellano Félix          F1=1.000 EM=1
  idnmr_2round     Francisco Rafael Arellano Félix          F1=1.000 EM=1
[20/200] dev_819 (42.5s)
  baseline         GE Appliances                            F1=1.000 EM=1
  pool             GE Appliances                            F1=1.000 EM=1
  ipool            GE Appliances                            F1=1.000 EM=1
  idnmr            GE Appliances                            F1=1.000 EM=1
  idnmr_2round     GE Appliances                            F1=1.000 EM=1
[25/200] dev_824 (81.7s)
  baseline         1932                                     F1=1.000 EM=1
  pool             1932                                     F1=1.000 EM=1
  ipool            1932                                     F1=1.000 EM=1
  idnmr            1932                                     F1=1.000 EM=1
  idnmr_2round     1932                                     F1=1.000 EM=1
[30/200] dev_829 (90.8s)
  baseline         Australia                                F1=0.000 EM=0
  pool             Australia                                F1=0.000 EM=0
  ipool            Australia                                F1=0.000 EM=0
  idnmr            Australia                                F1=0.000 EM=0
  idnmr_2round     Australia                                F1=0.000 EM=0
[35/200] dev_834 (41.5s)
  baseline         Key West, Florida                        F1=0.667 EM=0
  pool             Key West, Florida                        F1=0.667 EM=0
  ipool            Key West, Florida                        F1=0.667 EM=0
  idnmr            Key West, Florida                        F1=0.667 EM=0
  idnmr_2round     Key West, Florida                        F1=0.667 EM=0
[40/200] dev_839 (91.5s)
  baseline         Cairnburgh Castle                        F1=0.000 EM=0
  pool             Oliver Cromwell                          F1=0.000 EM=0
  ipool            1991's "The Changing Scottish Landscape" F1=0.750 EM=0
  idnmr            Oliver Cromwell                          F1=0.000 EM=0
  idnmr_2round     Oliver Cromwell                          F1=0.000 EM=0
[45/200] dev_844 (65.8s)
  baseline         "The Highwayman"                         F1=1.000 EM=0
  pool             "The Highwayman"                         F1=1.000 EM=0
  ipool            "The Highwayman"                         F1=1.000 EM=0
  idnmr            "The Highwayman"                         F1=1.000 EM=0
  idnmr_2round     "The Highwayman"                         F1=1.000 EM=0
[50/200] dev_849 (40.1s)
  baseline         1937                                     F1=0.000 EM=0
  pool             1937                                     F1=0.000 EM=0
  ipool            1937                                     F1=0.000 EM=0
  idnmr            1937                                     F1=0.000 EM=0
  idnmr_2round     1937                                     F1=0.000 EM=0
[55/200] dev_854 (60.3s)
  baseline         Hindu                                    F1=0.000 EM=0
  pool             Hindu                                    F1=0.000 EM=0
  ipool            Hindu                                    F1=0.000 EM=0
  idnmr            Hindu                                    F1=0.000 EM=0
  idnmr_2round     Hindu                                    F1=0.000 EM=0
[60/200] dev_859 (40.8s)
  baseline         Maria von Trapp                          F1=1.000 EM=1
  pool             Maria von Trapp                          F1=1.000 EM=1
  ipool            Maria von Trapp                          F1=1.000 EM=1
  idnmr            Maria von Trapp                          F1=1.000 EM=1
  idnmr_2round     Maria von Trapp                          F1=1.000 EM=1
[65/200] dev_864 (95.6s)
  baseline         Arthur C. Clarke                         F1=0.000 EM=0
  pool             Larry Niven                              F1=0.000 EM=0
  ipool            Larry Niven                              F1=0.000 EM=0
  idnmr            Larry Niven                              F1=0.000 EM=0
  idnmr_2round     Larry Niven                              F1=0.000 EM=0
[70/200] dev_869 (41.4s)
  baseline         Jordan Peele and Alex Rubens             F1=0.400 EM=0
  pool             Jordan Peele and Alex Rubens             F1=0.400 EM=0
  ipool            Jordan Peele and Alex Rubens             F1=0.400 EM=0
  idnmr            Jordan Peele and Alex Rubens             F1=0.400 EM=0
  idnmr_2round     Jordan Peele and Alex Rubens             F1=0.400 EM=0
[75/200] dev_874 (80.9s)
  baseline         New Brunswick Bay                        F1=0.333 EM=0
  pool             Bay of Fundy                             F1=1.000 EM=1
  ipool            Bay of Fundy                             F1=1.000 EM=1
  idnmr            Bay of Fundy                             F1=1.000 EM=1
  idnmr_2round     Bay of Fundy                             F1=1.000 EM=1
[80/200] dev_879 (77.1s)
  baseline         None                                     F1=0.000 EM=0
  pool             Minister Pool is important to Black Coun F1=0.000 EM=0
  ipool            None                                     F1=0.000 EM=0
  idnmr            Minister Pool is important to Black Coun F1=0.040 EM=0
  idnmr_2round     Not known                                F1=0.000 EM=0
[85/200] dev_884 (110.4s)
  baseline         Saline River                             F1=0.500 EM=0
  pool             Saline River                             F1=0.500 EM=0
  ipool            Saline River                             F1=0.500 EM=0
  idnmr            Saline River                             F1=0.500 EM=0
  idnmr_2round     Saline River                             F1=0.500 EM=0
[90/200] dev_889 (102.0s)
  baseline         Indian food                              F1=0.000 EM=0
  pool             Pizza                                    F1=0.000 EM=0
  ipool            American Chinese cuisine                 F1=0.000 EM=0
  idnmr            Pizza                                    F1=0.000 EM=0
  idnmr_2round     Pizza                                    F1=0.000 EM=0
[95/200] dev_894 (41.6s)
  baseline         Robert M. Fomon was a governor of the Ne F1=0.100 EM=0
  pool             Robert M. Fomon was a governor of the Ne F1=0.100 EM=0
  ipool            Robert M. Fomon was a governor of the Ne F1=0.100 EM=0
  idnmr            Robert M. Fomon was a governor of the Ne F1=0.100 EM=0
  idnmr_2round     Robert M. Fomon was a governor of the Ne F1=0.100 EM=0
[100/200] dev_899 (64.8s)
  baseline         Yes                                      F1=0.000 EM=0
  pool             Yes                                      F1=0.000 EM=0
  ipool            Yes                                      F1=0.000 EM=0
  idnmr            Yes                                      F1=0.000 EM=0
  idnmr_2round     Yes                                      F1=0.000 EM=0
[105/200] dev_904 (73.9s)
  baseline         Secretary of State for Scotland          F1=0.400 EM=0
  pool             Secretary of State for Scotland          F1=0.400 EM=0
  ipool            Secretary of State for Scotland          F1=0.400 EM=0
  idnmr            Secretary of State for Scotland          F1=0.400 EM=0
  idnmr_2round     Secretary of State for Scotland          F1=0.400 EM=0
[110/200] dev_909 (65.1s)
  baseline         Yes                                      F1=1.000 EM=1
  pool             Yes                                      F1=1.000 EM=1
  ipool            Yes                                      F1=1.000 EM=1
  idnmr            Yes                                      F1=1.000 EM=1
  idnmr_2round     Yes                                      F1=1.000 EM=1
[115/200] dev_914 (78.2s)
  baseline         United States                            F1=0.000 EM=0
  pool             United States                            F1=0.000 EM=0
  ipool            Australia                                F1=0.000 EM=0
  idnmr            United States                            F1=0.000 EM=0
  idnmr_2round     United States                            F1=0.000 EM=0
[120/200] dev_919 (69.1s)
  baseline         Father Dougal McGuire                    F1=1.000 EM=1
  pool             Father Dougal McGuire                    F1=1.000 EM=1
  ipool            Father Dougal McGuire                    F1=1.000 EM=1
  idnmr            Father Dougal McGuire                    F1=1.000 EM=1
  idnmr_2round     Father Dougal McGuire                    F1=1.000 EM=1
[125/200] dev_924 (78.7s)
  baseline         100,000                                  F1=0.000 EM=0
  pool             850                                      F1=0.000 EM=0
  ipool            100,000                                  F1=0.000 EM=0
  idnmr            850                                      F1=0.000 EM=0
  idnmr_2round     850                                      F1=0.000 EM=0
[130/200] dev_929 (78.8s)
  baseline         Daniel Patrick Moynihan                  F1=1.000 EM=0
  pool             Daniel Patrick Moynihan                  F1=1.000 EM=0
  ipool            Daniel Patrick Moynihan                  F1=1.000 EM=0
  idnmr            Daniel Patrick Moynihan                  F1=1.000 EM=0
  idnmr_2round     Daniel Patrick Moynihan                  F1=1.000 EM=0
[135/200] dev_934 (42.3s)
  baseline         military                                 F1=0.000 EM=0
  pool             military                                 F1=0.000 EM=0
  ipool            military                                 F1=0.000 EM=0
  idnmr            military                                 F1=0.000 EM=0
  idnmr_2round     military                                 F1=0.000 EM=0
[140/200] dev_939 (82.1s)
  baseline         1614                                     F1=1.000 EM=1
  pool             1614                                     F1=1.000 EM=1
  ipool            1614                                     F1=1.000 EM=1
  idnmr            1614                                     F1=1.000 EM=1
  idnmr_2round     1614                                     F1=1.000 EM=1
[145/200] dev_944 (69.6s)
  baseline         Yes                                      F1=1.000 EM=1
  pool             Yes                                      F1=1.000 EM=1
  ipool            Yes                                      F1=1.000 EM=1
  idnmr            Yes                                      F1=1.000 EM=1
  idnmr_2round     Yes                                      F1=1.000 EM=1
[150/200] dev_949 (82.4s)
  baseline         Tatton Park                              F1=1.000 EM=1
  pool             Tatton Park                              F1=1.000 EM=1
  ipool            Tatton Park                              F1=1.000 EM=1
  idnmr            Tatton Park                              F1=1.000 EM=1
  idnmr_2round     Tatton Park                              F1=1.000 EM=1
[155/200] dev_954 (80.0s)
  baseline         Lord's Resistance Army                   F1=0.333 EM=0
  pool             Lord's Resistance Movement               F1=0.000 EM=0
  ipool            Lord's Resistance Army                   F1=0.333 EM=0
  idnmr            Lord's Resistance Movement               F1=0.000 EM=0
  idnmr_2round     Lord's Resistance Movement               F1=0.000 EM=0
[160/200] dev_959 (85.3s)
  baseline         Go into Your Dance                       F1=0.000 EM=0
  pool             Gold Diggers of 1935                     F1=0.000 EM=0
  ipool            An All-Colored Vaudeville Show           F1=1.000 EM=0
  idnmr            Gold Diggers of 1935                     F1=0.000 EM=0
  idnmr_2round     Gold Diggers of 1935                     F1=0.000 EM=0
[165/200] dev_964 (38.7s)
  baseline         Marcus T. Reynolds                       F1=0.333 EM=0
  pool             Marcus T. Reynolds                       F1=0.333 EM=0
  ipool            Marcus T. Reynolds                       F1=0.333 EM=0
  idnmr            Marcus T. Reynolds                       F1=0.333 EM=0
  idnmr_2round     Marcus T. Reynolds                       F1=0.333 EM=0
[170/200] dev_969 (62.9s)
  baseline         Spam                                     F1=1.000 EM=1
  pool             Spam                                     F1=1.000 EM=1
  ipool            Spam                                     F1=1.000 EM=1
  idnmr            Spam                                     F1=1.000 EM=1
  idnmr_2round     Spam                                     F1=1.000 EM=1
[175/200] dev_974 (41.4s)
  baseline         Nicolas Vanier                           F1=1.000 EM=1
  pool             Nicolas Vanier                           F1=1.000 EM=1
  ipool            Nicolas Vanier                           F1=1.000 EM=1
  idnmr            Nicolas Vanier                           F1=1.000 EM=1
  idnmr_2round     Nicolas Vanier                           F1=1.000 EM=1
[180/200] dev_979 (84.4s)
  baseline         Aleksandr Ivanovsky                      F1=1.000 EM=1
  pool             Arthur Lubin                             F1=0.000 EM=0
  ipool            Aleksandr Ivanovsky                      F1=1.000 EM=1
  idnmr            Arthur Lubin                             F1=0.000 EM=0
  idnmr_2round     Arthur Lubin                             F1=0.000 EM=0
[185/200] dev_984 (78.9s)
  baseline         David Dunn                               F1=1.000 EM=1
  pool             David Dunn                               F1=1.000 EM=1
  ipool            David Dunn                               F1=1.000 EM=1
  idnmr            David Dunn                               F1=1.000 EM=1
  idnmr_2round     David Dunn                               F1=1.000 EM=1
[190/200] dev_989 (58.9s)
  baseline         Heavyweights                             F1=1.000 EM=1
  pool             Heavyweights                             F1=1.000 EM=1
  ipool            Heavyweights                             F1=1.000 EM=1
  idnmr            Heavyweights                             F1=1.000 EM=1
  idnmr_2round     Heavyweights                             F1=1.000 EM=1
[195/200] dev_994 (78.3s)
  baseline         Fred Gehrke is not related to Alex Claud F1=0.000 EM=0
  pool             Great-grandfather                        F1=1.000 EM=1
  ipool            Great-grandfather                        F1=1.000 EM=1
  idnmr            Great-grandfather                        F1=1.000 EM=1
  idnmr_2round     Great-grandfather                        F1=1.000 EM=1
[200/200] dev_999 (64.8s)
  baseline         Tapping                                  F1=0.000 EM=0
  pool             plucking                                 F1=0.000 EM=0
  ipool            plucking                                 F1=0.000 EM=0
  idnmr            plucking                                 F1=0.000 EM=0
  idnmr_2round     plucking                                 F1=0.000 EM=0

Method               F1     EM  Contain
--------------------------------------
baseline          0.490  0.340    0.415
pool              0.527  0.405    0.460
ipool             0.534  0.375    0.445
idnmr             0.529  0.400    0.460
idnmr_2round      0.529  0.400    0.460

Total: 14763.1s (73.8s/q)
