/projects/prjs1800/venvs/arag-venv/lib/python3.10/site-packages/transformers/utils/hub.py:110: FutureWarning: Using `TRANSFORMERS_CACHE` is deprecated and will be removed in v5 of Transformers. Use `HF_HOME` instead.
  warnings.warn(
=== iDNMR Pilot ===
Model: dream, Rounds: 3, Steps: 32
Loading checkpoint shards:   0%|          | 0/4 [00:00<?, ?it/s]Loading checkpoint shards:  25%|██▌       | 1/4 [00:02<00:08,  2.71s/it]Loading checkpoint shards:  50%|█████     | 2/4 [00:09<00:09,  4.87s/it]Loading checkpoint shards:  75%|███████▌  | 3/4 [00:11<00:03,  3.71s/it]Loading checkpoint shards: 100%|██████████| 4/4 [00:11<00:00,  2.47s/it]Loading checkpoint shards: 100%|██████████| 4/4 [00:11<00:00,  3.00s/it]
The following generation flags are not valid and may be ignored: ['temperature']. Set `TRANSFORMERS_VERBOSITY=info` for more details.
  Model loaded in 13.3s
Loaded 200 questions
Batch initial retrieval...
  Done in 457.4s
[1/200] dev_600 (41.9s)
  baseline         Kenny Young                              F1=1.000 EM=1
  pool             Kenny Young                              F1=1.000 EM=1
  ipool            Kenny Young                              F1=1.000 EM=1
  idnmr            Kenny Young                              F1=1.000 EM=1
  idnmr_2round     Kenny Young                              F1=1.000 EM=1
[5/200] dev_604 (79.9s)
  baseline         100 meters                               F1=0.000 EM=0
  pool             100 metres                               F1=0.500 EM=0
  ipool            100 meters                               F1=0.000 EM=0
  idnmr            100 metres                               F1=0.500 EM=0
  idnmr_2round     100 metres                               F1=0.500 EM=0
[10/200] dev_609 (43.5s)
  baseline         Andrew Johnson                           F1=1.000 EM=1
  pool             Andrew Johnson                           F1=1.000 EM=1
  ipool            Andrew Johnson                           F1=1.000 EM=1
  idnmr            Andrew Johnson                           F1=1.000 EM=1
  idnmr_2round     Andrew Johnson                           F1=1.000 EM=1
[15/200] dev_614 (90.1s)
  baseline         Lenox Avenue and Plymouth Street         F1=0.400 EM=0
  pool             Lenox Avenue and Plymouth Street         F1=0.400 EM=0
  ipool            Lenox Avenue and Plymouth Street         F1=0.400 EM=0
  idnmr            Lenox Avenue and Plymouth Street         F1=0.400 EM=0
  idnmr_2round     Lenox Avenue and Plymouth Street         F1=0.400 EM=0
[20/200] dev_619 (70.1s)
  baseline         Glam-style funk metal                    F1=0.333 EM=0
  pool             Glam-style funk metal                    F1=0.333 EM=0
  ipool            Glam-style funk metal                    F1=0.333 EM=0
  idnmr            Glam-style funk metal                    F1=0.333 EM=0
  idnmr_2round     Glam-style funk metal                    F1=0.333 EM=0
[25/200] dev_624 (79.6s)
  baseline         Jean-Loup Chrétien                       F1=1.000 EM=0
  pool             Jean-Loup Chrétien                       F1=1.000 EM=0
  ipool            Jean-Loup Chrétien                       F1=1.000 EM=0
  idnmr            Jean-Loup Chrétien                       F1=1.000 EM=0
  idnmr_2round     Jean-Loup Chrétien                       F1=1.000 EM=0
[30/200] dev_629 (127.9s)
  baseline         Sinead Michael                           F1=0.500 EM=0
  pool             Jennette McCurdy                         F1=0.000 EM=0
  ipool            Melissa Sue Anderson                     F1=0.000 EM=0
  idnmr            Peter Krause                             F1=0.000 EM=0
  idnmr_2round     Peter Krause was one of the stars who pl F1=0.000 EM=0
[35/200] dev_634 (62.1s)
  baseline         Apsley Cherry-Garrard                    F1=1.000 EM=0
  pool             Apsley Cherry-Garrard                    F1=1.000 EM=0
  ipool            Apsley Cherry-Garrard                    F1=1.000 EM=0
  idnmr            Apsley Cherry-Garrard                    F1=1.000 EM=0
  idnmr_2round     Apsley Cherry-Garrard                    F1=1.000 EM=0
[40/200] dev_639 (108.2s)
  baseline         "Walk Like An Egyptian"                  F1=1.000 EM=1
  pool             "Eternal Flame"                          F1=0.000 EM=0
  ipool            Walk Like An Egyptian                    F1=1.000 EM=0
  idnmr            "Eternal Flame"                          F1=0.000 EM=0
  idnmr_2round     "Eternal Flame"                          F1=0.000 EM=0
[45/200] dev_644 (41.0s)
  baseline         personal-care products                   F1=0.500 EM=0
  pool             personal-care products                   F1=0.500 EM=0
  ipool            personal-care products                   F1=0.500 EM=0
  idnmr            personal-care products                   F1=0.500 EM=0
  idnmr_2round     personal-care products                   F1=0.500 EM=0
[50/200] dev_649 (43.9s)
  baseline         MIT Technology Review                    F1=0.000 EM=0
  pool             MIT Technology Review                    F1=0.000 EM=0
  ipool            MIT Technology Review                    F1=0.000 EM=0
  idnmr            MIT Technology Review                    F1=0.000 EM=0
  idnmr_2round     MIT Technology Review                    F1=0.000 EM=0
[55/200] dev_654 (36.6s)
  baseline         Dundee Canal                             F1=1.000 EM=1
  pool             Dundee Canal                             F1=1.000 EM=1
  ipool            Dundee Canal                             F1=1.000 EM=1
  idnmr            Dundee Canal                             F1=1.000 EM=1
  idnmr_2round     Dundee Canal                             F1=1.000 EM=1
[60/200] dev_659 (82.9s)
  baseline         June 6, 1959                             F1=1.000 EM=1
  pool             June 6, 1959                             F1=1.000 EM=1
  ipool            June 6, 1959                             F1=1.000 EM=1
  idnmr            June 6, 1959                             F1=1.000 EM=1
  idnmr_2round     June 6, 1959                             F1=1.000 EM=1
[65/200] dev_664 (95.2s)
  baseline         1996                                     F1=0.000 EM=0
  pool             1996                                     F1=0.000 EM=0
  ipool            2007                                     F1=0.000 EM=0
  idnmr            2007                                     F1=0.000 EM=0
  idnmr_2round     2005                                     F1=0.000 EM=0
[70/200] dev_669 (106.1s)
  baseline         British sailors                          F1=0.000 EM=0
  pool             sailors                                  F1=0.000 EM=0
  ipool            British sailors                          F1=0.000 EM=0
  idnmr            diplomats                                F1=0.000 EM=0
  idnmr_2round     British sailors                          F1=0.000 EM=0
[75/200] dev_674 (73.6s)
  baseline         Personal earnings, business income, and  F1=1.000 EM=0
  pool             personal earnings, business income, capi F1=1.000 EM=0
  ipool            personal earnings, business income, capi F1=1.000 EM=0
  idnmr            personal earnings, business income, capi F1=1.000 EM=0
  idnmr_2round     personal earnings, business income, capi F1=1.000 EM=0
[80/200] dev_679 (36.7s)
  baseline         American                                 F1=1.000 EM=1
  pool             American                                 F1=1.000 EM=1
  ipool            American                                 F1=1.000 EM=1
  idnmr            American                                 F1=1.000 EM=1
  idnmr_2round     American                                 F1=1.000 EM=1
[85/200] dev_684 (92.7s)
  baseline         4                                        F1=0.000 EM=0
  pool             4                                        F1=0.000 EM=0
  ipool            four                                     F1=1.000 EM=1
  idnmr            4                                        F1=0.000 EM=0
  idnmr_2round     4                                        F1=0.000 EM=0
[90/200] dev_689 (84.4s)
  baseline         Windigo legend                           F1=0.000 EM=0
  pool             Windigo legend                           F1=0.000 EM=0
  ipool            Windigo legend                           F1=0.000 EM=0
  idnmr            Windigo legend                           F1=0.000 EM=0
  idnmr_2round     Windigo legend                           F1=0.000 EM=0
[95/200] dev_694 (68.4s)
  baseline         Michael Swango                           F1=1.000 EM=1
  pool             Michael Swango                           F1=1.000 EM=1
  ipool            Michael Swango                           F1=1.000 EM=1
  idnmr            Michael Swango                           F1=1.000 EM=1
  idnmr_2round     Michael Swango                           F1=1.000 EM=1
[100/200] dev_699 (47.6s)
  baseline         Howard Fast                              F1=1.000 EM=0
  pool             Howard Fast                              F1=1.000 EM=0
  ipool            Howard Fast                              F1=1.000 EM=0
  idnmr            Howard Fast                              F1=1.000 EM=0
  idnmr_2round     Howard Fast                              F1=1.000 EM=0
[105/200] dev_704 (63.9s)
  baseline         1900                                     F1=0.000 EM=0
  pool             1900                                     F1=0.000 EM=0
  ipool            1900                                     F1=0.000 EM=0
  idnmr            1900                                     F1=0.000 EM=0
  idnmr_2round     1900                                     F1=0.000 EM=0
[110/200] dev_709 (102.0s)
  baseline         Henry Birks and Sons                     F1=0.000 EM=0
  pool             Montreal                                 F1=1.000 EM=1
  ipool            Montreal                                 F1=1.000 EM=1
  idnmr            Montreal                                 F1=1.000 EM=1
  idnmr_2round     Montreal                                 F1=1.000 EM=1
[115/200] dev_714 (80.8s)
  baseline         Paula Patton                             F1=1.000 EM=0
  pool             Paula Patton                             F1=1.000 EM=0
  ipool            Paula Patton                             F1=1.000 EM=0
  idnmr            Paula Patton                             F1=1.000 EM=0
  idnmr_2round     Paula Patton                             F1=1.000 EM=0
[120/200] dev_719 (70.2s)
  baseline         Football League                          F1=0.000 EM=0
  pool             Premier League                           F1=0.000 EM=0
  ipool            Football League                          F1=0.000 EM=0
  idnmr            FA Premier League                        F1=0.000 EM=0
  idnmr_2round     FA Premier League                        F1=0.000 EM=0
[125/200] dev_724 (122.4s)
  baseline         Union Olimpija                           F1=0.000 EM=0
  pool             Union Olimpija                           F1=0.000 EM=0
  ipool            Union Olimpija                           F1=0.000 EM=0
  idnmr            Team's 2013-2014 season had players incl F1=0.000 EM=0
  idnmr_2round     KK Olimpija                              F1=0.000 EM=0
[130/200] dev_729 (54.5s)
  baseline         Alexi Laiho                              F1=0.000 EM=0
  pool             Alexi Laiho                              F1=0.000 EM=0
  ipool            Alexi Laiho                              F1=0.000 EM=0
  idnmr            Alexi Laiho                              F1=0.000 EM=0
  idnmr_2round     Alexi Laiho                              F1=0.000 EM=0
[135/200] dev_734 (104.1s)
  baseline         Olympia                                  F1=0.000 EM=0
  pool             Pabst Brewing Company                    F1=0.333 EM=0
  ipool            Pabst Brewing Company                    F1=0.333 EM=0
  idnmr            Pabst Brewing Company                    F1=0.333 EM=0
  idnmr_2round     Pabst Brewing Company                    F1=0.333 EM=0
[140/200] dev_739 (81.6s)
  baseline         No                                       F1=0.000 EM=0
  pool             No                                       F1=0.000 EM=0
  ipool            No                                       F1=0.000 EM=0
  idnmr            No                                       F1=0.000 EM=0
  idnmr_2round     No                                       F1=0.000 EM=0
[145/200] dev_744 (39.1s)
  baseline         one                                      F1=0.000 EM=0
  pool             one                                      F1=0.000 EM=0
  ipool            one                                      F1=0.000 EM=0
  idnmr            one                                      F1=0.000 EM=0
  idnmr_2round     one                                      F1=0.000 EM=0
[150/200] dev_749 (111.7s)
  baseline         Dougherty                                F1=0.000 EM=0
  pool             Dougherty, Oklahoma                      F1=0.500 EM=0
  ipool            Okemah                                   F1=0.000 EM=0
  idnmr            Dougherty, Oklahoma                      F1=0.500 EM=0
  idnmr_2round     Dougherty, Oklahoma                      F1=0.500 EM=0
[155/200] dev_754 (38.7s)
  baseline         Popular Science                          F1=0.000 EM=0
  pool             Popular Science                          F1=0.000 EM=0
  ipool            Popular Science                          F1=0.000 EM=0
  idnmr            Popular Science                          F1=0.000 EM=0
  idnmr_2round     Popular Science                          F1=0.000 EM=0
[160/200] dev_759 (70.4s)
  baseline         No                                       F1=1.000 EM=1
  pool             No                                       F1=1.000 EM=1
  ipool            No                                       F1=1.000 EM=1
  idnmr            No                                       F1=1.000 EM=1
  idnmr_2round     No                                       F1=1.000 EM=1
[165/200] dev_764 (85.3s)
  baseline         town meeting                             F1=1.000 EM=0
  pool             town government                          F1=0.500 EM=0
  ipool            town government                          F1=0.500 EM=0
  idnmr            Vermont General Assembly                 F1=0.000 EM=0
  idnmr_2round     representative body                      F1=0.500 EM=0
[170/200] dev_769 (83.7s)
  baseline         Voices of Iraq                           F1=1.000 EM=1
  pool             The Climb (1999)                         F1=0.000 EM=0
  ipool            Voices of Iraq                           F1=1.000 EM=1
  idnmr            The Climb (1999)                         F1=0.000 EM=0
  idnmr_2round     The Climb (1999)                         F1=0.000 EM=0
[175/200] dev_774 (71.6s)
  baseline         Philip Livingston                        F1=1.000 EM=1
  pool             Philip Livingston                        F1=1.000 EM=1
  ipool            Philip Livingston                        F1=1.000 EM=1
  idnmr            Philip Livingston                        F1=1.000 EM=1
  idnmr_2round     Philip Livingston                        F1=1.000 EM=1
[180/200] dev_779 (39.4s)
  baseline         Bourbon County                           F1=1.000 EM=1
  pool             Bourbon County                           F1=1.000 EM=1
  ipool            Bourbon County                           F1=1.000 EM=1
  idnmr            Bourbon County                           F1=1.000 EM=1
  idnmr_2round     Bourbon County                           F1=1.000 EM=1
[185/200] dev_784 (74.1s)
  baseline         Memoir                                   F1=0.000 EM=0
  pool             New Journalism                           F1=1.000 EM=0
  ipool            Memoir                                   F1=0.000 EM=0
  idnmr            New Journalism                           F1=1.000 EM=0
  idnmr_2round     New Journalism                           F1=1.000 EM=0
[190/200] dev_789 (71.9s)
  baseline         Chloë Agnew                              F1=1.000 EM=0
  pool             Chloë Agnew                              F1=1.000 EM=0
  ipool            Chloë Agnew                              F1=1.000 EM=0
  idnmr            Chloë Agnew                              F1=1.000 EM=0
  idnmr_2round     Chloë Agnew                              F1=1.000 EM=0
[195/200] dev_794 (68.2s)
  baseline         Emily Blunt                              F1=0.000 EM=0
  pool             Emily Blunt                              F1=0.000 EM=0
  ipool            "The Royal Family"                       F1=1.000 EM=1
  idnmr            Emily Blunt                              F1=0.000 EM=0
  idnmr_2round     Emily Blunt                              F1=0.000 EM=0
[200/200] dev_799 (89.7s)
  baseline         No, Waste Land is a poem by T.S Elliot,  F1=0.045 EM=0
  pool             No, Waste Land is a poem about war and d F1=0.043 EM=0
  ipool            No, Waste Land is a documentary film dir F1=0.042 EM=0
  idnmr            No, Waste Land is a documentary film abo F1=0.043 EM=0
  idnmr_2round     No, Waste Land is a documentary film, wh F1=0.048 EM=0

Method               F1     EM  Contain
--------------------------------------
baseline          0.463  0.290    0.360
pool              0.485  0.295    0.365
ipool             0.488  0.305    0.380
idnmr             0.503  0.305    0.365
idnmr_2round      0.506  0.310    0.370

Total: 15185.5s (75.9s/q)
