/projects/prjs1800/venvs/arag-venv/lib/python3.10/site-packages/transformers/utils/hub.py:110: FutureWarning: Using `TRANSFORMERS_CACHE` is deprecated and will be removed in v5 of Transformers. Use `HF_HOME` instead.
  warnings.warn(
=== iDNMR Pilot ===
Model: dream, Rounds: 3, Steps: 32
Loading checkpoint shards:   0%|          | 0/4 [00:00<?, ?it/s]Loading checkpoint shards:  25%|██▌       | 1/4 [00:06<00:18,  6.12s/it]Loading checkpoint shards:  50%|█████     | 2/4 [00:12<00:12,  6.15s/it]Loading checkpoint shards:  75%|███████▌  | 3/4 [00:17<00:05,  5.82s/it]Loading checkpoint shards: 100%|██████████| 4/4 [00:19<00:00,  4.06s/it]Loading checkpoint shards: 100%|██████████| 4/4 [00:19<00:00,  4.77s/it]
The following generation flags are not valid and may be ignored: ['temperature']. Set `TRANSFORMERS_VERBOSITY=info` for more details.
  Model loaded in 20.5s
Loaded 200 questions
Batch initial retrieval...
  Done in 455.7s
[1/200] dev_200 (66.7s)
  baseline         Crackle                                  F1=1.000 EM=1
  pool             Sony Crackle                             F1=0.500 EM=0
  ipool            Crackle                                  F1=1.000 EM=1
  idnmr            Sony Crackle                             F1=0.500 EM=0
  idnmr_2round     Sony Crackle                             F1=0.500 EM=0
[5/200] dev_204 (76.3s)
  baseline         Kevin Spacey                             F1=1.000 EM=1
  pool             Kevin Spacey                             F1=1.000 EM=1
  ipool            Kevin Spacey                             F1=1.000 EM=1
  idnmr            Kevin Spacey                             F1=1.000 EM=1
  idnmr_2round     Kevin Spacey                             F1=1.000 EM=1
[10/200] dev_209 (85.6s)
  baseline         Margot Robbie                            F1=0.000 EM=0
  pool             Margot Robbie                            F1=0.000 EM=0
  ipool            Margot Robbie                            F1=0.000 EM=0
  idnmr            Margot Robbie                            F1=0.000 EM=0
  idnmr_2round     Margot Robbie                            F1=0.000 EM=0
[15/200] dev_214 (36.7s)
  baseline         Arthur Conan Doyle                       F1=1.000 EM=0
  pool             Arthur Conan Doyle                       F1=1.000 EM=0
  ipool            Arthur Conan Doyle                       F1=1.000 EM=0
  idnmr            Arthur Conan Doyle                       F1=1.000 EM=0
  idnmr_2round     Arthur Conan Doyle                       F1=1.000 EM=0
[20/200] dev_219 (82.2s)
  baseline         Botswana                                 F1=0.000 EM=0
  pool             Uganda                                   F1=0.000 EM=0
  ipool            Botswana                                 F1=0.000 EM=0
  idnmr            Uganda                                   F1=0.000 EM=0
  idnmr_2round     Uganda                                   F1=0.000 EM=0
[25/200] dev_224 (115.8s)
  baseline         Legendary Couple                         F1=0.000 EM=0
  pool             Legendary Couple                         F1=0.000 EM=0
  ipool            Home Fires                               F1=0.000 EM=0
  idnmr            The Happy Family                         F1=0.000 EM=0
  idnmr_2round     The Halcyon                              F1=0.000 EM=0
[30/200] dev_229 (37.0s)
  baseline         Marsilea                                 F1=1.000 EM=1
  pool             Marsilea                                 F1=1.000 EM=1
  ipool            Marsilea                                 F1=1.000 EM=1
  idnmr            Marsilea                                 F1=1.000 EM=1
  idnmr_2round     Marsilea                                 F1=1.000 EM=1
[35/200] dev_234 (94.7s)
  baseline         The Forest City                          F1=0.500 EM=0
  pool             The Forest City                          F1=0.500 EM=0
  ipool            The Forest City                          F1=0.500 EM=0
  idnmr            The Forest City                          F1=0.500 EM=0
  idnmr_2round     The Forest City                          F1=0.500 EM=0
[40/200] dev_239 (83.5s)
  baseline         Ehretia                                  F1=1.000 EM=1
  pool             Ehretia                                  F1=1.000 EM=1
  ipool            Ehretia                                  F1=1.000 EM=1
  idnmr            Ehretia                                  F1=1.000 EM=1
  idnmr_2round     Ehretia                                  F1=1.000 EM=1
[45/200] dev_244 (70.6s)
  baseline         classical sarod                          F1=0.000 EM=0
  pool             classical sarod                          F1=0.000 EM=0
  ipool            classical sarod                          F1=0.000 EM=0
  idnmr            classical sarod                          F1=0.000 EM=0
  idnmr_2round     classical sarod                          F1=0.000 EM=0
[50/200] dev_249 (64.8s)
  baseline         Taylor Swift                             F1=1.000 EM=1
  pool             Taylor Swift                             F1=1.000 EM=1
  ipool            Taylor Swift                             F1=1.000 EM=1
  idnmr            Taylor Swift                             F1=1.000 EM=1
  idnmr_2round     Taylor Swift                             F1=1.000 EM=1
[55/200] dev_254 (59.7s)
  baseline         600 stores                               F1=1.000 EM=0
  pool             600 stores                               F1=1.000 EM=0
  ipool            600 stores                               F1=1.000 EM=0
  idnmr            600 stores                               F1=1.000 EM=0
  idnmr_2round     600 stores                               F1=1.000 EM=0
[60/200] dev_259 (99.7s)
  baseline         Gulangyu Subdistrict                     F1=0.500 EM=0
  pool             Gulangyu                                 F1=1.000 EM=1
  ipool            Asante Traditional Buildings             F1=0.000 EM=0
  idnmr            Asante Traditional Buildings             F1=0.000 EM=0
  idnmr_2round     Asante Traditional Buildings             F1=0.000 EM=0
[65/200] dev_264 (38.4s)
  baseline         Kerrang!                                 F1=0.000 EM=0
  pool             Kerrang!                                 F1=0.000 EM=0
  ipool            Kerrang!                                 F1=0.000 EM=0
  idnmr            Kerrang!                                 F1=0.000 EM=0
  idnmr_2round     Kerrang!                                 F1=0.000 EM=0
[70/200] dev_269 (77.3s)
  baseline         Anna Clyne                               F1=1.000 EM=1
  pool             Anna Clyne                               F1=1.000 EM=1
  ipool            Anna Clyne                               F1=1.000 EM=1
  idnmr            Anna Clyne                               F1=1.000 EM=1
  idnmr_2round     Anna Clyne                               F1=1.000 EM=1
[75/200] dev_274 (72.5s)
  baseline         Marcia Lewis                             F1=0.000 EM=0
  pool             Marcia Lewis                             F1=0.000 EM=0
  ipool            Marcia Lewis                             F1=0.000 EM=0
  idnmr            Marcia Lewis                             F1=0.000 EM=0
  idnmr_2round     Marcia Lewis                             F1=0.000 EM=0
[80/200] dev_279 (78.8s)
  baseline         Christianity Today                       F1=0.000 EM=0
  pool             Evangelical Christian periodical         F1=1.000 EM=1
  ipool            Christianity Today                       F1=0.000 EM=0
  idnmr            Evangelical Christian periodical         F1=1.000 EM=1
  idnmr_2round     Evangelical Christian periodical         F1=1.000 EM=1
[85/200] dev_284 (78.3s)
  baseline         Calgary                                  F1=0.000 EM=0
  pool             Calgary                                  F1=0.000 EM=0
  ipool            Calgary                                  F1=0.000 EM=0
  idnmr            Calgary                                  F1=0.000 EM=0
  idnmr_2round     Calgary                                  F1=0.000 EM=0
[90/200] dev_289 (72.1s)
  baseline         "Hey Pa! There's a Goat on the Roof"     F1=1.000 EM=0
  pool             "Hey Pa! There's a Goat on the Roof"     F1=1.000 EM=0
  ipool            Hey Pa! There's a Goat on the Roof       F1=1.000 EM=1
  idnmr            "Hey Pa! There's a Goat on the Roof"     F1=1.000 EM=0
  idnmr_2round     "Hey Pa! There's a Goat on the Roof"     F1=1.000 EM=0
[95/200] dev_294 (39.0s)
  baseline         Janet Jackson                            F1=1.000 EM=0
  pool             Janet Jackson                            F1=1.000 EM=0
  ipool            Janet Jackson                            F1=1.000 EM=0
  idnmr            Janet Jackson                            F1=1.000 EM=0
  idnmr_2round     Janet Jackson                            F1=1.000 EM=0
[100/200] dev_299 (98.2s)
  baseline         1984                                     F1=0.000 EM=0
  pool             1964                                     F1=0.000 EM=0
  ipool            1964                                     F1=0.000 EM=0
  idnmr            1980s                                    F1=0.000 EM=0
  idnmr_2round     1980s                                    F1=0.000 EM=0
[105/200] dev_304 (68.7s)
  baseline         No, Skeptical Inquirer is a semipopular  F1=0.056 EM=0
  pool             No, Skeptical Inquirer is a semipopular  F1=0.056 EM=0
  ipool            No                                       F1=1.000 EM=1
  idnmr            No, Skeptical Inquirer is a semipopular  F1=0.056 EM=0
  idnmr_2round     No, Skeptical Inquirer is a semipopular  F1=0.056 EM=0
[110/200] dev_309 (60.0s)
  baseline         Yes.                                     F1=1.000 EM=0
  pool             Yes.                                     F1=1.000 EM=0
  ipool            Yes.                                     F1=1.000 EM=0
  idnmr            Yes.                                     F1=1.000 EM=0
  idnmr_2round     Yes.                                     F1=1.000 EM=0
[115/200] dev_314 (95.7s)
  baseline         10 days                                  F1=0.000 EM=0
  pool             10 days                                  F1=0.000 EM=0
  ipool            10 days                                  F1=0.000 EM=0
  idnmr            10 days                                  F1=0.000 EM=0
  idnmr_2round     10 days                                  F1=0.000 EM=0
[120/200] dev_319 (94.8s)
  baseline         B*Witched                                F1=0.000 EM=0
  pool             The Saturdays                            F1=1.000 EM=1
  ipool            B*Witched                                F1=0.000 EM=0
  idnmr            The Saturdays                            F1=1.000 EM=1
  idnmr_2round     The Saturdays                            F1=1.000 EM=1
[125/200] dev_324 (85.9s)
  baseline         Oedipus Rex                              F1=1.000 EM=1
  pool             Oedipus Rex                              F1=1.000 EM=1
  ipool            Oedipus Rex                              F1=1.000 EM=1
  idnmr            Oedipus Rex                              F1=1.000 EM=1
  idnmr_2round     Oedipus Rex                              F1=1.000 EM=1
[130/200] dev_329 (104.4s)
  baseline         Kunming                                  F1=0.000 EM=0
  pool             Spring city                              F1=1.000 EM=1
  ipool            Spring city                              F1=1.000 EM=1
  idnmr            City of Eternal Spring                   F1=0.500 EM=0
  idnmr_2round     Spring city                              F1=1.000 EM=1
[135/200] dev_334 (46.7s)
  baseline         Reynolds v. Sims                         F1=0.000 EM=0
  pool             Reynolds v. Sims                         F1=0.000 EM=0
  ipool            Reynolds v. Sims                         F1=0.000 EM=0
  idnmr            Reynolds v. Sims                         F1=0.000 EM=0
  idnmr_2round     Reynolds v. Sims                         F1=0.000 EM=0
[140/200] dev_339 (78.6s)
  baseline         Arrowhead Stadium                        F1=0.000 EM=0
  pool             76,416                                   F1=1.000 EM=1
  ipool            76,416                                   F1=1.000 EM=1
  idnmr            76,416                                   F1=1.000 EM=1
  idnmr_2round     76,416                                   F1=1.000 EM=1
[145/200] dev_344 (64.4s)
  baseline         Royal Australian Navy (RAN)              F1=0.250 EM=0
  pool             Royal Australian Navy (RAN)              F1=0.250 EM=0
  ipool            Royal Australian Navy (RAN)              F1=0.250 EM=0
  idnmr            Royal Australian Navy (RAN)              F1=0.250 EM=0
  idnmr_2round     Royal Australian Navy (RAN)              F1=0.250 EM=0
[150/200] dev_349 (45.3s)
  baseline         2009                                     F1=1.000 EM=1
  pool             2009                                     F1=1.000 EM=1
  ipool            2009                                     F1=1.000 EM=1
  idnmr            2009                                     F1=1.000 EM=1
  idnmr_2round     2009                                     F1=1.000 EM=1
[155/200] dev_354 (70.7s)
  baseline         No                                       F1=1.000 EM=1
  pool             No                                       F1=1.000 EM=1
  ipool            No                                       F1=1.000 EM=1
  idnmr            No                                       F1=1.000 EM=1
  idnmr_2round     No                                       F1=1.000 EM=1
[160/200] dev_359 (93.7s)
  baseline         Seth Green Matthew Senreich              F1=0.000 EM=0
  pool             Seth Green and Matthew Senreich          F1=0.200 EM=0
  ipool            Seth Green and Matthew Senreich          F1=0.200 EM=0
  idnmr            Seth Green and Matthew Senreich          F1=0.200 EM=0
  idnmr_2round     Seth Green and Matthew Senreich          F1=0.200 EM=0
[165/200] dev_364 (92.8s)
  baseline         Lancaster                                F1=0.000 EM=0
  pool             Cambridge University                     F1=1.000 EM=1
  ipool            Lancaster                                F1=0.000 EM=0
  idnmr            Cambridge University                     F1=1.000 EM=1
  idnmr_2round     Cambridge University                     F1=1.000 EM=1
[170/200] dev_369 (84.4s)
  baseline         James Packer                             F1=1.000 EM=1
  pool             James Packer                             F1=1.000 EM=1
  ipool            James Packer                             F1=1.000 EM=1
  idnmr            James Packer                             F1=1.000 EM=1
  idnmr_2round     James Packer                             F1=1.000 EM=1
[175/200] dev_374 (77.3s)
  baseline         2017                                     F1=1.000 EM=1
  pool             2017                                     F1=1.000 EM=1
  ipool            2017                                     F1=1.000 EM=1
  idnmr            2017                                     F1=1.000 EM=1
  idnmr_2round     2017                                     F1=1.000 EM=1
[180/200] dev_379 (60.7s)
  baseline         design                                   F1=0.000 EM=0
  pool             design                                   F1=0.000 EM=0
  ipool            design                                   F1=0.000 EM=0
  idnmr            design                                   F1=0.000 EM=0
  idnmr_2round     design                                   F1=0.000 EM=0
[185/200] dev_384 (61.7s)
  baseline         Philip K. Dick                           F1=1.000 EM=1
  pool             Philip K. Dick                           F1=1.000 EM=1
  ipool            Philip K. Dick                           F1=1.000 EM=1
  idnmr            Philip K. Dick                           F1=1.000 EM=1
  idnmr_2round     Philip K. Dick                           F1=1.000 EM=1
[190/200] dev_389 (73.0s)
  baseline         Soha Ali Khan                            F1=1.000 EM=1
  pool             Sharman Joshi                            F1=0.000 EM=0
  ipool            Soha Ali Khan                            F1=1.000 EM=1
  idnmr            Sharman Joshi                            F1=0.000 EM=0
  idnmr_2round     Sharman Joshi                            F1=0.000 EM=0
[195/200] dev_394 (72.2s)
  baseline         John Whiting                             F1=0.000 EM=0
  pool             John Whiting                             F1=0.000 EM=0
  ipool            John Whiting                             F1=0.000 EM=0
  idnmr            John Whiting                             F1=0.000 EM=0
  idnmr_2round     John Whiting                             F1=0.000 EM=0
[200/200] dev_399 (72.3s)
  baseline         Pro Bono Australia                       F1=0.000 EM=0
  pool             Pro Bono Australia                       F1=0.000 EM=0
  ipool            Pro Bono Australia                       F1=0.000 EM=0
  idnmr            Pro Bono Australia                       F1=0.000 EM=0
  idnmr_2round     Pro Bono Australia                       F1=0.000 EM=0

Method               F1     EM  Contain
--------------------------------------
baseline          0.478  0.315    0.375
pool              0.520  0.365    0.425
ipool             0.504  0.355    0.405
idnmr             0.531  0.360    0.435
idnmr_2round      0.538  0.370    0.440

Total: 15011.9s (75.1s/q)
