/projects/prjs1800/venvs/arag-venv/lib/python3.10/site-packages/transformers/utils/hub.py:110: FutureWarning: Using `TRANSFORMERS_CACHE` is deprecated and will be removed in v5 of Transformers. Use `HF_HOME` instead.
  warnings.warn(
=== iDNMR Pilot ===
Model: dream, Rounds: 3, Steps: 32
Loading checkpoint shards:   0%|          | 0/4 [00:00<?, ?it/s]Loading checkpoint shards:  25%|██▌       | 1/4 [00:06<00:18,  6.11s/it]Loading checkpoint shards:  50%|█████     | 2/4 [00:12<00:12,  6.13s/it]Loading checkpoint shards:  75%|███████▌  | 3/4 [00:17<00:05,  5.79s/it]Loading checkpoint shards: 100%|██████████| 4/4 [00:18<00:00,  4.04s/it]Loading checkpoint shards: 100%|██████████| 4/4 [00:18<00:00,  4.75s/it]
The following generation flags are not valid and may be ignored: ['temperature']. Set `TRANSFORMERS_VERBOSITY=info` for more details.
  Model loaded in 20.4s
Loaded 200 questions
Batch initial retrieval...
  Done in 455.6s
[1/200] dev_0 (114.4s)
  baseline         No                                       F1=0.000 EM=0
  pool             No                                       F1=0.000 EM=0
  ipool            No                                       F1=0.000 EM=0
  idnmr            No                                       F1=0.000 EM=0
  idnmr_2round     No                                       F1=0.000 EM=0
[5/200] dev_4 (76.4s)
  baseline         New York City                            F1=1.000 EM=0
  pool             New York City                            F1=1.000 EM=0
  ipool            New York City                            F1=1.000 EM=0
  idnmr            New York City                            F1=1.000 EM=0
  idnmr_2round     New York City                            F1=1.000 EM=0
[10/200] dev_9 (70.0s)
  baseline         Yes                                      F1=1.000 EM=1
  pool             Yes                                      F1=1.000 EM=1
  ipool            Yes                                      F1=1.000 EM=1
  idnmr            Yes                                      F1=1.000 EM=1
  idnmr_2round     Yes                                      F1=1.000 EM=1
[15/200] dev_14 (142.3s)
  baseline         1992-1993                                F1=0.000 EM=0
  pool             The football manager who recruited David F1=0.222 EM=0
  ipool            The football manager who recruited David F1=0.210 EM=0
  idnmr            The football manager who recruited David F1=0.210 EM=0
  idnmr_2round     The football manager who recruited David F1=0.222 EM=0
[20/200] dev_19 (47.5s)
  baseline         Robert Erskine Childers                  F1=1.000 EM=0
  pool             Robert Erskine Childers                  F1=1.000 EM=0
  ipool            Robert Erskine Childers                  F1=1.000 EM=0
  idnmr            Robert Erskine Childers                  F1=1.000 EM=0
  idnmr_2round     Robert Erskine Childers                  F1=1.000 EM=0
[25/200] dev_24 (42.0s)
  baseline         World's Best Goalkeeper                  F1=1.000 EM=1
  pool             World's Best Goalkeeper                  F1=1.000 EM=1
  ipool            World's Best Goalkeeper                  F1=1.000 EM=1
  idnmr            World's Best Goalkeeper                  F1=1.000 EM=1
  idnmr_2round     World's Best Goalkeeper                  F1=1.000 EM=1
[30/200] dev_29 (68.9s)
  baseline         Starfaring                               F1=0.000 EM=0
  pool             Starfaring                               F1=0.000 EM=0
  ipool            Starfaring                               F1=0.000 EM=0
  idnmr            Starfaring                               F1=0.000 EM=0
  idnmr_2round     Starfaring                               F1=0.000 EM=0
[35/200] dev_34 (41.9s)
  baseline         Letters to Cleo                          F1=1.000 EM=1
  pool             Letters to Cleo                          F1=1.000 EM=1
  ipool            Letters to Cleo                          F1=1.000 EM=1
  idnmr            Letters to Cleo                          F1=1.000 EM=1
  idnmr_2round     Letters to Cleo                          F1=1.000 EM=1
[40/200] dev_39 (72.2s)
  baseline         New York                                 F1=1.000 EM=0
  pool             New York                                 F1=1.000 EM=0
  ipool            New York                                 F1=1.000 EM=0
  idnmr            New York                                 F1=1.000 EM=0
  idnmr_2round     New York                                 F1=1.000 EM=0
[45/200] dev_44 (96.5s)
  baseline         Nelson Rockefeller                       F1=1.000 EM=1
  pool             henry A. Wallace                         F1=0.000 EM=0
  ipool            Nelson Rockefeller                       F1=1.000 EM=1
  idnmr            Nelson Rockefeller                       F1=1.000 EM=1
  idnmr_2round     Nelson Rockefeller                       F1=1.000 EM=1
[50/200] dev_49 (93.6s)
  baseline         English Electric Canberra                F1=1.000 EM=1
  pool             Bristol Beaufighter                      F1=0.000 EM=0
  ipool            English Electric Canberra                F1=1.000 EM=1
  idnmr            English Electric Canberra                F1=1.000 EM=1
  idnmr_2round     English Electric Canberra                F1=1.000 EM=1
[55/200] dev_54 (44.2s)
  baseline         Max Martin, Savan Kotecha, Ilya Salmanza F1=1.000 EM=0
  pool             Max Martin, Savan Kotecha, Ilya Salmanza F1=1.000 EM=0
  ipool            Max Martin, Savan Kotecha, Ilya Salmanza F1=1.000 EM=0
  idnmr            Max Martin, Savan Kotecha, Ilya Salmanza F1=1.000 EM=0
  idnmr_2round     Max Martin, Savan Kotecha, Ilya Salmanza F1=1.000 EM=0
[60/200] dev_59 (85.1s)
  baseline         Yes                                      F1=0.000 EM=0
  pool             genera                                   F1=0.000 EM=0
  ipool            Yes                                      F1=0.000 EM=0
  idnmr            genera                                   F1=0.000 EM=0
  idnmr_2round     genera                                   F1=0.000 EM=0
[65/200] dev_64 (90.6s)
  baseline         5 countries                              F1=0.500 EM=0
  pool             5 countries                              F1=0.500 EM=0
  ipool            5 countries                              F1=0.500 EM=0
  idnmr            Halliburton                              F1=0.000 EM=0
  idnmr_2round     Halliburton                              F1=0.000 EM=0
[70/200] dev_69 (45.7s)
  baseline         EFL Cup                                  F1=0.500 EM=0
  pool             EFL Cup                                  F1=0.500 EM=0
  ipool            EFL Cup                                  F1=0.500 EM=0
  idnmr            EFL Cup                                  F1=0.500 EM=0
  idnmr_2round     EFL Cup                                  F1=0.500 EM=0
[75/200] dev_74 (84.7s)
  baseline         Bill Clinton                             F1=0.500 EM=0
  pool             Bill Clinton                             F1=0.500 EM=0
  ipool            Bill Clinton                             F1=0.500 EM=0
  idnmr            Bill Clinton                             F1=0.500 EM=0
  idnmr_2round     Bill Clinton                             F1=0.500 EM=0
[80/200] dev_79 (87.6s)
  baseline         1865                                     F1=1.000 EM=1
  pool             1865                                     F1=1.000 EM=1
  ipool            1865                                     F1=1.000 EM=1
  idnmr            1865                                     F1=1.000 EM=1
  idnmr_2round     1865                                     F1=1.000 EM=1
[85/200] dev_84 (77.0s)
  baseline         Monica Lewinsky                          F1=1.000 EM=1
  pool             Monica Lewinsky                          F1=1.000 EM=1
  ipool            Monica Lewinsky                          F1=1.000 EM=1
  idnmr            Monica Lewinsky                          F1=1.000 EM=1
  idnmr_2round     Monica Lewinsky                          F1=1.000 EM=1
[90/200] dev_89 (82.5s)
  baseline         film director                            F1=0.500 EM=0
  pool             film director                            F1=0.500 EM=0
  ipool            film director                            F1=0.500 EM=0
  idnmr            film director                            F1=0.500 EM=0
  idnmr_2round     film director                            F1=0.500 EM=0
[95/200] dev_94 (70.6s)
  baseline         March                                    F1=1.000 EM=0
  pool             March                                    F1=1.000 EM=0
  ipool            March                                    F1=1.000 EM=0
  idnmr            March                                    F1=1.000 EM=0
  idnmr_2round     March                                    F1=1.000 EM=0
[100/200] dev_99 (66.2s)
  baseline         No, Yingkou is a prefecture-level city,  F1=0.100 EM=0
  pool             No, Yingkou is a prefecture-level city,  F1=0.100 EM=0
  ipool            No, Yingkou is a prefecture-level city,  F1=0.100 EM=0
  idnmr            No, Yingkou is a prefecture-level city,  F1=0.100 EM=0
  idnmr_2round     No, Yingkou is a prefecture-level city,  F1=0.100 EM=0
[105/200] dev_104 (65.8s)
  baseline         Leo Varadkar                             F1=1.000 EM=1
  pool             Leo Varadkar                             F1=1.000 EM=1
  ipool            Leo Varadkar                             F1=1.000 EM=1
  idnmr            Leo Varadkar                             F1=1.000 EM=1
  idnmr_2round     Leo Varadkar                             F1=1.000 EM=1
[110/200] dev_109 (87.3s)
  baseline         B-47 Stratojet                           F1=0.000 EM=0
  pool             Boeing B-47 Stratojet                    F1=0.000 EM=0
  ipool            Boeing B-47 Stratojet                    F1=0.000 EM=0
  idnmr            Boeing B-47 Stratojet                    F1=0.000 EM=0
  idnmr_2round     Boeing B-47 Stratojet                    F1=0.000 EM=0
[115/200] dev_114 (105.1s)
  baseline         Cahnite                                  F1=0.000 EM=0
  pool             Evenkite                                 F1=0.000 EM=0
  ipool            Picric acid                              F1=1.000 EM=1
  idnmr            Cerussite                                F1=0.000 EM=0
  idnmr_2round     Abhurite                                 F1=0.000 EM=0
[120/200] dev_119 (61.6s)
  baseline         Yes                                      F1=1.000 EM=1
  pool             Yes                                      F1=1.000 EM=1
  ipool            Yes                                      F1=1.000 EM=1
  idnmr            Yes                                      F1=1.000 EM=1
  idnmr_2round     Yes                                      F1=1.000 EM=1
[125/200] dev_124 (89.5s)
  baseline         The Children Act                         F1=0.000 EM=0
  pool             The Children Act                         F1=0.000 EM=0
  ipool            The Children Act                         F1=0.000 EM=0
  idnmr            The Children Act                         F1=0.000 EM=0
  idnmr_2round     The Children Act                         F1=0.000 EM=0
[130/200] dev_129 (79.3s)
  baseline         Papa John's Stadium                      F1=0.000 EM=0
  pool             KFC Yum! Center                          F1=0.000 EM=0
  ipool            Papa John's Stadium                      F1=0.000 EM=0
  idnmr            KFC Yum! Center                          F1=0.000 EM=0
  idnmr_2round     KFC Yum! Center                          F1=0.000 EM=0
[135/200] dev_134 (96.1s)
  baseline         Suicide Squad                            F1=1.000 EM=1
  pool             Suicide Squad                            F1=1.000 EM=1
  ipool            "Training Day"                           F1=0.000 EM=0
  idnmr            Suicide Squad                            F1=1.000 EM=1
  idnmr_2round     Suicide Squad                            F1=1.000 EM=1
[140/200] dev_139 (77.6s)
  baseline         2005                                     F1=0.000 EM=0
  pool             2005                                     F1=0.000 EM=0
  ipool            2005                                     F1=0.000 EM=0
  idnmr            2005                                     F1=0.000 EM=0
  idnmr_2round     2005                                     F1=0.000 EM=0
[145/200] dev_144 (62.1s)
  baseline         Nebo Zovyot                              F1=1.000 EM=1
  pool             Nebo Zovyot                              F1=1.000 EM=1
  ipool            Nebo Zovyot                              F1=1.000 EM=1
  idnmr            Nebo Zovyot                              F1=1.000 EM=1
  idnmr_2round     Nebo Zovyot                              F1=1.000 EM=1
[150/200] dev_149 (75.1s)
  baseline         Chattahoochee                            F1=0.000 EM=0
  pool             Chattahoochee                            F1=0.000 EM=0
  ipool            Chattahoochee                            F1=0.000 EM=0
  idnmr            "Chattahoochee"                          F1=0.000 EM=0
  idnmr_2round     Chattahoochee                            F1=0.000 EM=0
[155/200] dev_154 (68.3s)
  baseline         Yes, both Broughtonia and Laeliocattleya F1=0.143 EM=0
  pool             Yes, both Broughtonia and Laeliocattleya F1=0.143 EM=0
  ipool            Yes, both Broughtonia and Laeliocattleya F1=0.143 EM=0
  idnmr            Yes, both Broughtonia and Laeliocattleya F1=0.143 EM=0
  idnmr_2round     Yes, both Broughtonia and Laeliocattleya F1=0.143 EM=0
[160/200] dev_159 (75.2s)
  baseline         1993                                     F1=0.000 EM=0
  pool             1997                                     F1=0.000 EM=0
  ipool            1993                                     F1=0.000 EM=0
  idnmr            1997                                     F1=0.000 EM=0
  idnmr_2round     1993                                     F1=0.000 EM=0
[165/200] dev_164 (102.2s)
  baseline         Deborah Drucker                          F1=0.000 EM=0
  pool             Eliane Elias                             F1=0.000 EM=0
  ipool            Bonnie Wetzel, as the Star and Dagger ba F1=0.000 EM=0
  idnmr            Eliane Elias                             F1=0.000 EM=0
  idnmr_2round     Eliane Elias                             F1=0.000 EM=0
[170/200] dev_169 (60.2s)
  baseline         Roman Empire                             F1=0.500 EM=0
  pool             Roman Empire                             F1=0.500 EM=0
  ipool            Roman Empire                             F1=0.500 EM=0
  idnmr            Roman Empire                             F1=0.500 EM=0
  idnmr_2round     Roman Empire                             F1=0.500 EM=0
[175/200] dev_174 (76.4s)
  baseline         City of Lake Macquarie                   F1=0.500 EM=0
  pool             City of Lake Macquarie                   F1=0.500 EM=0
  ipool            City of Lake Macquarie                   F1=0.500 EM=0
  idnmr            City of Lake Macquarie                   F1=0.500 EM=0
  idnmr_2round     City of Lake Macquarie                   F1=0.500 EM=0
[180/200] dev_179 (45.9s)
  baseline         Scotland                                 F1=1.000 EM=1
  pool             Scotland                                 F1=1.000 EM=1
  ipool            Scotland                                 F1=1.000 EM=1
  idnmr            Scotland                                 F1=1.000 EM=1
  idnmr_2round     Scotland                                 F1=1.000 EM=1
[185/200] dev_184 (89.5s)
  baseline         1990                                     F1=0.000 EM=0
  pool             1990                                     F1=0.000 EM=0
  ipool            1977                                     F1=0.000 EM=0
  idnmr            1990                                     F1=0.000 EM=0
  idnmr_2round     1990                                     F1=0.000 EM=0
[190/200] dev_189 (87.4s)
  baseline         1944                                     F1=0.000 EM=0
  pool             1944                                     F1=0.000 EM=0
  ipool            1944                                     F1=0.000 EM=0
  idnmr            1944                                     F1=0.000 EM=0
  idnmr_2round     1944                                     F1=0.000 EM=0
[195/200] dev_194 (60.1s)
  baseline         SARS                                     F1=0.000 EM=0
  pool             SARS                                     F1=0.000 EM=0
  ipool            SARS                                     F1=0.000 EM=0
  idnmr            SARS                                     F1=0.000 EM=0
  idnmr_2round     SARS                                     F1=0.000 EM=0
[200/200] dev_199 (74.7s)
  baseline         Cyclone Gonu                             F1=0.500 EM=0
  pool             Cyclone Gonu                             F1=0.500 EM=0
  ipool            Cyclone Gonu                             F1=0.500 EM=0
  idnmr            Cyclone Gonu                             F1=0.500 EM=0
  idnmr_2round     Cyclone Gonu                             F1=0.500 EM=0

Method               F1     EM  Contain
--------------------------------------
baseline          0.472  0.295    0.375
pool              0.506  0.320    0.435
ipool             0.491  0.300    0.400
idnmr             0.516  0.335    0.455
idnmr_2round      0.508  0.325    0.445

Total: 15253.7s (76.3s/q)
